This is pdfTeX, Version 3.141592653-2.6-1.40.29 (TeX Live 2026) (preloaded format=pdflatex 2026.4.29)  21 MAY 2026 01:53
entering extended mode
 restricted \write18 enabled.
 %&-line parsing enabled.
**main.tex
(./main.tex
LaTeX2e <2025-11-01>
L3 programming layer <2026-01-19>
(./BYUPhysForDegree.cls
Document Class: BYUPhysForDegree 
(/usr/local/texlive/2026/texmf-dist/tex/latex/base/article.cls
Document Class: article 2025/01/22 v1.4n Standard LaTeX document class
(/usr/local/texlive/2026/texmf-dist/tex/latex/base/size12.clo
File: size12.clo 2025/01/22 v1.4n Standard LaTeX file (size option)
)
\c@part=\count275
\c@section=\count276
\c@subsection=\count277
\c@subsubsection=\count278
\c@paragraph=\count279
\c@subparagraph=\count280
\c@figure=\count281
\c@table=\count282
\abovecaptionskip=\skip49
\belowcaptionskip=\skip50
\bibindent=\dimen148
)
(/usr/local/texlive/2026/texmf-dist/tex/latex/tools/afterpage.sty
Package: afterpage 2023/07/04 v1.08 After-Page Package (DPC)
\AP@output=\toks17
\AP@partial=\box53
\AP@footins=\box54
))
(/usr/local/texlive/2026/texmf-dist/tex/latex/base/inputenc.sty
Package: inputenc 2024/02/08 v1.3d Input encoding file
\inpenc@prehook=\toks18
\inpenc@posthook=\toks19
)
(/usr/local/texlive/2026/texmf-dist/tex/latex/graphics/rotating.sty
Package: rotating 2025/01/14 v2.16e rotated objects in LaTeX

(/usr/local/texlive/2026/texmf-dist/tex/latex/graphics/graphicx.sty
Package: graphicx 2024/12/31 v1.2e Enhanced LaTeX Graphics (DPC,SPQR)

(/usr/local/texlive/2026/texmf-dist/tex/latex/graphics/keyval.sty
Package: keyval 2022/05/29 v1.15 key=value parser (DPC)
\KV@toks@=\toks20
)
(/usr/local/texlive/2026/texmf-dist/tex/latex/graphics/graphics.sty
Package: graphics 2024/08/06 v1.4g Standard LaTeX Graphics (DPC,SPQR)

(/usr/local/texlive/2026/texmf-dist/tex/latex/graphics/trig.sty
Package: trig 2023/12/02 v1.11 sin cos tan (DPC)
)
(/usr/local/texlive/2026/texmf-dist/tex/latex/graphics-cfg/graphics.cfg
File: graphics.cfg 2016/06/04 v1.11 sample graphics configuration
)
Package graphics Info: Driver file: pdftex.def on input line 106.

(/usr/local/texlive/2026/texmf-dist/tex/latex/graphics-def/pdftex.def
File: pdftex.def 2025/09/29 v1.2d Graphics/color driver for pdftex
))
\Gin@req@height=\dimen149
\Gin@req@width=\dimen150
)
(/usr/local/texlive/2026/texmf-dist/tex/latex/base/ifthen.sty
Package: ifthen 2024/03/16 v1.1e Standard LaTeX ifthen package (DPC)
)
\c@r@tfl@t=\count283
\rotFPtop=\skip51
\rotFPbot=\skip52
\rot@float@box=\box55
\rot@mess@toks=\toks21
)
(/usr/local/texlive/2026/texmf-dist/tex/latex/caption/caption.sty
Package: caption 2023/08/05 v3.6o Customizing captions (AR)

(/usr/local/texlive/2026/texmf-dist/tex/latex/caption/caption3.sty
Package: caption3 2023/07/31 v2.4d caption3 kernel (AR)
\caption@tempdima=\dimen151
\captionmargin=\dimen152
\caption@leftmargin=\dimen153
\caption@rightmargin=\dimen154
\caption@width=\dimen155
\caption@indent=\dimen156
\caption@parindent=\dimen157
\caption@hangindent=\dimen158
Package caption Info: Standard document class detected.
)
\c@caption@flags=\count284
\c@continuedfloat=\count285
Package caption Info: rotating package is loaded.
)
(/usr/local/texlive/2026/texmf-dist/tex/generic/babel/babel.sty
Package: babel 2026/03/08 v26.4 The multilingual framework for LuaLaTeX, pdfLaT
eX and XeLaTeX
\babel@savecnt=\count286
LaTeX Encoding Info:    Redeclaring text command \ij (encoding OT1) on input li
ne 2078.
LaTeX Encoding Info:    Redeclaring text command \IJ (encoding OT1) on input li
ne 2080.
LaTeX Encoding Info:    Redeclaring text command \ij (encoding T1) on input lin
e 2082.
LaTeX Encoding Info:    Redeclaring text command \IJ (encoding T1) on input lin
e 2083.
LaTeX Encoding Info:    Ignoring declaration for text command \ij (encoding ?) 
on input line 2084.
LaTeX Encoding Info:    Ignoring declaration for text command \IJ (encoding ?) 
on input line 2086.
LaTeX Encoding Info:    Ignoring declaration for text command \SS (encoding ?) 
on input line 2111.
\U@D=\dimen159
\l@unhyphenated=\language91

(/usr/local/texlive/2026/texmf-dist/tex/generic/babel/txtbabel.def)
\bbl@readstream=\read2
\bbl@dirlevel=\count287

(/usr/local/texlive/2026/texmf-dist/tex/generic/babel/locale/ru/babel-russian.t
ex)
Package babel Info: Importing font and identification data for russian
(babel)             from babel-ru.ini. Reported on input line 4330.
 (/usr/local/texlive/2026/texmf-dist/tex/generic/babel-russian/russianb.ldf
File: russianb.ldf 2021/01/10 1.3m Russian support for the Babel system
Language: russian 2020/09/09 1.3k Russian support for the Babel system


Package babel Warning: No Cyrillic font encoding has been loaded so far.
(babel)                A font encoding should be declared before babel.
(babel)                Default `T2A' encoding will be loaded  on input line 78.


(/usr/local/texlive/2026/texmf-dist/tex/latex/cyrillic/t2aenc.def
File: t2aenc.def 2023/11/07 v1.0k Cyrillic encoding definition file
Now handling font encoding T2A ...
... processing UTF-8 mapping file for font encoding T2A

(/usr/local/texlive/2026/texmf-dist/tex/latex/base/t2aenc.dfu
File: t2aenc.dfu 2022/06/07 v1.3c UTF-8 support
   defining Unicode char U+00A4 (decimal 164)
   defining Unicode char U+00A7 (decimal 167)
   defining Unicode char U+00AB (decimal 171)
   defining Unicode char U+00BB (decimal 187)
   defining Unicode char U+0131 (decimal 305)
   defining Unicode char U+0237 (decimal 567)
   defining Unicode char U+0400 (decimal 1024)
   defining Unicode char U+0401 (decimal 1025)
   defining Unicode char U+0402 (decimal 1026)
   defining Unicode char U+0403 (decimal 1027)
   defining Unicode char U+0404 (decimal 1028)
   defining Unicode char U+0405 (decimal 1029)
   defining Unicode char U+0406 (decimal 1030)
   defining Unicode char U+0407 (decimal 1031)
   defining Unicode char U+0408 (decimal 1032)
   defining Unicode char U+0409 (decimal 1033)
   defining Unicode char U+040A (decimal 1034)
   defining Unicode char U+040B (decimal 1035)
   defining Unicode char U+040C (decimal 1036)
   defining Unicode char U+040D (decimal 1037)
   defining Unicode char U+040E (decimal 1038)
   defining Unicode char U+040F (decimal 1039)
   defining Unicode char U+0410 (decimal 1040)
   defining Unicode char U+0411 (decimal 1041)
   defining Unicode char U+0412 (decimal 1042)
   defining Unicode char U+0413 (decimal 1043)
   defining Unicode char U+0414 (decimal 1044)
   defining Unicode char U+0415 (decimal 1045)
   defining Unicode char U+0416 (decimal 1046)
   defining Unicode char U+0417 (decimal 1047)
   defining Unicode char U+0418 (decimal 1048)
   defining Unicode char U+0419 (decimal 1049)
   defining Unicode char U+041A (decimal 1050)
   defining Unicode char U+041B (decimal 1051)
   defining Unicode char U+041C (decimal 1052)
   defining Unicode char U+041D (decimal 1053)
   defining Unicode char U+041E (decimal 1054)
   defining Unicode char U+041F (decimal 1055)
   defining Unicode char U+0420 (decimal 1056)
   defining Unicode char U+0421 (decimal 1057)
   defining Unicode char U+0422 (decimal 1058)
   defining Unicode char U+0423 (decimal 1059)
   defining Unicode char U+0424 (decimal 1060)
   defining Unicode char U+0425 (decimal 1061)
   defining Unicode char U+0426 (decimal 1062)
   defining Unicode char U+0427 (decimal 1063)
   defining Unicode char U+0428 (decimal 1064)
   defining Unicode char U+0429 (decimal 1065)
   defining Unicode char U+042A (decimal 1066)
   defining Unicode char U+042B (decimal 1067)
   defining Unicode char U+042C (decimal 1068)
   defining Unicode char U+042D (decimal 1069)
   defining Unicode char U+042E (decimal 1070)
   defining Unicode char U+042F (decimal 1071)
   defining Unicode char U+0430 (decimal 1072)
   defining Unicode char U+0431 (decimal 1073)
   defining Unicode char U+0432 (decimal 1074)
   defining Unicode char U+0433 (decimal 1075)
   defining Unicode char U+0434 (decimal 1076)
   defining Unicode char U+0435 (decimal 1077)
   defining Unicode char U+0436 (decimal 1078)
   defining Unicode char U+0437 (decimal 1079)
   defining Unicode char U+0438 (decimal 1080)
   defining Unicode char U+0439 (decimal 1081)
   defining Unicode char U+043A (decimal 1082)
   defining Unicode char U+043B (decimal 1083)
   defining Unicode char U+043C (decimal 1084)
   defining Unicode char U+043D (decimal 1085)
   defining Unicode char U+043E (decimal 1086)
   defining Unicode char U+043F (decimal 1087)
   defining Unicode char U+0440 (decimal 1088)
   defining Unicode char U+0441 (decimal 1089)
   defining Unicode char U+0442 (decimal 1090)
   defining Unicode char U+0443 (decimal 1091)
   defining Unicode char U+0444 (decimal 1092)
   defining Unicode char U+0445 (decimal 1093)
   defining Unicode char U+0446 (decimal 1094)
   defining Unicode char U+0447 (decimal 1095)
   defining Unicode char U+0448 (decimal 1096)
   defining Unicode char U+0449 (decimal 1097)
   defining Unicode char U+044A (decimal 1098)
   defining Unicode char U+044B (decimal 1099)
   defining Unicode char U+044C (decimal 1100)
   defining Unicode char U+044D (decimal 1101)
   defining Unicode char U+044E (decimal 1102)
   defining Unicode char U+044F (decimal 1103)
   defining Unicode char U+0450 (decimal 1104)
   defining Unicode char U+0451 (decimal 1105)
   defining Unicode char U+0452 (decimal 1106)
   defining Unicode char U+0453 (decimal 1107)
   defining Unicode char U+0454 (decimal 1108)
   defining Unicode char U+0455 (decimal 1109)
   defining Unicode char U+0456 (decimal 1110)
   defining Unicode char U+0457 (decimal 1111)
   defining Unicode char U+0458 (decimal 1112)
   defining Unicode char U+0459 (decimal 1113)
   defining Unicode char U+045A (decimal 1114)
   defining Unicode char U+045B (decimal 1115)
   defining Unicode char U+045C (decimal 1116)
   defining Unicode char U+045D (decimal 1117)
   defining Unicode char U+045E (decimal 1118)
   defining Unicode char U+045F (decimal 1119)
   defining Unicode char U+0490 (decimal 1168)
   defining Unicode char U+0491 (decimal 1169)
   defining Unicode char U+0492 (decimal 1170)
   defining Unicode char U+0493 (decimal 1171)
   defining Unicode char U+0496 (decimal 1174)
   defining Unicode char U+0497 (decimal 1175)
   defining Unicode char U+0498 (decimal 1176)
   defining Unicode char U+0499 (decimal 1177)
   defining Unicode char U+049A (decimal 1178)
   defining Unicode char U+049B (decimal 1179)
   defining Unicode char U+049C (decimal 1180)
   defining Unicode char U+049D (decimal 1181)
   defining Unicode char U+04A0 (decimal 1184)
   defining Unicode char U+04A1 (decimal 1185)
   defining Unicode char U+04A2 (decimal 1186)
   defining Unicode char U+04A3 (decimal 1187)
   defining Unicode char U+04A4 (decimal 1188)
   defining Unicode char U+04A5 (decimal 1189)
   defining Unicode char U+04AA (decimal 1194)
   defining Unicode char U+04AB (decimal 1195)
   defining Unicode char U+04AE (decimal 1198)
   defining Unicode char U+04AF (decimal 1199)
   defining Unicode char U+04B0 (decimal 1200)
   defining Unicode char U+04B1 (decimal 1201)
   defining Unicode char U+04B2 (decimal 1202)
   defining Unicode char U+04B3 (decimal 1203)
   defining Unicode char U+04B6 (decimal 1206)
   defining Unicode char U+04B7 (decimal 1207)
   defining Unicode char U+04B8 (decimal 1208)
   defining Unicode char U+04B9 (decimal 1209)
   defining Unicode char U+04BA (decimal 1210)
   defining Unicode char U+04BB (decimal 1211)
   defining Unicode char U+04C0 (decimal 1216)
   defining Unicode char U+04C1 (decimal 1217)
   defining Unicode char U+04C2 (decimal 1218)
   defining Unicode char U+04D0 (decimal 1232)
   defining Unicode char U+04D1 (decimal 1233)
   defining Unicode char U+04D2 (decimal 1234)
   defining Unicode char U+04D3 (decimal 1235)
   defining Unicode char U+04D4 (decimal 1236)
   defining Unicode char U+04D5 (decimal 1237)
   defining Unicode char U+04D6 (decimal 1238)
   defining Unicode char U+04D7 (decimal 1239)
   defining Unicode char U+04D8 (decimal 1240)
   defining Unicode char U+04D9 (decimal 1241)
   defining Unicode char U+04DA (decimal 1242)
   defining Unicode char U+04DB (decimal 1243)
   defining Unicode char U+04DC (decimal 1244)
   defining Unicode char U+04DD (decimal 1245)
   defining Unicode char U+04DE (decimal 1246)
   defining Unicode char U+04DF (decimal 1247)
   defining Unicode char U+04E2 (decimal 1250)
   defining Unicode char U+04E3 (decimal 1251)
   defining Unicode char U+04E4 (decimal 1252)
   defining Unicode char U+04E5 (decimal 1253)
   defining Unicode char U+04E6 (decimal 1254)
   defining Unicode char U+04E7 (decimal 1255)
   defining Unicode char U+04E8 (decimal 1256)
   defining Unicode char U+04E9 (decimal 1257)
   defining Unicode char U+04EC (decimal 1260)
   defining Unicode char U+04ED (decimal 1261)
   defining Unicode char U+04EE (decimal 1262)
   defining Unicode char U+04EF (decimal 1263)
   defining Unicode char U+04F0 (decimal 1264)
   defining Unicode char U+04F1 (decimal 1265)
   defining Unicode char U+04F2 (decimal 1266)
   defining Unicode char U+04F3 (decimal 1267)
   defining Unicode char U+04F4 (decimal 1268)
   defining Unicode char U+04F5 (decimal 1269)
   defining Unicode char U+04F8 (decimal 1272)
   defining Unicode char U+04F9 (decimal 1273)
   defining Unicode char U+200C (decimal 8204)
   defining Unicode char U+2013 (decimal 8211)
   defining Unicode char U+2014 (decimal 8212)
   defining Unicode char U+2018 (decimal 8216)
   defining Unicode char U+2019 (decimal 8217)
   defining Unicode char U+201C (decimal 8220)
   defining Unicode char U+201D (decimal 8221)
   defining Unicode char U+201E (decimal 8222)
   defining Unicode char U+2030 (decimal 8240)
   defining Unicode char U+2031 (decimal 8241)
   defining Unicode char U+2116 (decimal 8470)
   defining Unicode char U+2329 (decimal 9001)
   defining Unicode char U+3008 (decimal 12296)
   defining Unicode char U+232A (decimal 9002)
   defining Unicode char U+3009 (decimal 12297)
   defining Unicode char U+2423 (decimal 9251)
   defining Unicode char U+27E8 (decimal 10216)
   defining Unicode char U+27E9 (decimal 10217)
   defining Unicode char U+FB00 (decimal 64256)
   defining Unicode char U+FB01 (decimal 64257)
   defining Unicode char U+FB02 (decimal 64258)
   defining Unicode char U+FB03 (decimal 64259)
   defining Unicode char U+FB04 (decimal 64260)
   defining Unicode char U+FB05 (decimal 64261)
   defining Unicode char U+FB06 (decimal 64262)
))
Package babel Info: Making " an active character on input line 124.
Package babel Info: Default for \cyrdash is provided on input line 163.
))
(/usr/local/texlive/2026/texmf-dist/tex/latex/amsfonts/amsfonts.sty
Package: amsfonts 2013/01/14 v3.01 Basic AMSFonts support
\@emptytoks=\toks22
\symAMSa=\mathgroup4
\symAMSb=\mathgroup5
LaTeX Font Info:    Redeclaring math symbol \hbar on input line 98.
LaTeX Font Info:    Overwriting math alphabet `\mathfrak' in version `bold'
(Font)                  U/euf/m/n --> U/euf/b/n on input line 106.
)
(/usr/local/texlive/2026/texmf-dist/tex/latex/amsmath/amstext.sty
Package: amstext 2024/11/17 v2.01 AMS text

(/usr/local/texlive/2026/texmf-dist/tex/latex/amsmath/amsgen.sty
File: amsgen.sty 1999/11/30 v2.0 generic functions
\@emptytoks=\toks23
\ex@=\dimen160
))
(/usr/local/texlive/2026/texmf-dist/tex/latex/amsfonts/amssymb.sty
Package: amssymb 2013/01/14 v3.01 AMS font symbols
)
(/usr/local/texlive/2026/texmf-dist/tex/latex/amscls/amsthm.sty
Package: amsthm 2020/05/29 v2.20.6
\thm@style=\toks24
\thm@bodyfont=\toks25
\thm@headfont=\toks26
\thm@notefont=\toks27
\thm@headpunct=\toks28
\thm@preskip=\skip53
\thm@postskip=\skip54
\thm@headsep=\skip55
\dth@everypar=\toks29
)
(/usr/local/texlive/2026/texmf-dist/tex/latex/subfig/subfig.sty
Package: subfig 2005/06/28 ver: 1.3 subfig package
\c@KVtest=\count288
\sf@farskip=\skip56
\sf@captopadj=\dimen161
\sf@capskip=\skip57
\sf@nearskip=\skip58
\c@subfigure=\count289
\c@subfigure@save=\count290
\c@lofdepth=\count291
\c@subtable=\count292
\c@subtable@save=\count293
\c@lotdepth=\count294
\sf@top=\skip59
\sf@bottom=\skip60
)
(/usr/local/texlive/2026/texmf-dist/tex/latex/graphics/color.sty
Package: color 2025/01/14 v1.3e Standard LaTeX Color (DPC)

(/usr/local/texlive/2026/texmf-dist/tex/latex/graphics-cfg/color.cfg
File: color.cfg 2016/01/02 v1.6 sample color configuration
)
Package color Info: Driver file: pdftex.def on input line 149.

(/usr/local/texlive/2026/texmf-dist/tex/latex/graphics/mathcolor.ltx))
(/usr/local/texlive/2026/texmf-dist/tex/latex/hyperref/hyperref.sty
Package: hyperref 2026-01-29 v7.01p Hypertext links for LaTeX

(/usr/local/texlive/2026/texmf-dist/tex/generic/iftex/iftex.sty
Package: iftex 2024/12/12 v1.0g TeX engine tests
)
(/usr/local/texlive/2026/texmf-dist/tex/latex/kvsetkeys/kvsetkeys.sty
Package: kvsetkeys 2022-10-05 v1.19 Key value parser (HO)
)
(/usr/local/texlive/2026/texmf-dist/tex/generic/kvdefinekeys/kvdefinekeys.sty
Package: kvdefinekeys 2019-12-19 v1.6 Define keys (HO)
)
(/usr/local/texlive/2026/texmf-dist/tex/generic/pdfescape/pdfescape.sty
Package: pdfescape 2019/12/09 v1.15 Implements pdfTeX's escape features (HO)

(/usr/local/texlive/2026/texmf-dist/tex/generic/ltxcmds/ltxcmds.sty
Package: ltxcmds 2023-12-04 v1.26 LaTeX kernel commands for general use (HO)
)
(/usr/local/texlive/2026/texmf-dist/tex/generic/pdftexcmds/pdftexcmds.sty
Package: pdftexcmds 2020-06-27 v0.33 Utility functions of pdfTeX for LuaTeX (HO
)

(/usr/local/texlive/2026/texmf-dist/tex/generic/infwarerr/infwarerr.sty
Package: infwarerr 2019/12/03 v1.5 Providing info/warning/error messages (HO)
)
Package pdftexcmds Info: \pdf@primitive is available.
Package pdftexcmds Info: \pdf@ifprimitive is available.
Package pdftexcmds Info: \pdfdraftmode found.
))
(/usr/local/texlive/2026/texmf-dist/tex/latex/hycolor/hycolor.sty
Package: hycolor 2020-01-27 v1.10 Color options for hyperref/bookmark (HO)
)
(/usr/local/texlive/2026/texmf-dist/tex/latex/hyperref/nameref.sty
Package: nameref 2026-01-29 v2.58 Cross-referencing by name of section

(/usr/local/texlive/2026/texmf-dist/tex/latex/refcount/refcount.sty
Package: refcount 2019/12/15 v3.6 Data extraction from label references (HO)
)
(/usr/local/texlive/2026/texmf-dist/tex/generic/gettitlestring/gettitlestring.s
ty
Package: gettitlestring 2019/12/15 v1.6 Cleanup title references (HO)
 (/usr/local/texlive/2026/texmf-dist/tex/latex/kvoptions/kvoptions.sty
Package: kvoptions 2022-06-15 v3.15 Key value format for package options (HO)
))
\c@section@level=\count295
)
(/usr/local/texlive/2026/texmf-dist/tex/latex/etoolbox/etoolbox.sty
Package: etoolbox 2025/10/02 v2.5m e-TeX tools for LaTeX (JAW)
\etb@tempcnta=\count296
)
(/usr/local/texlive/2026/texmf-dist/tex/generic/stringenc/stringenc.sty
Package: stringenc 2019/11/29 v1.12 Convert strings between diff. encodings (HO
)
)
\@linkdim=\dimen162
\Hy@linkcounter=\count297
\Hy@pagecounter=\count298

(/usr/local/texlive/2026/texmf-dist/tex/latex/hyperref/pd1enc.def
File: pd1enc.def 2026-01-29 v7.01p Hyperref: PDFDocEncoding definition (HO)
Now handling font encoding PD1 ...
... no UTF-8 mapping file for font encoding PD1
)
(/usr/local/texlive/2026/texmf-dist/tex/generic/intcalc/intcalc.sty
Package: intcalc 2019/12/15 v1.3 Expandable calculations with integers (HO)
)
\Hy@SavedSpaceFactor=\count299

(/usr/local/texlive/2026/texmf-dist/tex/latex/hyperref/puenc.def
File: puenc.def 2026-01-29 v7.01p Hyperref: PDF Unicode definition (HO)
Now handling font encoding PU ...
... no UTF-8 mapping file for font encoding PU
)
Package hyperref Info: Option `unicode' set `true' on input line 3166.
Package hyperref Info: Option `unicode' set `true' on input line 4072.
Package hyperref Info: Hyper figures OFF on input line 4201.
Package hyperref Info: Link nesting OFF on input line 4206.
Package hyperref Info: Hyper index ON on input line 4209.
Package hyperref Info: Plain pages OFF on input line 4216.
Package hyperref Info: Backreferencing OFF on input line 4221.
Package hyperref Info: Implicit mode ON; LaTeX internals redefined.
Package hyperref Info: Bookmarks ON on input line 4468.
\c@Hy@tempcnt=\count300

(/usr/local/texlive/2026/texmf-dist/tex/latex/url/url.sty
\Urlmuskip=\muskip17
Package: url 2013/09/16  ver 3.4  Verb mode for urls, etc.
)
LaTeX Info: Redefining \url on input line 4807.
\XeTeXLinkMargin=\dimen163

(/usr/local/texlive/2026/texmf-dist/tex/generic/bitset/bitset.sty
Package: bitset 2019/12/09 v1.3 Handle bit-vector datatype (HO)

(/usr/local/texlive/2026/texmf-dist/tex/generic/bigintcalc/bigintcalc.sty
Package: bigintcalc 2019/12/15 v1.5 Expandable calculations on big integers (HO
)
))
\Fld@menulength=\count301
\Field@Width=\dimen164
\Fld@charsize=\dimen165
Package hyperref Info: Hyper figures OFF on input line 6084.
Package hyperref Info: Link nesting OFF on input line 6089.
Package hyperref Info: Hyper index ON on input line 6092.
Package hyperref Info: backreferencing OFF on input line 6099.
Package hyperref Info: Link coloring OFF on input line 6104.
Package hyperref Info: Link coloring with OCG OFF on input line 6109.
Package hyperref Info: PDF/A mode OFF on input line 6114.
\Hy@abspage=\count302
\c@Item=\count303
\c@Hfootnote=\count304
)
Package hyperref Info: Driver (autodetected): hpdftex.

(/usr/local/texlive/2026/texmf-dist/tex/latex/hyperref/hpdftex.def
File: hpdftex.def 2026-01-29 v7.01p Hyperref driver for pdfTeX
\Fld@listcount=\count305
\c@bookmark@seq@number=\count306

(/usr/local/texlive/2026/texmf-dist/tex/latex/rerunfilecheck/rerunfilecheck.sty
Package: rerunfilecheck 2025-06-21 v1.11 Rerun checks for auxiliary files (HO)

(/usr/local/texlive/2026/texmf-dist/tex/generic/uniquecounter/uniquecounter.sty
Package: uniquecounter 2019/12/15 v1.4 Provide unlimited unique counter (HO)
)
Package uniquecounter Info: New unique counter `rerunfilecheck' on input line 2
84.
)
\Hy@SectionHShift=\skip61
) (/usr/local/texlive/2026/texmf-dist/tex/latex/tocbibind/tocbibind.sty
Package: tocbibind 2010/10/13 v1.5k extra ToC listings
Package tocbibind Info: The document has section divisions on input line 50.


Package tocbibind Note: Using section or other style headings.

) (/usr/local/texlive/2026/texmf-dist/tex/latex/algorithms/algorithmic.sty
Package: algorithmic 2009/08/24 v0.1 Document Style `algorithmic'
\c@ALC@unique=\count307
\c@ALC@line=\count308
\c@ALC@rem=\count309
\c@ALC@depth=\count310
\ALC@tlm=\skip62
\algorithmicindent=\skip63
)
(/usr/local/texlive/2026/texmf-dist/tex/latex/algorithms/algorithm.sty
Package: algorithm 2009/08/24 v0.1 Document Style `algorithm' - floating enviro
nment

(/usr/local/texlive/2026/texmf-dist/tex/latex/float/float.sty
Package: float 2001/11/08 v1.3d Float enhancements (AL)
\c@float@type=\count311
\float@exts=\toks30
\float@box=\box56
\@float@everytoks=\toks31
\@floatcapt=\box57
)
\@float@every@algorithm=\toks32
\c@algorithm=\count312
)
(/usr/local/texlive/2026/texmf-dist/tex/latex/tools/verbatim.sty
Package: verbatim 2024-01-22 v1.5x LaTeX2e package for verbatim enhancements
\every@verbatim=\toks33
\verbatim@line=\toks34
\verbatim@in@stream=\read3
)
(/usr/local/texlive/2026/texmf-dist/tex/latex/listings/listings.sty
\lst@mode=\count313
\lst@gtempboxa=\box58
\lst@token=\toks35
\lst@length=\count314
\lst@currlwidth=\dimen166
\lst@column=\count315
\lst@pos=\count316
\lst@lostspace=\dimen167
\lst@width=\dimen168
\lst@newlines=\count317
\lst@lineno=\count318
\lst@maxwidth=\dimen169

(/usr/local/texlive/2026/texmf-dist/tex/latex/listings/lstpatch.sty
File: lstpatch.sty 2025/11/14 1.11b (Carsten Heinz)
)
(/usr/local/texlive/2026/texmf-dist/tex/latex/listings/lstmisc.sty
File: lstmisc.sty 2025/11/14 1.11b (Carsten Heinz)
\c@lstnumber=\count319
\lst@skipnumbers=\count320
\lst@framebox=\box59
)
(/usr/local/texlive/2026/texmf-dist/tex/latex/listings/listings.cfg
File: listings.cfg 2025/11/14 1.11b listings configuration
))
Package: listings 2025/11/14 1.11b (Carsten Heinz)

==> First Aid for listings.sty no longer applied!
    Expected:
        2024/09/23 1.10c (Carsten Heinz)
    but found:
        2025/11/14 1.11b (Carsten Heinz)
    so I'm assuming it got fixed.
(/usr/local/texlive/2026/texmf-dist/tex/latex/tools/array.sty
Package: array 2025/09/25 v2.6n Tabular extension package (FMi)
\col@sep=\dimen170
\ar@mcellbox=\box60
\extrarowheight=\dimen171
\NC@list=\toks36
\extratabsurround=\skip64
\backup@length=\skip65
\ar@cellbox=\box61
)
(/usr/local/texlive/2026/texmf-dist/tex/latex/natbib/natbib.sty
Package: natbib 2010/09/13 8.31b (PWD, AO)
\bibhang=\skip66
\bibsep=\skip67
LaTeX Info: Redefining \cite on input line 694.
\c@NAT@ctr=\count321
)
(/usr/local/texlive/2026/texmf-dist/tex/latex/commath/commath.sty
(/usr/local/texlive/2026/texmf-dist/tex/latex/amsmath/amsmath.sty
Package: amsmath 2025/07/09 v2.17z AMS math features
\@mathmargin=\skip68

For additional information on amsmath, use the `?' option.
(/usr/local/texlive/2026/texmf-dist/tex/latex/amsmath/amsbsy.sty
Package: amsbsy 1999/11/29 v1.2d Bold Symbols
\pmbraise@=\dimen172
)
(/usr/local/texlive/2026/texmf-dist/tex/latex/amsmath/amsopn.sty
Package: amsopn 2022/04/08 v2.04 operator names
)
\inf@bad=\count322
LaTeX Info: Redefining \frac on input line 233.
\uproot@=\count323
\leftroot@=\count324
LaTeX Info: Redefining \overline on input line 398.
LaTeX Info: Redefining \colon on input line 409.
\classnum@=\count325
\DOTSCASE@=\count326
LaTeX Info: Redefining \ldots on input line 495.
LaTeX Info: Redefining \dots on input line 498.
LaTeX Info: Redefining \cdots on input line 619.
\Mathstrutbox@=\box62
\strutbox@=\box63
LaTeX Info: Redefining \big on input line 721.
LaTeX Info: Redefining \Big on input line 722.
LaTeX Info: Redefining \bigg on input line 723.
LaTeX Info: Redefining \Bigg on input line 724.
\big@size=\dimen173
LaTeX Font Info:    Redeclaring font encoding OML on input line 742.
LaTeX Font Info:    Redeclaring font encoding OMS on input line 743.
\macc@depth=\count327
LaTeX Info: Redefining \bmod on input line 904.
LaTeX Info: Redefining \pmod on input line 909.
LaTeX Info: Redefining \smash on input line 939.
LaTeX Info: Redefining \relbar on input line 969.
LaTeX Info: Redefining \Relbar on input line 970.
\c@MaxMatrixCols=\count328
\dotsspace@=\muskip18
\c@parentequation=\count329
\dspbrk@lvl=\count330
\tag@help=\toks37
\row@=\count331
\column@=\count332
\maxfields@=\count333
\andhelp@=\toks38
\eqnshift@=\dimen174
\alignsep@=\dimen175
\tagshift@=\dimen176
\tagwidth@=\dimen177
\totwidth@=\dimen178
\lineht@=\dimen179
\@envbody=\toks39
\multlinegap=\skip69
\multlinetaggap=\skip70
\mathdisplay@stack=\toks40
LaTeX Info: Redefining \[ on input line 2950.
LaTeX Info: Redefining \] on input line 2951.
))
(/usr/local/texlive/2026/texmf-dist/tex/latex/todonotes/todonotes.sty
Package: todonotes 2024/01/05 v1.1.7 Todonotes source and documentation.
Package: todonotes 2024/01/05

(/usr/local/texlive/2026/texmf-dist/tex/latex/xkeyval/xkeyval.sty
Package: xkeyval 2025/11/04 v2.10 package option processing (HA)

(/usr/local/texlive/2026/texmf-dist/tex/generic/xkeyval/xkeyval.tex
(/usr/local/texlive/2026/texmf-dist/tex/generic/xkeyval/xkvutils.tex
\XKV@toks=\toks41
\XKV@tempa@toks=\toks42
\XKV@tempb@toks=\toks43
)
\XKV@depth=\count334
File: xkeyval.tex 2014/12/03 v2.7a key=value parser (HA)
))
(/usr/local/texlive/2026/texmf-dist/tex/latex/xcolor/xcolor.sty
Package: xcolor 2024/09/29 v3.02 LaTeX color extensions (UK)

(/usr/local/texlive/2026/texmf-dist/tex/latex/graphics-cfg/color.cfg
File: color.cfg 2016/01/02 v1.6 sample color configuration
)
Package xcolor Info: Driver file: pdftex.def on input line 274.
LaTeX Info: Redefining \color on input line 762.

(/usr/local/texlive/2026/texmf-dist/tex/latex/graphics/mathcolor.ltx)
Package xcolor Info: Model `cmy' substituted by `cmy0' on input line 1349.
Package xcolor Info: Model `hsb' substituted by `rgb' on input line 1353.
Package xcolor Info: Model `RGB' extended on input line 1365.
Package xcolor Info: Model `HTML' substituted by `rgb' on input line 1367.
Package xcolor Info: Model `Hsb' substituted by `hsb' on input line 1368.
Package xcolor Info: Model `tHsb' substituted by `hsb' on input line 1369.
Package xcolor Info: Model `HSB' substituted by `hsb' on input line 1370.
Package xcolor Info: Model `Gray' substituted by `gray' on input line 1371.
Package xcolor Info: Model `wave' substituted by `hsb' on input line 1372.
)
(/usr/local/texlive/2026/texmf-dist/tex/latex/pgf/frontendlayer/tikz.sty
(/usr/local/texlive/2026/texmf-dist/tex/latex/pgf/basiclayer/pgf.sty
(/usr/local/texlive/2026/texmf-dist/tex/latex/pgf/utilities/pgfrcs.sty
(/usr/local/texlive/2026/texmf-dist/tex/generic/pgf/utilities/pgfutil-common.te
x
\pgfutil@everybye=\toks44
\pgfutil@tempdima=\dimen180
\pgfutil@tempdimb=\dimen181
)
(/usr/local/texlive/2026/texmf-dist/tex/generic/pgf/utilities/pgfutil-latex.def
\pgfutil@abb=\box64
) (/usr/local/texlive/2026/texmf-dist/tex/generic/pgf/utilities/pgfrcs.code.tex
(/usr/local/texlive/2026/texmf-dist/tex/generic/pgf/pgf.revision.tex)
Package: pgfrcs 2025-08-29 v3.1.11a (3.1.11a)
))
Package: pgf 2025-08-29 v3.1.11a (3.1.11a)

(/usr/local/texlive/2026/texmf-dist/tex/latex/pgf/basiclayer/pgfcore.sty
(/usr/local/texlive/2026/texmf-dist/tex/latex/pgf/systemlayer/pgfsys.sty
(/usr/local/texlive/2026/texmf-dist/tex/generic/pgf/systemlayer/pgfsys.code.tex
Package: pgfsys 2025-08-29 v3.1.11a (3.1.11a)
(/usr/local/texlive/2026/texmf-dist/tex/generic/pgf/utilities/pgfkeys.code.tex
\pgfkeys@pathtoks=\toks45
\pgfkeys@temptoks=\toks46

(/usr/local/texlive/2026/texmf-dist/tex/generic/pgf/utilities/pgfkeyslibraryfil
tered.code.tex
\pgfkeys@tmptoks=\toks47
))
\pgf@x=\dimen182
\pgf@y=\dimen183
\pgf@xa=\dimen184
\pgf@ya=\dimen185
\pgf@xb=\dimen186
\pgf@yb=\dimen187
\pgf@xc=\dimen188
\pgf@yc=\dimen189
\pgf@xd=\dimen190
\pgf@yd=\dimen191
\w@pgf@writea=\write3
\r@pgf@reada=\read4
\c@pgf@counta=\count335
\c@pgf@countb=\count336
\c@pgf@countc=\count337
\c@pgf@countd=\count338
\t@pgf@toka=\toks48
\t@pgf@tokb=\toks49
\t@pgf@tokc=\toks50
\pgf@sys@id@count=\count339

(/usr/local/texlive/2026/texmf-dist/tex/generic/pgf/systemlayer/pgf.cfg
File: pgf.cfg 2025-08-29 v3.1.11a (3.1.11a)
)
Driver file for pgf: pgfsys-pdftex.def

(/usr/local/texlive/2026/texmf-dist/tex/generic/pgf/systemlayer/pgfsys-pdftex.d
ef
File: pgfsys-pdftex.def 2025-08-29 v3.1.11a (3.1.11a)

(/usr/local/texlive/2026/texmf-dist/tex/generic/pgf/systemlayer/pgfsys-common-p
df.def
File: pgfsys-common-pdf.def 2025-08-29 v3.1.11a (3.1.11a)
)))
(/usr/local/texlive/2026/texmf-dist/tex/generic/pgf/systemlayer/pgfsyssoftpath.
code.tex
File: pgfsyssoftpath.code.tex 2025-08-29 v3.1.11a (3.1.11a)
\pgfsyssoftpath@smallbuffer@items=\count340
\pgfsyssoftpath@bigbuffer@items=\count341
)
(/usr/local/texlive/2026/texmf-dist/tex/generic/pgf/systemlayer/pgfsysprotocol.
code.tex
File: pgfsysprotocol.code.tex 2025-08-29 v3.1.11a (3.1.11a)
))
(/usr/local/texlive/2026/texmf-dist/tex/generic/pgf/basiclayer/pgfcore.code.tex
Package: pgfcore 2025-08-29 v3.1.11a (3.1.11a)
(/usr/local/texlive/2026/texmf-dist/tex/generic/pgf/math/pgfmath.code.tex
(/usr/local/texlive/2026/texmf-dist/tex/generic/pgf/math/pgfmathutil.code.tex)
(/usr/local/texlive/2026/texmf-dist/tex/generic/pgf/math/pgfmathparser.code.tex
\pgfmath@dimen=\dimen192
\pgfmath@count=\count342
\pgfmath@box=\box65
\pgfmath@toks=\toks51
\pgfmath@stack@operand=\toks52
\pgfmath@stack@operation=\toks53
)
(/usr/local/texlive/2026/texmf-dist/tex/generic/pgf/math/pgfmathfunctions.code.
tex)
(/usr/local/texlive/2026/texmf-dist/tex/generic/pgf/math/pgfmathfunctions.basic
.code.tex)
(/usr/local/texlive/2026/texmf-dist/tex/generic/pgf/math/pgfmathfunctions.trigo
nometric.code.tex)
(/usr/local/texlive/2026/texmf-dist/tex/generic/pgf/math/pgfmathfunctions.rando
m.code.tex)
(/usr/local/texlive/2026/texmf-dist/tex/generic/pgf/math/pgfmathfunctions.compa
rison.code.tex)
(/usr/local/texlive/2026/texmf-dist/tex/generic/pgf/math/pgfmathfunctions.base.
code.tex)
(/usr/local/texlive/2026/texmf-dist/tex/generic/pgf/math/pgfmathfunctions.round
.code.tex)
(/usr/local/texlive/2026/texmf-dist/tex/generic/pgf/math/pgfmathfunctions.misc.
code.tex)
(/usr/local/texlive/2026/texmf-dist/tex/generic/pgf/math/pgfmathfunctions.integ
erarithmetics.code.tex)
(/usr/local/texlive/2026/texmf-dist/tex/generic/pgf/math/pgfmathcalc.code.tex)
(/usr/local/texlive/2026/texmf-dist/tex/generic/pgf/math/pgfmathfloat.code.tex
\c@pgfmathroundto@lastzeros=\count343
)) (/usr/local/texlive/2026/texmf-dist/tex/generic/pgf/math/pgfint.code.tex)
(/usr/local/texlive/2026/texmf-dist/tex/generic/pgf/basiclayer/pgfcorepoints.co
de.tex
File: pgfcorepoints.code.tex 2025-08-29 v3.1.11a (3.1.11a)
\pgf@picminx=\dimen193
\pgf@picmaxx=\dimen194
\pgf@picminy=\dimen195
\pgf@picmaxy=\dimen196
\pgf@pathminx=\dimen197
\pgf@pathmaxx=\dimen198
\pgf@pathminy=\dimen199
\pgf@pathmaxy=\dimen256
\pgf@xx=\dimen257
\pgf@xy=\dimen258
\pgf@yx=\dimen259
\pgf@yy=\dimen260
\pgf@zx=\dimen261
\pgf@zy=\dimen262
)
(/usr/local/texlive/2026/texmf-dist/tex/generic/pgf/basiclayer/pgfcorepathconst
ruct.code.tex
File: pgfcorepathconstruct.code.tex 2025-08-29 v3.1.11a (3.1.11a)
\pgf@path@lastx=\dimen263
\pgf@path@lasty=\dimen264
)
(/usr/local/texlive/2026/texmf-dist/tex/generic/pgf/basiclayer/pgfcorepathusage
.code.tex
File: pgfcorepathusage.code.tex 2025-08-29 v3.1.11a (3.1.11a)
\pgf@shorten@end@additional=\dimen265
\pgf@shorten@start@additional=\dimen266
)
(/usr/local/texlive/2026/texmf-dist/tex/generic/pgf/basiclayer/pgfcorescopes.co
de.tex
File: pgfcorescopes.code.tex 2025-08-29 v3.1.11a (3.1.11a)
\pgfpic=\box66
\pgf@hbox=\box67
\pgf@layerbox@main=\box68
\pgf@picture@serial@count=\count344
)
(/usr/local/texlive/2026/texmf-dist/tex/generic/pgf/basiclayer/pgfcoregraphicst
ate.code.tex
File: pgfcoregraphicstate.code.tex 2025-08-29 v3.1.11a (3.1.11a)
\pgflinewidth=\dimen267
)
(/usr/local/texlive/2026/texmf-dist/tex/generic/pgf/basiclayer/pgfcoretransform
ations.code.tex
File: pgfcoretransformations.code.tex 2025-08-29 v3.1.11a (3.1.11a)
\pgf@pt@x=\dimen268
\pgf@pt@y=\dimen269
\pgf@pt@temp=\dimen270
)
(/usr/local/texlive/2026/texmf-dist/tex/generic/pgf/basiclayer/pgfcorequick.cod
e.tex
File: pgfcorequick.code.tex 2025-08-29 v3.1.11a (3.1.11a)
)
(/usr/local/texlive/2026/texmf-dist/tex/generic/pgf/basiclayer/pgfcoreobjects.c
ode.tex
File: pgfcoreobjects.code.tex 2025-08-29 v3.1.11a (3.1.11a)
)
(/usr/local/texlive/2026/texmf-dist/tex/generic/pgf/basiclayer/pgfcorepathproce
ssing.code.tex
File: pgfcorepathprocessing.code.tex 2025-08-29 v3.1.11a (3.1.11a)
)
(/usr/local/texlive/2026/texmf-dist/tex/generic/pgf/basiclayer/pgfcorearrows.co
de.tex
File: pgfcorearrows.code.tex 2025-08-29 v3.1.11a (3.1.11a)
\pgfarrowsep=\dimen271
)
(/usr/local/texlive/2026/texmf-dist/tex/generic/pgf/basiclayer/pgfcoreshade.cod
e.tex
File: pgfcoreshade.code.tex 2025-08-29 v3.1.11a (3.1.11a)
\pgf@max=\dimen272
\pgf@sys@shading@range@num=\count345
\pgf@shadingcount=\count346
)
(/usr/local/texlive/2026/texmf-dist/tex/generic/pgf/basiclayer/pgfcoreimage.cod
e.tex
File: pgfcoreimage.code.tex 2025-08-29 v3.1.11a (3.1.11a)
)
(/usr/local/texlive/2026/texmf-dist/tex/generic/pgf/basiclayer/pgfcoreexternal.
code.tex
File: pgfcoreexternal.code.tex 2025-08-29 v3.1.11a (3.1.11a)
\pgfexternal@startupbox=\box69
)
(/usr/local/texlive/2026/texmf-dist/tex/generic/pgf/basiclayer/pgfcorelayers.co
de.tex
File: pgfcorelayers.code.tex 2025-08-29 v3.1.11a (3.1.11a)
)
(/usr/local/texlive/2026/texmf-dist/tex/generic/pgf/basiclayer/pgfcoretranspare
ncy.code.tex
File: pgfcoretransparency.code.tex 2025-08-29 v3.1.11a (3.1.11a)
)
(/usr/local/texlive/2026/texmf-dist/tex/generic/pgf/basiclayer/pgfcorepatterns.
code.tex
File: pgfcorepatterns.code.tex 2025-08-29 v3.1.11a (3.1.11a)
)
(/usr/local/texlive/2026/texmf-dist/tex/generic/pgf/basiclayer/pgfcorerdf.code.
tex
File: pgfcorerdf.code.tex 2025-08-29 v3.1.11a (3.1.11a)
)))
(/usr/local/texlive/2026/texmf-dist/tex/generic/pgf/modules/pgfmoduleshapes.cod
e.tex
File: pgfmoduleshapes.code.tex 2025-08-29 v3.1.11a (3.1.11a)
\pgfnodeparttextbox=\box70
)
(/usr/local/texlive/2026/texmf-dist/tex/generic/pgf/modules/pgfmoduleplot.code.
tex
File: pgfmoduleplot.code.tex 2025-08-29 v3.1.11a (3.1.11a)
)
(/usr/local/texlive/2026/texmf-dist/tex/latex/pgf/compatibility/pgfcomp-version
-0-65.sty
Package: pgfcomp-version-0-65 2025-08-29 v3.1.11a (3.1.11a)
\pgf@nodesepstart=\dimen273
\pgf@nodesepend=\dimen274
)
(/usr/local/texlive/2026/texmf-dist/tex/latex/pgf/compatibility/pgfcomp-version
-1-18.sty
Package: pgfcomp-version-1-18 2025-08-29 v3.1.11a (3.1.11a)
))
(/usr/local/texlive/2026/texmf-dist/tex/latex/pgf/utilities/pgffor.sty
(/usr/local/texlive/2026/texmf-dist/tex/latex/pgf/utilities/pgfkeys.sty
(/usr/local/texlive/2026/texmf-dist/tex/generic/pgf/utilities/pgfkeys.code.tex)
) (/usr/local/texlive/2026/texmf-dist/tex/latex/pgf/math/pgfmath.sty
(/usr/local/texlive/2026/texmf-dist/tex/generic/pgf/math/pgfmath.code.tex))
(/usr/local/texlive/2026/texmf-dist/tex/generic/pgf/utilities/pgffor.code.tex
Package: pgffor 2025-08-29 v3.1.11a (3.1.11a)
\pgffor@iter=\dimen275
\pgffor@skip=\dimen276
\pgffor@stack=\toks54
\pgffor@toks=\toks55
))
(/usr/local/texlive/2026/texmf-dist/tex/generic/pgf/frontendlayer/tikz/tikz.cod
e.tex
Package: tikz 2025-08-29 v3.1.11a (3.1.11a)

(/usr/local/texlive/2026/texmf-dist/tex/generic/pgf/libraries/pgflibraryplothan
dlers.code.tex
File: pgflibraryplothandlers.code.tex 2025-08-29 v3.1.11a (3.1.11a)
\pgf@plot@mark@count=\count347
\pgfplotmarksize=\dimen277
)
\tikz@lastx=\dimen278
\tikz@lasty=\dimen279
\tikz@lastxsaved=\dimen280
\tikz@lastysaved=\dimen281
\tikz@lastmovetox=\dimen282
\tikz@lastmovetoy=\dimen283
\tikzleveldistance=\dimen284
\tikzsiblingdistance=\dimen285
\tikz@figbox=\box71
\tikz@figbox@bg=\box72
\tikz@tempbox=\box73
\tikz@tempbox@bg=\box74
\tikztreelevel=\count348
\tikznumberofchildren=\count349
\tikznumberofcurrentchild=\count350
\tikz@fig@count=\count351

(/usr/local/texlive/2026/texmf-dist/tex/generic/pgf/modules/pgfmodulematrix.cod
e.tex
File: pgfmodulematrix.code.tex 2025-08-29 v3.1.11a (3.1.11a)
\pgfmatrixcurrentrow=\count352
\pgfmatrixcurrentcolumn=\count353
\pgf@matrix@numberofcolumns=\count354
)
\tikz@expandcount=\count355

(/usr/local/texlive/2026/texmf-dist/tex/generic/pgf/frontendlayer/tikz/librarie
s/tikzlibrarytopaths.code.tex
File: tikzlibrarytopaths.code.tex 2025-08-29 v3.1.11a (3.1.11a)
)))
(/usr/local/texlive/2026/texmf-dist/tex/generic/pgf/frontendlayer/tikz/librarie
s/tikzlibrarypositioning.code.tex
File: tikzlibrarypositioning.code.tex 2025-08-29 v3.1.11a (3.1.11a)
)
(/usr/local/texlive/2026/texmf-dist/tex/latex/tools/calc.sty
Package: calc 2025/03/01 v4.3b Infix arithmetic (KKT,FJ)
\calc@Acount=\count356
\calc@Bcount=\count357
\calc@Adimen=\dimen286
\calc@Bdimen=\dimen287
\calc@Askip=\skip71
\calc@Bskip=\skip72
LaTeX Info: Redefining \setlength on input line 86.
LaTeX Info: Redefining \addtolength on input line 87.
\calc@Ccount=\count358
\calc@Cskip=\skip73
)
\c@@todonotes@numberoftodonotes=\count359
)
(/usr/local/texlive/2026/texmf-dist/tex/latex/multirow/multirow.sty
Package: multirow 2024/11/12 v2.9 Span multiple rows of a table
\multirow@colwidth=\skip74
\multirow@cntb=\count360
\multirow@dima=\skip75
\bigstrutjot=\dimen288
)
(/usr/local/texlive/2026/texmf-dist/tex/latex/l3backend/l3backend-pdftex.def
File: l3backend-pdftex.def 2025-10-09 L3 backend support: PDF output (pdfTeX)
\l__color_backend_stack_int=\count361
)

LaTeX Warning: Unused global option(s):
    [senior,a4].

(./main.aux
LaTeX Font Info:    Trying to load font information for T2A+cmr on input line 8
.
 (/usr/local/texlive/2026/texmf-dist/tex/latex/cyrillic/t2acmr.fd
File: t2acmr.fd 2001/08/11 v1.0a Computer Modern Cyrillic font definitions
)
Package babel Info: 'russian' activates 'russian' shorthands.
(babel)             Reported on input line 8.

(./template-cmc/0_vvedenie.aux) (./template-cmc/1_cel_zadachi.aux)
(./template-cmc/2_problem_statement.aux) (./template-cmc/3_greedy_algos.aux)
(./template-cmc/4_reduce_description.aux) (./template-cmc/5_experiments.aux)
(./template-cmc/6_programs.aux) (./template-cmc/7_zakluch.aux)
(./template-cmc/bibliography.aux) (./template-cmc/appendix.aux))
\openout1 = `main.aux'.

LaTeX Font Info:    Checking defaults for OML/cmm/m/it on input line 68.
LaTeX Font Info:    ... okay on input line 68.
LaTeX Font Info:    Checking defaults for OMS/cmsy/m/n on input line 68.
LaTeX Font Info:    ... okay on input line 68.
LaTeX Font Info:    Checking defaults for OT1/cmr/m/n on input line 68.
LaTeX Font Info:    ... okay on input line 68.
LaTeX Font Info:    Checking defaults for T1/cmr/m/n on input line 68.
LaTeX Font Info:    ... okay on input line 68.
LaTeX Font Info:    Checking defaults for TS1/cmr/m/n on input line 68.
LaTeX Font Info:    ... okay on input line 68.
LaTeX Font Info:    Checking defaults for OMX/cmex/m/n on input line 68.
LaTeX Font Info:    ... okay on input line 68.
LaTeX Font Info:    Checking defaults for U/cmr/m/n on input line 68.
LaTeX Font Info:    ... okay on input line 68.
LaTeX Font Info:    Checking defaults for T2A/cmr/m/n on input line 68.
LaTeX Font Info:    ... okay on input line 68.
LaTeX Font Info:    Checking defaults for PD1/pdf/m/n on input line 68.
LaTeX Font Info:    ... okay on input line 68.
LaTeX Font Info:    Checking defaults for PU/pdf/m/n on input line 68.
LaTeX Font Info:    ... okay on input line 68.

(/usr/local/texlive/2026/texmf-dist/tex/context/base/mkii/supp-pdf.mkii
[Loading MPS to PDF converter (version 2006.09.02).]
\scratchcounter=\count362
\scratchdimen=\dimen289
\scratchbox=\box75
\nofMPsegments=\count363
\nofMParguments=\count364
\everyMPshowfont=\toks56
\MPscratchCnt=\count365
\MPscratchDim=\dimen290
\MPnumerator=\count366
\makeMPintoPDFobject=\count367
\everyMPtoPDFconversion=\toks57
) (/usr/local/texlive/2026/texmf-dist/tex/latex/epstopdf-pkg/epstopdf-base.sty
Package: epstopdf-base 2020-01-24 v2.11 Base part for package epstopdf
Package epstopdf-base Info: Redefining graphics rule for `.eps' on input line 4
85.

(/usr/local/texlive/2026/texmf-dist/tex/latex/latexconfig/epstopdf-sys.cfg
File: epstopdf-sys.cfg 2010/07/13 v1.3 Configuration of (r)epstopdf for TeX Liv
e
))
Package caption Info: Begin \AtBeginDocument code.
Package caption Info: subfig package v1.3 is loaded.
Package caption Info: float package is loaded.
Package caption Info: hyperref package is loaded.
Package caption Info: listings package is loaded.
Package caption Info: End \AtBeginDocument code.
LaTeX Info: Redefining \th on input line 68.
Package hyperref Info: Link coloring OFF on input line 68.

(./main.out) (./main.out)
\@outlinefile=\write4
\openout4 = `main.out'.

\c@lstlisting=\count368


Package todonotes Warning: The length marginparwidth is less than 2cm and will 
most likely cause issues with the appearance of inserted todonotes. The issue c
an be solved by adding a line like \setlength {\marginparwidth }{2cm} prior to 
loading the todonotes package. on input line 68.

<./gzlogo.png, id=167, 1335.99126pt x 569.12625pt>
File: ./gzlogo.png Graphic file (type png)
<use ./gzlogo.png>
Package pdftex.def Info: ./gzlogo.png  used on input line 70.
(pdftex.def)             Requested size: 267.15274pt x 113.81102pt.
[1

{/usr/local/texlive/2026/texmf-var/fonts/map/pdftex/updmap/pdftex.map}{/usr/loc
al/texlive/2026/texmf-dist/fonts/enc/dvips/cm-super/cm-super-t2a.enc} <./gzlogo
.png>] [2

] (./main.toc
LaTeX Font Info:    Trying to load font information for U+msa on input line 5.

(/usr/local/texlive/2026/texmf-dist/tex/latex/amsfonts/umsa.fd
File: umsa.fd 2013/01/14 v3.01 AMS symbols A
)
LaTeX Font Info:    Trying to load font information for U+msb on input line 5.

(/usr/local/texlive/2026/texmf-dist/tex/latex/amsfonts/umsb.fd
File: umsb.fd 2013/01/14 v3.01 AMS symbols B
) [3

])
\tf@toc=\write5
\openout5 = `main.toc'.

 [4]
\openout2 = `template-cmc/0_vvedenie.aux'.


(./template-cmc/0_vvedenie.tex
Underfull \hbox (badness 10000) in paragraph at lines 10--11

 []

<pictures/intro.png, id=240, 1867.72781pt x 1088.56688pt>
File: pictures/intro.png Graphic file (type png)
<use pictures/intro.png>
Package pdftex.def Info: pictures/intro.png  used on input line 14.
(pdftex.def)             Requested size: 469.75499pt x 273.78546pt.

LaTeX Warning: `h' float specifier changed to `ht'.

[5

]) [6{/usr/local/texlive/2026/texmf-dist/fonts/enc/dvips/cm-super/cm-super-ts1.
enc} <./pictures/intro.png>]
\openout2 = `template-cmc/1_cel_zadachi.aux'.

 (./template-cmc/1_cel_zadachi.tex
Overfull \hbox (2.74081pt too wide) in paragraph at lines 6--7
[]\T2A/cmr/m/n/12 Целью ра-бо-ты яв-ля-ет-ся раз-ра-бот-ка де-тер-ми-ни-ро-ван-
ных ал-го-рит-мов по-стро-е-ния мно-
 []

) [7



]
\openout2 = `template-cmc/2_problem_statement.aux'.

 (./template-cmc/2_problem_statement.tex
LaTeX Font Info:    Trying to load font information for T2A+cmtt on input line 
20.

(/usr/local/texlive/2026/texmf-dist/tex/latex/cyrillic/t2acmtt.fd
File: t2acmtt.fd 2001/08/11 v1.0a Computer Modern Cyrillic font definitions
) [8



] [9])
[10]
\openout2 = `template-cmc/3_greedy_algos.aux'.

 (./template-cmc/3_greedy_algos.tex [11



] [12]
<pictures/greedy_scheme.png, id=313, 1582.91376pt x 4304.08pt>
File: pictures/greedy_scheme.png Graphic file (type png)
<use pictures/greedy_scheme.png>
Package pdftex.def Info: pictures/greedy_scheme.png  used on input line 55.
(pdftex.def)             Requested size: 187.89912pt x 510.88496pt.


Package caption Warning: The option `hypcap=true' will be ignored for this
(caption)                particular \caption on input line 56.
See the caption package documentation for explanation.

[13] [14 <./pictures/greedy_scheme.png>]

Package natbib Warning: Citation `Kolen1994' on page 15 undefined on input line
 71.


Package natbib Warning: Citation `Yang1993' on page 15 undefined on input line 
71.

) [15] [16]
\openout2 = `template-cmc/4_reduce_description.aux'.

 (./template-cmc/4_reduce_description.tex [17



] [18] [19]
Overfull \hbox (7.69452pt too wide) in paragraph at lines 111--112
[]$\OML/cmm/m/it/12 aa[] \OT1/cmr/m/n/12 = 1$\T2A/cmr/m/n/12 , ес-ли бу-фер $\O
T1/cmr/m/n/12 (\OML/cmm/m/it/12 p; q\OT1/cmr/m/n/12 )$ \T2A/cmr/m/n/12 ак-ти-ве
н в мо-мент за-вер-ше-ния бу-фе-ра $\OT1/cmr/m/n/12 (\OML/cmm/m/it/12 i; j\OT1/
cmr/m/n/12 )$ \T2A/cmr/m/n/12 (т.е. $[][]$
 []


Overfull \hbox (16.96173pt too wide) in paragraph at lines 134--147
[]\T2A/cmr/m/n/12 , []--[], []; пе-ре-мен-ные $\OML/cmm/m/it/12 s[]; [][]; [][]
; l \OMS/cmsy/m/n/12 2 \U/msb/m/n/12 Z[]$\T2A/cmr/m/n/12 , $\OML/cmm/m/it/12 m[
]; p[]; t[]; z[]; zz[]; a[]; aa[] \OMS/cmsy/m/n/12 2
 []

[20]) [21]
\openout2 = `template-cmc/5_experiments.aux'.

 (./template-cmc/5_experiments.tex
Package epstopdf Info: Source file: <pictures/layered_graph_scheme.eps>
(epstopdf)                    date: 2026-03-07 17:59:04
(epstopdf)                    size: 160060 bytes
(epstopdf)             Output file: <pictures/layered_graph_scheme-eps-converte
d-to.pdf>
(epstopdf)                    date: 2026-05-13 09:10:00
(epstopdf)                    size: 75597 bytes
(epstopdf)             Command: <repstopdf --outfile=pictures/layered_graph_sch
eme-eps-converted-to.pdf pictures/layered_graph_scheme.eps>
(epstopdf)             \includegraphics on input line 24.
Package epstopdf Info: Output file is already uptodate.
<pictures/layered_graph_scheme-eps-converted-to.pdf, id=412, 1000.73875pt x 411
.5375pt>
File: pictures/layered_graph_scheme-eps-converted-to.pdf Graphic file (type pdf
)
<use pictures/layered_graph_scheme-eps-converted-to.pdf>
Package pdftex.def Info: pictures/layered_graph_scheme-eps-converted-to.pdf  us
ed on input line 24.
(pdftex.def)             Requested size: 234.87749pt x 96.58572pt.
Package epstopdf Info: Source file: <pictures/random_graph_scheme.eps>
(epstopdf)                    date: 2026-03-07 18:04:48
(epstopdf)                    size: 130275 bytes
(epstopdf)             Output file: <pictures/random_graph_scheme-eps-converted
-to.pdf>
(epstopdf)                    date: 2026-05-13 09:10:00
(epstopdf)                    size: 110709 bytes
(epstopdf)             Command: <repstopdf --outfile=pictures/random_graph_sche
me-eps-converted-to.pdf pictures/random_graph_scheme.eps>
(epstopdf)             \includegraphics on input line 34.
Package epstopdf Info: Output file is already uptodate.
<pictures/random_graph_scheme-eps-converted-to.pdf, id=414, 976.64874pt x 487.8
225pt>
File: pictures/random_graph_scheme-eps-converted-to.pdf Graphic file (type pdf)

<use pictures/random_graph_scheme-eps-converted-to.pdf>
Package pdftex.def Info: pictures/random_graph_scheme-eps-converted-to.pdf  use
d on input line 34.
(pdftex.def)             Requested size: 234.87749pt x 117.31798pt.


LaTeX Warning: `h' float specifier changed to `ht'.

[22



 <./pictures/layered_graph_scheme-eps-converted-to.pdf>]
Package epstopdf Info: Source file: <pictures/triang_graph_scheme.eps>
(epstopdf)                    date: 2026-03-07 18:13:15
(epstopdf)                    size: 13969 bytes
(epstopdf)             Output file: <pictures/triang_graph_scheme-eps-converted
-to.pdf>
(epstopdf)                    date: 2026-05-13 09:10:00
(epstopdf)                    size: 13379 bytes
(epstopdf)             Command: <repstopdf --outfile=pictures/triang_graph_sche
me-eps-converted-to.pdf pictures/triang_graph_scheme.eps>
(epstopdf)             \includegraphics on input line 45.
Package epstopdf Info: Output file is already uptodate.
<pictures/triang_graph_scheme-eps-converted-to.pdf, id=424, 191.71625pt x 150.5
625pt>
File: pictures/triang_graph_scheme-eps-converted-to.pdf Graphic file (type pdf)

<use pictures/triang_graph_scheme-eps-converted-to.pdf>
Package pdftex.def Info: pictures/triang_graph_scheme-eps-converted-to.pdf  use
d on input line 45.
(pdftex.def)             Requested size: 234.87749pt x 184.46938pt.
 [23 <./pictures/random_graph_scheme-eps-converted-to.pdf> <./pictures/triang_g
raph_scheme-eps-converted-to.pdf>]
Overfull \hbox (6.22314pt too wide) in paragraph at lines 58--59
[]\T2A/cmr/m/n/12 Вес каж-до-го бу-фе-ра ^^V це-лое чис-ло, рав-но-мер-но рас-п
ре-де-лјн-ное в диа-па-зоне $\OT1/cmr/m/n/12 [1\OML/cmm/m/it/12 ; \OT1/cmr/m/n/
12 100]$\T2A/cmr/m/n/12 . 
 []


Overfull \hbox (24.70438pt too wide) in paragraph at lines 62--63
[]\T2A/cmr/bx/n/12 Корневое рав-но-мер-ное рас-пре-де-ле-ние\T2A/cmr/m/n/12 : к
о-ли-че-ство бу-фе-ров рав-но $\OMS/cmsy/m/n/12 d[]e$\T2A/cmr/m/n/12 ,
 []


Overfull \hbox (2.67769pt too wide) in paragraph at lines 77--78
[]\T2A/cmr/bx/n/12 Случайные гра-фы\T2A/cmr/m/n/12 : по од-но-му гра-фу для каж
-до-го раз-ме-ра $\OML/cmm/m/it/12 n \OMS/cmsy/m/n/12 2 f\OT1/cmr/m/n/12 55\OML
/cmm/m/it/12 ; \OT1/cmr/m/n/12 210\OML/cmm/m/it/12 ; \OT1/cmr/m/n/12 496\OML/cm
m/m/it/12 ; \OT1/cmr/m/n/12 990\OMS/cmsy/m/n/12 g$\T2A/cmr/m/n/12 . 
 []


Overfull \hbox (23.59045pt too wide) in paragraph at lines 80--81
[]\T2A/cmr/m/n/12 Для оцен-ки ка-че-ства: по од-но-му гра-фу для каж-до-го раз-
ме-ра $\OML/cmm/m/it/12 n \OMS/cmsy/m/n/12 2 f\OT1/cmr/m/n/12 55\OML/cmm/m/it/1
2 ; \OT1/cmr/m/n/12 210\OML/cmm/m/it/12 ; \OT1/cmr/m/n/12 496\OML/cmm/m/it/12 ;
 \OT1/cmr/m/n/12 990\OMS/cmsy/m/n/12 g$ 
 []


Package hyperref Warning: Token not allowed in a PDF string (Unicode):
(hyperref)                removing `math shift' on input line 85.


Package hyperref Warning: Token not allowed in a PDF string (Unicode):
(hyperref)                removing `math shift' on input line 85.

[24]

Package natbib Warning: Citation `balashov_senyushkina2024' on page 25 undefine
d on input line 122.

[25]
<pictures/mid_P_high_M_1.png, id=450, 1040.688pt x 553.5882pt>
File: pictures/mid_P_high_M_1.png Graphic file (type png)
<use pictures/mid_P_high_M_1.png>
Package pdftex.def Info: pictures/mid_P_high_M_1.png  used on input line 138.
(pdftex.def)             Requested size: 469.75499pt x 249.88951pt.


Package caption Warning: The option `hypcap=true' will be ignored for this
(caption)                particular \caption on input line 139.
See the caption package documentation for explanation.

[26]
<pictures/low_P_high_M_N_uni.png, id=458, 1040.688pt x 553.5882pt>
File: pictures/low_P_high_M_N_uni.png Graphic file (type png)
<use pictures/low_P_high_M_N_uni.png>
Package pdftex.def Info: pictures/low_P_high_M_N_uni.png  used on input line 14
4.
(pdftex.def)             Requested size: 469.75499pt x 249.88951pt.


Package caption Warning: The option `hypcap=true' will be ignored for this
(caption)                particular \caption on input line 145.
See the caption package documentation for explanation.

[27 <./pictures/mid_P_high_M_1.png> <./pictures/low_P_high_M_N_uni.png>]
<pictures/layered_12_1.png, id=468, 1040.688pt x 552.8655pt>
File: pictures/layered_12_1.png Graphic file (type png)
<use pictures/layered_12_1.png>
Package pdftex.def Info: pictures/layered_12_1.png  used on input line 154.
(pdftex.def)             Requested size: 469.75499pt x 249.56328pt.


Package caption Warning: The option `hypcap=true' will be ignored for this
(caption)                particular \caption on input line 155.
See the caption package documentation for explanation.

<pictures/random_17_1.png, id=469, 1040.688pt x 552.8655pt>
File: pictures/random_17_1.png Graphic file (type png)
<use pictures/random_17_1.png>
Package pdftex.def Info: pictures/random_17_1.png  used on input line 160.
(pdftex.def)             Requested size: 413.38667pt x 219.61536pt.

Package caption Warning: The option `hypcap=true' will be ignored for this
(caption)                particular \caption on input line 161.
See the caption package documentation for explanation.

[28 <./pictures/layered_12_1.png>]
<pictures/random_18_1.png, id=479, 1040.688pt x 552.8655pt>
File: pictures/random_18_1.png Graphic file (type png)
<use pictures/random_18_1.png>
Package pdftex.def Info: pictures/random_18_1.png  used on input line 166.
(pdftex.def)             Requested size: 413.38667pt x 219.61536pt.


Package caption Warning: The option `hypcap=true' will be ignored for this
(caption)                particular \caption on input line 167.
See the caption package documentation for explanation.


Overfull \hbox (47.42006pt too wide) in paragraph at lines 173--174
\T2A/cmr/m/n/12 На ри-сун-ках []11[]- []12[] вид-но, как ЛП мо-жет быть луч-ше 
ЖА, граф - layered_20_N_uniform_6_464.
 []

[29 <./pictures/random_17_1.png> <./pictures/random_18_1.png>]
<pictures/greedy_EFT_layered_20_N_uniform_lp2_6_464.png, id=491, 1075.8594pt x 
569.9694pt>
File: pictures/greedy_EFT_layered_20_N_uniform_lp2_6_464.png Graphic file (type
 png)
<use pictures/greedy_EFT_layered_20_N_uniform_lp2_6_464.png>
Package pdftex.def Info: pictures/greedy_EFT_layered_20_N_uniform_lp2_6_464.png
  used on input line 176.
(pdftex.def)             Requested size: 478.21309pt x 253.34424pt.


Package caption Warning: The option `hypcap=true' will be ignored for this
(caption)                particular \caption on input line 177.
See the caption package documentation for explanation.


Overfull \hbox (8.4581pt too wide) in paragraph at lines 176--177
 [] 
 []

<pictures/lp_layered_20_N_uniform_lp2_6_464.png, id=492, 1076.823pt x 569.9694p
t>
File: pictures/lp_layered_20_N_uniform_lp2_6_464.png Graphic file (type png)
<use pictures/lp_layered_20_N_uniform_lp2_6_464.png>
Package pdftex.def Info: pictures/lp_layered_20_N_uniform_lp2_6_464.png  used o
n input line 182.
(pdftex.def)             Requested size: 469.75499pt x 248.63914pt.

Package caption Warning: The option `hypcap=true' will be ignored for this
(caption)                particular \caption on input line 183.
See the caption package documentation for explanation.

[30 <./pictures/greedy_EFT_layered_20_N_uniform_lp2_6_464.png> <./pictures/lp_l
ayered_20_N_uniform_lp2_6_464.png>]
Overfull \hbox (30.54877pt too wide) in paragraph at lines 204--214
 [][] 
 []

<pictures/mid_P_low_M_1_big.png, id=504, 1040.688pt x 549.252pt>
File: pictures/mid_P_low_M_1_big.png Graphic file (type png)
<use pictures/mid_P_low_M_1_big.png>
Package pdftex.def Info: pictures/mid_P_low_M_1_big.png  used on input line 223
.
(pdftex.def)             Requested size: 469.75499pt x 247.93216pt.

Package caption Warning: The option `hypcap=true' will be ignored for this
(caption)                particular \caption on input line 224.
See the caption package documentation for explanation.

[31]
<pictures/high_P_mid_M_1_big.png, id=518, 1040.688pt x 549.252pt>
File: pictures/high_P_mid_M_1_big.png Graphic file (type png)
<use pictures/high_P_mid_M_1_big.png>
Package pdftex.def Info: pictures/high_P_mid_M_1_big.png  used on input line 22
9.
(pdftex.def)             Requested size: 469.75499pt x 247.93216pt.


Package caption Warning: The option `hypcap=true' will be ignored for this
(caption)                particular \caption on input line 230.
See the caption package documentation for explanation.

<pictures/low_P_high_M_N_uni_big.png, id=519, 1040.688pt x 549.252pt>
File: pictures/low_P_high_M_N_uni_big.png Graphic file (type png)
<use pictures/low_P_high_M_N_uni_big.png>
Package pdftex.def Info: pictures/low_P_high_M_N_uni_big.png  used on input lin
e 235.
(pdftex.def)             Requested size: 469.75499pt x 247.93216pt.

Package caption Warning: The option `hypcap=true' will be ignored for this
(caption)                particular \caption on input line 236.
See the caption package documentation for explanation.

[32 <./pictures/mid_P_low_M_1_big.png> <./pictures/high_P_mid_M_1_big.png>]
<pictures/layered_55_1.png, id=529, 1040.688pt x 548.5293pt>
File: pictures/layered_55_1.png Graphic file (type png)
<use pictures/layered_55_1.png>
Package pdftex.def Info: pictures/layered_55_1.png  used on input line 245.
(pdftex.def)             Requested size: 469.75499pt x 247.60593pt.


Package caption Warning: The option `hypcap=true' will be ignored for this
(caption)                particular \caption on input line 246.
See the caption package documentation for explanation.

[33 <./pictures/low_P_high_M_N_uni_big.png>]
<pictures/random_210_1.png, id=539, 1040.688pt x 548.5293pt>
File: pictures/random_210_1.png Graphic file (type png)
<use pictures/random_210_1.png>
Package pdftex.def Info: pictures/random_210_1.png  used on input line 251.
(pdftex.def)             Requested size: 469.75499pt x 247.60593pt.


Package caption Warning: The option `hypcap=true' will be ignored for this
(caption)                particular \caption on input line 252.
See the caption package documentation for explanation.

<pictures/triadag_990_N_uni.png, id=540, 1040.688pt x 548.5293pt>
File: pictures/triadag_990_N_uni.png Graphic file (type png)
<use pictures/triadag_990_N_uni.png>
Package pdftex.def Info: pictures/triadag_990_N_uni.png  used on input line 257
.
(pdftex.def)             Requested size: 469.75499pt x 247.60593pt.

Package caption Warning: The option `hypcap=true' will be ignored for this
(caption)                particular \caption on input line 258.
See the caption package documentation for explanation.

[34 <./pictures/layered_55_1.png> <./pictures/random_210_1.png>]
<pictures/heat_layered_1.png, id=548, 867.24pt x 433.62pt>
File: pictures/heat_layered_1.png Graphic file (type png)
<use pictures/heat_layered_1.png>
Package pdftex.def Info: pictures/heat_layered_1.png  used on input line 273.
(pdftex.def)             Requested size: 469.75499pt x 234.87912pt.


Package caption Warning: The option `hypcap=true' will be ignored for this
(caption)                particular \caption on input line 274.
See the caption package documentation for explanation.

[35 <./pictures/triadag_990_N_uni.png>]) [36 <./pictures/heat_layered_1.png>]
[37]
\openout2 = `template-cmc/6_programs.aux'.

 (./template-cmc/6_programs.tex
Overfull \hbox (48.81837pt too wide) in paragraph at lines 11--11
[] \T2A/cmtt/m/n/12 prog_id prog_time weight_1: child_1 ... child_n, weight_2: 
child_1 ... child_n, ...[] 
 []

[38



] [39]
<pictures/greedy_class_diagram.png, id=578, 3353.52875pt x 2550.52875pt>
File: pictures/greedy_class_diagram.png Graphic file (type png)
<use pictures/greedy_class_diagram.png>
Package pdftex.def Info: pictures/greedy_class_diagram.png  used on input line 
72.
(pdftex.def)             Requested size: 328.82706pt x 250.08632pt.
LaTeX Font Info:    Font shape `T2A/cmtt/bx/n' in size <12> not available
(Font)              Font shape `T2A/cmtt/m/n' tried instead on input line 78.

Overfull \hbox (4.77707pt too wide) in paragraph at lines 78--79
\T2A/cmr/m/n/12 (по-стро-е-ние рас-пи-са-ния), \T2A/cmtt/m/n/12 setParams()\T2A
/cmr/m/n/12 /\T2A/cmtt/m/n/12 getParams() \T2A/cmr/m/n/12 (управ-ле-ние па-ра-м
ет-ра-ми) и \T2A/cmtt/m/n/12 copy()
 []


Overfull \hbox (1.96228pt too wide) in paragraph at lines 81--82
 []\T2A/cmr/bx/n/12 Класс \T2A/cmtt/m/n/12 Greedy \T2A/cmr/bx/n/12 (EFT)[] \T2A
/cmr/m/n/12 Ре-а-ли-зу-ет жад-ный ал-го-ритм, ис-поль-зу-ю-щий эв-ри-сти-ку \T2
A/cmr/bx/n/12 Earliest
 []

[40 <./pictures/greedy_class_diagram.png>] [41]
Overfull \hbox (1.88205pt too wide) in paragraph at lines 112--113
[]\T2A/cmr/m/n/12 Все вре-ме-на и объ-ј-мы па-мя-ти пред-став-ле-ны це-ло-чис-л
ен-ным ти-пом \T2A/cmtt/m/n/12 weight_t \T2A/cmr/m/n/12 (псев-
 []

[42]

LaTeX Warning: Reference `sec:3_mip' on page 43 undefined on input line 122.


Package natbib Warning: Citation `repo_scheduling' on page 43 undefined on inpu
t line 122.


LaTeX Warning: Reference `subsec:file_formats' on page 43 undefined on input li
ne 125.

[43]

LaTeX Warning: Reference `subsec:file_formats' on page 44 undefined on input li
ne 143.


Underfull \hbox (badness 10000) in paragraph at lines 161--161
[]|\T2A/cmr/bx/n/10.95 Переменные
 []


Underfull \hbox (badness 1629) in paragraph at lines 161--161
\T2A/cmr/bx/n/10.95 / огра-ни-че-
 []


Underfull \hbox (badness 2547) in paragraph at lines 163--163
[]|$\OML/cmm/m/it/10.95 l$\T2A/cmr/m/n/10.95 , $\OML/cmm/m/it/10.95 s[]$\T2A/cm
r/m/n/10.95 , $[][]$,
 []


Underfull \hbox (badness 10000) in paragraph at lines 163--164
[]|\T2A/cmr/m/n/10.95 Целевая пе-ре-мен-ная, вре-ме-на
 []


Underfull \hbox (badness 5533) in paragraph at lines 163--164
\T2A/cmr/m/n/10.95 стар-та ра-бот, на-ча-ла и макс.
 []


Underfull \hbox (badness 5316) in paragraph at lines 165--165
[]|$\OML/cmm/m/it/10.95 m[]$\T2A/cmr/m/n/10.95 , $\OML/cmm/m/it/10.95 p[]$\T2A/
cmr/m/n/10.95 , $\OML/cmm/m/it/10.95 t[]$\T2A/cmr/m/n/10.95 ,
 []


Underfull \hbox (badness 10000) in paragraph at lines 167--167
[]|\T2A/cmr/m/n/10.95 ([]2[])--([]3[]), ([]7[]),
 []


Underfull \hbox (badness 10000) in paragraph at lines 167--167
\T2A/cmr/m/n/10.95 ([]10[])--([]11[]),
 []


Underfull \hbox (badness 10000) in paragraph at lines 167--167
\T2A/cmr/m/n/10.95 ([]12[])--([]15[]) и
 []


Underfull \hbox (badness 10000) in paragraph at lines 169--169
[]|$\OML/cmm/m/it/10.95 m[] \OT1/cmr/m/n/10.95 = 1$\T2A/cmr/m/n/10.95 ,
 []


Underfull \hbox (badness 10000) in paragraph at lines 169--169
\OT1/cmr/m/n/10.95 (\OML/cmm/m/it/10.95 i; j\OT1/cmr/m/n/10.95 ) \OMS/cmsy/m/n/
10.95 2 \OML/cmm/m/it/10.95 E$
 []


Underfull \hbox (badness 10000) in paragraph at lines 169--169
\T2A/cmr/m/n/10.95 (вклю-чая
 []


Underfull \hbox (badness 10000) in paragraph at lines 169--169
\T2A/cmr/m/n/10.95 тран-зи-тив-
 []


Underfull \hbox (badness 6001) in paragraph at lines 169--170
[]|\T2A/cmr/m/n/10.95 Фиксированные зна-че-ния пе-ре-
 []

[44]

LaTeX Warning: Reference `subsec:file_formats' on page 45 undefined on input li
ne 189.

[45]
Overfull \hbox (35.2305pt too wide) in paragraph at lines 195--196
[]\T2A/cmr/m/n/12 Функции ри-со-ва-ния стре-лок (\T2A/cmtt/m/n/12 draw_horiz_ar
row\T2A/cmr/m/n/12 , \T2A/cmtt/m/n/12 draw_vertical_arrow\T2A/cmr/m/n/12 , \T2A
/cmtt/m/n/12 draw_arc_arrow\T2A/cmr/m/n/12 ,
 []


LaTeX Warning: Reference `fig:gantt_memory_example' on page 46 undefined on inp
ut line 201.

) [46]
\openout2 = `template-cmc/7_zakluch.aux'.

 (./template-cmc/7_zakluch.tex) [47



]
\openout2 = `template-cmc/bibliography.aux'.

 (./template-cmc/bibliography.tex)
[48



]
\openout2 = `template-cmc/appendix.aux'.

 (./template-cmc/appendix.tex
<pictures/low_P_and_M_1.png, id=652, 1040.688pt x 552.8655pt>
File: pictures/low_P_and_M_1.png Graphic file (type png)
<use pictures/low_P_and_M_1.png>
Package pdftex.def Info: pictures/low_P_and_M_1.png  used on input line 7.
(pdftex.def)             Requested size: 422.77661pt x 224.60104pt.


Package caption Warning: The option `hypcap=true' will be ignored for this
(caption)                particular \caption on input line 8.
See the caption package documentation for explanation.

<pictures/high_P_mid_M_N_uni.png, id=653, 1040.688pt x 548.5293pt>
File: pictures/high_P_mid_M_N_uni.png Graphic file (type png)
<use pictures/high_P_mid_M_N_uni.png>
Package pdftex.def Info: pictures/high_P_mid_M_N_uni.png  used on input line 13
.
(pdftex.def)             Requested size: 422.77661pt x 222.83948pt.

Package caption Warning: The option `hypcap=true' will be ignored for this
(caption)                particular \caption on input line 14.
See the caption package documentation for explanation.

[49



 <./pictures/low_P_and_M_1.png> <./pictures/high_P_mid_M_N_uni.png>]
<pictures/layered_13_N_uni.png, id=668, 1040.688pt x 552.8655pt>
File: pictures/layered_13_N_uni.png Graphic file (type png)
<use pictures/layered_13_N_uni.png>
Package pdftex.def Info: pictures/layered_13_N_uni.png  used on input line 21.
(pdftex.def)             Requested size: 469.75499pt x 249.56328pt.


Package caption Warning: The option `hypcap=true' will be ignored for this
(caption)                particular \caption on input line 22.
See the caption package documentation for explanation.

<pictures/random_15_1.png, id=669, 1040.688pt x 552.8655pt>
File: pictures/random_15_1.png Graphic file (type png)
<use pictures/random_15_1.png>
Package pdftex.def Info: pictures/random_15_1.png  used on input line 27.
(pdftex.def)             Requested size: 469.75499pt x 249.56328pt.

Package caption Warning: The option `hypcap=true' will be ignored for this
(caption)                particular \caption on input line 28.
See the caption package documentation for explanation.

[50 <./pictures/layered_13_N_uni.png>]
<pictures/layered_15_N_uni.png, id=680, 1040.688pt x 552.8655pt>
File: pictures/layered_15_N_uni.png Graphic file (type png)
<use pictures/layered_15_N_uni.png>
Package pdftex.def Info: pictures/layered_15_N_uni.png  used on input line 33.
(pdftex.def)             Requested size: 469.75499pt x 249.56328pt.


Package caption Warning: The option `hypcap=true' will be ignored for this
(caption)                particular \caption on input line 34.
See the caption package documentation for explanation.

<pictures/layered_16_1.png, id=681, 1040.688pt x 552.8655pt>
File: pictures/layered_16_1.png Graphic file (type png)
<use pictures/layered_16_1.png>
Package pdftex.def Info: pictures/layered_16_1.png  used on input line 39.
(pdftex.def)             Requested size: 469.75499pt x 249.56328pt.

Package caption Warning: The option `hypcap=true' will be ignored for this
(caption)                particular \caption on input line 40.
See the caption package documentation for explanation.

[51 <./pictures/random_15_1.png> <./pictures/layered_15_N_uni.png>]
<pictures/layered_20_N_uni.png, id=688, 1040.688pt x 549.252pt>
File: pictures/layered_20_N_uni.png Graphic file (type png)
<use pictures/layered_20_N_uni.png>
Package pdftex.def Info: pictures/layered_20_N_uni.png  used on input line 45.
(pdftex.def)             Requested size: 469.75499pt x 247.93216pt.


Package caption Warning: The option `hypcap=true' will be ignored for this
(caption)                particular \caption on input line 46.
See the caption package documentation for explanation.

<pictures/greedy_EFT_layered_12_1_lp2_2_321.png, id=693, 1076.5821pt x 570.2103
pt>
File: pictures/greedy_EFT_layered_12_1_lp2_2_321.png Graphic file (type png)
<use pictures/greedy_EFT_layered_12_1_lp2_2_321.png>
Package pdftex.def Info: pictures/greedy_EFT_layered_12_1_lp2_2_321.png  used o
n input line 54.
(pdftex.def)             Requested size: 469.75499pt x 248.80513pt.

Package caption Warning: The option `hypcap=true' will be ignored for this
(caption)                particular \caption on input line 55.
See the caption package documentation for explanation.

[52 <./pictures/layered_16_1.png> <./pictures/layered_20_N_uni.png>]
<pictures/greedy_STS_layered_12_1_lp2_2_321.png, id=705, 1075.6185pt x 569.9694
pt>
File: pictures/greedy_STS_layered_12_1_lp2_2_321.png Graphic file (type png)
<use pictures/greedy_STS_layered_12_1_lp2_2_321.png>
Package pdftex.def Info: pictures/greedy_STS_layered_12_1_lp2_2_321.png  used o
n input line 60.
(pdftex.def)             Requested size: 478.21309pt x 253.40512pt.


Package caption Warning: The option `hypcap=true' will be ignored for this
(caption)                particular \caption on input line 61.
See the caption package documentation for explanation.


Overfull \hbox (8.4581pt too wide) in paragraph at lines 60--61
 [] 
 []

<pictures/greedy_EFT_layered_16_1_lp2_2_274.png, id=706, 1075.6185pt x 569.9694
pt>
File: pictures/greedy_EFT_layered_16_1_lp2_2_274.png Graphic file (type png)
<use pictures/greedy_EFT_layered_16_1_lp2_2_274.png>
Package pdftex.def Info: pictures/greedy_EFT_layered_16_1_lp2_2_274.png  used o
n input line 66.
(pdftex.def)             Requested size: 478.21309pt x 253.40512pt.

Package caption Warning: The option `hypcap=true' will be ignored for this
(caption)                particular \caption on input line 67.
See the caption package documentation for explanation.


Overfull \hbox (8.4581pt too wide) in paragraph at lines 66--67
 [] 
 []

[53 <./pictures/greedy_EFT_layered_12_1_lp2_2_321.png> <./pictures/greedy_STS_l
ayered_12_1_lp2_2_321.png>]
<pictures/greedy_STS_layered_16_1_lp2_2_274.png, id=713, 1076.823pt x 569.9694p
t>
File: pictures/greedy_STS_layered_16_1_lp2_2_274.png Graphic file (type png)
<use pictures/greedy_STS_layered_16_1_lp2_2_274.png>
Package pdftex.def Info: pictures/greedy_STS_layered_16_1_lp2_2_274.png  used o
n input line 72.
(pdftex.def)             Requested size: 469.75499pt x 248.63914pt.


Package caption Warning: The option `hypcap=true' will be ignored for this
(caption)                particular \caption on input line 73.
See the caption package documentation for explanation.

[54 <./pictures/greedy_EFT_layered_16_1_lp2_2_274.png> <./pictures/greedy_STS_l
ayered_16_1_lp2_2_274.png>]
<pictures/heat_random_1.png, id=723, 867.24pt x 433.62pt>
File: pictures/heat_random_1.png Graphic file (type png)
<use pictures/heat_random_1.png>
Package pdftex.def Info: pictures/heat_random_1.png  used on input line 80.
(pdftex.def)             Requested size: 469.75499pt x 234.87912pt.


Package caption Warning: The option `hypcap=true' will be ignored for this
(caption)                particular \caption on input line 81.
See the caption package documentation for explanation.

<pictures/heat_triadags_N_uni.png, id=724, 867.24pt x 433.62pt>
File: pictures/heat_triadags_N_uni.png Graphic file (type png)
<use pictures/heat_triadags_N_uni.png>
Package pdftex.def Info: pictures/heat_triadags_N_uni.png  used on input line 8
6.
(pdftex.def)             Requested size: 469.75499pt x 234.87912pt.

Package caption Warning: The option `hypcap=true' will be ignored for this
(caption)                particular \caption on input line 87.
See the caption package documentation for explanation.

) [55 <./pictures/heat_random_1.png> <./pictures/heat_triadags_N_uni.png>]

Package natbib Warning: There were undefined citations.

(./main.aux (./template-cmc/0_vvedenie.aux) (./template-cmc/1_cel_zadachi.aux)
(./template-cmc/2_problem_statement.aux) (./template-cmc/3_greedy_algos.aux)
(./template-cmc/4_reduce_description.aux) (./template-cmc/5_experiments.aux)
(./template-cmc/6_programs.aux) (./template-cmc/7_zakluch.aux)
(./template-cmc/bibliography.aux) (./template-cmc/appendix.aux))
 ***********
LaTeX2e <2025-11-01>
L3 programming layer <2026-01-19>
 ***********


LaTeX Warning: There were undefined references.

Package rerunfilecheck Info: File `main.out' has not changed.
(rerunfilecheck)             Checksum: 5365DDE9599A5B81DDA423D5A8BF139F;9469.
 ) 
Here is how much of TeX's memory you used:
 27731 strings out of 467525
 505712 string characters out of 5418982
 899680 words of memory out of 5000000
 55900 multiletter control sequences out of 15000+600000
 651325 words of font info for 99 fonts, out of 8000000 for 9000
 1141 hyphenation exceptions out of 8191
 99i,14n,108p,2148b,732s stack positions out of 10000i,1000n,20000p,200000b,200000s
</usr/local/texlive/2026/texmf-dist/fonts/type1/public/amsfonts/cm/cmex10.pfb
></usr/local/texlive/2026/texmf-dist/fonts/type1/public/amsfonts/cm/cmmi10.pfb>
</usr/local/texlive/2026/texmf-dist/fonts/type1/public/amsfonts/cm/cmmi12.pfb><
/usr/local/texlive/2026/texmf-dist/fonts/type1/public/amsfonts/cm/cmmi6.pfb></u
sr/local/texlive/2026/texmf-dist/fonts/type1/public/amsfonts/cm/cmmi8.pfb></usr
/local/texlive/2026/texmf-dist/fonts/type1/public/amsfonts/cm/cmr10.pfb></usr/l
ocal/texlive/2026/texmf-dist/fonts/type1/public/amsfonts/cm/cmr12.pfb></usr/loc
al/texlive/2026/texmf-dist/fonts/type1/public/amsfonts/cm/cmr8.pfb></usr/local/
texlive/2026/texmf-dist/fonts/type1/public/amsfonts/cm/cmsy10.pfb></usr/local/t
exlive/2026/texmf-dist/fonts/type1/public/amsfonts/cm/cmsy6.pfb></usr/local/tex
live/2026/texmf-dist/fonts/type1/public/amsfonts/cm/cmsy8.pfb></usr/local/texli
ve/2026/texmf-dist/fonts/type1/public/amsfonts/cm/cmti12.pfb></usr/local/texliv
e/2026/texmf-dist/fonts/type1/public/amsfonts/cm/cmti8.pfb></usr/local/texlive/
2026/texmf-dist/fonts/type1/public/amsfonts/symbols/msbm10.pfb></usr/local/texl
ive/2026/texmf-dist/fonts/type1/public/cm-super/sfbx1095.pfb></usr/local/texliv
e/2026/texmf-dist/fonts/type1/public/cm-super/sfbx1200.pfb></usr/local/texlive/
2026/texmf-dist/fonts/type1/public/cm-super/sfbx1440.pfb></usr/local/texlive/20
26/texmf-dist/fonts/type1/public/cm-super/sfbx1728.pfb></usr/local/texlive/2026
/texmf-dist/fonts/type1/public/cm-super/sfrm0600.pfb></usr/local/texlive/2026/t
exmf-dist/fonts/type1/public/cm-super/sfrm0800.pfb></usr/local/texlive/2026/tex
mf-dist/fonts/type1/public/cm-super/sfrm1000.pfb></usr/local/texlive/2026/texmf
-dist/fonts/type1/public/cm-super/sfrm1095.pfb></usr/local/texlive/2026/texmf-d
ist/fonts/type1/public/cm-super/sfrm1200.pfb></usr/local/texlive/2026/texmf-dis
t/fonts/type1/public/cm-super/sfrm1440.pfb></usr/local/texlive/2026/texmf-dist/
fonts/type1/public/cm-super/sfrm1728.pfb></usr/local/texlive/2026/texmf-dist/fo
nts/type1/public/cm-super/sfti1200.pfb></usr/local/texlive/2026/texmf-dist/font
s/type1/public/cm-super/sftt1095.pfb></usr/local/texlive/2026/texmf-dist/fonts/
type1/public/cm-super/sftt1200.pfb>
Output written on main.pdf (55 pages, 4294559 bytes).
PDF statistics:
 901 PDF objects out of 1000 (max. 8388607)
 712 compressed objects within 8 object streams
 215 named destinations out of 1000 (max. 500000)
 503 words of extra memory for PDF output out of 10000 (max. 10000000)

