\BOOKMARK [1][-]{bm:Title.1}{\376\377\000T\000i\000t\000l\000e\000\040\000P\000a\000g\000e}{}% 1
\BOOKMARK [1][-]{bm:Abstract.1}{\376\377\000A\000b\000s\000t\000r\000a\000c\000t}{}% 2
\BOOKMARK [1][-]{section*.2}{\376\377\004\022\004\062\004\065\004\064\004\065\004\075\004\070\004\065}{}% 3
\BOOKMARK [1][-]{section.1}{\376\377\004\046\004\065\004\073\004\114\000\040\004\100\004\060\004\061\004\076\004\102\004\113}{}% 4
\BOOKMARK [1][-]{section.2}{\376\377\004\044\004\076\004\100\004\074\004\060\004\073\004\114\004\075\004\060\004\117\000\040\004\077\004\076\004\101\004\102\004\060\004\075\004\076\004\062\004\072\004\060\000\040\004\067\004\060\004\064\004\060\004\107\004\070}{}% 5
\BOOKMARK [2][-]{subsection.2.1}{\376\377\004\034\004\076\004\064\004\065\004\073\004\114\000\040\004\077\004\100\004\070\004\072\004\073\004\060\004\064\004\075\004\076\004\071\000\040\004\077\004\100\004\076\004\063\004\100\004\060\004\074\004\074\004\113}{section.2}% 6
\BOOKMARK [2][-]{subsection.2.2}{\376\377\004\034\004\076\004\064\004\065\004\073\004\114\000\040\004\062\004\113\004\107\004\070\004\101\004\073\004\070\004\102\004\065\004\073\004\114\004\075\004\076\004\071\000\040\004\101\004\070\004\101\004\102\004\065\004\074\004\113}{section.2}% 7
\BOOKMARK [2][-]{subsection.2.3}{\376\377\004\034\004\076\004\064\004\065\004\073\004\114\000\040\004\070\004\101\004\077\004\076\004\073\004\114\004\067\004\076\004\062\004\060\004\075\004\070\004\117\000\040\004\077\004\060\004\074\004\117\004\102\004\070}{section.2}% 8
\BOOKMARK [2][-]{subsection.2.4}{\376\377\004\034\004\076\004\064\004\065\004\073\004\114\000\040\004\100\004\060\004\101\004\077\004\070\004\101\004\060\004\075\004\070\004\117}{section.2}% 9
\BOOKMARK [2][-]{subsection.2.5}{\376\377\004\046\004\065\004\073\004\065\004\062\004\060\004\117\000\040\004\104\004\103\004\075\004\072\004\106\004\070\004\117}{section.2}% 10
\BOOKMARK [1][-]{section.3}{\376\377\004\026\004\060\004\064\004\075\004\113\004\071\000\040\004\060\004\073\004\063\004\076\004\100\004\070\004\102\004\074\000\040\004\077\004\076\004\101\004\102\004\100\004\076\004\065\004\075\004\070\004\117\000\040\004\074\004\075\004\076\004\063\004\076\004\077\004\100\004\076\004\106\004\065\004\101\004\101\004\076\004\100\004\075\004\076\004\063\004\076\000\040\004\100\004\060\004\101\004\077\004\070\004\101\004\060\004\075\004\070\004\117\000\040\004\101\000\040\004\076\004\063\004\100\004\060\004\075\004\070\004\107\004\065\004\075\004\070\004\065\004\074\000\040\004\075\004\060\000\040\004\077\004\060\004\074\004\117\004\102\004\114}{}% 11
\BOOKMARK [2][-]{subsection.3.1}{\376\377\004\044\004\076\004\100\004\074\004\060\004\073\004\114\004\075\004\076\004\065\000\040\004\076\004\077\004\070\004\101\004\060\004\075\004\070\004\065\000\040\004\060\004\073\004\063\004\076\004\100\004\070\004\102\004\074\004\060}{section.3}% 12
\BOOKMARK [2][-]{subsection.3.2}{\376\377\004\055\004\062\004\100\004\070\004\101\004\102\004\070\004\072\004\070\000\040\004\062\004\113\004\061\004\076\004\100\004\060\000\040\004\100\004\060\004\061\004\076\004\102\004\113}{section.3}% 13
\BOOKMARK [3][-]{subsubsection.3.2.1}{\376\377\004\055\004\062\004\100\004\070\004\101\004\102\004\070\004\072\004\060\000\040\000E\000F\000T}{subsection.3.2}% 14
\BOOKMARK [3][-]{subsubsection.3.2.2}{\376\377\004\055\004\062\004\100\004\070\004\101\004\102\004\070\004\072\004\060\000\040\000S\000T\000S}{subsection.3.2}% 15
\BOOKMARK [1][-]{section.4}{\376\377\004\041\004\062\004\065\004\064\004\065\004\075\004\070\004\065\000\040\004\072\000\040\004\067\004\060\004\064\004\060\004\107\004\065\000\040\004\106\004\065\004\073\004\076\004\107\004\070\004\101\004\073\004\065\004\075\004\075\004\076\004\063\004\076\000\040\004\073\004\070\004\075\004\065\004\071\004\075\004\076\004\063\004\076\000\040\004\077\004\100\004\076\004\063\004\100\004\060\004\074\004\074\004\070\004\100\004\076\004\062\004\060\004\075\004\070\004\117}{}% 16
\BOOKMARK [1][-]{section.5}{\376\377\004\055\004\072\004\101\004\077\004\065\004\100\004\070\004\074\004\065\004\075\004\102\004\060\004\073\004\114\004\075\004\076\004\065\000\040\004\070\004\101\004\101\004\073\004\065\004\064\004\076\004\062\004\060\004\075\004\070\004\065}{}% 17
\BOOKMARK [2][-]{subsection.5.1}{\376\377\004\037\004\100\004\065\004\064\004\074\004\065\004\102\000\040\004\070\000\040\004\106\004\065\004\073\004\070\000\040\004\070\004\101\004\101\004\073\004\065\004\064\004\076\004\062\004\060\004\075\004\070\004\117}{section.5}% 18
\BOOKMARK [2][-]{subsection.5.2}{\376\377\004\032\004\073\004\060\004\101\004\101\004\113\000\040\004\063\004\100\004\060\004\104\004\076\004\062\000\040\004\100\004\060\004\061\004\076\004\102}{section.5}% 19
\BOOKMARK [3][-]{subsubsection.5.2.1}{\376\377\004\041\004\073\004\076\004\070\004\101\004\102\004\113\004\065\000\040\004\063\004\100\004\060\004\104\004\113}{subsection.5.2}% 20
\BOOKMARK [3][-]{subsubsection.5.2.2}{\376\377\004\041\004\073\004\103\004\107\004\060\004\071\004\075\004\113\004\065\000\040\004\063\004\100\004\060\004\104\004\113}{subsection.5.2}% 21
\BOOKMARK [3][-]{subsubsection.5.2.3}{\376\377\004\042\004\100\004\065\004\103\004\063\004\076\004\073\004\114\004\075\004\113\004\065\000\040\004\063\004\100\004\060\004\104\004\113}{subsection.5.2}% 22
\BOOKMARK [2][-]{subsection.5.3}{\376\377\004\035\004\060\004\061\004\076\004\100\004\113\000\040\004\062\004\105\004\076\004\064\004\075\004\113\004\105\000\040\004\064\004\060\004\075\004\075\004\113\004\105}{section.5}% 23
\BOOKMARK [3][-]{subsubsection.5.3.1}{\376\377\004\034\004\060\004\073\004\113\004\065\000\040\004\063\004\100\004\060\004\104\004\113}{subsection.5.3}% 24
\BOOKMARK [3][-]{subsubsection.5.3.2}{\376\377\004\021\004\076\004\073\004\114\004\110\004\070\004\065\000\040\004\063\004\100\004\060\004\104\004\113}{subsection.5.3}% 25
\BOOKMARK [3][-]{subsubsection.5.3.3}{\376\377\004\041\004\065\004\102\004\072\004\060\000\040\004\077\004\060\004\100\004\060\004\074\004\065\004\102\004\100\004\076\004\062\000\040\000\050\000P\000,\000\040\000M\000\051}{subsection.5.3}% 26
\BOOKMARK [2][-]{subsection.5.4}{\376\377\004\040\004\065\004\067\004\103\004\073\004\114\004\102\004\060\004\102\004\113\000\040\004\115\004\072\004\101\004\077\004\065\004\100\004\070\004\074\004\065\004\075\004\102\004\076\004\062}{section.5}% 27
\BOOKMARK [3][-]{subsubsection.5.4.1}{\376\377\004\034\004\060\004\073\004\113\004\065\000\040\004\063\004\100\004\060\004\104\004\113}{subsection.5.4}% 28
\BOOKMARK [3][-]{subsubsection.5.4.2}{\376\377\004\021\004\076\004\073\004\114\004\110\004\070\004\065\000\040\004\063\004\100\004\060\004\104\004\113}{subsection.5.4}% 29
\BOOKMARK [2][-]{subsection.5.5}{\376\377\004\022\004\113\004\062\004\076\004\064\004\113}{section.5}% 30
\BOOKMARK [1][-]{section.6}{\376\377\004\036\004\077\004\070\004\101\004\060\004\075\004\070\004\065\000\040\004\077\004\100\004\076\004\063\004\100\004\060\004\074\004\074\004\075\004\076\004\071\000\040\004\100\004\065\004\060\004\073\004\070\004\067\004\060\004\106\004\070\004\070}{}% 31
\BOOKMARK [2][-]{subsection.6.1}{\376\377\004\041\004\102\004\100\004\103\004\072\004\102\004\103\004\100\004\060\000\040\004\062\004\105\004\076\004\064\004\075\004\076\004\063\004\076\000\040\004\070\000\040\004\062\004\113\004\105\004\076\004\064\004\075\004\076\004\063\004\076\000\040\004\104\004\060\004\071\004\073\004\076\004\062}{section.6}% 32
\BOOKMARK [3][-]{subsubsection.6.1.1}{\376\377\004\022\004\105\004\076\004\064\004\075\004\076\004\071\000\040\004\104\004\060\004\071\004\073\000\040\000\050\004\076\004\077\004\070\004\101\004\060\004\075\004\070\004\065\000\040\004\063\004\100\004\060\004\104\004\060\000\040\004\100\004\060\004\061\004\076\004\102\000\051}{subsection.6.1}% 33
\BOOKMARK [3][-]{subsubsection.6.1.2}{\376\377\004\022\004\113\004\105\004\076\004\064\004\075\004\076\004\071\000\040\004\104\004\060\004\071\004\073\000\040\000\050\004\100\004\060\004\101\004\077\004\070\004\101\004\060\004\075\004\070\004\065\000\051}{subsection.6.1}% 34
\BOOKMARK [2][-]{subsection.6.2}{\376\377\004\040\004\065\004\060\004\073\004\070\004\067\004\060\004\106\004\070\004\117\000\040\004\066\004\060\004\064\004\075\004\076\004\063\004\076\000\040\004\060\004\073\004\063\004\076\004\100\004\070\004\102\004\074\004\060}{section.6}% 35
\BOOKMARK [2][-]{subsection.6.3}{\376\377\004\040\004\065\004\060\004\073\004\070\004\067\004\060\004\106\004\070\004\117\000\040\004\077\004\076\004\064\004\105\004\076\004\064\004\060\000\040\004\075\004\060\000\040\004\061\004\060\004\067\004\065\000\040\004\046\004\033\004\037}{section.6}% 36
\BOOKMARK [2][-]{subsection.6.4}{\376\377\004\022\004\070\004\067\004\103\004\060\004\073\004\070\004\067\004\060\004\102\004\076\004\100\000\040\004\062\004\100\004\065\004\074\004\065\004\075\004\075\004\076\004\071\000\040\004\064\004\070\004\060\004\063\004\100\004\060\004\074\004\074\004\113\000\040\004\100\004\060\004\101\004\077\004\070\004\101\004\060\004\075\004\070\004\117}{section.6}% 37
\BOOKMARK [1][-]{section*.38}{\376\377\004\027\004\060\004\072\004\073\004\116\004\107\004\065\004\075\004\070\004\065}{}% 38
\BOOKMARK [1][-]{section*.39}{\376\377\004\037\004\100\004\070\004\073\004\076\004\066\004\065\004\075\004\070\004\065}{}% 39
