SCIP version 10.0.0 [precision: 8 byte] [memory: block] [mode: optimized] [LP solver: SoPlex 8.0.0] [GitHash: 0c80fdd8e9]
Copyright (c) 2002-2025 Zuse Institute Berlin (ZIB)

External libraries: 
  Readline 8.3         GNU library for command line editing (gnu.org/s/readline)
  SoPlex 8.0.0         Linear programming solver developed at Zuse Institute Berlin (soplex.zib.de) [GitHash: 2207cfb2]
  CppAD 20180000.0     Algorithmic Differentiation of C++ algorithms developed by B. Bell (github.com/coin-or/CppAD)
  ZLIB 1.2.12          General purpose compression library by J. Gailly and M. Adler (zlib.net)
  MPFR 4.2.2           GNU Multiple Precision Floating-Point Reliable Library (mpfr.org)
  Boost 1.89.0         Boost C++ Libraries (boost.org)
  TinyCThread 1.2      small portable implementation of the C11 threads API (tinycthread.github.io)
  GMP 6.3.0            GNU Multiple Precision Arithmetic Library developed by T. Granlund (gmplib.org)
  AMPL/MP 4.0.3        AMPL .nl file reader library (github.com/ampl/mp)
  PaPILO 3.0.0         parallel presolve for integer and linear optimization (github.com/scipopt/papilo) (built with TBB)
  Nauty 2.8.8          Computing Graph Automorphism Groups by Brendan D. McKay (users.cecs.anu.edu.au/~bdm/nauty)
  sassy 2.0            Symmetry preprocessor by Markus Anders (github.com/markusa4/sassy)
  Ipopt 3.14.19        Interior Point Optimizer developed by A. Waechter et.al. (github.com/coin-or/Ipopt)

reading user parameter file </Users/maxbig/Coursework_multiprocessing/Coursework/SCIP/SCIPOptSuite-9.2.1-Linux/only_time.set>

read problem </Users/maxbig/Coursework_multiprocessing/Coursework/SCIP/SCIPOptSuite-9.2.1-Linux/inputs/new_tr/order/layered_15_buf_times_P3_M2550_tiers_input.lp>
============

original problem has 886 variables (870 bin, 16 int, 0 cont) and 2918 constraints

solve problem
=============

presolving:
(round 1, fast)       52 del vars, 60 del conss, 0 add conss, 17 chg bounds, 0 chg sides, 0 chg coeffs, 0 upgd conss, 0 impls, 15 clqs, 0 implints
   (0.0s) running MILP presolver
   (0.0s) MILP presolver (2 rounds): 0 aggregations, 0 fixings, 0 bound changes
(round 2, exhaustive) 52 del vars, 491 del conss, 0 add conss, 17 chg bounds, 0 chg sides, 0 chg coeffs, 0 upgd conss, 0 impls, 15 clqs, 0 implints
(round 3, exhaustive) 52 del vars, 491 del conss, 0 add conss, 17 chg bounds, 0 chg sides, 0 chg coeffs, 1301 upgd conss, 0 impls, 15 clqs, 0 implints
   (0.7s) probing: 614/818 (75.1%) - 0 fixings, 0 aggregations, 2387 implications, 0 bound changes
   (0.7s) probing aborted: 50/50 successive totally useless probings
   (0.7s) symmetry computation started: requiring (bin +, int +, cont +), (fixed: bin -, int -, cont -)
   (0.7s) symmetry computation finished: 4 generators found (max: 1500, log10 of symmetry group size: 1.56) (symcode time: 0.00)
dynamic symmetry handling statistics:
   orbitopal reduction:       no components
   orbital reduction:          1 components of sizes 10
   lexicographic reduction:   10 permutations with support sizes 30, 30, 654, 654, 30, 668, 668, 668, 668, 654
handled 1 out of 1 symmetry components
presolving (4 rounds: 4 fast, 3 medium, 3 exhaustive):
 52 deleted vars, 491 deleted constraints, 0 added constraints, 17 tightened bounds, 0 added holes, 0 changed sides, 0 changed coefficients
 2414 implications, 15 cliques, 0 implied integral variables (0 bin, 0 int, 0 cont)
presolved problem has 834 variables (818 bin, 16 int, 0 cont) and 2427 constraints
     26 constraints of type <varbound>
     15 constraints of type <setppc>
   1126 constraints of type <linear>
   1260 constraints of type <logicor>
transformed objective value is always integral (scale: 1)
Presolving Time: 0.70

 time | node  | left  |LP iter|LP it/n|mem/heur|mdpt |vars |cons |rows |cuts |sepa|confs|strbr|  dualbound   | primalbound  |  gap   | compl. 
  0.8s|     1 |     0 |   548 |     - |    25M |   0 | 834 |2431 |2427 |   0 |  0 |   6 |   0 | 4.000000e+01 |      --      |    Inf | unknown
  0.8s|     1 |     0 |  1463 |     - |    26M |   0 | 834 |2431 |2516 |  89 |  1 |   6 |   0 | 4.000000e+01 |      --      |    Inf | unknown
  0.9s|     1 |     0 |  1584 |     - |    26M |   0 | 834 |2435 |2567 | 140 |  2 |  10 |   0 | 4.000000e+01 |      --      |    Inf | unknown
  0.9s|     1 |     0 |  1906 |     - |    26M |   0 | 834 |2435 |2571 | 144 |  3 |  10 |   0 | 4.000000e+01 |      --      |    Inf | unknown
  1.0s|     1 |     0 |  2041 |     - |    28M |   0 | 834 |2436 |2576 | 149 |  4 |  11 |   0 | 4.000000e+01 |      --      |    Inf | unknown
  1.1s|     1 |     0 |  2107 |     - |    28M |   0 | 834 |2437 |2583 | 156 |  5 |  12 |   0 | 4.000000e+01 |      --      |    Inf | unknown
  1.1s|     1 |     0 |  2159 |     - |    29M |   0 | 834 |2438 |2590 | 163 |  6 |  13 |   0 | 4.000000e+01 |      --      |    Inf | unknown
  1.2s|     1 |     0 |  2269 |     - |    30M |   0 | 834 |2438 |2595 | 168 |  7 |  13 |   0 | 4.000000e+01 |      --      |    Inf | unknown
  1.2s|     1 |     0 |  2364 |     - |    31M |   0 | 834 |2439 |2599 | 172 |  8 |  14 |   0 | 4.000000e+01 |      --      |    Inf | unknown
  1.3s|     1 |     0 |  2445 |     - |    32M |   0 | 834 |2439 |2603 | 176 |  9 |  14 |   0 | 4.000000e+01 |      --      |    Inf | unknown
  1.4s|     1 |     0 |  2476 |     - |    32M |   0 | 834 |2440 |2608 | 181 | 10 |  15 |   0 | 4.000000e+01 |      --      |    Inf | unknown
  1.4s|     1 |     0 |  2522 |     - |    33M |   0 | 834 |2440 |2612 | 185 | 11 |  15 |   0 | 4.000000e+01 |      --      |    Inf | unknown
  1.4s|     1 |     0 |  2594 |     - |    33M |   0 | 834 |2441 |2480 | 189 | 12 |  16 |   0 | 4.000000e+01 |      --      |    Inf | unknown
  1.5s|     1 |     2 |  3003 |     - |    33M |   0 | 834 |2453 |2480 | 189 | 12 |  28 |  19 | 4.000000e+01 |      --      |    Inf | unknown
WARNING: Orbital fixing symmetry for 0x105008bb8 broken before symmetry. Requires fixing 3/810 affected variables.
d 4.7s|     9 |     8 |  3877 | 159.9 |pscostdi|   7 | 834 |2463 |2440 |   0 |  1 |  39 |  19 | 4.000000e+01 | 7.000000e+01 |  75.00%|  50.00%
 time | node  | left  |LP iter|LP it/n|mem/heur|mdpt |vars |cons |rows |cuts |sepa|confs|strbr|  dualbound   | primalbound  |  gap   | compl. 
d 4.7s|    12 |    11 |  5385 | 253.4 |fracdivi|   8 | 834 |2457 |2440 |   0 |  1 |  39 |  19 | 4.000000e+01 | 6.900000e+01 |  72.50%|  18.34%
d 5.2s|    19 |    18 | 10557 | 442.2 |adaptive|   9 | 834 |2379 |2440 |   0 |  1 |  48 |  19 | 4.000000e+01 | 6.800000e+01 |  70.00%|  18.34%
d 5.4s|    29 |    28 | 12757 | 362.8 |distribu|  14 | 834 |2379 |2456 |   0 |  1 |  48 |  19 | 4.000000e+01 | 6.100000e+01 |  52.50%|  18.34%
* 5.5s|    38 |    33 | 13390 | 291.7 |    LP  |  20 | 834 |2364 |2456 | 300 |  0 |  49 |  19 | 4.000000e+01 | 5.900000e+01 |  47.50%|  18.44%
* 5.8s|    44 |    35 | 13986 | 264.8 |    LP  |  22 | 834 |2327 |2456 | 309 |  0 |  54 |  19 | 4.000000e+01 | 5.100000e+01 |  27.50%|  22.94%
d 5.9s|    53 |    38 | 14528 | 229.4 |adaptive|  22 | 834 |2316 |2440 |   0 |  1 |  56 |  19 | 4.000000e+01 | 5.000000e+01 |  25.00%|  24.63%
  6.2s|   100 |    48 | 16709 | 142.5 |    36M |  22 | 834 |2272 |2456 | 364 |  1 |  63 |  19 | 4.000000e+01 | 5.000000e+01 |  25.00%|  39.23%
  6.8s|   200 |    74 | 20686 |  90.9 |    38M |  22 | 834 |2299 |2456 | 508 |  1 |  90 |  19 | 4.000000e+01 | 5.000000e+01 |  25.00%|  39.41%
  7.2s|   300 |    79 | 23071 |  68.5 |    38M |  22 | 834 |2304 |2457 | 568 |  1 |  95 |  19 | 4.000000e+01 | 5.000000e+01 |  25.00%|  40.92%
  7.8s|   400 |   102 | 27151 |  61.5 |    40M |  22 | 834 |2302 |2469 | 856 |  1 | 101 |  19 | 4.000000e+01 | 5.000000e+01 |  25.00%|  46.62%
  8.5s|   500 |    98 | 30060 |  55.0 |    41M |  22 | 834 |2303 |   0 |1046 |  0 | 102 |  19 | 4.000000e+01 | 5.000000e+01 |  25.00%|  48.26%

SCIP Status        : solving was interrupted [termination signal received]
Solving Time (sec) : 9.12
Solving Nodes      : 597
Primal Bound       : +5.00000000000000e+01 (7 solutions)
Dual Bound         : +4.00000000000000e+01
Gap                : 25.00 %

primal solution (original space):
=================================

objective value:                                   50
m_0_0                                               1 	(obj:0)
m_0_1                                               1 	(obj:0)
m_0_2                                               1 	(obj:0)
m_0_9                                               1 	(obj:0)
m_0_10                                              1 	(obj:0)
m_0_12                                              1 	(obj:0)
m_0_13                                              1 	(obj:0)
m_0_14                                              1 	(obj:0)
m_3_0                                               1 	(obj:0)
m_3_3                                               1 	(obj:0)
m_3_1                                               1 	(obj:0)
m_3_6                                               1 	(obj:0)
m_3_7                                               1 	(obj:0)
m_3_8                                               1 	(obj:0)
m_3_2                                               1 	(obj:0)
m_3_9                                               1 	(obj:0)
m_3_10                                              1 	(obj:0)
m_3_11                                              1 	(obj:0)
m_3_12                                              1 	(obj:0)
m_3_13                                              1 	(obj:0)
m_3_14                                              1 	(obj:0)
m_4_0                                               1 	(obj:0)
m_4_4                                               1 	(obj:0)
m_4_1                                               1 	(obj:0)
m_4_6                                               1 	(obj:0)
m_4_7                                               1 	(obj:0)
m_4_8                                               1 	(obj:0)
m_4_2                                               1 	(obj:0)
m_4_9                                               1 	(obj:0)
m_4_10                                              1 	(obj:0)
m_4_11                                              1 	(obj:0)
m_4_12                                              1 	(obj:0)
m_4_13                                              1 	(obj:0)
m_4_14                                              1 	(obj:0)
m_5_0                                               1 	(obj:0)
m_5_5                                               1 	(obj:0)
m_5_1                                               1 	(obj:0)
m_5_6                                               1 	(obj:0)
m_5_7                                               1 	(obj:0)
m_5_8                                               1 	(obj:0)
m_5_2                                               1 	(obj:0)
m_5_9                                               1 	(obj:0)
m_5_10                                              1 	(obj:0)
m_5_11                                              1 	(obj:0)
m_5_12                                              1 	(obj:0)
m_5_13                                              1 	(obj:0)
m_5_14                                              1 	(obj:0)
m_1_1                                               1 	(obj:0)
m_1_2                                               1 	(obj:0)
m_1_9                                               1 	(obj:0)
m_1_12                                              1 	(obj:0)
m_1_13                                              1 	(obj:0)
m_1_14                                              1 	(obj:0)
m_6_0                                               1 	(obj:0)
m_6_1                                               1 	(obj:0)
m_6_6                                               1 	(obj:0)
m_6_2                                               1 	(obj:0)
m_6_9                                               1 	(obj:0)
m_6_10                                              1 	(obj:0)
m_6_11                                              1 	(obj:0)
m_6_12                                              1 	(obj:0)
m_6_13                                              1 	(obj:0)
m_6_14                                              1 	(obj:0)
m_7_0                                               1 	(obj:0)
m_7_1                                               1 	(obj:0)
m_7_7                                               1 	(obj:0)
m_7_2                                               1 	(obj:0)
m_7_9                                               1 	(obj:0)
m_7_10                                              1 	(obj:0)
m_7_11                                              1 	(obj:0)
m_7_12                                              1 	(obj:0)
m_7_13                                              1 	(obj:0)
m_7_14                                              1 	(obj:0)
m_8_0                                               1 	(obj:0)
m_8_1                                               1 	(obj:0)
m_8_8                                               1 	(obj:0)
m_8_2                                               1 	(obj:0)
m_8_9                                               1 	(obj:0)
m_8_10                                              1 	(obj:0)
m_8_11                                              1 	(obj:0)
m_8_12                                              1 	(obj:0)
m_8_13                                              1 	(obj:0)
m_8_14                                              1 	(obj:0)
m_2_2                                               1 	(obj:0)
m_2_12                                              1 	(obj:0)
m_2_13                                              1 	(obj:0)
m_2_14                                              1 	(obj:0)
m_9_2                                               1 	(obj:0)
m_9_9                                               1 	(obj:0)
m_9_12                                              1 	(obj:0)
m_9_13                                              1 	(obj:0)
m_9_14                                              1 	(obj:0)
m_10_2                                              1 	(obj:0)
m_10_9                                              1 	(obj:0)
m_10_10                                             1 	(obj:0)
m_10_12                                             1 	(obj:0)
m_10_13                                             1 	(obj:0)
m_10_14                                             1 	(obj:0)
m_11_1                                              1 	(obj:0)
m_11_2                                              1 	(obj:0)
m_11_9                                              1 	(obj:0)
m_11_10                                             1 	(obj:0)
m_11_11                                             1 	(obj:0)
m_11_12                                             1 	(obj:0)
m_11_13                                             1 	(obj:0)
m_11_14                                             1 	(obj:0)
m_12_12                                             1 	(obj:0)
m_13_13                                             1 	(obj:0)
m_14_14                                             1 	(obj:0)
p_1_0                                               1 	(obj:0)
p_3_3                                               1 	(obj:0)
p_2_4                                               1 	(obj:0)
p_1_5                                               1 	(obj:0)
p_2_1                                               1 	(obj:0)
p_3_6                                               1 	(obj:0)
p_2_7                                               1 	(obj:0)
p_1_8                                               1 	(obj:0)
p_2_2                                               1 	(obj:0)
p_3_9                                               1 	(obj:0)
p_1_10                                              1 	(obj:0)
p_3_11                                              1 	(obj:0)
p_1_12                                              1 	(obj:0)
p_3_13                                              1 	(obj:0)
p_2_14                                              1 	(obj:0)
t_0_0                                               1 	(obj:0)
z_0_3                                               1 	(obj:0)
z_0_4                                               1 	(obj:0)
z_0_5                                               1 	(obj:0)
t_0_5                                               1 	(obj:0)
z_0_6                                               1 	(obj:0)
z_0_7                                               1 	(obj:0)
z_0_8                                               1 	(obj:0)
t_0_8                                               1 	(obj:0)
t_0_10                                              1 	(obj:0)
t_0_12                                              1 	(obj:0)
t_3_3                                               1 	(obj:0)
t_3_6                                               1 	(obj:0)
t_3_9                                               1 	(obj:0)
t_3_11                                              1 	(obj:0)
t_3_13                                              1 	(obj:0)
t_4_4                                               1 	(obj:0)
t_4_1                                               1 	(obj:0)
t_4_7                                               1 	(obj:0)
t_4_2                                               1 	(obj:0)
t_4_14                                              1 	(obj:0)
t_5_0                                               1 	(obj:0)
t_5_5                                               1 	(obj:0)
t_5_8                                               1 	(obj:0)
t_5_10                                              1 	(obj:0)
t_5_12                                              1 	(obj:0)
z_1_0                                               1 	(obj:0)
z_1_3                                               1 	(obj:0)
z_1_4                                               1 	(obj:0)
t_1_4                                               1 	(obj:0)
z_1_5                                               1 	(obj:0)
t_1_1                                               1 	(obj:0)
z_1_6                                               1 	(obj:0)
z_1_7                                               1 	(obj:0)
t_1_7                                               1 	(obj:0)
z_1_8                                               1 	(obj:0)
t_1_2                                               1 	(obj:0)
t_1_14                                              1 	(obj:0)
z_6_3                                               1 	(obj:0)
t_6_3                                               1 	(obj:0)
z_6_4                                               1 	(obj:0)
z_6_5                                               1 	(obj:0)
t_6_6                                               1 	(obj:0)
t_6_9                                               1 	(obj:0)
t_6_11                                              1 	(obj:0)
t_6_13                                              1 	(obj:0)
z_7_3                                               1 	(obj:0)
z_7_4                                               1 	(obj:0)
t_7_4                                               1 	(obj:0)
z_7_5                                               1 	(obj:0)
t_7_1                                               1 	(obj:0)
t_7_7                                               1 	(obj:0)
t_7_2                                               1 	(obj:0)
t_7_14                                              1 	(obj:0)
t_8_0                                               1 	(obj:0)
z_8_3                                               1 	(obj:0)
z_8_4                                               1 	(obj:0)
z_8_5                                               1 	(obj:0)
t_8_5                                               1 	(obj:0)
t_8_8                                               1 	(obj:0)
t_8_10                                              1 	(obj:0)
t_8_12                                              1 	(obj:0)
z_2_0                                               1 	(obj:0)
z_2_3                                               1 	(obj:0)
z_2_4                                               1 	(obj:0)
t_2_4                                               1 	(obj:0)
z_2_5                                               1 	(obj:0)
z_2_1                                               1 	(obj:0)
t_2_1                                               1 	(obj:0)
z_2_6                                               1 	(obj:0)
z_2_7                                               1 	(obj:0)
t_2_7                                               1 	(obj:0)
z_2_8                                               1 	(obj:0)
t_2_2                                               1 	(obj:0)
z_2_10                                              1 	(obj:0)
z_2_11                                              1 	(obj:0)
t_2_14                                              1 	(obj:0)
z_9_0                                               1 	(obj:0)
z_9_3                                               1 	(obj:0)
t_9_3                                               1 	(obj:0)
z_9_4                                               1 	(obj:0)
z_9_5                                               1 	(obj:0)
z_9_6                                               1 	(obj:0)
t_9_6                                               1 	(obj:0)
z_9_7                                               1 	(obj:0)
z_9_8                                               1 	(obj:0)
t_9_9                                               1 	(obj:0)
z_9_11                                              1 	(obj:0)
t_9_11                                              1 	(obj:0)
t_9_13                                              1 	(obj:0)
z_10_0                                              1 	(obj:0)
t_10_0                                              1 	(obj:0)
z_10_3                                              1 	(obj:0)
z_10_4                                              1 	(obj:0)
z_10_5                                              1 	(obj:0)
t_10_5                                              1 	(obj:0)
z_10_6                                              1 	(obj:0)
z_10_7                                              1 	(obj:0)
z_10_8                                              1 	(obj:0)
t_10_8                                              1 	(obj:0)
t_10_10                                             1 	(obj:0)
t_10_12                                             1 	(obj:0)
z_11_3                                              1 	(obj:0)
t_11_3                                              1 	(obj:0)
z_11_4                                              1 	(obj:0)
z_11_5                                              1 	(obj:0)
z_11_6                                              1 	(obj:0)
t_11_6                                              1 	(obj:0)
z_11_7                                              1 	(obj:0)
z_11_8                                              1 	(obj:0)
t_11_9                                              1 	(obj:0)
t_11_11                                             1 	(obj:0)
t_11_13                                             1 	(obj:0)
z_12_0                                              1 	(obj:0)
t_12_0                                              1 	(obj:0)
z_12_3                                              1 	(obj:0)
z_12_4                                              1 	(obj:0)
z_12_5                                              1 	(obj:0)
t_12_5                                              1 	(obj:0)
z_12_1                                              1 	(obj:0)
z_12_6                                              1 	(obj:0)
z_12_7                                              1 	(obj:0)
z_12_8                                              1 	(obj:0)
t_12_8                                              1 	(obj:0)
z_12_2                                              1 	(obj:0)
z_12_9                                              1 	(obj:0)
z_12_10                                             1 	(obj:0)
t_12_10                                             1 	(obj:0)
z_12_11                                             1 	(obj:0)
t_12_12                                             1 	(obj:0)
z_13_0                                              1 	(obj:0)
z_13_3                                              1 	(obj:0)
t_13_3                                              1 	(obj:0)
z_13_4                                              1 	(obj:0)
z_13_5                                              1 	(obj:0)
z_13_1                                              1 	(obj:0)
z_13_6                                              1 	(obj:0)
t_13_6                                              1 	(obj:0)
z_13_7                                              1 	(obj:0)
z_13_8                                              1 	(obj:0)
z_13_2                                              1 	(obj:0)
z_13_9                                              1 	(obj:0)
t_13_9                                              1 	(obj:0)
z_13_10                                             1 	(obj:0)
z_13_11                                             1 	(obj:0)
t_13_11                                             1 	(obj:0)
t_13_13                                             1 	(obj:0)
z_14_0                                              1 	(obj:0)
z_14_3                                              1 	(obj:0)
z_14_4                                              1 	(obj:0)
t_14_4                                              1 	(obj:0)
z_14_5                                              1 	(obj:0)
z_14_1                                              1 	(obj:0)
t_14_1                                              1 	(obj:0)
z_14_6                                              1 	(obj:0)
z_14_7                                              1 	(obj:0)
t_14_7                                              1 	(obj:0)
z_14_8                                              1 	(obj:0)
z_14_2                                              1 	(obj:0)
t_14_2                                              1 	(obj:0)
z_14_9                                              1 	(obj:0)
z_14_10                                             1 	(obj:0)
z_14_11                                             1 	(obj:0)
t_14_14                                             1 	(obj:0)
y_0_1_0                                             1 	(obj:0)
y_3_1_0                                             1 	(obj:0)
y_4_1_0                                             1 	(obj:0)
y_5_1_0                                             1 	(obj:0)
y_6_1_0                                             1 	(obj:0)
y_7_1_0                                             1 	(obj:0)
y_8_1_0                                             1 	(obj:0)
y_11_1_0                                            1 	(obj:0)
y_3_1_3                                             1 	(obj:0)
y_4_1_3                                             1 	(obj:0)
y_5_1_3                                             1 	(obj:0)
y_3_1_4                                             1 	(obj:0)
y_4_1_4                                             1 	(obj:0)
y_5_1_4                                             1 	(obj:0)
y_3_1_5                                             1 	(obj:0)
y_4_1_5                                             1 	(obj:0)
y_5_1_5                                             1 	(obj:0)
y_0_1_1                                             1 	(obj:0)
y_3_1_1                                             1 	(obj:0)
y_4_1_1                                             1 	(obj:0)
y_5_1_1                                             1 	(obj:0)
y_1_1_1                                             1 	(obj:0)
y_6_1_1                                             1 	(obj:0)
y_7_1_1                                             1 	(obj:0)
y_8_1_1                                             1 	(obj:0)
y_9_1_1                                             1 	(obj:0)
y_10_1_1                                            1 	(obj:0)
y_11_1_1                                            1 	(obj:0)
y_3_1_6                                             1 	(obj:0)
y_4_1_6                                             1 	(obj:0)
y_5_1_6                                             1 	(obj:0)
y_6_1_6                                             1 	(obj:0)
y_7_1_6                                             1 	(obj:0)
y_8_1_6                                             1 	(obj:0)
y_3_1_7                                             1 	(obj:0)
y_4_1_7                                             1 	(obj:0)
y_5_1_7                                             1 	(obj:0)
y_6_1_7                                             1 	(obj:0)
y_7_1_7                                             1 	(obj:0)
y_8_1_7                                             1 	(obj:0)
y_3_1_8                                             1 	(obj:0)
y_4_1_8                                             1 	(obj:0)
y_5_1_8                                             1 	(obj:0)
y_6_1_8                                             1 	(obj:0)
y_7_1_8                                             1 	(obj:0)
y_8_1_8                                             1 	(obj:0)
y_3_1_2                                             1 	(obj:0)
y_4_1_2                                             1 	(obj:0)
y_5_1_2                                             1 	(obj:0)
y_1_1_2                                             1 	(obj:0)
y_6_1_2                                             1 	(obj:0)
y_7_1_2                                             1 	(obj:0)
y_8_1_2                                             1 	(obj:0)
y_9_1_2                                             1 	(obj:0)
y_10_1_2                                            1 	(obj:0)
y_11_1_2                                            1 	(obj:0)
y_0_1_9                                             1 	(obj:0)
y_1_1_9                                             1 	(obj:0)
y_6_1_9                                             1 	(obj:0)
y_7_1_9                                             1 	(obj:0)
y_8_1_9                                             1 	(obj:0)
y_9_1_9                                             1 	(obj:0)
y_10_1_9                                            1 	(obj:0)
y_11_1_9                                            1 	(obj:0)
y_0_1_10                                            1 	(obj:0)
y_1_1_10                                            1 	(obj:0)
y_6_1_10                                            1 	(obj:0)
y_7_1_10                                            1 	(obj:0)
y_8_1_10                                            1 	(obj:0)
y_9_1_10                                            1 	(obj:0)
y_10_1_10                                           1 	(obj:0)
y_11_1_10                                           1 	(obj:0)
y_0_1_11                                            1 	(obj:0)
y_1_1_11                                            1 	(obj:0)
y_6_1_11                                            1 	(obj:0)
y_7_1_11                                            1 	(obj:0)
y_8_1_11                                            1 	(obj:0)
y_10_1_11                                           1 	(obj:0)
y_11_1_11                                           1 	(obj:0)
y_0_1_12                                            1 	(obj:0)
y_1_1_12                                            1 	(obj:0)
y_9_1_12                                            1 	(obj:0)
y_10_1_12                                           1 	(obj:0)
y_11_1_12                                           1 	(obj:0)
y_0_1_13                                            1 	(obj:0)
y_1_1_13                                            1 	(obj:0)
y_9_1_13                                            1 	(obj:0)
y_10_1_13                                           1 	(obj:0)
y_11_1_13                                           1 	(obj:0)
y_1_1_14                                            1 	(obj:0)
y_6_1_14                                            1 	(obj:0)
y_9_1_14                                            1 	(obj:0)
y_10_1_14                                           1 	(obj:0)
y_11_1_14                                           1 	(obj:0)
s_6                                                10 	(obj:0)
s_7                                                10 	(obj:0)
s_8                                                10 	(obj:0)
s_2                                                39 	(obj:0)
s_9                                                30 	(obj:0)
s_10                                               21 	(obj:0)
s_11                                               20 	(obj:0)
s_12                                               40 	(obj:0)
s_13                                               40 	(obj:0)
s_14                                               40 	(obj:0)
l                                                  50 	(obj:1)
s_0                                                20 	(obj:0)
s_1                                                21 	(obj:0)

Statistics
==========

SCIP Status        : solving was interrupted [termination signal received]
Total Time         :       9.12
  solving          :       9.12
  presolving       :       0.70 (included in solving)
  reading          :       0.01
  copying          :       0.47 (80 #copies) (minimal 0.00, maximal 0.04, average 0.01)
Original Problem   :
  Problem name     : /Users/maxbig/Coursework_multiprocessing/Coursework/SCIP/SCIPOptSuite-9.2.1-Linux/inputs/new_tr/order/layered_15_buf_times_P3_M2550_tiers_input.lp
  Variables        : 886 (870 binary, 16 integer, 0 continuous)
  Implied int vars : 0 (0 binary, 0 integer, 0 continuous)
  Constraints      : 2918 initial, 2918 maximal
  Objective        : minimize, 1 non-zeros (abs.min = 1, abs.max = 1)
Presolved Problem  :
  Problem name     : t_/Users/maxbig/Coursework_multiprocessing/Coursework/SCIP/SCIPOptSuite-9.2.1-Linux/inputs/new_tr/order/layered_15_buf_times_P3_M2550_tiers_input.lp
  Variables        : 834 (818 binary, 16 integer, 0 continuous)
  Implied int vars : 0 (0 binary, 0 integer, 0 continuous)
  Constraints      : 2427 initial, 2464 maximal
  Objective        : minimize, 1 non-zeros (abs.min = 1, abs.max = 1)
  Nonzeros         : 7818 constraint, 45 clique table
Presolvers         :   ExecTime  SetupTime  Calls  FixedVars   AggrVars   ChgTypes  ChgBounds   AddHoles    DelCons    AddCons   ChgSides   ChgCoefs
  boundshift       :       0.00       0.00      0          0          0          0          0          0          0          0          0          0
  convertinttobin  :       0.00       0.00      0          0          0          0          0          0          0          0          0          0
  domcol           :       0.00       0.00      1          0          0          0          0          0          0          0          0          0
  dualagg          :       0.00       0.00      0          0          0          0          0          0          0          0          0          0
  dualcomp         :       0.00       0.00      0          0          0          0          0          0          0          0          0          0
  dualinfer        :       0.00       0.00      0          0          0          0          0          0          0          0          0          0
  dualsparsify     :       0.01       0.00      1          0          0          0          0          0          0          0          0          0
  gateextraction   :       0.00       0.00      1          0          0          0          0          0          0          0          0          0
  implics          :       0.00       0.00      3          0          0          0          0          0          0          0          0          0
  implint          :       0.00       0.00      0          0          0          0          0          0          0          0          0          0
  inttobinary      :       0.00       0.00      4          0          0          0          0          0          0          0          0          0
  milp             :       0.01       0.00      1          0          0          0          0          0          0          0          0          0
  qpkktref         :       0.00       0.00      0          0          0          0          0          0          0          0          0          0
  redvub           :       0.00       0.00      0          0          0          0          0          0          0          0          0          0
  sparsify         :       0.00       0.00      1          0          0          0          0          0          0          0          0          0
  stuffing         :       0.00       0.00      0          0          0          0          0          0          0          0          0          0
  trivial          :       0.00       0.00      4         37          0          0          0          0          0          0          0          0
  tworowbnd        :       0.00       0.00      0          0          0          0          0          0          0          0          0          0
  dualfix          :       0.00       0.00      4         15          0          0          0          0          0          0          0          0
  genvbounds       :       0.00       0.00      0          0          0          0          0          0          0          0          0          0
  probing          :       0.65       0.00      1          0          0          0          0          0          0          0          0          0
  pseudoobj        :       0.00       0.00      0          0          0          0          0          0          0          0          0          0
  symmetry         :       0.01       0.00      1          0          0          0          0          0          0          0          0          0
  vbounds          :       0.00       0.00      1          0          0          0          0          0          0          0          0          0
  varbound         :       0.00       0.00      2          0          0          0          0          0          0          0          0          0
  setppc           :       0.00       0.00      3          0          0          0          0          0          0          0          0          0
  linear           :       0.01       0.00      7          0          0          0         17          0        491          0          0          0
  logicor          :       0.00       0.00      3          0          0          0          0          0          0          0          0          0
  bounddisjunction :       0.00       0.00      0          0          0          0          0          0          0          0          0          0
  components       :       0.00       0.00      1          0          0          0          0          0          0          0          0          0
  root node        :          -          -      -        154          -          -        263          -          -          -          -          -
Constraints        :     Number  MaxNumber  #Separate #Propagate    #EnfoLP    #EnfoRelax  #EnfoPS    #Check   #ResProp    Cutoffs    DomReds       Cuts    Applied      Conss   Children
  integral         :          0          0          0          0        358          0          0        206          0          0          0          0          0          0        716
  varbound         :         26         26         12      11592          0          0          0        201          0          0         29          0          0          0          0
  setppc           :         15+        17         12      10458          0          0          0        181         85         19        492          0          0          0          0
  linear           :       1126+      1127         12      11577          0          0          0         88        368        365      14511          0          0          0          0
  logicor          :       1260+      1291         12       2966          0          0          0          8        193         15       6753          2          0          0          0
  bounddisjunction :          0+        59          0        930          0          0          0          0          8          0         85          0          0          0          0
  fixedvar         :          0          0          0          0          0          0          0          8          0          0          0          0          0          0          0
  countsols        :          0          0          0          0          0          0          0          8          0          0          0          0          0          0          0
  components       :          0          0          0          0          0          0          0          0          0          0          0          0          0          0          0
Constraint Timings :  TotalTime  SetupTime   Separate  Propagate     EnfoLP     EnfoPS     EnfoRelax   Check    ResProp    SB-Prop
  integral         :       0.11       0.00       0.00       0.00       0.11       0.00       0.00       0.00       0.00       0.00
  varbound         :       0.12       0.00       0.00       0.12       0.00       0.00       0.00       0.00       0.00       0.00
  setppc           :       0.00       0.00       0.00       0.00       0.00       0.00       0.00       0.00       0.00       0.00
  linear           :       0.56       0.00       0.01       0.55       0.00       0.00       0.00       0.00       0.00       0.00
  logicor          :       0.05       0.00       0.00       0.05       0.00       0.00       0.00       0.00       0.00       0.00
  bounddisjunction :       0.00       0.00       0.00       0.00       0.00       0.00       0.00       0.00       0.00       0.00
  fixedvar         :       0.00       0.00       0.00       0.00       0.00       0.00       0.00       0.00       0.00       0.00
  countsols        :       0.00       0.00       0.00       0.00       0.00       0.00       0.00       0.00       0.00       0.00
  components       :       0.00       0.00       0.00       0.00       0.00       0.00       0.00       0.00       0.00       0.00
Propagators        : #Propagate   #ResProp    Cutoffs    DomReds
  dualfix          :          1          0          0          0
  genvbounds       :          0          0          0          0
  nlobbt           :          0          0          0          0
  obbt             :          0          0          0          0
  probing          :          0          0          0          0
  pseudoobj        :       2355          0          0          5
  redcost          :        843          0          0          3
  rootredcost      :          7          0          0        111
  symmetry         :       3770          0          0         77
  vbounds          :       3225         50          2        811
Propagator Timings :  TotalTime  SetupTime   Presolve  Propagate    ResProp    SB-Prop
  dualfix          :       0.00       0.00       0.00       0.00       0.00       0.00
  genvbounds       :       0.00       0.00       0.00       0.00       0.00       0.00
  nlobbt           :       0.00       0.00       0.00       0.00       0.00       0.00
  obbt             :       0.00       0.00       0.00       0.00       0.00       0.00
  probing          :       0.65       0.00       0.65       0.00       0.00       0.00
  pseudoobj        :       0.00       0.00       0.00       0.00       0.00       0.00
  redcost          :       0.00       0.00       0.00       0.00       0.00       0.00
  rootredcost      :       0.00       0.00       0.00       0.00       0.00       0.00
  symmetry         :       0.09       0.00       0.01       0.08       0.00       0.00
  vbounds          :       0.04       0.00       0.00       0.04       0.00       0.00
Symmetry           :
  #affected vars   :        810 (798 bin, 12 int, 0 cont)
  orbitopal red.   :          0 reductions applied,          0 cutoffs
  orbital reduction:         48 reductions applied,          0 cutoffs
  lexicographic red:         54 reductions applied,          0 cutoffs
  shadow tree time :       0.00 s
Conflict Analysis  :       Time      Calls    Success    DomReds  Conflicts   Literals    Reconvs ReconvLits   Dualrays   Nonzeros   LP Iters   (pool size: [10000,10000])
  propagation      :       0.00         52         51          -        103        5.8          1        3.0          -          -          -
  infeasible LP    :       0.00         10         11          -         19        4.6          0        0.0         10        3.8          0
  bound exceed. LP :       0.00          4          5          -          7        4.4          0        0.0          4        3.5          0
  strong branching :       0.00          0          0          -          0        0.0          0        0.0          -          -          0
  pseudo solution  :       0.00          0          0          -          0        0.0          0        0.0          -          -          -
  applied globally :       0.00          -          -          2        107        5.2          -          -         14          -          -
  applied locally  :          -          -          -          0          0        0.0          -          -          0          -          -
Gen. Resolution CA :       Time      Calls    Success  Conflicts  LargeCoef  LongConfs    Length
  propagation      :       0.00          0          0          0          0          0       0.0
Separators         :   ExecTime  SetupTime      Calls  RootCalls    Cutoffs    DomReds  FoundCuts ViaPoolAdd  DirectAdd    Applied ViaPoolApp  DirectApp      Conss
  cut pool         :       0.04          -        211         23          -          -       3212      11507          -          -          -          -          -    (maximal pool size:       2786)
  aggregation      :       0.03       0.00         52         12          0          0         75        430          4        171        170          1          0
  > cmir           :          -          -          -          -          -          -          -        397          3        160        160          0          -
  > flowcover      :          -          -          -          -          -          -          -          4          1          3          2          1          -
  > knapsackcover  :          -          -          -          -          -          -          -         29          0          8          8          0          -
  cgmip            :       0.00       0.00          0          0          0          0          0          0          0          0          0          0          0
  clique           :       0.00       0.00         12         12          0          0          0          0          0          0          0          0          0
  closecuts        :       0.00       0.00          0          0          0          0          0          0          0          0          0          0          0
  convexproj       :       0.00       0.00          0          0          0          0          0          0          0          0          0          0          0
  disjunctive      :       0.00       0.00          0          0          0          0          0          0          0          0          0          0          0
  eccuts           :       0.00       0.00          0          0          0          0          0          0          0          0          0          0          0
  flower           :       0.00       0.00         52         12          0          0          0          0          0          0          0          0          0
  gauge            :       0.00       0.00          0          0          0          0          0          0          0          0          0          0          0
  gomory           :       0.63       0.00         50         10          0          0       3226      10204        306        717        663         54          0
  > gomorymi       :          -          -          -          -          -          -          -       3186        154        316        278         38          -
  > strongcg       :          -          -          -          -          -          -          -       7018        152        401        385         16          -
  impliedbounds    :       0.00       0.00         52         12          0          0        123        378          0        101        101          0          0
  interminor       :       0.00       0.00          0          0          0          0          0          0          0          0          0          0          0
  intobj           :       0.00       0.00          0          0          0          0          0          0          0          0          0          0          0
  lagromory        :       0.00       0.00          0          0          0          0          0          0          0          0          0          0          0
  mcf              :       0.00       0.00          1          1          0          0          0          0          0          0          0          0          0
  minor            :       0.00       0.00          0          0          0          0          0          0          0          0          0          0          0
  mixing           :       0.00       0.00         52         12          0          0          0          0          0          0          0          0          0
  oddcycle         :       0.00       0.00          0          0          0          0          0          0          0          0          0          0          0
  rapidlearning    :       4.80       0.00         69          1          0       1617          0          0          0          0          0          0         37
  rlt              :       0.00       0.00         10         10          0          0          0          0          0          0          0          0          0
  zerohalf         :       0.04       0.00         52         12          0          0        222        495        124        243        165         78          0
Cutselectors       :   ExecTime  SetupTime      Calls  RootCalls   Selected     Forced   Filtered  RootSelec   RootForc   RootFilt 
  hybrid           :       0.01       0.00        117         12       1236          0      10688        189          0       1647
  ensemble         :       0.00       0.00          0          0          0          0          0          0          0          0
  dynamic          :       0.00       0.00          0          0          0          0          0          0          0          0
Pricers            :   ExecTime  SetupTime      Calls       Vars
  problem variables:       0.00          -          0          0
Branching Rules    :   ExecTime  SetupTime   BranchLP  BranchExt   BranchPS    Cutoffs    DomReds       Cuts      Conss   Children
  allfullstrong    :       0.00       0.00          0          0          0          0          0          0          0          0
  cloud            :       0.00       0.00          0          0          0          0          0          0          0          0
  distribution     :       0.00       0.00          0          0          0          0          0          0          0          0
  fullstrong       :       0.00       0.00          0          0          0          0          0          0          0          0
  gomory           :       0.00       0.00          0          0          0          0          0          0          0          0
  inference        :       0.00       0.00          0          0          0          0          0          0          0          0
  leastinf         :       0.00       0.00          0          0          0          0          0          0          0          0
  lookahead        :       0.00       0.00          0          0          0          0          0          0          0          0
  mostinf          :       0.00       0.00          0          0          0          0          0          0          0          0
  multaggr         :       0.00       0.00          0          0          0          0          0          0          0          0
  nodereopt        :       0.00       0.00          0          0          0          0          0          0          0          0
  pscost           :       0.00       0.00          0          0          0          0          0          0          0          0
  random           :       0.00       0.00          0          0          0          0          0          0          0          0
  relpscost        :       0.11       0.00        358          0          0          0          0          0          0        716
  vanillafullstrong:       0.00       0.00          0          0          0          0          0          0          0          0
Primal Heuristics  :   ExecTime  SetupTime      Calls      Found       Best
  LP solutions     :       0.00          -          -          0          0
  relax solutions  :       0.00          -          -          0          0
  pseudo solutions :       0.00          -          -          0          0
  strong branching :       0.00          -          -          0          0
  actconsdiving    :       0.00       0.00          0          0          0
  adaptivediving   :       0.13       0.00         15          2          2
  alns             :       0.05       0.00          4          0          0
  bound            :       0.00       0.00          0          0          0
  clique           :       0.00       0.00          1          0          0
  coefdiving       :       0.00       0.00          0          0          0
  completesol      :       0.00       0.00          0          0          0
  conflictdiving   :       0.08       0.00          6          0          0
  crossover        :       0.02       0.00          1          0          0
  dins             :       0.00       0.00          0          0          0
  distributiondivin:       0.06       0.00          3          1          1
  dks              :       0.00       0.00          0          0          0
  dps              :       0.00       0.00          0          0          0
  dualval          :       0.00       0.00          0          0          0
  farkasdiving     :       0.00       0.00          0          0          0
  feaspump         :       0.08       0.00          3          0          0
  fixandinfer      :       0.00       0.00          0          0          0
  fracdiving       :       0.09       0.00          7          1          1
  gins             :       0.00       0.00          0          0          0
  guideddiving     :       0.05       0.00         11          0          0
  indicator        :       0.00       0.00          0          0          0
  indicatordiving  :       0.00       0.00          0          0          0
  intdiving        :       0.00       0.00          0          0          0
  intshifting      :       0.00       0.00          0          0          0
  linesearchdiving :       0.05       0.00         10          0          0
  localbranching   :       0.00       0.00          0          0          0
  locks            :       0.03       0.00          1          0          0
  lpface           :       0.00       0.00          0          0          0
  mpec             :       0.00       0.00          0          0          0
  multistart       :       0.00       0.00          0          0          0
  mutation         :       0.00       0.00          0          0          0
  nlpdiving        :       0.00       0.00          0          0          0
  objpscostdiving  :       0.10       0.00          2          0          0
  octane           :       0.00       0.00          0          0          0
  ofins            :       0.00       0.00          0          0          0
  oneopt           :       0.00       0.00          7          0          0
  padm             :       0.00       0.00          0          0          0
  proximity        :       0.00       0.00          0          0          0
  pscostdiving     :       0.13       0.00         10          1          1
  randrounding     :       0.15       0.00        199          0          0
  rens             :       0.02       0.00          1          0          0
  reoptsols        :       0.00       0.00          0          0          0
  repair           :       0.00       0.00          0          0          0
  rins             :       0.09       0.00          5          0          0
  rootsoldiving    :       0.12       0.00          1          0          0
  rounding         :       0.02       0.00        278          0          0
  scheduler        :       0.00       0.00          0          0          0
  shiftandpropagate:       0.03       0.00          1          0          0
  shifting         :       0.19       0.00        173          0          0
  simplerounding   :       0.00       0.00        545          0          0
  subnlp           :       0.00       0.00          0          0          0
  trivial          :       0.00       0.00          2          0          0
  trivialnegation  :       0.00       0.00          0          0          0
  trustregion      :       0.00       0.00          0          0          0
  trysol           :       0.00       0.00          0          0          0
  twoopt           :       0.00       0.00          0          0          0
  undercover       :       0.00       0.00          0          0          0
  vbounds          :       0.00       0.00          0          0          0
  veclendiving     :       0.03       0.00         10          0          0
  zeroobj          :       0.00       0.00          0          0          0
  zirounding       :       0.01       0.00        356          0          0
  other solutions  :          -          -          -          0          -
LNS (Scheduler)    :      Calls  SetupTime  SolveTime SolveNodes       Sols       Best       Exp3    Exp3-IX  EpsGreedy        UCB TgtFixRate  Opt  Inf Node Stal  Sol  Usr Othr Actv
  rens             :          0       0.00       0.00          0          0          0    0.00000    0.12500   -1.00000    1.00000      0.900    0    0    0    0    0    0    0    1
  rins             :          0       0.00       0.00          0          0          0    0.00000    0.12500   -1.00000    1.00000      0.900    0    0    0    0    0    0    0    1
  mutation         :          0       0.00       0.00          0          0          0    0.00000    0.12500   -1.00000    1.00000      0.900    0    0    0    0    0    0    0    1
  localbranching   :          0       0.00       0.00          0          0          0    0.00000    0.12500   -1.00000    1.00000      0.900    0    0    0    0    0    0    0    1
  crossover        :          0       0.00       0.00          0          0          0    0.00000    0.12500   -1.00000    1.00000      0.900    0    0    0    0    0    0    0    1
  proximity        :          0       0.00       0.00          0          0          0    0.00000    0.12500   -1.00000    1.00000      0.900    0    0    0    0    0    0    0    1
  zeroobjective    :          0       0.00       0.00          0          0          0    0.00000    0.12500   -1.00000    1.00000      0.900    0    0    0    0    0    0    0    1
  dins             :          0       0.00       0.00          0          0          0    0.00000    0.12500   -1.00000    1.00000      0.900    0    0    0    0    0    0    0    1
  trustregion      :          0       0.00       0.00          0          0          0    0.00000    0.00000   -1.00000    1.00000      0.900    0    0    0    0    0    0    0    0
LP                 :       Time      Calls Iterations  Iter/call   Iter/sec  Time-0-It Calls-0-It
  primal LP        :       0.02         31          0       0.00       0.00       0.02         31
  dual LP          :       0.76        587      15715      28.68   20795.34       0.03         39
  lex dual LP      :       0.00          0          0       0.00          -
  barrier LP       :       0.00          0          0       0.00          -       0.00          0
  resolve instable :       0.00          0          0       0.00          -
  diving/probing LP:       0.72        242      16819      69.50   23432.17
  strong branching :       0.07         19       1720      90.53   23357.51          -          -          0
    (at root node) :          -         19       1720      90.53          -
  conflict analysis:       0.00          0          0       0.00          -
Relaxators         :       Time      Calls    Cutoffs ImprBounds   ImprTime ReducedDom  Separated AddedConss
  benders          :       0.00          0          0          0       0.00          0          0          0
B&B Tree           :
  number of runs   :          1
  nodes            :        597 (358 internal, 239 leaves)
  feasible leaves  :          0
  infeas. leaves   :        235
  objective leaves :          3
  nodes (total)    :        597 (358 internal, 239 leaves)
  nodes left       :        102
  max depth        :         22
  max depth (total):         22
  backtracks       :        180 (30.2%)
  early backtracks :          0 (0.0%)
  nodes exc. ref.  :          0 (0.0%)
  delayed cutoffs  :         19
  repropagations   :        127 (1423 domain reductions, 9 cutoffs)
  avg switch length:       4.17
  switching time   :       0.11
Root Node          :
  First LP value   : +4.00000000000000e+01
  First LP Iters   :        533 (67094.66 Iter/sec)
  First LP Time    :       0.01
  Final Dual Bound : +4.00000000000000e+01
  Final Root Iters :       2598
  Root LP Estimate : +4.52511013111876e+01
Solution           :
  Solutions found  :          7 (7 improvements)
  First Solution   : +7.00000000000000e+01   (in run 1, after 9 nodes, 4.69 seconds, depth 56, found by <pscostdiving>)
  Gap First Sol.   :      75.00 %
  Gap Last Sol.    :      25.00 %
  Primal Bound     : +5.00000000000000e+01   (in run 1, after 53 nodes, 5.85 seconds, depth 27, found by <adaptivediving>)
  Dual Bound       : +4.00000000000000e+01
  Gap              :      25.00 %
Integrals          :      Total       Avg%
  primal-dual      :     577.84      63.37
  primal-ref       :          -          - (not evaluated)
  dual-ref         :          -          - (not evaluated)
