SCIP version 10.0.0 [precision: 8 byte] [memory: block] [mode: optimized] [LP solver: SoPlex 8.0.0] [GitHash: 0c80fdd8e9]
Copyright (c) 2002-2025 Zuse Institute Berlin (ZIB)

External libraries: 
  Readline 8.3         GNU library for command line editing (gnu.org/s/readline)
  SoPlex 8.0.0         Linear programming solver developed at Zuse Institute Berlin (soplex.zib.de) [GitHash: 2207cfb2]
  CppAD 20180000.0     Algorithmic Differentiation of C++ algorithms developed by B. Bell (github.com/coin-or/CppAD)
  ZLIB 1.2.12          General purpose compression library by J. Gailly and M. Adler (zlib.net)
  MPFR 4.2.2           GNU Multiple Precision Floating-Point Reliable Library (mpfr.org)
  Boost 1.89.0         Boost C++ Libraries (boost.org)
  TinyCThread 1.2      small portable implementation of the C11 threads API (tinycthread.github.io)
  GMP 6.3.0            GNU Multiple Precision Arithmetic Library developed by T. Granlund (gmplib.org)
  AMPL/MP 4.0.3        AMPL .nl file reader library (github.com/ampl/mp)
  PaPILO 3.0.0         parallel presolve for integer and linear optimization (github.com/scipopt/papilo) (built with TBB)
  Nauty 2.8.8          Computing Graph Automorphism Groups by Brendan D. McKay (users.cecs.anu.edu.au/~bdm/nauty)
  sassy 2.0            Symmetry preprocessor by Markus Anders (github.com/markusa4/sassy)
  Ipopt 3.14.19        Interior Point Optimizer developed by A. Waechter et.al. (github.com/coin-or/Ipopt)

reading user parameter file </Users/maxbig/Coursework_multiprocessing/Coursework/SCIP/SCIPOptSuite-9.2.1-Linux/only_time.set>

read problem </Users/maxbig/Coursework_multiprocessing/Coursework/SCIP/SCIPOptSuite-9.2.1-Linux/inputs/new_tr/order/layered_15_buf_times_P3_M2550_down_left_input.lp>
============

original problem has 886 variables (870 bin, 16 int, 0 cont) and 2918 constraints

solve problem
=============

presolving:
(round 1, fast)       52 del vars, 60 del conss, 0 add conss, 16 chg bounds, 0 chg sides, 0 chg coeffs, 0 upgd conss, 0 impls, 15 clqs, 0 implints
   (0.0s) running MILP presolver
   (0.0s) MILP presolver (2 rounds): 0 aggregations, 0 fixings, 0 bound changes
(round 2, exhaustive) 52 del vars, 491 del conss, 0 add conss, 16 chg bounds, 0 chg sides, 0 chg coeffs, 0 upgd conss, 0 impls, 15 clqs, 0 implints
(round 3, exhaustive) 52 del vars, 491 del conss, 0 add conss, 16 chg bounds, 0 chg sides, 0 chg coeffs, 1301 upgd conss, 0 impls, 15 clqs, 0 implints
   (0.7s) probing: 614/818 (75.1%) - 0 fixings, 0 aggregations, 2387 implications, 0 bound changes
   (0.7s) probing aborted: 50/50 successive totally useless probings
   (0.7s) symmetry computation started: requiring (bin +, int +, cont +), (fixed: bin -, int -, cont -)
   (0.7s) symmetry computation finished: 3 generators found (max: 1500, log10 of symmetry group size: 1.08) (symcode time: 0.00)
dynamic symmetry handling statistics:
   orbitopal reduction:       no components
   orbital reduction:         no components
   lexicographic reduction:   no permutations
handled 1 out of 1 symmetry components
(round 4, exhaustive) 55 del vars, 491 del conss, 3 add conss, 16 chg bounds, 0 chg sides, 0 chg coeffs, 1301 upgd conss, 2414 impls, 14 clqs, 0 implints
(round 5, fast)       56 del vars, 590 del conss, 3 add conss, 16 chg bounds, 0 chg sides, 70 chg coeffs, 1301 upgd conss, 2414 impls, 84 clqs, 0 implints
(round 6, medium)     71 del vars, 630 del conss, 3 add conss, 16 chg bounds, 0 chg sides, 83 chg coeffs, 1301 upgd conss, 2414 impls, 68 clqs, 0 implints
(round 7, fast)       72 del vars, 659 del conss, 3 add conss, 16 chg bounds, 0 chg sides, 83 chg coeffs, 1301 upgd conss, 2414 impls, 67 clqs, 0 implints
   (0.7s) probing: 677/818 (82.8%) - 0 fixings, 12 aggregations, 2388 implications, 0 bound changes
   (0.7s) probing aborted: 50/50 successive totally useless probings
(round 8, exhaustive) 84 del vars, 659 del conss, 3 add conss, 16 chg bounds, 0 chg sides, 83 chg coeffs, 1301 upgd conss, 2414 impls, 55 clqs, 0 implints
(round 9, fast)       84 del vars, 672 del conss, 3 add conss, 16 chg bounds, 0 chg sides, 83 chg coeffs, 1301 upgd conss, 2414 impls, 55 clqs, 0 implints
   (0.7s) probing: 682/818 (83.4%) - 0 fixings, 12 aggregations, 2388 implications, 0 bound changes
   (0.7s) probing aborted: 50/50 successive totally useless probings
presolving (10 rounds: 10 fast, 6 medium, 5 exhaustive):
 84 deleted vars, 672 deleted constraints, 3 added constraints, 16 tightened bounds, 0 added holes, 0 changed sides, 83 changed coefficients
 2414 implications, 55 cliques, 0 implied integral variables (0 bin, 0 int, 0 cont)
presolved problem has 803 variables (787 bin, 16 int, 0 cont) and 2249 constraints
     26 constraints of type <varbound>
     13 constraints of type <setppc>
   1126 constraints of type <linear>
      3 constraints of type <orbitope_pp>
   1081 constraints of type <logicor>
transformed objective value is always integral (scale: 1)
Presolving Time: 0.72

 time | node  | left  |LP iter|LP it/n|mem/heur|mdpt |vars |cons |rows |cuts |sepa|confs|strbr|  dualbound   | primalbound  |  gap   | compl. 
  0.9s|     1 |     0 |   429 |     - |    24M |   0 | 803 |2261 |2246 |   0 |  0 |  14 |   0 | 4.000000e+01 |      --      |    Inf | unknown
  4.3s|     1 |     0 |  1190 |     - |    25M |   0 | 803 |2261 |2306 |  60 |  1 |  14 |   0 | 4.000000e+01 |      --      |    Inf | unknown
  4.3s|     1 |     0 |  1320 |     - |    25M |   0 | 803 |2262 |2339 |  93 |  2 |  15 |   0 | 4.000000e+01 |      --      |    Inf | unknown
  4.3s|     1 |     0 |  1418 |     - |    26M |   0 | 803 |2264 |2343 |  97 |  3 |  17 |   0 | 4.000000e+01 |      --      |    Inf | unknown
  4.4s|     1 |     0 |  1473 |     - |    27M |   0 | 803 |2265 |2348 | 102 |  4 |  18 |   0 | 4.000000e+01 |      --      |    Inf | unknown
  4.4s|     1 |     0 |  1563 |     - |    28M |   0 | 803 |2266 |2354 | 108 |  5 |  19 |   0 | 4.000000e+01 |      --      |    Inf | unknown
  4.4s|     1 |     0 |  1615 |     - |    29M |   0 | 803 |2267 |2357 | 111 |  6 |  20 |   0 | 4.000000e+01 |      --      |    Inf | unknown
  4.5s|     1 |     0 |  1663 |     - |    31M |   0 | 803 |2269 |2360 | 114 |  7 |  22 |   0 | 4.000000e+01 |      --      |    Inf | unknown
  4.5s|     1 |     0 |  1677 |     - |    33M |   0 | 803 |2270 |2363 | 117 |  8 |  23 |   0 | 4.000000e+01 |      --      |    Inf | unknown
  4.6s|     1 |     0 |  1731 |     - |    35M |   0 | 803 |2270 |2367 | 121 |  9 |  23 |   0 | 4.000000e+01 |      --      |    Inf | unknown
  4.6s|     1 |     0 |  1787 |     - |    36M |   0 | 803 |2270 |2369 | 123 | 10 |  23 |   0 | 4.000000e+01 |      --      |    Inf | unknown
  4.6s|     1 |     0 |  1848 |     - |    36M |   0 | 803 |2270 |2373 | 127 | 11 |  23 |   0 | 4.000000e+01 |      --      |    Inf | unknown
  4.6s|     1 |     0 |  1892 |     - |    36M |   0 | 803 |2272 |2286 | 132 | 12 |  25 |   0 | 4.000000e+01 |      --      |    Inf | unknown
  4.7s|     1 |     0 |  1941 |     - |    37M |   0 | 803 |2272 |2289 | 135 | 13 |  25 |   0 | 4.000000e+01 |      --      |    Inf | unknown
  4.8s|     1 |     2 |  2450 |     - |    37M |   0 | 803 |2284 |2289 | 135 | 13 |  37 |  14 | 4.000000e+01 |      --      |    Inf | unknown
 time | node  | left  |LP iter|LP it/n|mem/heur|mdpt |vars |cons |rows |cuts |sepa|confs|strbr|  dualbound   | primalbound  |  gap   | compl. 
d 8.1s|     6 |     7 |  3531 | 318.6 |pscostdi|   5 | 803 |2300 |2251 |   0 |  2 |  53 |  14 | 4.000000e+01 | 1.110000e+02 | 177.50%| unknown
* 8.4s|    11 |    10 |  3768 | 183.0 |    LP  |   5 | 803 |2300 |2251 | 135 |  0 |  53 |  14 | 4.000000e+01 | 1.100000e+02 | 175.00%| unknown
d 8.4s|    11 |    12 |  4176 | 223.8 |adaptive|   5 | 803 |2306 |2251 |   0 |  2 |  59 |  14 | 4.000000e+01 | 9.900000e+01 | 147.50%| unknown
d 8.7s|    15 |    16 |  4649 | 193.6 |fracdivi|   5 | 803 |2251 |2251 |   0 |  2 |  59 |  14 | 4.000000e+01 | 7.900000e+01 |  97.50%| unknown
d 9.0s|    21 |    22 |  5297 | 167.9 |distribu|   8 | 803 |2251 |2251 |   0 |  1 |  59 |  14 | 4.000000e+01 | 7.200000e+01 |  80.00%| unknown

SCIP Status        : solving was interrupted [termination signal received]
Solving Time (sec) : 9.11
Solving Nodes      : 24
Primal Bound       : +7.20000000000000e+01 (5 solutions)
Dual Bound         : +4.00000000000000e+01
Gap                : 80.00 %

primal solution (original space):
=================================

objective value:                                   72
m_0_0                                               1 	(obj:0)
m_0_1                                               1 	(obj:0)
m_0_2                                               1 	(obj:0)
m_0_4                                               1 	(obj:0)
m_0_5                                               1 	(obj:0)
m_0_6                                               1 	(obj:0)
m_0_7                                               1 	(obj:0)
m_0_8                                               1 	(obj:0)
m_0_9                                               1 	(obj:0)
m_0_10                                              1 	(obj:0)
m_0_11                                              1 	(obj:0)
m_0_12                                              1 	(obj:0)
m_0_13                                              1 	(obj:0)
m_0_14                                              1 	(obj:0)
m_1_1                                               1 	(obj:0)
m_1_2                                               1 	(obj:0)
m_1_14                                              1 	(obj:0)
m_2_2                                               1 	(obj:0)
m_3_1                                               1 	(obj:0)
m_3_2                                               1 	(obj:0)
m_3_3                                               1 	(obj:0)
m_3_4                                               1 	(obj:0)
m_3_5                                               1 	(obj:0)
m_3_6                                               1 	(obj:0)
m_3_7                                               1 	(obj:0)
m_3_8                                               1 	(obj:0)
m_3_9                                               1 	(obj:0)
m_3_10                                              1 	(obj:0)
m_3_11                                              1 	(obj:0)
m_3_12                                              1 	(obj:0)
m_3_13                                              1 	(obj:0)
m_3_14                                              1 	(obj:0)
m_4_1                                               1 	(obj:0)
m_4_2                                               1 	(obj:0)
m_4_4                                               1 	(obj:0)
m_4_5                                               1 	(obj:0)
m_4_7                                               1 	(obj:0)
m_4_8                                               1 	(obj:0)
m_4_10                                              1 	(obj:0)
m_4_11                                              1 	(obj:0)
m_4_12                                              1 	(obj:0)
m_4_13                                              1 	(obj:0)
m_4_14                                              1 	(obj:0)
m_5_1                                               1 	(obj:0)
m_5_2                                               1 	(obj:0)
m_5_5                                               1 	(obj:0)
m_5_7                                               1 	(obj:0)
m_5_8                                               1 	(obj:0)
m_5_10                                              1 	(obj:0)
m_5_11                                              1 	(obj:0)
m_5_13                                              1 	(obj:0)
m_5_14                                              1 	(obj:0)
m_6_1                                               1 	(obj:0)
m_6_2                                               1 	(obj:0)
m_6_4                                               1 	(obj:0)
m_6_5                                               1 	(obj:0)
m_6_6                                               1 	(obj:0)
m_6_7                                               1 	(obj:0)
m_6_8                                               1 	(obj:0)
m_6_9                                               1 	(obj:0)
m_6_10                                              1 	(obj:0)
m_6_11                                              1 	(obj:0)
m_6_12                                              1 	(obj:0)
m_6_13                                              1 	(obj:0)
m_6_14                                              1 	(obj:0)
m_7_1                                               1 	(obj:0)
m_7_2                                               1 	(obj:0)
m_7_7                                               1 	(obj:0)
m_7_8                                               1 	(obj:0)
m_7_10                                              1 	(obj:0)
m_7_11                                              1 	(obj:0)
m_7_13                                              1 	(obj:0)
m_7_14                                              1 	(obj:0)
m_8_1                                               1 	(obj:0)
m_8_2                                               1 	(obj:0)
m_8_8                                               1 	(obj:0)
m_8_11                                              1 	(obj:0)
m_8_13                                              1 	(obj:0)
m_8_14                                              1 	(obj:0)
m_9_1                                               1 	(obj:0)
m_9_2                                               1 	(obj:0)
m_9_5                                               1 	(obj:0)
m_9_7                                               1 	(obj:0)
m_9_8                                               1 	(obj:0)
m_9_9                                               1 	(obj:0)
m_9_10                                              1 	(obj:0)
m_9_11                                              1 	(obj:0)
m_9_12                                              1 	(obj:0)
m_9_13                                              1 	(obj:0)
m_9_14                                              1 	(obj:0)
m_10_1                                              1 	(obj:0)
m_10_2                                              1 	(obj:0)
m_10_10                                             1 	(obj:0)
m_10_11                                             1 	(obj:0)
m_10_13                                             1 	(obj:0)
m_10_14                                             1 	(obj:0)
m_11_1                                              1 	(obj:0)
m_11_2                                              1 	(obj:0)
m_11_11                                             1 	(obj:0)
m_11_14                                             1 	(obj:0)
m_12_1                                              1 	(obj:0)
m_12_2                                              1 	(obj:0)
m_12_7                                              1 	(obj:0)
m_12_8                                              1 	(obj:0)
m_12_10                                             1 	(obj:0)
m_12_11                                             1 	(obj:0)
m_12_12                                             1 	(obj:0)
m_12_13                                             1 	(obj:0)
m_12_14                                             1 	(obj:0)
m_13_1                                              1 	(obj:0)
m_13_2                                              1 	(obj:0)
m_13_13                                             1 	(obj:0)
m_13_14                                             1 	(obj:0)
m_14_2                                              1 	(obj:0)
m_14_14                                             1 	(obj:0)
p_1_0                                               1 	(obj:0)
p_2_1                                               1 	(obj:0)
p_1_2                                               1 	(obj:0)
p_3_3                                               1 	(obj:0)
p_3_4                                               1 	(obj:0)
p_3_5                                               1 	(obj:0)
p_3_6                                               1 	(obj:0)
p_2_7                                               1 	(obj:0)
p_2_8                                               1 	(obj:0)
p_1_9                                               1 	(obj:0)
p_1_10                                              1 	(obj:0)
p_1_11                                              1 	(obj:0)
p_1_12                                              1 	(obj:0)
p_3_13                                              1 	(obj:0)
p_1_14                                              1 	(obj:0)
t_0_0                                               1 	(obj:0)
t_0_2                                               1 	(obj:0)
t_0_9                                               1 	(obj:0)
t_0_10                                              1 	(obj:0)
t_0_11                                              1 	(obj:0)
t_0_12                                              1 	(obj:0)
t_0_14                                              1 	(obj:0)
z_1_0                                               1 	(obj:0)
t_1_1                                               1 	(obj:0)
z_1_3                                               1 	(obj:0)
z_1_4                                               1 	(obj:0)
z_1_5                                               1 	(obj:0)
z_1_6                                               1 	(obj:0)
z_1_7                                               1 	(obj:0)
t_1_7                                               1 	(obj:0)
z_1_8                                               1 	(obj:0)
t_1_8                                               1 	(obj:0)
z_1_9                                               1 	(obj:0)
z_1_10                                              1 	(obj:0)
z_1_12                                              1 	(obj:0)
z_2_0                                               1 	(obj:0)
t_2_0                                               1 	(obj:0)
z_2_1                                               1 	(obj:0)
t_2_2                                               1 	(obj:0)
z_2_3                                               1 	(obj:0)
z_2_4                                               1 	(obj:0)
z_2_5                                               1 	(obj:0)
z_2_6                                               1 	(obj:0)
z_2_7                                               1 	(obj:0)
z_2_8                                               1 	(obj:0)
z_2_9                                               1 	(obj:0)
t_2_9                                               1 	(obj:0)
z_2_10                                              1 	(obj:0)
t_2_10                                              1 	(obj:0)
z_2_11                                              1 	(obj:0)
t_2_11                                              1 	(obj:0)
z_2_12                                              1 	(obj:0)
t_2_12                                              1 	(obj:0)
z_2_13                                              1 	(obj:0)
z_2_14                                              1 	(obj:0)
t_2_14                                              1 	(obj:0)
t_3_3                                               1 	(obj:0)
t_3_4                                               1 	(obj:0)
t_3_5                                               1 	(obj:0)
t_3_6                                               1 	(obj:0)
t_3_13                                              1 	(obj:0)
z_4_0                                               1 	(obj:0)
z_4_3                                               1 	(obj:0)
t_4_3                                               1 	(obj:0)
t_4_4                                               1 	(obj:0)
t_4_5                                               1 	(obj:0)
z_4_6                                               1 	(obj:0)
t_4_6                                               1 	(obj:0)
t_4_13                                              1 	(obj:0)
z_5_0                                               1 	(obj:0)
z_5_3                                               1 	(obj:0)
t_5_3                                               1 	(obj:0)
z_5_4                                               1 	(obj:0)
t_5_4                                               1 	(obj:0)
t_5_5                                               1 	(obj:0)
z_5_6                                               1 	(obj:0)
t_5_6                                               1 	(obj:0)
z_5_9                                               1 	(obj:0)
t_5_13                                              1 	(obj:0)
z_6_0                                               1 	(obj:0)
z_6_3                                               1 	(obj:0)
t_6_3                                               1 	(obj:0)
t_6_4                                               1 	(obj:0)
t_6_5                                               1 	(obj:0)
t_6_6                                               1 	(obj:0)
t_6_13                                              1 	(obj:0)
z_7_0                                               1 	(obj:0)
t_7_1                                               1 	(obj:0)
z_7_3                                               1 	(obj:0)
z_7_4                                               1 	(obj:0)
z_7_6                                               1 	(obj:0)
t_7_7                                               1 	(obj:0)
t_7_8                                               1 	(obj:0)
z_7_9                                               1 	(obj:0)
z_8_0                                               1 	(obj:0)
t_8_1                                               1 	(obj:0)
z_8_3                                               1 	(obj:0)
z_8_4                                               1 	(obj:0)
z_8_5                                               1 	(obj:0)
z_8_6                                               1 	(obj:0)
z_8_7                                               1 	(obj:0)
t_8_7                                               1 	(obj:0)
t_8_8                                               1 	(obj:0)
z_8_9                                               1 	(obj:0)
z_8_12                                              1 	(obj:0)
z_9_0                                               1 	(obj:0)
t_9_0                                               1 	(obj:0)
t_9_2                                               1 	(obj:0)
z_9_3                                               1 	(obj:0)
z_9_6                                               1 	(obj:0)
t_9_9                                               1 	(obj:0)
t_9_10                                              1 	(obj:0)
t_9_11                                              1 	(obj:0)
t_9_12                                              1 	(obj:0)
t_9_14                                              1 	(obj:0)
z_10_0                                              1 	(obj:0)
t_10_0                                              1 	(obj:0)
t_10_2                                              1 	(obj:0)
z_10_3                                              1 	(obj:0)
z_10_4                                              1 	(obj:0)
z_10_5                                              1 	(obj:0)
z_10_6                                              1 	(obj:0)
z_10_7                                              1 	(obj:0)
z_10_9                                              1 	(obj:0)
t_10_9                                              1 	(obj:0)
t_10_10                                             1 	(obj:0)
t_10_11                                             1 	(obj:0)
z_10_12                                             1 	(obj:0)
t_10_12                                             1 	(obj:0)
t_10_14                                             1 	(obj:0)
z_11_0                                              1 	(obj:0)
t_11_0                                              1 	(obj:0)
t_11_2                                              1 	(obj:0)
z_11_3                                              1 	(obj:0)
z_11_4                                              1 	(obj:0)
z_11_5                                              1 	(obj:0)
z_11_6                                              1 	(obj:0)
z_11_7                                              1 	(obj:0)
z_11_8                                              1 	(obj:0)
z_11_9                                              1 	(obj:0)
t_11_9                                              1 	(obj:0)
z_11_10                                             1 	(obj:0)
t_11_10                                             1 	(obj:0)
t_11_11                                             1 	(obj:0)
z_11_12                                             1 	(obj:0)
t_11_12                                             1 	(obj:0)
t_11_14                                             1 	(obj:0)
z_12_0                                              1 	(obj:0)
t_12_0                                              1 	(obj:0)
t_12_2                                              1 	(obj:0)
z_12_3                                              1 	(obj:0)
z_12_4                                              1 	(obj:0)
z_12_6                                              1 	(obj:0)
z_12_9                                              1 	(obj:0)
t_12_9                                              1 	(obj:0)
t_12_10                                             1 	(obj:0)
t_12_11                                             1 	(obj:0)
t_12_12                                             1 	(obj:0)
t_12_14                                             1 	(obj:0)
z_13_0                                              1 	(obj:0)
z_13_3                                              1 	(obj:0)
t_13_3                                              1 	(obj:0)
z_13_4                                              1 	(obj:0)
t_13_4                                              1 	(obj:0)
z_13_5                                              1 	(obj:0)
t_13_5                                              1 	(obj:0)
z_13_6                                              1 	(obj:0)
t_13_6                                              1 	(obj:0)
z_13_7                                              1 	(obj:0)
z_13_8                                              1 	(obj:0)
z_13_9                                              1 	(obj:0)
z_13_10                                             1 	(obj:0)
z_13_12                                             1 	(obj:0)
t_13_13                                             1 	(obj:0)
z_14_0                                              1 	(obj:0)
t_14_0                                              1 	(obj:0)
t_14_2                                              1 	(obj:0)
z_14_3                                              1 	(obj:0)
z_14_4                                              1 	(obj:0)
z_14_5                                              1 	(obj:0)
z_14_6                                              1 	(obj:0)
z_14_7                                              1 	(obj:0)
z_14_8                                              1 	(obj:0)
z_14_9                                              1 	(obj:0)
t_14_9                                              1 	(obj:0)
z_14_10                                             1 	(obj:0)
t_14_10                                             1 	(obj:0)
z_14_11                                             1 	(obj:0)
t_14_11                                             1 	(obj:0)
z_14_12                                             1 	(obj:0)
t_14_12                                             1 	(obj:0)
z_14_13                                             1 	(obj:0)
t_14_14                                             1 	(obj:0)
y_0_1_0                                             1 	(obj:0)
y_3_1_0                                             1 	(obj:0)
y_0_1_1                                             1 	(obj:0)
y_1_1_1                                             1 	(obj:0)
y_6_1_1                                             1 	(obj:0)
y_7_1_1                                             1 	(obj:0)
y_8_1_1                                             1 	(obj:0)
y_9_1_1                                             1 	(obj:0)
y_10_1_1                                            1 	(obj:0)
y_11_1_1                                            1 	(obj:0)
y_1_1_2                                             1 	(obj:0)
y_9_1_2                                             1 	(obj:0)
y_10_1_2                                            1 	(obj:0)
y_11_1_2                                            1 	(obj:0)
y_0_1_3                                             1 	(obj:0)
y_3_1_3                                             1 	(obj:0)
y_0_1_4                                             1 	(obj:0)
y_3_1_4                                             1 	(obj:0)
y_4_1_4                                             1 	(obj:0)
y_6_1_4                                             1 	(obj:0)
y_9_1_4                                             1 	(obj:0)
y_0_1_5                                             1 	(obj:0)
y_3_1_5                                             1 	(obj:0)
y_4_1_5                                             1 	(obj:0)
y_5_1_5                                             1 	(obj:0)
y_6_1_5                                             1 	(obj:0)
y_7_1_5                                             1 	(obj:0)
y_9_1_5                                             1 	(obj:0)
y_0_1_6                                             1 	(obj:0)
y_3_1_6                                             1 	(obj:0)
y_6_1_6                                             1 	(obj:0)
y_0_1_7                                             1 	(obj:0)
y_3_1_7                                             1 	(obj:0)
y_4_1_7                                             1 	(obj:0)
y_5_1_7                                             1 	(obj:0)
y_6_1_7                                             1 	(obj:0)
y_7_1_7                                             1 	(obj:0)
y_9_1_7                                             1 	(obj:0)
y_0_1_8                                             1 	(obj:0)
y_3_1_8                                             1 	(obj:0)
y_4_1_8                                             1 	(obj:0)
y_5_1_8                                             1 	(obj:0)
y_6_1_8                                             1 	(obj:0)
y_7_1_8                                             1 	(obj:0)
y_8_1_8                                             1 	(obj:0)
y_10_1_8                                            1 	(obj:0)
y_0_1_9                                             1 	(obj:0)
y_4_1_9                                             1 	(obj:0)
y_6_1_9                                             1 	(obj:0)
y_9_1_9                                             1 	(obj:0)
y_0_1_10                                            1 	(obj:0)
y_5_1_10                                            1 	(obj:0)
y_6_1_10                                            1 	(obj:0)
y_7_1_10                                            1 	(obj:0)
y_8_1_10                                            1 	(obj:0)
y_9_1_10                                            1 	(obj:0)
y_10_1_10                                           1 	(obj:0)
y_0_1_11                                            1 	(obj:0)
y_1_1_11                                            1 	(obj:0)
y_6_1_11                                            1 	(obj:0)
y_7_1_11                                            1 	(obj:0)
y_8_1_11                                            1 	(obj:0)
y_9_1_11                                            1 	(obj:0)
y_10_1_11                                           1 	(obj:0)
y_11_1_11                                           1 	(obj:0)
y_0_1_12                                            1 	(obj:0)
y_4_1_12                                            1 	(obj:0)
y_5_1_12                                            1 	(obj:0)
y_7_1_12                                            1 	(obj:0)
y_9_1_12                                            1 	(obj:0)
y_0_1_13                                            1 	(obj:0)
y_1_1_13                                            1 	(obj:0)
y_8_1_13                                            1 	(obj:0)
y_9_1_13                                            1 	(obj:0)
y_10_1_13                                           1 	(obj:0)
y_11_1_13                                           1 	(obj:0)
y_0_1_14                                            1 	(obj:0)
y_1_1_14                                            1 	(obj:0)
y_9_1_14                                            1 	(obj:0)
y_10_1_14                                           1 	(obj:0)
y_11_1_14                                           1 	(obj:0)
s_5                                                30 	(obj:0)
s_6                                                10 	(obj:0)
s_7                                                31 	(obj:0)
s_8                                                41 	(obj:0)
s_9                                                20 	(obj:0)
s_10                                               41 	(obj:0)
s_11                                               51 	(obj:0)
s_12                                               30 	(obj:0)
s_13                                               51 	(obj:0)
s_14                                               61 	(obj:0)
l                                                  72 	(obj:1)
s_1                                                52 	(obj:0)
s_2                                                71 	(obj:0)
s_4                                                20 	(obj:0)

Statistics
==========

SCIP Status        : solving was interrupted [termination signal received]
Total Time         :       9.12
  solving          :       9.11
  presolving       :       0.72 (included in solving)
  reading          :       0.01
  copying          :       0.05 (8 #copies) (minimal 0.00, maximal 0.01, average 0.01)
Original Problem   :
  Problem name     : /Users/maxbig/Coursework_multiprocessing/Coursework/SCIP/SCIPOptSuite-9.2.1-Linux/inputs/new_tr/order/layered_15_buf_times_P3_M2550_down_left_input.lp
  Variables        : 886 (870 binary, 16 integer, 0 continuous)
  Implied int vars : 0 (0 binary, 0 integer, 0 continuous)
  Constraints      : 2918 initial, 2918 maximal
  Objective        : minimize, 1 non-zeros (abs.min = 1, abs.max = 1)
Presolved Problem  :
  Problem name     : t_/Users/maxbig/Coursework_multiprocessing/Coursework/SCIP/SCIPOptSuite-9.2.1-Linux/inputs/new_tr/order/layered_15_buf_times_P3_M2550_down_left_input.lp
  Variables        : 803 (787 binary, 16 integer, 0 continuous)
  Implied int vars : 0 (0 binary, 0 integer, 0 continuous)
  Constraints      : 2249 initial, 2306 maximal
  Objective        : minimize, 1 non-zeros (abs.min = 1, abs.max = 1)
  Nonzeros         : 7324 constraint, 129 clique table
Presolvers         :   ExecTime  SetupTime  Calls  FixedVars   AggrVars   ChgTypes  ChgBounds   AddHoles    DelCons    AddCons   ChgSides   ChgCoefs
  boundshift       :       0.00       0.00      0          0          0          0          0          0          0          0          0          0
  convertinttobin  :       0.00       0.00      0          0          0          0          0          0          0          0          0          0
  domcol           :       0.00       0.00      3          0          0          0          0          0          0          0          0          0
  dualagg          :       0.00       0.00      0          0          0          0          0          0          0          0          0          0
  dualcomp         :       0.00       0.00      0          0          0          0          0          0          0          0          0          0
  dualinfer        :       0.00       0.00      0          0          0          0          0          0          0          0          0          0
  dualsparsify     :       0.01       0.00      1          0          0          0          0          0          0          0          0          0
  gateextraction   :       0.00       0.00      3          0          0          0          0          0          0          0          0          0
  implics          :       0.00       0.00      6          0          0          0          0          0          0          0          0          0
  implint          :       0.00       0.00      0          0          0          0          0          0          0          0          0          0
  inttobinary      :       0.00       0.00     10          0          0          0          0          0          0          0          0          0
  milp             :       0.00       0.00      1          0          0          0          0          0          0          0          0          0
  qpkktref         :       0.00       0.00      0          0          0          0          0          0          0          0          0          0
  redvub           :       0.00       0.00      0          0          0          0          0          0          0          0          0          0
  sparsify         :       0.00       0.00      1          0          0          0          0          0          0          0          0          0
  stuffing         :       0.00       0.00      0          0          0          0          0          0          0          0          0          0
  trivial          :       0.00       0.00     10         38          0          0          0          0          0          0          0          0
  tworowbnd        :       0.00       0.00      0          0          0          0          0          0          0          0          0          0
  dualfix          :       0.00       0.00     10         15          0          0          0          0          0          0          0          0
  genvbounds       :       0.00       0.00      0          0          0          0          0          0          0          0          0          0
  probing          :       0.67       0.00      3          0         12          0          0          0          0          0          0          0
  pseudoobj        :       0.00       0.00      0          0          0          0          0          0          0          0          0          0
  symmetry         :       0.01       0.00      1          2          0          0          0          0          0          3          0          0
  vbounds          :       0.00       0.00      2          0         14          0          0          0          0          0          0          0
  varbound         :       0.00       0.00     11          0          0          0          0          0          0          0          0          0
  setppc           :       0.00       0.00     14          0          1          0          0          0          2          0          0          0
  linear           :       0.02       0.00     15          0          0          0         16          0        491          0          0          0
  orbitope_pp      :       0.00       0.00      3          1          0          0          0          0          0          0          0          0
  logicor          :       0.01       0.00     14          0          0          0          0          0        179          0          0         83
  bounddisjunction :       0.00       0.00      0          0          0          0          0          0          0          0          0          0
  components       :       0.00       0.00      1          0          0          0          0          0          0          0          0          0
  root node        :          -          -      -         76          -          -        160          -          -          -          -          -
Constraints        :     Number  MaxNumber  #Separate #Propagate    #EnfoLP    #EnfoRelax  #EnfoPS    #Check   #ResProp    Cutoffs    DomReds       Cuts    Applied      Conss   Children
  integral         :          0          0          0          0         23          0          0         18          0          0          0          0          0          0         46
  varbound         :         26         26         13       9299          0          0          0         13          0          0         32          0          0          0          0
  setppc           :         13+        18         13       6947          0          0          0         11         28          3         21          0          0          0          0
  linear           :       1126+      1127         13       9296          0          0          0         10         57         46         33          0          0          0          0
  orbitope_pp      :          3          3          0       4043          0          0          0          5          2          0          1          0          0          0          0
  logicor          :       1081+      1119         13       1005          0          0          0          5         56          6         61          2          1          0          0
  bounddisjunction :          0+        23          0        484          0          0          0          0          0          0          0          0          0          0          0
  fixedvar         :          0          0          0          0          0          0          0          6          0          0          0          0          0          0          0
  countsols        :          0          0          0          0          0          0          0          6          0          0          0          0          0          0          0
  components       :          0          0          0          0          0          0          0          0          0          0          0          0          0          0          0
Constraint Timings :  TotalTime  SetupTime   Separate  Propagate     EnfoLP     EnfoPS     EnfoRelax   Check    ResProp    SB-Prop
  integral         :       0.05       0.00       0.00       0.00       0.05       0.00       0.00       0.00       0.00       0.00
  varbound         :       0.11       0.00       0.00       0.11       0.00       0.00       0.00       0.00       0.00       0.00
  setppc           :       0.00       0.00       0.00       0.00       0.00       0.00       0.00       0.00       0.00       0.00
  linear           :       0.55       0.00       0.00       0.54       0.00       0.00       0.00       0.00       0.00       0.00
  orbitope_pp      :       0.00       0.00       0.00       0.00       0.00       0.00       0.00       0.00       0.00       0.00
  logicor          :       0.02       0.00       0.00       0.01       0.00       0.00       0.00       0.00       0.00       0.00
  bounddisjunction :       0.00       0.00       0.00       0.00       0.00       0.00       0.00       0.00       0.00       0.00
  fixedvar         :       0.00       0.00       0.00       0.00       0.00       0.00       0.00       0.00       0.00       0.00
  countsols        :       0.00       0.00       0.00       0.00       0.00       0.00       0.00       0.00       0.00       0.00
  components       :       0.00       0.00       0.00       0.00       0.00       0.00       0.00       0.00       0.00       0.00
Propagators        : #Propagate   #ResProp    Cutoffs    DomReds
  dualfix          :          1          0          0          0
  genvbounds       :          0          0          0          0
  nlobbt           :          0          0          0          0
  obbt             :          0          0          0          0
  probing          :          0          0          0          0
  pseudoobj        :         70          0          0          4
  redcost          :         42          0          0          1
  rootredcost      :          5          0          0         78
  symmetry         :          0          0          0          0
  vbounds          :       2063         48          0         76
Propagator Timings :  TotalTime  SetupTime   Presolve  Propagate    ResProp    SB-Prop
  dualfix          :       0.00       0.00       0.00       0.00       0.00       0.00
  genvbounds       :       0.00       0.00       0.00       0.00       0.00       0.00
  nlobbt           :       0.00       0.00       0.00       0.00       0.00       0.00
  obbt             :       0.00       0.00       0.00       0.00       0.00       0.00
  probing          :       0.67       0.00       0.67       0.00       0.00       0.00
  pseudoobj        :       0.00       0.00       0.00       0.00       0.00       0.00
  redcost          :       0.00       0.00       0.00       0.00       0.00       0.00
  rootredcost      :       0.00       0.00       0.00       0.00       0.00       0.00
  symmetry         :       0.01       0.00       0.01       0.00       0.00       0.00
  vbounds          :       0.06       0.00       0.00       0.06       0.00       0.00
Symmetry           :
  #affected vars   :        675 (667 bin, 8 int, 0 cont)
  orbitopal red.   :          0 reductions applied,          0 cutoffs
  orbital reduction:          0 reductions applied,          0 cutoffs
  lexicographic red:          0 reductions applied,          0 cutoffs
  shadow tree time :       0.00 s
Conflict Analysis  :       Time      Calls    Success    DomReds  Conflicts   Literals    Reconvs ReconvLits   Dualrays   Nonzeros   LP Iters   (pool size: [10000,10000])
  propagation      :       0.00         23         21          -         31        4.8          2        4.0          -          -          -
  infeasible LP    :       0.00         11         12          -         18        3.6          0        0.0         11        3.3          0
  bound exceed. LP :       0.00          0          0          -          0        0.0          0        0.0          0        0.0          0
  strong branching :       0.00          0          0          -          0        0.0          0        0.0          -          -          0
  pseudo solution  :       0.00          0          0          -          0        0.0          0        0.0          -          -          -
  applied globally :       0.00          -          -          1         48        4.1          -          -         11          -          -
  applied locally  :          -          -          -          0          0        0.0          -          -          0          -          -
Gen. Resolution CA :       Time      Calls    Success  Conflicts  LargeCoef  LongConfs    Length
  propagation      :       0.00          0          0          0          0          0       0.0
Separators         :   ExecTime  SetupTime      Calls  RootCalls    Cutoffs    DomReds  FoundCuts ViaPoolAdd  DirectAdd    Applied ViaPoolApp  DirectApp      Conss
  cut pool         :       0.00          -         25         25          -          -       1969       2621          -          -          -          -          -    (maximal pool size:       1969)
  aggregation      :       0.02       0.00         13         13          0          0         38         51          0         29         29          0          0
  > cmir           :          -          -          -          -          -          -          -         51          0         29         29          0          -
  > flowcover      :          -          -          -          -          -          -          -          0          0          0          0          0          -
  > knapsackcover  :          -          -          -          -          -          -          -          0          0          0          0          0          -
  cgmip            :       0.00       0.00          0          0          0          0          0          0          0          0          0          0          0
  clique           :       0.00       0.00         13         13          0          0          0          0          0          0          0          0          0
  closecuts        :       0.00       0.00          0          0          0          0          0          0          0          0          0          0          0
  convexproj       :       0.00       0.00          0          0          0          0          0          0          0          0          0          0          0
  disjunctive      :       0.00       0.00          0          0          0          0          0          0          0          0          0          0          0
  eccuts           :       0.00       0.00          0          0          0          0          0          0          0          0          0          0          0
  flower           :       0.00       0.00         20         13          0          0          0          0          0          0          0          0          0
  gauge            :       0.00       0.00          0          0          0          0          0          0          0          0          0          0          0
  gomory           :       0.17       0.00         10         10          0          0       1841       2458          0         69         69          0          0
  > gomorymi       :          -          -          -          -          -          -          -       1273          0         29         29          0          -
  > strongcg       :          -          -          -          -          -          -          -       1185          0         40         40          0          -
  impliedbounds    :       0.00       0.00         13         13          0          0         57         75          0          8          8          0          0
  interminor       :       0.00       0.00          0          0          0          0          0          0          0          0          0          0          0
  intobj           :       0.00       0.00          0          0          0          0          0          0          0          0          0          0          0
  lagromory        :       0.00       0.00          0          0          0          0          0          0          0          0          0          0          0
  mcf              :       0.00       0.00          1          1          0          0          0          0          0          0          0          0          0
  minor            :       0.00       0.00          0          0          0          0          0          0          0          0          0          0          0
  mixing           :       0.00       0.00         13         13          0          0          0          0          0          0          0          0          0
  oddcycle         :       0.00       0.00          0          0          0          0          0          0          0          0          0          0          0
  rapidlearning    :       7.41       0.00          6          1          0          5          0          0          0          0          0          0         35
  rlt              :       0.00       0.00         10         10          0          0          0          0          0          0          0          0          0
  zerohalf         :       0.01       0.00         13         13          0          0         33         37          0         28         28          0          0
Cutselectors       :   ExecTime  SetupTime      Calls  RootCalls   Selected     Forced   Filtered  RootSelec   RootForc   RootFilt 
  hybrid           :       0.00       0.00         13         13        135          0       2488        135          0       2488
  ensemble         :       0.00       0.00          0          0          0          0          0          0          0          0
  dynamic          :       0.00       0.00          0          0          0          0          0          0          0          0
Pricers            :   ExecTime  SetupTime      Calls       Vars
  problem variables:       0.00          -          0          0
Branching Rules    :   ExecTime  SetupTime   BranchLP  BranchExt   BranchPS    Cutoffs    DomReds       Cuts      Conss   Children
  allfullstrong    :       0.00       0.00          0          0          0          0          0          0          0          0
  cloud            :       0.00       0.00          0          0          0          0          0          0          0          0
  distribution     :       0.00       0.00          0          0          0          0          0          0          0          0
  fullstrong       :       0.00       0.00          0          0          0          0          0          0          0          0
  gomory           :       0.00       0.00          0          0          0          0          0          0          0          0
  inference        :       0.00       0.00          0          0          0          0          0          0          0          0
  leastinf         :       0.00       0.00          0          0          0          0          0          0          0          0
  lookahead        :       0.00       0.00          0          0          0          0          0          0          0          0
  mostinf          :       0.00       0.00          0          0          0          0          0          0          0          0
  multaggr         :       0.00       0.00          0          0          0          0          0          0          0          0
  nodereopt        :       0.00       0.00          0          0          0          0          0          0          0          0
  pscost           :       0.00       0.00          0          0          0          0          0          0          0          0
  random           :       0.00       0.00          0          0          0          0          0          0          0          0
  relpscost        :       0.05       0.00         23          0          0          0          0          0          0         46
  vanillafullstrong:       0.00       0.00          0          0          0          0          0          0          0          0
Primal Heuristics  :   ExecTime  SetupTime      Calls      Found       Best
  LP solutions     :       0.00          -          -          0          0
  relax solutions  :       0.00          -          -          0          0
  pseudo solutions :       0.00          -          -          0          0
  strong branching :       0.00          -          -          0          0
  actconsdiving    :       0.00       0.00          0          0          0
  adaptivediving   :       0.02       0.00          1          1          1
  alns             :       0.01       0.00          1          0          0
  bound            :       0.00       0.00          0          0          0
  clique           :       0.00       0.00          1          0          0
  coefdiving       :       0.00       0.00          0          0          0
  completesol      :       0.00       0.00          0          0          0
  conflictdiving   :       0.03       0.00          1          0          0
  crossover        :       0.00       0.00          0          0          0
  dins             :       0.00       0.00          0          0          0
  distributiondivin:       0.04       0.00          1          1          1
  dks              :       0.00       0.00          0          0          0
  dps              :       0.00       0.00          0          0          0
  dualval          :       0.00       0.00          0          0          0
  farkasdiving     :       0.00       0.00          0          0          0
  feaspump         :       0.02       0.00          1          0          0
  fixandinfer      :       0.00       0.00          0          0          0
  fracdiving       :       0.02       0.00          1          1          1
  gins             :       0.00       0.00          0          0          0
  guideddiving     :       0.00       0.00          0          0          0
  indicator        :       0.00       0.00          0          0          0
  indicatordiving  :       0.00       0.00          0          0          0
  intdiving        :       0.00       0.00          0          0          0
  intshifting      :       0.00       0.00          0          0          0
  linesearchdiving :       0.00       0.00          0          0          0
  localbranching   :       0.00       0.00          0          0          0
  locks            :       0.04       0.00          1          0          0
  lpface           :       0.00       0.00          0          0          0
  mpec             :       0.00       0.00          0          0          0
  multistart       :       0.00       0.00          0          0          0
  mutation         :       0.00       0.00          0          0          0
  nlpdiving        :       0.00       0.00          0          0          0
  objpscostdiving  :       0.00       0.00          0          0          0
  octane           :       0.00       0.00          0          0          0
  ofins            :       0.00       0.00          0          0          0
  oneopt           :       0.00       0.00          4          0          0
  padm             :       0.00       0.00          0          0          0
  proximity        :       0.00       0.00          0          0          0
  pscostdiving     :       0.07       0.00          1          1          1
  randrounding     :       0.19       0.00         14          0          0
  rens             :       0.01       0.00          1          0          0
  reoptsols        :       0.00       0.00          0          0          0
  repair           :       0.00       0.00          0          0          0
  rins             :       0.00       0.00          0          0          0
  rootsoldiving    :       0.00       0.00          0          0          0
  rounding         :       0.00       0.00         38          0          0
  scheduler        :       0.00       0.00          0          0          0
  shiftandpropagate:       0.04       0.00          1          0          0
  shifting         :       0.02       0.00         20          0          0
  simplerounding   :       0.00       0.00         42          0          0
  subnlp           :       0.00       0.00          0          0          0
  trivial          :       0.00       0.00          2          0          0
  trivialnegation  :       0.00       0.00          0          0          0
  trustregion      :       0.00       0.00          0          0          0
  trysol           :       0.00       0.00          0          0          0
  twoopt           :       0.00       0.00          0          0          0
  undercover       :       0.00       0.00          0          0          0
  vbounds          :       0.08       0.00          1          0          0
  veclendiving     :       0.00       0.00          0          0          0
  zeroobj          :       0.00       0.00          0          0          0
  zirounding       :       0.00       0.00         23          0          0
  other solutions  :          -          -          -          0          -
LNS (Scheduler)    :      Calls  SetupTime  SolveTime SolveNodes       Sols       Best       Exp3    Exp3-IX  EpsGreedy        UCB TgtFixRate  Opt  Inf Node Stal  Sol  Usr Othr Actv
  rens             :          0       0.00       0.00          0          0          0    0.00000    0.12500   -1.00000    1.00000      0.900    0    0    0    0    0    0    0    1
  rins             :          0       0.00       0.00          0          0          0    0.00000    0.12500   -1.00000    1.00000      0.900    0    0    0    0    0    0    0    1
  mutation         :          0       0.00       0.00          0          0          0    0.00000    0.12500   -1.00000    1.00000      0.900    0    0    0    0    0    0    0    1
  localbranching   :          0       0.00       0.00          0          0          0    0.00000    0.12500   -1.00000    1.00000      0.900    0    0    0    0    0    0    0    1
  crossover        :          0       0.00       0.00          0          0          0    0.00000    0.12500   -1.00000    1.00000      0.900    0    0    0    0    0    0    0    1
  proximity        :          0       0.00       0.00          0          0          0    0.00000    0.12500   -1.00000    1.00000      0.900    0    0    0    0    0    0    0    1
  zeroobjective    :          0       0.00       0.00          0          0          0    0.00000    0.12500   -1.00000    1.00000      0.900    0    0    0    0    0    0    0    1
  dins             :          0       0.00       0.00          0          0          0    0.00000    0.12500   -1.00000    1.00000      0.900    0    0    0    0    0    0    0    1
  trustregion      :          0       0.00       0.00          0          0          0    0.00000    0.00000   -1.00000    1.00000      0.900    0    0    0    0    0    0    0    0
LP                 :       Time      Calls Iterations  Iter/call   Iter/sec  Time-0-It Calls-0-It
  primal LP        :       0.00          2          0       0.00          -       0.00          2
  dual LP          :       0.09         42       1745      45.92   20287.40       0.00          4
  lex dual LP      :       0.00          0          0       0.00          -
  barrier LP       :       0.00          0          0       0.00          -       0.00          0
  resolve instable :       0.00          0          0       0.00          -
  diving/probing LP:       0.18         69       3689      53.46   20419.46
  strong branching :       0.04         14       1114      79.57   30910.96          -          -          0
    (at root node) :          -         14       1114      79.57          -
  conflict analysis:       0.00          0          0       0.00          -
Relaxators         :       Time      Calls    Cutoffs ImprBounds   ImprTime ReducedDom  Separated AddedConss
  benders          :       0.00          0          0          0       0.00          0          0          0
B&B Tree           :
  number of runs   :          1
  nodes            :         24 (23 internal, 1 leaves)
  feasible leaves  :          0
  infeas. leaves   :          0
  objective leaves :          0
  nodes (total)    :         24 (23 internal, 1 leaves)
  nodes left       :         24
  max depth        :          8
  max depth (total):          8
  backtracks       :          4 (16.7%)
  early backtracks :          0 (0.0%)
  nodes exc. ref.  :          0 (0.0%)
  delayed cutoffs  :          0
  repropagations   :          6 (58 domain reductions, 0 cutoffs)
  avg switch length:       2.58
  switching time   :       0.00
Root Node          :
  First LP value   : +4.00000000000000e+01
  First LP Iters   :        414 (22971.92 Iter/sec)
  First LP Time    :       0.02
  Final Dual Bound : +4.00000000000000e+01
  Final Root Iters :       1938
  Root LP Estimate : +4.00021586609687e+01
Solution           :
  Solutions found  :          5 (5 improvements)
  First Solution   : +1.11000000000000e+02   (in run 1, after 6 nodes, 8.14 seconds, depth 53, found by <pscostdiving>)
  Gap First Sol.   :     177.50 %
  Gap Last Sol.    :      80.00 %
  Primal Bound     : +7.20000000000000e+01   (in run 1, after 21 nodes, 9.00 seconds, depth 23, found by <distributiondiving>)
  Dual Bound       : +4.00000000000000e+01
  Gap              :      80.00 %
Integrals          :      Total       Avg%
  primal-dual      :     868.75      95.38
  primal-ref       :          -          - (not evaluated)
  dual-ref         :          -          - (not evaluated)
