SCIP version 10.0.0 [precision: 8 byte] [memory: block] [mode: optimized] [LP solver: SoPlex 8.0.0] [GitHash: 0c80fdd8e9]
Copyright (c) 2002-2025 Zuse Institute Berlin (ZIB)

External libraries: 
  Readline 8.3         GNU library for command line editing (gnu.org/s/readline)
  SoPlex 8.0.0         Linear programming solver developed at Zuse Institute Berlin (soplex.zib.de) [GitHash: 2207cfb2]
  CppAD 20180000.0     Algorithmic Differentiation of C++ algorithms developed by B. Bell (github.com/coin-or/CppAD)
  ZLIB 1.2.12          General purpose compression library by J. Gailly and M. Adler (zlib.net)
  MPFR 4.2.2           GNU Multiple Precision Floating-Point Reliable Library (mpfr.org)
  Boost 1.89.0         Boost C++ Libraries (boost.org)
  TinyCThread 1.2      small portable implementation of the C11 threads API (tinycthread.github.io)
  GMP 6.3.0            GNU Multiple Precision Arithmetic Library developed by T. Granlund (gmplib.org)
  AMPL/MP 4.0.3        AMPL .nl file reader library (github.com/ampl/mp)
  PaPILO 3.0.0         parallel presolve for integer and linear optimization (github.com/scipopt/papilo) (built with TBB)
  Nauty 2.8.8          Computing Graph Automorphism Groups by Brendan D. McKay (users.cecs.anu.edu.au/~bdm/nauty)
  sassy 2.0            Symmetry preprocessor by Markus Anders (github.com/markusa4/sassy)
  Ipopt 3.14.19        Interior Point Optimizer developed by A. Waechter et.al. (github.com/coin-or/Ipopt)

reading user parameter file </Users/maxbig/SCIP/SCIPOptSuite-9.2.1-Linux/only_time.set>

read problem </Users/maxbig/SCIP/SCIPOptSuite-9.2.1-Linux/inputs/new_tr/order/layered_12_2_buf_times_P2_M8500_up_right_input.lp>
============

original problem has 613 variables (600 bin, 13 int, 0 cont) and 1732 constraints

solve problem
=============

presolving:
(round 1, fast)       68 del vars, 36 del conss, 0 add conss, 19 chg bounds, 0 chg sides, 0 chg coeffs, 0 upgd conss, 0 impls, 1 clqs, 0 implints
(round 2, fast)       68 del vars, 36 del conss, 0 add conss, 24 chg bounds, 0 chg sides, 0 chg coeffs, 0 upgd conss, 0 impls, 1 clqs, 0 implints
   (0.0s) running MILP presolver
   (0.0s) MILP presolver (2 rounds): 0 aggregations, 0 fixings, 0 bound changes
(round 3, exhaustive) 68 del vars, 319 del conss, 0 add conss, 24 chg bounds, 0 chg sides, 0 chg coeffs, 0 upgd conss, 0 impls, 1 clqs, 0 implints
(round 4, exhaustive) 68 del vars, 356 del conss, 0 add conss, 24 chg bounds, 56 chg sides, 0 chg coeffs, 0 upgd conss, 0 impls, 1 clqs, 0 implints
(round 5, fast)       87 del vars, 356 del conss, 0 add conss, 24 chg bounds, 64 chg sides, 8 chg coeffs, 0 upgd conss, 0 impls, 1 clqs, 0 implints
(round 6, exhaustive) 87 del vars, 365 del conss, 0 add conss, 24 chg bounds, 64 chg sides, 8 chg coeffs, 0 upgd conss, 0 impls, 1 clqs, 0 implints
(round 7, exhaustive) 87 del vars, 365 del conss, 0 add conss, 24 chg bounds, 64 chg sides, 8 chg coeffs, 581 upgd conss, 0 impls, 1 clqs, 0 implints
(round 8, medium)     87 del vars, 365 del conss, 1 add conss, 24 chg bounds, 65 chg sides, 11 chg coeffs, 581 upgd conss, 0 impls, 1 clqs, 0 implints
   (0.6s) probing cycle finished: starting next cycle
   (0.6s) symmetry computation started: requiring (bin +, int +, cont +), (fixed: bin -, int -, cont -)
   (0.6s) no symmetry present (symcode time: 0.00)
presolving (9 rounds: 9 fast, 6 medium, 5 exhaustive):
 87 deleted vars, 365 deleted constraints, 1 added constraints, 24 tightened bounds, 0 added holes, 65 changed sides, 11 changed coefficients
 2286 implications, 1 cliques, 0 implied integral variables (0 bin, 0 int, 0 cont)
presolved problem has 526 variables (513 bin, 13 int, 0 cont) and 1368 constraints
     41 constraints of type <varbound>
     11 constraints of type <knapsack>
      1 constraints of type <setppc>
    786 constraints of type <linear>
    529 constraints of type <logicor>
transformed objective value is always integral (scale: 1)
Presolving Time: 0.60

 time | node  | left  |LP iter|LP it/n|mem/heur|mdpt |vars |cons |rows |cuts |sepa|confs|strbr|  dualbound   | primalbound  |  gap   | compl. 
  0.6s|     1 |     0 |   338 |     - |    13M |   0 | 526 |1374 |1368 |   0 |  0 |   6 |   0 | 2.000000e+01 |      --      |    Inf | unknown
  0.7s|     1 |     0 |   969 |     - |    14M |   0 | 526 |1374 |1467 |  99 |  1 |   6 |   0 | 2.000000e+01 |      --      |    Inf | unknown
  0.7s|     1 |     0 |  1168 |     - |    15M |   0 | 526 |1374 |1495 | 127 |  2 |   6 |   0 | 2.254545e+01 |      --      |    Inf | unknown
  0.7s|     1 |     0 |  1205 |     - |    15M |   0 | 526 |1374 |1495 | 127 |  2 |   6 |   0 | 2.300000e+01 |      --      |    Inf | unknown
  0.7s|     1 |     0 |  1407 |     - |    15M |   0 | 526 |1374 |1525 | 157 |  3 |   6 |   0 | 2.387833e+01 |      --      |    Inf | unknown
  0.7s|     1 |     0 |  1444 |     - |    15M |   0 | 526 |1375 |1524 | 157 |  3 |   7 |   0 | 2.400000e+01 |      --      |    Inf | unknown
  0.7s|     1 |     0 |  1548 |     - |    15M |   0 | 526 |1376 |1555 | 188 |  4 |   8 |   0 | 2.447059e+01 |      --      |    Inf | unknown
  0.7s|     1 |     0 |  1592 |     - |    15M |   0 | 526 |1376 |1555 | 188 |  4 |   8 |   0 | 2.500000e+01 |      --      |    Inf | unknown
  0.8s|     1 |     0 |  1638 |     - |    15M |   0 | 526 |1378 |1574 | 207 |  5 |  10 |   0 | 2.576471e+01 |      --      |    Inf | unknown
  0.8s|     1 |     0 |  1648 |     - |    15M |   0 | 526 |1378 |1572 | 207 |  5 |  10 |   0 | 2.600000e+01 |      --      |    Inf | unknown
  0.8s|     1 |     0 |  1712 |     - |    16M |   0 | 526 |1380 |1592 | 227 |  6 |  12 |   0 | 2.601161e+01 |      --      |    Inf | unknown
  0.8s|     1 |     0 |  1828 |     - |    16M |   0 | 526 |1380 |1586 | 227 |  6 |  12 |   0 | 2.700000e+01 |      --      |    Inf | unknown
  0.8s|     1 |     0 |  1935 |     - |    16M |   0 | 526 |1380 |1603 | 249 |  7 |  12 |   0 | 2.700000e+01 |      --      |    Inf | unknown
  0.8s|     1 |     0 |  2116 |     - |    17M |   0 | 526 |1380 |1516 | 277 |  8 |  12 |   0 | 2.733333e+01 |      --      |    Inf | unknown
  0.8s|     1 |     0 |  2161 |     - |    17M |   0 | 526 |1381 |1511 | 277 |  8 |  13 |   0 | 2.800000e+01 |      --      |    Inf | unknown
 time | node  | left  |LP iter|LP it/n|mem/heur|mdpt |vars |cons |rows |cuts |sepa|confs|strbr|  dualbound   | primalbound  |  gap   | compl. 
  0.8s|     1 |     0 |  2229 |     - |    18M |   0 | 526 |1382 |1532 | 298 |  9 |  14 |   0 | 2.800000e+01 |      --      |    Inf | unknown
  0.9s|     1 |     0 |  2307 |     - |    18M |   0 | 526 |1383 |1498 | 315 | 10 |  15 |   0 | 2.800000e+01 |      --      |    Inf | unknown
  0.9s|     1 |     0 |  2334 |     - |    18M |   0 | 526 |1383 |1507 | 324 | 11 |  15 |   0 | 2.816817e+01 |      --      |    Inf | unknown
  0.9s|     1 |     0 |  2368 |     - |    18M |   0 | 526 |1384 |1506 | 324 | 11 |  16 |   0 | 2.900000e+01 |      --      |    Inf | unknown
  0.9s|     1 |     0 |  2387 |     - |    18M |   0 | 526 |1385 |1513 | 331 | 12 |  17 |   0 | 2.900000e+01 |      --      |    Inf | unknown
  0.9s|     1 |     0 |  2418 |     - |    19M |   0 | 526 |1385 |1516 | 334 | 13 |  17 |   0 | 2.900000e+01 |      --      |    Inf | unknown
  0.9s|     1 |     0 |  2440 |     - |    19M |   0 | 526 |1388 |1526 | 344 | 14 |  20 |   0 | 2.900000e+01 |      --      |    Inf | unknown
  0.9s|     1 |     0 |  2520 |     - |    19M |   0 | 526 |1390 |1536 | 354 | 15 |  22 |   0 | 2.900000e+01 |      --      |    Inf | unknown
  0.9s|     1 |     0 |  2575 |     - |    19M |   0 | 526 |1391 |1545 | 363 | 16 |  23 |   0 | 2.915721e+01 |      --      |    Inf | unknown
  0.9s|     1 |     0 |  2613 |     - |    19M |   0 | 526 |1392 |1529 | 363 | 16 |  24 |   0 | 3.000000e+01 |      --      |    Inf | unknown
  0.9s|     1 |     0 |  2631 |     - |    19M |   0 | 526 |1393 |1536 | 370 | 17 |  25 |   0 | 3.000000e+01 |      --      |    Inf | unknown
  0.9s|     1 |     0 |  2723 |     - |    19M |   0 | 526 |1393 |1459 | 378 | 18 |  25 |   0 | 3.000000e+01 |      --      |    Inf | unknown
  0.9s|     1 |     0 |  2746 |     - |    19M |   0 | 526 |1395 |1465 | 384 | 19 |  27 |   0 | 3.000000e+01 |      --      |    Inf | unknown
  0.9s|     1 |     0 |  2761 |     - |    20M |   0 | 526 |1396 |1468 | 387 | 20 |  28 |   0 | 3.000000e+01 |      --      |    Inf | unknown
  0.9s|     1 |     0 |  2776 |     - |    20M |   0 | 526 |1397 |1460 | 389 | 21 |  29 |   0 | 3.000000e+01 |      --      |    Inf | unknown
 time | node  | left  |LP iter|LP it/n|mem/heur|mdpt |vars |cons |rows |cuts |sepa|confs|strbr|  dualbound   | primalbound  |  gap   | compl. 
  1.0s|     1 |     0 |  2793 |     - |    20M |   0 | 526 |1397 |1462 | 391 | 22 |  29 |   0 | 3.000000e+01 |      --      |    Inf | unknown
  1.0s|     1 |     0 |  2799 |     - |    20M |   0 | 526 |1399 |1463 | 392 | 23 |  31 |   0 | 3.000000e+01 |      --      |    Inf | unknown
  1.0s|     1 |     2 |  3048 |     - |    20M |   0 | 526 |1403 |1463 | 392 | 24 |  35 |  19 | 3.000000e+01 |      --      |    Inf | unknown

SCIP Status        : solving was interrupted [termination signal received]
Solving Time (sec) : 2.46
Solving Nodes      : 6
Primal Bound       : +1.00000000000000e+20 (0 solutions)
Dual Bound         : +3.00000000000000e+01
Gap                : infinite

primal solution (original space):
=================================

no solution available

Statistics
==========

SCIP Status        : solving was interrupted [termination signal received]
Total Time         :       2.47
  solving          :       2.46
  presolving       :       0.60 (included in solving)
  reading          :       0.00
  copying          :       0.01 (4 #copies) (minimal 0.00, maximal 0.00, average 0.00)
Original Problem   :
  Problem name     : /Users/maxbig/SCIP/SCIPOptSuite-9.2.1-Linux/inputs/new_tr/order/layered_12_2_buf_times_P2_M8500_up_right_input.lp
  Variables        : 613 (600 binary, 13 integer, 0 continuous)
  Implied int vars : 0 (0 binary, 0 integer, 0 continuous)
  Constraints      : 1732 initial, 1732 maximal
  Objective        : minimize, 1 non-zeros (abs.min = 1, abs.max = 1)
Presolved Problem  :
  Problem name     : t_/Users/maxbig/SCIP/SCIPOptSuite-9.2.1-Linux/inputs/new_tr/order/layered_12_2_buf_times_P2_M8500_up_right_input.lp
  Variables        : 526 (513 binary, 13 integer, 0 continuous)
  Implied int vars : 0 (0 binary, 0 integer, 0 continuous)
  Constraints      : 1368 initial, 1403 maximal
  Objective        : minimize, 1 non-zeros (abs.min = 1, abs.max = 1)
  Nonzeros         : 4554 constraint, 5 clique table
Presolvers         :   ExecTime  SetupTime  Calls  FixedVars   AggrVars   ChgTypes  ChgBounds   AddHoles    DelCons    AddCons   ChgSides   ChgCoefs
  boundshift       :       0.00       0.00      0          0          0          0          0          0          0          0          0          0
  convertinttobin  :       0.00       0.00      0          0          0          0          0          0          0          0          0          0
  domcol           :       0.00       0.00      1          0          0          0          0          0          0          0          0          0
  dualagg          :       0.00       0.00      0          0          0          0          0          0          0          0          0          0
  dualcomp         :       0.00       0.00      0          0          0          0          0          0          0          0          0          0
  dualinfer        :       0.00       0.00      0          0          0          0          0          0          0          0          0          0
  dualsparsify     :       0.00       0.00      1          0          0          0          0          0          0          0          0          0
  gateextraction   :       0.00       0.00      1          0          0          0          0          0          0          0          0          0
  implics          :       0.00       0.00      6          0          0          0          0          0          0          0          0          0
  implint          :       0.00       0.00      0          0          0          0          0          0          0          0          0          0
  inttobinary      :       0.00       0.00      9          0          0          0          0          0          0          0          0          0
  milp             :       0.01       0.00      1          0          0          0          0          0          0          0          0          0
  qpkktref         :       0.00       0.00      0          0          0          0          0          0          0          0          0          0
  redvub           :       0.00       0.00      0          0          0          0          0          0          0          0          0          0
  sparsify         :       0.00       0.00      1          0          0          0          0          0          0          0          0          0
  stuffing         :       0.00       0.00      0          0          0          0          0          0          0          0          0          0
  trivial          :       0.00       0.00      9         44          0          0          0          0          0          0          0          0
  tworowbnd        :       0.00       0.00      0          0          0          0          0          0          0          0          0          0
  dualfix          :       0.00       0.00      9         31          0          0          0          0          0          0          0          0
  genvbounds       :       0.00       0.00      0          0          0          0          0          0          0          0          0          0
  probing          :       0.56       0.00      1          0          0          0          0          0          0          0          0          0
  pseudoobj        :       0.00       0.00      0          0          0          0          0          0          0          0          0          0
  symmetry         :       0.00       0.00      1          0          0          0          0          0          0          0          0          0
  vbounds          :       0.00       0.00      0          0          0          0          0          0          0          0          0          0
  varbound         :       0.00       0.00      4          0          0          0          0          0          0          0          0          0
  knapsack         :       0.00       0.00      5          0          0          0          0          0          0          1          1          3
  setppc           :       0.00       0.00      4          0          0          0          0          0          0          0          0          0
  linear           :       0.02       0.00     14          0         12          0         24          0        365          0         64          8
  logicor          :       0.00       0.00      5          0          0          0          0          0          0          0          0          0
  bounddisjunction :       0.00       0.00      0          0          0          0          0          0          0          0          0          0
  components       :       0.00       0.00      1          0          0          0          0          0          0          0          0          0
  root node        :          -          -      -          3          -          -         11          -          -          -          -          -
Constraints        :     Number  MaxNumber  #Separate #Propagate    #EnfoLP    #EnfoRelax  #EnfoPS    #Check   #ResProp    Cutoffs    DomReds       Cuts    Applied      Conss   Children
  integral         :          0          0          0          0          5          0          0         14          0          0          0          0          0          0         10
  varbound         :         41         41         24       7276          0          0          0         10          0          0          0          0          0          0          0
  knapsack         :         11         11         24       7067          0          0          0          8          0          0          0         80         20          0          0
  setppc           :          1+         3         24       6774          0          0          0          3          0          0          0          0          0          0          0
  linear           :        786        786         24       7276          0          0          0          6          6         16          0          0          0          0          0
  logicor          :        529+       558         24        661          0          0          0          0         55         20         20          9          3          0          0
  bounddisjunction :          0+         4          0        222          0          0          0          0          0          0          0          0          0          0          0
  fixedvar         :          0          0          0          0          0          0          0          0          0          0          0          0          0          0          0
  countsols        :          0          0          0          0          0          0          0          0          0          0          0          0          0          0          0
  components       :          0          0          0          0          0          0          0          0          0          0          0          0          0          0          0
Constraint Timings :  TotalTime  SetupTime   Separate  Propagate     EnfoLP     EnfoPS     EnfoRelax   Check    ResProp    SB-Prop
  integral         :       0.04       0.00       0.00       0.00       0.04       0.00       0.00       0.00       0.00       0.00
  varbound         :       0.12       0.00       0.00       0.12       0.00       0.00       0.00       0.00       0.00       0.00
  knapsack         :       0.00       0.00       0.00       0.00       0.00       0.00       0.00       0.00       0.00       0.00
  setppc           :       0.00       0.00       0.00       0.00       0.00       0.00       0.00       0.00       0.00       0.00
  linear           :       0.35       0.00       0.00       0.35       0.00       0.00       0.00       0.00       0.00       0.00
  logicor          :       0.01       0.00       0.00       0.00       0.00       0.00       0.00       0.00       0.00       0.00
  bounddisjunction :       0.00       0.00       0.00       0.00       0.00       0.00       0.00       0.00       0.00       0.00
  fixedvar         :       0.00       0.00       0.00       0.00       0.00       0.00       0.00       0.00       0.00       0.00
  countsols        :       0.00       0.00       0.00       0.00       0.00       0.00       0.00       0.00       0.00       0.00
  components       :       0.00       0.00       0.00       0.00       0.00       0.00       0.00       0.00       0.00       0.00
Propagators        : #Propagate   #ResProp    Cutoffs    DomReds
  dualfix          :          2          0          0          0
  genvbounds       :          0          0          0          0
  nlobbt           :          0          0          0          0
  obbt             :          0          0          0          0
  probing          :          0          0          0          0
  pseudoobj        :          8          0          0          8
  redcost          :          0          0          0          0
  rootredcost      :          0          0          0          0
  symmetry         :          0          0          0          0
  vbounds          :        804         10          3          0
Propagator Timings :  TotalTime  SetupTime   Presolve  Propagate    ResProp    SB-Prop
  dualfix          :       0.00       0.00       0.00       0.00       0.00       0.00
  genvbounds       :       0.00       0.00       0.00       0.00       0.00       0.00
  nlobbt           :       0.00       0.00       0.00       0.00       0.00       0.00
  obbt             :       0.00       0.00       0.00       0.00       0.00       0.00
  probing          :       0.56       0.00       0.56       0.00       0.00       0.00
  pseudoobj        :       0.00       0.00       0.00       0.00       0.00       0.00
  redcost          :       0.00       0.00       0.00       0.00       0.00       0.00
  rootredcost      :       0.00       0.00       0.00       0.00       0.00       0.00
  symmetry         :       0.00       0.00       0.00       0.00       0.00       0.00
  vbounds          :       0.02       0.00       0.00       0.02       0.00       0.00
Conflict Analysis  :       Time      Calls    Success    DomReds  Conflicts   Literals    Reconvs ReconvLits   Dualrays   Nonzeros   LP Iters   (pool size: [10000,10000])
  propagation      :       0.00         24         24          -         30        4.0          1        4.0          -          -          -
  infeasible LP    :       0.00          2          2          -          2        2.5          0        0.0          2        2.5          0
  bound exceed. LP :       0.00          0          0          -          0        0.0          0        0.0          0        0.0          0
  strong branching :       0.00          0          0          -          0        0.0          0        0.0          -          -          0
  pseudo solution  :       0.00          0          0          -          0        0.0          0        0.0          -          -          -
  applied globally :       0.00          -          -          0         33        3.9          -          -          2          -          -
  applied locally  :          -          -          -          0          0        0.0          -          -          0          -          -
Gen. Resolution CA :       Time      Calls    Success  Conflicts  LargeCoef  LongConfs    Length
  propagation      :       0.00          0          0          0          0          0       0.0
Separators         :   ExecTime  SetupTime      Calls  RootCalls    Cutoffs    DomReds  FoundCuts ViaPoolAdd  DirectAdd    Applied ViaPoolApp  DirectApp      Conss
  cut pool         :       0.00          -         43         43          -          -       2167       2785          -          -          -          -          -    (maximal pool size:       2118)
  aggregation      :       0.01       0.00         24         24          0          0         78        101          0         58         58          0          0
  > cmir           :          -          -          -          -          -          -          -         98          0         57         57          0          -
  > flowcover      :          -          -          -          -          -          -          -          1          0          1          1          0          -
  > knapsackcover  :          -          -          -          -          -          -          -          2          0          0          0          0          -
  cgmip            :       0.00       0.00          0          0          0          0          0          0          0          0          0          0          0
  clique           :       0.00       0.00         24         24          0          0          0          0          0          0          0          0          0
  closecuts        :       0.00       0.00          0          0          0          0          0          0          0          0          0          0          0
  convexproj       :       0.00       0.00          0          0          0          0          0          0          0          0          0          0          0
  disjunctive      :       0.00       0.00          0          0          0          0          0          0          0          0          0          0          0
  eccuts           :       0.00       0.00          0          0          0          0          0          0          0          0          0          0          0
  flower           :       0.00       0.00         26         24          0          0          0          0          0          0          0          0          0
  gauge            :       0.00       0.00          0          0          0          0          0          0          0          0          0          0          0
  gomory           :       0.08       0.00         10         10          0          0       1477       1836         10        196        189          7          0
  > gomorymi       :          -          -          -          -          -          -          -        882          5         91         86          5          -
  > strongcg       :          -          -          -          -          -          -          -        954          5        105        103          2          -
  impliedbounds    :       0.00       0.00         24         24          0          0        467        708          0         75         75          0          0
  interminor       :       0.00       0.00          0          0          0          0          0          0          0          0          0          0          0
  intobj           :       0.00       0.00          0          0          0          0          0          0          0          0          0          0          0
  lagromory        :       0.00       0.00          0          0          0          0          0          0          0          0          0          0          0
  mcf              :       0.00       0.00          1          1          0          0          0          0          0          0          0          0          0
  minor            :       0.00       0.00          0          0          0          0          0          0          0          0          0          0          0
  mixing           :       0.00       0.00         24         24          0          0          0          0          0          0          0          0          0
  oddcycle         :       0.00       0.00          0          0          0          0          0          0          0          0          0          0          0
  rapidlearning    :       1.46       0.00          2          1          0          0          0          0          0          0          0          0          0
  rlt              :       0.00       0.00         10         10          0          0          0          0          0          0          0          0          0
  zerohalf         :       0.01       0.00         20         20          0          0        107        140          0         37         37          0          0
Cutselectors       :   ExecTime  SetupTime      Calls  RootCalls   Selected     Forced   Filtered  RootSelec   RootForc   RootFilt 
  hybrid           :       0.00       0.00         23         23        381         11       2503        381         11       2503
  ensemble         :       0.00       0.00          0          0          0          0          0          0          0          0
  dynamic          :       0.00       0.00          0          0          0          0          0          0          0          0
Pricers            :   ExecTime  SetupTime      Calls       Vars
  problem variables:       0.00          -          0          0
Branching Rules    :   ExecTime  SetupTime   BranchLP  BranchExt   BranchPS    Cutoffs    DomReds       Cuts      Conss   Children
  allfullstrong    :       0.00       0.00          0          0          0          0          0          0          0          0
  cloud            :       0.00       0.00          0          0          0          0          0          0          0          0
  distribution     :       0.00       0.00          0          0          0          0          0          0          0          0
  fullstrong       :       0.00       0.00          0          0          0          0          0          0          0          0
  gomory           :       0.00       0.00          0          0          0          0          0          0          0          0
  inference        :       0.00       0.00          0          0          0          0          0          0          0          0
  leastinf         :       0.00       0.00          0          0          0          0          0          0          0          0
  lookahead        :       0.00       0.00          0          0          0          0          0          0          0          0
  mostinf          :       0.00       0.00          0          0          0          0          0          0          0          0
  multaggr         :       0.00       0.00          0          0          0          0          0          0          0          0
  nodereopt        :       0.00       0.00          0          0          0          0          0          0          0          0
  pscost           :       0.00       0.00          0          0          0          0          0          0          0          0
  random           :       0.00       0.00          0          0          0          0          0          0          0          0
  relpscost        :       0.04       0.00          5          0          0          0          0          0          0         10
  vanillafullstrong:       0.00       0.00          0          0          0          0          0          0          0          0
Primal Heuristics  :   ExecTime  SetupTime      Calls      Found       Best
  LP solutions     :       0.00          -          -          0          0
  relax solutions  :       0.00          -          -          0          0
  pseudo solutions :       0.00          -          -          0          0
  strong branching :       0.00          -          -          0          0
  actconsdiving    :       0.00       0.00          0          0          0
  adaptivediving   :       0.00       0.00          0          0          0
  alns             :       0.00       0.00          1          0          0
  bound            :       0.00       0.00          0          0          0
  clique           :       0.00       0.00          1          0          0
  coefdiving       :       0.00       0.00          0          0          0
  completesol      :       0.00       0.00          0          0          0
  conflictdiving   :       0.01       0.00          1          0          0
  crossover        :       0.00       0.00          0          0          0
  dins             :       0.00       0.00          0          0          0
  distributiondivin:       0.00       0.00          0          0          0
  dks              :       0.00       0.00          0          0          0
  dps              :       0.00       0.00          0          0          0
  dualval          :       0.00       0.00          0          0          0
  farkasdiving     :       0.00       0.00          0          0          0
  feaspump         :       0.01       0.00          1          0          0
  fixandinfer      :       0.00       0.00          0          0          0
  fracdiving       :       0.00       0.00          0          0          0
  gins             :       0.00       0.00          0          0          0
  guideddiving     :       0.00       0.00          0          0          0
  indicator        :       0.00       0.00          0          0          0
  indicatordiving  :       0.00       0.00          0          0          0
  intdiving        :       0.00       0.00          0          0          0
  intshifting      :       0.00       0.00          0          0          0
  linesearchdiving :       0.00       0.00          0          0          0
  localbranching   :       0.00       0.00          0          0          0
  locks            :       0.01       0.00          1          0          0
  lpface           :       0.00       0.00          0          0          0
  mpec             :       0.00       0.00          0          0          0
  multistart       :       0.00       0.00          0          0          0
  mutation         :       0.00       0.00          0          0          0
  nlpdiving        :       0.00       0.00          0          0          0
  objpscostdiving  :       0.00       0.00          0          0          0
  octane           :       0.00       0.00          0          0          0
  ofins            :       0.00       0.00          0          0          0
  oneopt           :       0.00       0.00          0          0          0
  padm             :       0.00       0.00          0          0          0
  proximity        :       0.00       0.00          0          0          0
  pscostdiving     :       0.00       0.00          0          0          0
  randrounding     :       0.14       0.00         32          0          0
  rens             :       0.00       0.00          1          0          0
  reoptsols        :       0.00       0.00          0          0          0
  repair           :       0.00       0.00          0          0          0
  rins             :       0.00       0.00          0          0          0
  rootsoldiving    :       0.00       0.00          0          0          0
  rounding         :       0.00       0.00         30          0          0
  scheduler        :       0.00       0.00          0          0          0
  shiftandpropagate:       0.02       0.00          1          0          0
  shifting         :       0.02       0.00         26          0          0
  simplerounding   :       0.00       0.00         37          0          0
  subnlp           :       0.00       0.00          0          0          0
  trivial          :       0.00       0.00          2          0          0
  trivialnegation  :       0.00       0.00          0          0          0
  trustregion      :       0.00       0.00          0          0          0
  trysol           :       0.00       0.00          0          0          0
  twoopt           :       0.00       0.00          0          0          0
  undercover       :       0.00       0.00          0          0          0
  vbounds          :       0.00       0.00          0          0          0
  veclendiving     :       0.00       0.00          0          0          0
  zeroobj          :       0.00       0.00          0          0          0
  zirounding       :       0.00       0.00          5          0          0
  other solutions  :          -          -          -          0          -
LNS (Scheduler)    :      Calls  SetupTime  SolveTime SolveNodes       Sols       Best       Exp3    Exp3-IX  EpsGreedy        UCB TgtFixRate  Opt  Inf Node Stal  Sol  Usr Othr Actv
  rens             :          0       0.00       0.00          0          0          0    0.00000    0.12500   -1.00000    1.00000      0.900    0    0    0    0    0    0    0    1
  rins             :          0       0.00       0.00          0          0          0    0.00000    0.12500   -1.00000    1.00000      0.900    0    0    0    0    0    0    0    1
  mutation         :          0       0.00       0.00          0          0          0    0.00000    0.12500   -1.00000    1.00000      0.900    0    0    0    0    0    0    0    1
  localbranching   :          0       0.00       0.00          0          0          0    0.00000    0.12500   -1.00000    1.00000      0.900    0    0    0    0    0    0    0    1
  crossover        :          0       0.00       0.00          0          0          0    0.00000    0.12500   -1.00000    1.00000      0.900    0    0    0    0    0    0    0    1
  proximity        :          0       0.00       0.00          0          0          0    0.00000    0.12500   -1.00000    1.00000      0.900    0    0    0    0    0    0    0    1
  zeroobjective    :          0       0.00       0.00          0          0          0    0.00000    0.12500   -1.00000    1.00000      0.900    0    0    0    0    0    0    0    1
  dins             :          0       0.00       0.00          0          0          0    0.00000    0.12500   -1.00000    1.00000      0.900    0    0    0    0    0    0    0    1
  trustregion      :          0       0.00       0.00          0          0          0    0.00000    0.00000   -1.00000    1.00000      0.900    0    0    0    0    0    0    0    0
LP                 :       Time      Calls Iterations  Iter/call   Iter/sec  Time-0-It Calls-0-It
  primal LP        :       0.00          5          0       0.00          -       0.00          5
  dual LP          :       0.03         37       1821      49.22   62360.88       0.00          0
  lex dual LP      :       0.00          0          0       0.00          -
  barrier LP       :       0.00          0          0       0.00          -       0.00          0
  resolve instable :       0.00          0          0       0.00          -
  diving/probing LP:       0.08         40       1336      33.40   16687.07
  strong branching :       0.03         19       1501      79.00   45947.10          -          -          0
    (at root node) :          -         19       1501      79.00          -
  conflict analysis:       0.00          0          0       0.00          -
Relaxators         :       Time      Calls    Cutoffs ImprBounds   ImprTime ReducedDom  Separated AddedConss
  benders          :       0.00          0          0          0       0.00          0          0          0
B&B Tree           :
  number of runs   :          1
  nodes            :          6 (5 internal, 1 leaves)
  feasible leaves  :          0
  infeas. leaves   :          0
  objective leaves :          0
  nodes (total)    :          6 (5 internal, 1 leaves)
  nodes left       :          6
  max depth        :          5
  max depth (total):          5
  backtracks       :          0 (0.0%)
  early backtracks :          0 (0.0%)
  nodes exc. ref.  :          0 (0.0%)
  delayed cutoffs  :          0
  repropagations   :          0 (0 domain reductions, 0 cutoffs)
  avg switch length:       1.00
  switching time   :       0.00
Root Node          :
  First LP value   : +2.00000000000000e+01
  First LP Iters   :        327 (75993.49 Iter/sec)
  First LP Time    :       0.00
  Final Dual Bound : +3.00000000000000e+01
  Final Root Iters :       2788
  Root LP Estimate : +3.00018951388889e+01
Solution           :
  Solutions found  :          0 (0 improvements)
  Primal Bound     :          -
  Dual Bound       : +3.00000000000000e+01
  Gap              :   infinite
Integrals          :      Total       Avg%
  primal-dual      :     246.20     100.00
  primal-ref       :          -          - (not evaluated)
  dual-ref         :          -          - (not evaluated)
