SCIP version 10.0.0 [precision: 8 byte] [memory: block] [mode: optimized] [LP solver: SoPlex 8.0.0] [GitHash: 0c80fdd8e9]
Copyright (c) 2002-2025 Zuse Institute Berlin (ZIB)

External libraries: 
  Readline 8.3         GNU library for command line editing (gnu.org/s/readline)
  SoPlex 8.0.0         Linear programming solver developed at Zuse Institute Berlin (soplex.zib.de) [GitHash: 2207cfb2]
  CppAD 20180000.0     Algorithmic Differentiation of C++ algorithms developed by B. Bell (github.com/coin-or/CppAD)
  ZLIB 1.2.12          General purpose compression library by J. Gailly and M. Adler (zlib.net)
  MPFR 4.2.2           GNU Multiple Precision Floating-Point Reliable Library (mpfr.org)
  Boost 1.89.0         Boost C++ Libraries (boost.org)
  TinyCThread 1.2      small portable implementation of the C11 threads API (tinycthread.github.io)
  GMP 6.3.0            GNU Multiple Precision Arithmetic Library developed by T. Granlund (gmplib.org)
  AMPL/MP 4.0.3        AMPL .nl file reader library (github.com/ampl/mp)
  PaPILO 3.0.0         parallel presolve for integer and linear optimization (github.com/scipopt/papilo) (built with TBB)
  Nauty 2.8.8          Computing Graph Automorphism Groups by Brendan D. McKay (users.cecs.anu.edu.au/~bdm/nauty)
  sassy 2.0            Symmetry preprocessor by Markus Anders (github.com/markusa4/sassy)
  Ipopt 3.14.19        Interior Point Optimizer developed by A. Waechter et.al. (github.com/coin-or/Ipopt)

reading user parameter file </Users/maxbig/SCIP/SCIPOptSuite-9.2.1-Linux/only_time.set>

read problem </Users/maxbig/SCIP/SCIPOptSuite-9.2.1-Linux/inputs/new_tr/order/layered_12_2_buf_times_P3_M9500_up_right_input.lp>
============

original problem has 625 variables (612 bin, 13 int, 0 cont) and 2019 constraints

solve problem
=============

presolving:
(round 1, fast)       57 del vars, 36 del conss, 0 add conss, 20 chg bounds, 0 chg sides, 0 chg coeffs, 0 upgd conss, 0 impls, 12 clqs, 0 implints
(round 2, fast)       57 del vars, 36 del conss, 0 add conss, 28 chg bounds, 0 chg sides, 0 chg coeffs, 0 upgd conss, 0 impls, 12 clqs, 0 implints
   (0.0s) running MILP presolver
   (0.0s) MILP presolver (2 rounds): 0 aggregations, 0 fixings, 1 bound changes
(round 3, exhaustive) 57 del vars, 320 del conss, 0 add conss, 29 chg bounds, 0 chg sides, 0 chg coeffs, 0 upgd conss, 0 impls, 12 clqs, 0 implints
(round 4, exhaustive) 57 del vars, 362 del conss, 0 add conss, 29 chg bounds, 62 chg sides, 0 chg coeffs, 0 upgd conss, 0 impls, 12 clqs, 0 implints
(round 5, fast)       77 del vars, 365 del conss, 0 add conss, 29 chg bounds, 62 chg sides, 0 chg coeffs, 0 upgd conss, 0 impls, 12 clqs, 0 implints
(round 6, exhaustive) 77 del vars, 375 del conss, 0 add conss, 29 chg bounds, 62 chg sides, 0 chg coeffs, 0 upgd conss, 0 impls, 12 clqs, 0 implints
(round 7, exhaustive) 77 del vars, 375 del conss, 0 add conss, 29 chg bounds, 62 chg sides, 0 chg coeffs, 855 upgd conss, 0 impls, 12 clqs, 0 implints
   (0.6s) probing cycle finished: starting next cycle
   (0.6s) probing: 1/535 (0.2%) - 0 fixings, 0 aggregations, 2288 implications, 0 bound changes
   (0.6s) probing aborted: 50/50 successive totally useless probings
   (0.6s) symmetry computation started: requiring (bin +, int +, cont +), (fixed: bin -, int -, cont -)
   (0.6s) symmetry computation finished: 2 generators found (max: 1500, log10 of symmetry group size: 0.78) (symcode time: 0.00)
dynamic symmetry handling statistics:
   orbitopal reduction:       no components
   orbital reduction:         no components
   lexicographic reduction:   no permutations
handled 1 out of 1 symmetry components
(round 8, exhaustive) 81 del vars, 375 del conss, 1 add conss, 29 chg bounds, 62 chg sides, 0 chg coeffs, 855 upgd conss, 2306 impls, 11 clqs, 0 implints
(round 9, fast)       83 del vars, 485 del conss, 1 add conss, 29 chg bounds, 62 chg sides, 66 chg coeffs, 855 upgd conss, 2306 impls, 74 clqs, 0 implints
(round 10, medium)     95 del vars, 485 del conss, 1 add conss, 29 chg bounds, 62 chg sides, 66 chg coeffs, 855 upgd conss, 2306 impls, 50 clqs, 0 implints
(round 11, fast)       95 del vars, 509 del conss, 1 add conss, 29 chg bounds, 62 chg sides, 66 chg coeffs, 855 upgd conss, 2306 impls, 50 clqs, 0 implints
   (0.7s) probing cycle finished: starting next cycle
(round 12, exhaustive) 105 del vars, 509 del conss, 1 add conss, 29 chg bounds, 62 chg sides, 66 chg coeffs, 855 upgd conss, 2306 impls, 42 clqs, 0 implints
(round 13, fast)       105 del vars, 519 del conss, 1 add conss, 29 chg bounds, 62 chg sides, 66 chg coeffs, 855 upgd conss, 2306 impls, 42 clqs, 0 implints
   (0.8s) probing: 436/508 (85.8%) - 0 fixings, 10 aggregations, 2885 implications, 0 bound changes
   (0.8s) probing aborted: 50/50 successive totally useless probings
presolving (14 rounds: 14 fast, 8 medium, 7 exhaustive):
 105 deleted vars, 519 deleted constraints, 1 added constraints, 29 tightened bounds, 0 added holes, 62 changed sides, 66 changed coefficients
 2306 implications, 42 cliques, 0 implied integral variables (0 bin, 0 int, 0 cont)
presolved problem has 521 variables (508 bin, 13 int, 0 cont) and 1501 constraints
     42 constraints of type <varbound>
      9 constraints of type <knapsack>
     10 constraints of type <setppc>
    789 constraints of type <linear>
      1 constraints of type <orbitope_pp>
    650 constraints of type <logicor>
transformed objective value is always integral (scale: 1)
Presolving Time: 0.76

 time | node  | left  |LP iter|LP it/n|mem/heur|mdpt |vars |cons |rows |cuts |sepa|confs|strbr|  dualbound   | primalbound  |  gap   | compl. 
  0.9s|     1 |     0 |   312 |     - |    18M |   0 | 521 |1522 |1500 |   0 |  0 |  21 |   0 | 2.100000e+01 |      --      |    Inf | unknown
  2.2s|     1 |     0 |   851 |     - |    19M |   0 | 521 |1522 |1598 |  98 |  1 |  21 |   0 | 2.100000e+01 |      --      |    Inf | unknown
  2.2s|     1 |     0 |  1052 |     - |    19M |   0 | 521 |1523 |1657 | 157 |  2 |  22 |   0 | 2.100000e+01 |      --      |    Inf | unknown
  2.2s|     1 |     0 |  1194 |     - |    20M |   0 | 521 |1524 |1681 | 181 |  3 |  23 |   0 | 2.240180e+01 |      --      |    Inf | unknown
  2.2s|     1 |     0 |  1251 |     - |    20M |   0 | 521 |1525 |1680 | 181 |  3 |  24 |   0 | 2.300000e+01 |      --      |    Inf | unknown
  2.2s|     1 |     0 |  1298 |     - |    21M |   0 | 521 |1525 |1693 | 194 |  4 |  24 |   0 | 2.300000e+01 |      --      |    Inf | unknown
  2.3s|     1 |     0 |  1398 |     - |    21M |   0 | 521 |1525 |1711 | 212 |  5 |  24 |   0 | 2.371575e+01 |      --      |    Inf | unknown
  2.3s|     1 |     0 |  1448 |     - |    21M |   0 | 521 |1525 |1710 | 212 |  5 |  24 |   0 | 2.400000e+01 |      --      |    Inf | unknown
  2.3s|     1 |     0 |  1507 |     - |    22M |   0 | 521 |1525 |1725 | 227 |  6 |  24 |   0 | 2.431852e+01 |      --      |    Inf | unknown
  2.3s|     1 |     0 |  1530 |     - |    22M |   0 | 521 |1527 |1720 | 227 |  6 |  26 |   0 | 2.500000e+01 |      --      |    Inf | unknown
  2.3s|     1 |     0 |  1567 |     - |    23M |   0 | 521 |1527 |1738 | 245 |  7 |  26 |   0 | 2.500000e+01 |      --      |    Inf | unknown
  2.3s|     1 |     0 |  1626 |     - |    23M |   0 | 521 |1528 |1756 | 263 |  8 |  27 |   0 | 2.547936e+01 |      --      |    Inf | unknown
  2.3s|     1 |     0 |  1657 |     - |    23M |   0 | 521 |1529 |1613 | 263 |  8 |  28 |   0 | 2.600000e+01 |      --      |    Inf | unknown
  2.4s|     1 |     0 |  1713 |     - |    24M |   0 | 521 |1529 |1625 | 275 |  9 |  28 |   0 | 2.600000e+01 |      --      |    Inf | unknown
  2.4s|     1 |     0 |  1783 |     - |    24M |   0 | 521 |1530 |1637 | 287 | 10 |  29 |   0 | 2.600000e+01 |      --      |    Inf | unknown
 time | node  | left  |LP iter|LP it/n|mem/heur|mdpt |vars |cons |rows |cuts |sepa|confs|strbr|  dualbound   | primalbound  |  gap   | compl. 
  2.4s|     1 |     0 |  1885 |     - |    24M |   0 | 521 |1530 |1618 | 304 | 11 |  29 |   0 | 2.600000e+01 |      --      |    Inf | unknown
  2.4s|     1 |     0 |  2002 |     - |    25M |   0 | 521 |1531 |1635 | 321 | 12 |  30 |   0 | 2.648794e+01 |      --      |    Inf | unknown
  2.4s|     1 |     0 |  2041 |     - |    25M |   0 | 521 |1532 |1625 | 321 | 12 |  31 |   0 | 2.700000e+01 |      --      |    Inf | unknown
  2.4s|     1 |     0 |  2111 |     - |    25M |   0 | 521 |1532 |1613 | 335 | 13 |  31 |   0 | 2.705071e+01 |      --      |    Inf | unknown
  2.4s|     1 |     0 |  2145 |     - |    25M |   0 | 521 |1532 |1609 | 335 | 13 |  31 |   0 | 2.800000e+01 |      --      |    Inf | unknown
  2.4s|     1 |     0 |  2216 |     - |    25M |   0 | 521 |1532 |1617 | 343 | 14 |  31 |   0 | 2.800000e+01 |      --      |    Inf | unknown
  2.4s|     1 |     0 |  2242 |     - |    25M |   0 | 521 |1532 |1620 | 346 | 15 |  31 |   0 | 2.800000e+01 |      --      |    Inf | unknown
  2.5s|     1 |     0 |  2248 |     - |    25M |   0 | 521 |1532 |1622 | 348 | 16 |  31 |   0 | 2.800000e+01 |      --      |    Inf | unknown
  2.5s|     1 |     0 |  2274 |     - |    26M |   0 | 521 |1534 |1625 | 351 | 17 |  33 |   0 | 2.800000e+01 |      --      |    Inf | unknown
  2.5s|     1 |     0 |  2303 |     - |    26M |   0 | 521 |1534 |1632 | 358 | 18 |  33 |   0 | 2.800000e+01 |      --      |    Inf | unknown
  2.5s|     1 |     0 |  2342 |     - |    26M |   0 | 521 |1535 |1636 | 362 | 19 |  34 |   0 | 2.800000e+01 |      --      |    Inf | unknown
  2.5s|     1 |     0 |  2380 |     - |    26M |   0 | 521 |1537 |1639 | 365 | 20 |  36 |   0 | 2.800000e+01 |      --      |    Inf | unknown
  2.6s|     1 |     2 |  2807 |     - |    26M |   0 | 521 |1552 |1639 | 365 | 21 |  51 |  25 | 2.800000e+01 |      --      |    Inf | unknown

SCIP Status        : solving was interrupted [termination signal received]
Solving Time (sec) : 3.69
Solving Nodes      : 6
Primal Bound       : +1.00000000000000e+20 (0 solutions)
Dual Bound         : +2.80000000000000e+01
Gap                : infinite

primal solution (original space):
=================================

no solution available

Statistics
==========

SCIP Status        : solving was interrupted [termination signal received]
Total Time         :       3.69
  solving          :       3.69
  presolving       :       0.76 (included in solving)
  reading          :       0.00
  copying          :       0.01 (4 #copies) (minimal 0.00, maximal 0.01, average 0.00)
Original Problem   :
  Problem name     : /Users/maxbig/SCIP/SCIPOptSuite-9.2.1-Linux/inputs/new_tr/order/layered_12_2_buf_times_P3_M9500_up_right_input.lp
  Variables        : 625 (612 binary, 13 integer, 0 continuous)
  Implied int vars : 0 (0 binary, 0 integer, 0 continuous)
  Constraints      : 2019 initial, 2019 maximal
  Objective        : minimize, 1 non-zeros (abs.min = 1, abs.max = 1)
Presolved Problem  :
  Problem name     : t_/Users/maxbig/SCIP/SCIPOptSuite-9.2.1-Linux/inputs/new_tr/order/layered_12_2_buf_times_P3_M9500_up_right_input.lp
  Variables        : 521 (508 binary, 13 integer, 0 continuous)
  Implied int vars : 0 (0 binary, 0 integer, 0 continuous)
  Constraints      : 1501 initial, 1552 maximal
  Objective        : minimize, 1 non-zeros (abs.min = 1, abs.max = 1)
  Nonzeros         : 4923 constraint, 98 clique table
Presolvers         :   ExecTime  SetupTime  Calls  FixedVars   AggrVars   ChgTypes  ChgBounds   AddHoles    DelCons    AddCons   ChgSides   ChgCoefs
  boundshift       :       0.00       0.00      0          0          0          0          0          0          0          0          0          0
  convertinttobin  :       0.00       0.00      0          0          0          0          0          0          0          0          0          0
  domcol           :       0.00       0.00      3          0          0          0          0          0          0          0          0          0
  dualagg          :       0.00       0.00      0          0          0          0          0          0          0          0          0          0
  dualcomp         :       0.00       0.00      0          0          0          0          0          0          0          0          0          0
  dualinfer        :       0.00       0.00      0          0          0          0          0          0          0          0          0          0
  dualsparsify     :       0.01       0.00      1          0          0          0          0          0          0          0          0          0
  gateextraction   :       0.00       0.00      3          0          0          0          0          0          0          0          0          0
  implics          :       0.00       0.00      8          0          0          0          0          0          0          0          0          0
  implint          :       0.00       0.00      0          0          0          0          0          0          0          0          0          0
  inttobinary      :       0.00       0.00     14          0          0          0          0          0          0          0          0          0
  milp             :       0.01       0.00      1          0          0          0          1          0          0          0          0          0
  qpkktref         :       0.00       0.00      0          0          0          0          0          0          0          0          0          0
  redvub           :       0.00       0.00      0          0          0          0          0          0          0          0          0          0
  sparsify         :       0.00       0.00      1          0          0          0          0          0          0          0          0          0
  stuffing         :       0.00       0.00      0          0          0          0          0          0          0          0          0          0
  trivial          :       0.00       0.00     14         46          0          0          0          0          0          0          0          0
  tworowbnd        :       0.00       0.00      0          0          0          0          0          0          0          0          0          0
  dualfix          :       0.00       0.00     14         32          0          0          0          0          0          0          0          0
  genvbounds       :       0.00       0.00      0          0          0          0          0          0          0          0          0          0
  probing          :       0.70       0.00      3          0         10          0          0          0          0          0          0          0
  pseudoobj        :       0.00       0.00      0          0          0          0          0          0          0          0          0          0
  symmetry         :       0.01       0.00      1          3          0          0          0          0          0          1          0          0
  vbounds          :       0.00       0.00      2          0         12          0          0          0          0          0          0          0
  varbound         :       0.00       0.00     11          0          0          0          0          0          0          0          0          0
  knapsack         :       0.00       0.00     14          0          0          0          0          0          0          0          0          0
  setppc           :       0.00       0.00     14          0          1          0          0          0          2          0          0          0
  linear           :       0.03       0.00     21          0          0          0         28          0        375          0         62          0
  orbitope_pp      :       0.00       0.00      3          0          0          0          0          0          0          0          0          0
  logicor          :       0.01       0.00     14          0          0          0          0          0        142          0          0         66
  bounddisjunction :       0.00       0.00      0          0          0          0          0          0          0          0          0          0
  components       :       0.00       0.00      1          0          0          0          0          0          0          0          0          0
  root node        :          -          -      -          0          -          -          6          -          -          -          -          -
Constraints        :     Number  MaxNumber  #Separate #Propagate    #EnfoLP    #EnfoRelax  #EnfoPS    #Check   #ResProp    Cutoffs    DomReds       Cuts    Applied      Conss   Children
  integral         :          0          0          0          0          5          0          0         14          0          0          0          0          0          0         10
  varbound         :         42         42         21      10701          0          0          0         10          7          0          0          0          0          0          0
  knapsack         :          9          9         21      10467          0          0          0          8          2          1          0        103         11          0          0
  setppc           :         10+        14         21       8939          0          0          0          4         24          6          6          0          0          0          0
  linear           :        789        789         21      10694          0          0          0          4         40         44          0          0          0          0          0
  orbitope_pp      :          1          1          0       5295          0          0          0          0          0          0          0          0          0          0          0
  logicor          :        650+       679         21       1344          0          0          0          0         47          5         13          1          0          0          0
  bounddisjunction :          0+        18          0        627          0          0          0          0          7          0          0          0          0          0          0
  fixedvar         :          0          0          0          0          0          0          0          0          0          0          0          0          0          0          0
  countsols        :          0          0          0          0          0          0          0          0          0          0          0          0          0          0          0
  components       :          0          0          0          0          0          0          0          0          0          0          0          0          0          0          0
Constraint Timings :  TotalTime  SetupTime   Separate  Propagate     EnfoLP     EnfoPS     EnfoRelax   Check    ResProp    SB-Prop
  integral         :       0.04       0.00       0.00       0.00       0.04       0.00       0.00       0.00       0.00       0.00
  varbound         :       0.14       0.00       0.00       0.14       0.00       0.00       0.00       0.00       0.00       0.00
  knapsack         :       0.00       0.00       0.00       0.00       0.00       0.00       0.00       0.00       0.00       0.00
  setppc           :       0.00       0.00       0.00       0.00       0.00       0.00       0.00       0.00       0.00       0.00
  linear           :       0.47       0.00       0.00       0.47       0.00       0.00       0.00       0.00       0.00       0.00
  orbitope_pp      :       0.00       0.00       0.00       0.00       0.00       0.00       0.00       0.00       0.00       0.00
  logicor          :       0.01       0.00       0.00       0.01       0.00       0.00       0.00       0.00       0.00       0.00
  bounddisjunction :       0.00       0.00       0.00       0.00       0.00       0.00       0.00       0.00       0.00       0.00
  fixedvar         :       0.00       0.00       0.00       0.00       0.00       0.00       0.00       0.00       0.00       0.00
  countsols        :       0.00       0.00       0.00       0.00       0.00       0.00       0.00       0.00       0.00       0.00
  components       :       0.00       0.00       0.00       0.00       0.00       0.00       0.00       0.00       0.00       0.00
Propagators        : #Propagate   #ResProp    Cutoffs    DomReds
  dualfix          :          2          0          0          0
  genvbounds       :          0          0          0          0
  nlobbt           :          0          0          0          0
  obbt             :          0          0          0          0
  probing          :          0          0          0          0
  pseudoobj        :          6          0          0          6
  redcost          :          0          0          0          0
  rootredcost      :          0          0          0          0
  symmetry         :          0          0          0          0
  vbounds          :       1810         38          8          0
Propagator Timings :  TotalTime  SetupTime   Presolve  Propagate    ResProp    SB-Prop
  dualfix          :       0.00       0.00       0.00       0.00       0.00       0.00
  genvbounds       :       0.00       0.00       0.00       0.00       0.00       0.00
  nlobbt           :       0.00       0.00       0.00       0.00       0.00       0.00
  obbt             :       0.00       0.00       0.00       0.00       0.00       0.00
  probing          :       0.70       0.00       0.70       0.00       0.00       0.00
  pseudoobj        :       0.00       0.00       0.00       0.00       0.00       0.00
  redcost          :       0.00       0.00       0.00       0.00       0.00       0.00
  rootredcost      :       0.00       0.00       0.00       0.00       0.00       0.00
  symmetry         :       0.01       0.00       0.01       0.00       0.00       0.00
  vbounds          :       0.04       0.00       0.00       0.04       0.00       0.00
Symmetry           :
  #affected vars   :         36 (36 bin, 0 int, 0 cont)
  orbitopal red.   :          0 reductions applied,          0 cutoffs
  orbital reduction:          0 reductions applied,          0 cutoffs
  lexicographic red:          0 reductions applied,          0 cutoffs
  shadow tree time :       0.00 s
Conflict Analysis  :       Time      Calls    Success    DomReds  Conflicts   Literals    Reconvs ReconvLits   Dualrays   Nonzeros   LP Iters   (pool size: [10000,10000])
  propagation      :       0.00         31         28          -         31        3.6          0        0.0          -          -          -
  infeasible LP    :       0.00          8          8          -         11        4.0          1        3.0          8        3.6          0
  bound exceed. LP :       0.00          0          0          -          0        0.0          0        0.0          0        0.0          0
  strong branching :       0.00          0          0          -          0        0.0          0        0.0          -          -          0
  pseudo solution  :       0.00          0          0          -          0        0.0          0        0.0          -          -          -
  applied globally :       0.00          -          -          0         43        3.7          -          -          8          -          -
  applied locally  :          -          -          -          0          0        0.0          -          -          0          -          -
Gen. Resolution CA :       Time      Calls    Success  Conflicts  LargeCoef  LongConfs    Length
  propagation      :       0.00          0          0          0          0          0       0.0
Separators         :   ExecTime  SetupTime      Calls  RootCalls    Cutoffs    DomReds  FoundCuts ViaPoolAdd  DirectAdd    Applied ViaPoolApp  DirectApp      Conss
  cut pool         :       0.00          -         40         40          -          -       2540       3528          -          -          -          -          -    (maximal pool size:       2516)
  aggregation      :       0.02       0.00         21         21          0          0        131        201          0         68         68          0          0
  > cmir           :          -          -          -          -          -          -          -        174          0         58         58          0          -
  > flowcover      :          -          -          -          -          -          -          -         18          0          7          7          0          -
  > knapsackcover  :          -          -          -          -          -          -          -          9          0          3          3          0          -
  cgmip            :       0.00       0.00          0          0          0          0          0          0          0          0          0          0          0
  clique           :       0.00       0.00         21         21          0          0          0          0          0          0          0          0          0
  closecuts        :       0.00       0.00          0          0          0          0          0          0          0          0          0          0          0
  convexproj       :       0.00       0.00          0          0          0          0          0          0          0          0          0          0          0
  disjunctive      :       0.00       0.00          0          0          0          0          0          0          0          0          0          0          0
  eccuts           :       0.00       0.00          0          0          0          0          0          0          0          0          0          0          0
  flower           :       0.00       0.00         23         21          0          0          0          0          0          0          0          0          0
  gauge            :       0.00       0.00          0          0          0          0          0          0          0          0          0          0          0
  gomory           :       0.09       0.00         10         10          0          0       1888       2552          0        168        168          0          0
  > gomorymi       :          -          -          -          -          -          -          -       1139          0         63         63          0          -
  > strongcg       :          -          -          -          -          -          -          -       1413          0        105        105          0          -
  impliedbounds    :       0.00       0.00         21         21          0          0        405        656          0         82         82          0          0
  interminor       :       0.00       0.00          0          0          0          0          0          0          0          0          0          0          0
  intobj           :       0.00       0.00          0          0          0          0          0          0          0          0          0          0          0
  lagromory        :       0.00       0.00          0          0          0          0          0          0          0          0          0          0          0
  mcf              :       0.00       0.00          1          1          0          0          0          0          0          0          0          0          0
  minor            :       0.00       0.00          0          0          0          0          0          0          0          0          0          0          0
  mixing           :       0.00       0.00         21         21          0          0          0          0          0          0          0          0          0
  oddcycle         :       0.00       0.00          0          0          0          0          0          0          0          0          0          0          0
  rapidlearning    :       2.39       0.00          2          1          0          1          0          0          0          0          0          0          0
  rlt              :       0.00       0.00         10         10          0          0          0          0          0          0          0          0          0
  zerohalf         :       0.01       0.00         20         20          0          0         92        119          0         36         36          0          0
Cutselectors       :   ExecTime  SetupTime      Calls  RootCalls   Selected     Forced   Filtered  RootSelec   RootForc   RootFilt 
  hybrid           :       0.00       0.00         20         20        365          0       3267        365          0       3267
  ensemble         :       0.00       0.00          0          0          0          0          0          0          0          0
  dynamic          :       0.00       0.00          0          0          0          0          0          0          0          0
Pricers            :   ExecTime  SetupTime      Calls       Vars
  problem variables:       0.00          -          0          0
Branching Rules    :   ExecTime  SetupTime   BranchLP  BranchExt   BranchPS    Cutoffs    DomReds       Cuts      Conss   Children
  allfullstrong    :       0.00       0.00          0          0          0          0          0          0          0          0
  cloud            :       0.00       0.00          0          0          0          0          0          0          0          0
  distribution     :       0.00       0.00          0          0          0          0          0          0          0          0
  fullstrong       :       0.00       0.00          0          0          0          0          0          0          0          0
  gomory           :       0.00       0.00          0          0          0          0          0          0          0          0
  inference        :       0.00       0.00          0          0          0          0          0          0          0          0
  leastinf         :       0.00       0.00          0          0          0          0          0          0          0          0
  lookahead        :       0.00       0.00          0          0          0          0          0          0          0          0
  mostinf          :       0.00       0.00          0          0          0          0          0          0          0          0
  multaggr         :       0.00       0.00          0          0          0          0          0          0          0          0
  nodereopt        :       0.00       0.00          0          0          0          0          0          0          0          0
  pscost           :       0.00       0.00          0          0          0          0          0          0          0          0
  random           :       0.00       0.00          0          0          0          0          0          0          0          0
  relpscost        :       0.04       0.00          5          0          0          0          0          0          0         10
  vanillafullstrong:       0.00       0.00          0          0          0          0          0          0          0          0
Primal Heuristics  :   ExecTime  SetupTime      Calls      Found       Best
  LP solutions     :       0.00          -          -          0          0
  relax solutions  :       0.00          -          -          0          0
  pseudo solutions :       0.00          -          -          0          0
  strong branching :       0.00          -          -          0          0
  actconsdiving    :       0.00       0.00          0          0          0
  adaptivediving   :       0.00       0.00          0          0          0
  alns             :       0.00       0.00          1          0          0
  bound            :       0.00       0.00          0          0          0
  clique           :       0.00       0.00          1          0          0
  coefdiving       :       0.00       0.00          0          0          0
  completesol      :       0.00       0.00          0          0          0
  conflictdiving   :       0.04       0.00          1          0          0
  crossover        :       0.00       0.00          0          0          0
  dins             :       0.00       0.00          0          0          0
  distributiondivin:       0.00       0.00          0          0          0
  dks              :       0.00       0.00          0          0          0
  dps              :       0.00       0.00          0          0          0
  dualval          :       0.00       0.00          0          0          0
  farkasdiving     :       0.00       0.00          0          0          0
  feaspump         :       0.00       0.00          1          0          0
  fixandinfer      :       0.00       0.00          0          0          0
  fracdiving       :       0.00       0.00          0          0          0
  gins             :       0.00       0.00          0          0          0
  guideddiving     :       0.00       0.00          0          0          0
  indicator        :       0.00       0.00          0          0          0
  indicatordiving  :       0.00       0.00          0          0          0
  intdiving        :       0.00       0.00          0          0          0
  intshifting      :       0.00       0.00          0          0          0
  linesearchdiving :       0.00       0.00          0          0          0
  localbranching   :       0.00       0.00          0          0          0
  locks            :       0.02       0.00          1          0          0
  lpface           :       0.00       0.00          0          0          0
  mpec             :       0.00       0.00          0          0          0
  multistart       :       0.00       0.00          0          0          0
  mutation         :       0.00       0.00          0          0          0
  nlpdiving        :       0.00       0.00          0          0          0
  objpscostdiving  :       0.00       0.00          0          0          0
  octane           :       0.00       0.00          0          0          0
  ofins            :       0.00       0.00          0          0          0
  oneopt           :       0.00       0.00          0          0          0
  padm             :       0.00       0.00          0          0          0
  proximity        :       0.00       0.00          0          0          0
  pscostdiving     :       0.00       0.00          0          0          0
  randrounding     :       0.13       0.00         27          0          0
  rens             :       0.01       0.00          1          0          0
  reoptsols        :       0.00       0.00          0          0          0
  repair           :       0.00       0.00          0          0          0
  rins             :       0.00       0.00          0          0          0
  rootsoldiving    :       0.00       0.00          0          0          0
  rounding         :       0.00       0.00         27          0          0
  scheduler        :       0.00       0.00          0          0          0
  shiftandpropagate:       0.02       0.00          1          0          0
  shifting         :       0.02       0.00         23          0          0
  simplerounding   :       0.00       0.00         32          0          0
  subnlp           :       0.00       0.00          0          0          0
  trivial          :       0.00       0.00          2          0          0
  trivialnegation  :       0.00       0.00          0          0          0
  trustregion      :       0.00       0.00          0          0          0
  trysol           :       0.00       0.00          0          0          0
  twoopt           :       0.00       0.00          0          0          0
  undercover       :       0.00       0.00          0          0          0
  vbounds          :       0.08       0.00          1          0          0
  veclendiving     :       0.00       0.00          0          0          0
  zeroobj          :       0.00       0.00          0          0          0
  zirounding       :       0.00       0.00          5          0          0
  other solutions  :          -          -          -          0          -
LNS (Scheduler)    :      Calls  SetupTime  SolveTime SolveNodes       Sols       Best       Exp3    Exp3-IX  EpsGreedy        UCB TgtFixRate  Opt  Inf Node Stal  Sol  Usr Othr Actv
  rens             :          0       0.00       0.00          0          0          0    0.00000    0.12500   -1.00000    1.00000      0.900    0    0    0    0    0    0    0    1
  rins             :          0       0.00       0.00          0          0          0    0.00000    0.12500   -1.00000    1.00000      0.900    0    0    0    0    0    0    0    1
  mutation         :          0       0.00       0.00          0          0          0    0.00000    0.12500   -1.00000    1.00000      0.900    0    0    0    0    0    0    0    1
  localbranching   :          0       0.00       0.00          0          0          0    0.00000    0.12500   -1.00000    1.00000      0.900    0    0    0    0    0    0    0    1
  crossover        :          0       0.00       0.00          0          0          0    0.00000    0.12500   -1.00000    1.00000      0.900    0    0    0    0    0    0    0    1
  proximity        :          0       0.00       0.00          0          0          0    0.00000    0.12500   -1.00000    1.00000      0.900    0    0    0    0    0    0    0    1
  zeroobjective    :          0       0.00       0.00          0          0          0    0.00000    0.12500   -1.00000    1.00000      0.900    0    0    0    0    0    0    0    1
  dins             :          0       0.00       0.00          0          0          0    0.00000    0.12500   -1.00000    1.00000      0.900    0    0    0    0    0    0    0    1
  trustregion      :          0       0.00       0.00          0          0          0    0.00000    0.00000   -1.00000    1.00000      0.900    0    0    0    0    0    0    0    0
LP                 :       Time      Calls Iterations  Iter/call   Iter/sec  Time-0-It Calls-0-It
  primal LP        :       0.00          4          0       0.00          -       0.00          4
  dual LP          :       0.03         33       1614      50.44   56524.48       0.00          1
  lex dual LP      :       0.00          0          0       0.00          -
  barrier LP       :       0.00          0          0       0.00          -       0.00          0
  resolve instable :       0.00          0          0       0.00          -
  diving/probing LP:       0.07         46       1292      28.09   17517.22
  strong branching :       0.03         25       1122      44.88   37412.47          -          -          0
    (at root node) :          -         25       1122      44.88          -
  conflict analysis:       0.00          0          0       0.00          -
Relaxators         :       Time      Calls    Cutoffs ImprBounds   ImprTime ReducedDom  Separated AddedConss
  benders          :       0.00          0          0          0       0.00          0          0          0
B&B Tree           :
  number of runs   :          1
  nodes            :          6 (5 internal, 1 leaves)
  feasible leaves  :          0
  infeas. leaves   :          0
  objective leaves :          0
  nodes (total)    :          6 (5 internal, 1 leaves)
  nodes left       :          6
  max depth        :          5
  max depth (total):          5
  backtracks       :          0 (0.0%)
  early backtracks :          0 (0.0%)
  nodes exc. ref.  :          0 (0.0%)
  delayed cutoffs  :          0
  repropagations   :          0 (0 domain reductions, 0 cutoffs)
  avg switch length:       1.00
  switching time   :       0.00
Root Node          :
  First LP value   : +2.10000000000000e+01
  First LP Iters   :        288 (88208.27 Iter/sec)
  First LP Time    :       0.00
  Final Dual Bound : +2.80000000000000e+01
  Final Root Iters :       2366
  Root LP Estimate : +2.80024738553114e+01
Solution           :
  Solutions found  :          0 (0 improvements)
  Primal Bound     :          -
  Dual Bound       : +2.80000000000000e+01
  Gap              :   infinite
Integrals          :      Total       Avg%
  primal-dual      :     369.06     100.00
  primal-ref       :          -          - (not evaluated)
  dual-ref         :          -          - (not evaluated)
