SCIP version 10.0.0 [precision: 8 byte] [memory: block] [mode: optimized] [LP solver: SoPlex 8.0.0] [GitHash: 0c80fdd8e9]
Copyright (c) 2002-2025 Zuse Institute Berlin (ZIB)

External libraries: 
  Readline 8.3         GNU library for command line editing (gnu.org/s/readline)
  SoPlex 8.0.0         Linear programming solver developed at Zuse Institute Berlin (soplex.zib.de) [GitHash: 2207cfb2]
  CppAD 20180000.0     Algorithmic Differentiation of C++ algorithms developed by B. Bell (github.com/coin-or/CppAD)
  ZLIB 1.2.12          General purpose compression library by J. Gailly and M. Adler (zlib.net)
  MPFR 4.2.2           GNU Multiple Precision Floating-Point Reliable Library (mpfr.org)
  Boost 1.89.0         Boost C++ Libraries (boost.org)
  TinyCThread 1.2      small portable implementation of the C11 threads API (tinycthread.github.io)
  GMP 6.3.0            GNU Multiple Precision Arithmetic Library developed by T. Granlund (gmplib.org)
  AMPL/MP 4.0.3        AMPL .nl file reader library (github.com/ampl/mp)
  PaPILO 3.0.0         parallel presolve for integer and linear optimization (github.com/scipopt/papilo) (built with TBB)
  Nauty 2.8.8          Computing Graph Automorphism Groups by Brendan D. McKay (users.cecs.anu.edu.au/~bdm/nauty)
  sassy 2.0            Symmetry preprocessor by Markus Anders (github.com/markusa4/sassy)
  Ipopt 3.14.19        Interior Point Optimizer developed by A. Waechter et.al. (github.com/coin-or/Ipopt)

reading user parameter file </Users/maxbig/Coursework_multiprocessing/Coursework/SCIP/SCIPOptSuite-9.2.1-Linux/only_time.set>

read problem </Users/maxbig/Coursework_multiprocessing/Coursework/SCIP/SCIPOptSuite-9.2.1-Linux/inputs/new_tr/order/layered_15_buf_times_P3_M1050_up_right_input.lp>
============

original problem has 886 variables (870 bin, 16 int, 0 cont) and 2918 constraints

solve problem
=============

presolving:
(round 1, fast)       73 del vars, 46 del conss, 0 add conss, 33 chg bounds, 0 chg sides, 0 chg coeffs, 0 upgd conss, 0 impls, 58 clqs, 0 implints
(round 2, fast)       73 del vars, 46 del conss, 0 add conss, 41 chg bounds, 0 chg sides, 0 chg coeffs, 0 upgd conss, 0 impls, 58 clqs, 0 implints
   (0.0s) running MILP presolver
   (0.0s) MILP presolver (2 rounds): 0 aggregations, 0 fixings, 0 bound changes
(round 3, exhaustive) 73 del vars, 480 del conss, 0 add conss, 45 chg bounds, 0 chg sides, 0 chg coeffs, 0 upgd conss, 0 impls, 58 clqs, 0 implints
(round 4, exhaustive) 73 del vars, 480 del conss, 0 add conss, 45 chg bounds, 0 chg sides, 0 chg coeffs, 1333 upgd conss, 0 impls, 58 clqs, 0 implints
(round 5, medium)     73 del vars, 480 del conss, 6 add conss, 45 chg bounds, 6 chg sides, 12 chg coeffs, 1333 upgd conss, 0 impls, 58 clqs, 0 implints
   (0.8s) probing: 581/797 (72.9%) - 0 fixings, 0 aggregations, 2361 implications, 1 bound changes
   (0.8s) probing aborted: 50/50 successive totally useless probings
   (0.8s) symmetry computation started: requiring (bin +, int +, cont +), (fixed: bin -, int -, cont -)
   (0.8s) symmetry computation finished: 3 generators found (max: 1500, log10 of symmetry group size: 1.08) (symcode time: 0.00)
dynamic symmetry handling statistics:
   orbitopal reduction:       no components
   orbital reduction:         no components
   lexicographic reduction:   no permutations
handled 1 out of 1 symmetry components
(round 6, exhaustive) 76 del vars, 480 del conss, 9 add conss, 46 chg bounds, 6 chg sides, 12 chg coeffs, 1333 upgd conss, 2489 impls, 57 clqs, 0 implints
(round 7, fast)       77 del vars, 579 del conss, 9 add conss, 46 chg bounds, 6 chg sides, 82 chg coeffs, 1333 upgd conss, 2489 impls, 127 clqs, 0 implints
(round 8, medium)     92 del vars, 619 del conss, 9 add conss, 46 chg bounds, 6 chg sides, 95 chg coeffs, 1333 upgd conss, 2489 impls, 111 clqs, 0 implints
(round 9, fast)       93 del vars, 648 del conss, 9 add conss, 46 chg bounds, 6 chg sides, 95 chg coeffs, 1333 upgd conss, 2489 impls, 110 clqs, 0 implints
   (0.9s) probing: 644/797 (80.8%) - 0 fixings, 12 aggregations, 2362 implications, 1 bound changes
   (0.9s) probing aborted: 50/50 successive totally useless probings
(round 10, exhaustive) 105 del vars, 648 del conss, 9 add conss, 46 chg bounds, 6 chg sides, 95 chg coeffs, 1333 upgd conss, 2489 impls, 98 clqs, 0 implints
(round 11, fast)       105 del vars, 661 del conss, 9 add conss, 46 chg bounds, 6 chg sides, 95 chg coeffs, 1333 upgd conss, 2489 impls, 98 clqs, 0 implints
   (0.9s) probing: 649/797 (81.4%) - 0 fixings, 12 aggregations, 2362 implications, 1 bound changes
   (0.9s) probing aborted: 50/50 successive totally useless probings
presolving (12 rounds: 12 fast, 7 medium, 5 exhaustive):
 105 deleted vars, 661 deleted constraints, 9 added constraints, 46 tightened bounds, 0 added holes, 6 changed sides, 95 changed coefficients
 2489 implications, 98 cliques, 0 implied integral variables (0 bin, 0 int, 0 cont)
presolved problem has 782 variables (766 bin, 16 int, 0 cont) and 2266 constraints
     44 constraints of type <varbound>
     13 constraints of type <knapsack>
     20 constraints of type <setppc>
   1105 constraints of type <linear>
      3 constraints of type <orbitope_pp>
   1081 constraints of type <logicor>
transformed objective value is always integral (scale: 1)
Presolving Time: 0.86

 time | node  | left  |LP iter|LP it/n|mem/heur|mdpt |vars |cons |rows |cuts |sepa|confs|strbr|  dualbound   | primalbound  |  gap   | compl. 
  1.1s|     1 |     0 |   436 |     - |    25M |   0 | 782 |2280 |2263 |   0 |  0 |  20 |   0 | 4.800000e+01 |      --      |    Inf | unknown
  1.6s|     1 |     0 |  1307 |     - |    26M |   0 | 782 |2280 |2365 | 102 |  1 |  20 |   0 | 4.800000e+01 |      --      |    Inf | unknown
  1.7s|     1 |     0 |  1507 |     - |    26M |   0 | 782 |2282 |2412 | 149 |  2 |  22 |   0 | 4.854969e+01 |      --      |    Inf | unknown
  1.7s|     1 |     0 |  1636 |     - |    26M |   0 | 782 |2283 |2412 | 149 |  2 |  23 |   0 | 4.900000e+01 |      --      |    Inf | unknown
  1.7s|     1 |     0 |  1712 |     - |    27M |   0 | 782 |2283 |2431 | 168 |  3 |  23 |   0 | 4.946809e+01 |      --      |    Inf | unknown
  1.7s|     1 |     0 |  1745 |     - |    27M |   0 | 782 |2283 |2429 | 168 |  3 |  23 |   0 | 5.000000e+01 |      --      |    Inf | unknown
  1.7s|     1 |     0 |  1799 |     - |    28M |   0 | 782 |2283 |2450 | 189 |  4 |  23 |   0 | 5.051759e+01 |      --      |    Inf | unknown
  1.8s|     1 |     0 |  1863 |     - |    29M |   0 | 782 |2283 |2449 | 189 |  4 |  23 |   0 | 5.100000e+01 |      --      |    Inf | unknown
  1.8s|     1 |     0 |  1908 |     - |    29M |   0 | 782 |2283 |2462 | 202 |  5 |  23 |   0 | 5.141133e+01 |      --      |    Inf | unknown
  1.8s|     1 |     0 |  1939 |     - |    29M |   0 | 782 |2283 |2462 | 202 |  5 |  23 |   0 | 5.200000e+01 |      --      |    Inf | unknown
  1.8s|     1 |     0 |  2000 |     - |    31M |   0 | 782 |2283 |2475 | 215 |  6 |  23 |   0 | 5.232859e+01 |      --      |    Inf | unknown
  1.8s|     1 |     0 |  2082 |     - |    31M |   0 | 782 |2284 |2475 | 215 |  6 |  24 |   0 | 5.300000e+01 |      --      |    Inf | unknown
  1.9s|     1 |     0 |  2237 |     - |    32M |   0 | 782 |2284 |2378 | 236 |  7 |  24 |   0 | 5.300000e+01 |      --      |    Inf | unknown
  1.9s|     1 |     0 |  2431 |     - |    32M |   0 | 782 |2285 |2399 | 257 |  8 |  25 |   0 | 5.319721e+01 |      --      |    Inf | unknown
  2.0s|     1 |     0 |  2494 |     - |    32M |   0 | 782 |2285 |2399 | 257 |  8 |  25 |   0 | 5.400000e+01 |      --      |    Inf | unknown
 time | node  | left  |LP iter|LP it/n|mem/heur|mdpt |vars |cons |rows |cuts |sepa|confs|strbr|  dualbound   | primalbound  |  gap   | compl. 
  2.0s|     1 |     0 |  2592 |     - |    33M |   0 | 782 |2285 |2374 | 272 |  9 |  25 |   0 | 5.417160e+01 |      --      |    Inf | unknown
  2.0s|     1 |     0 |  2626 |     - |    33M |   0 | 782 |2285 |2374 | 272 |  9 |  25 |   0 | 5.500000e+01 |      --      |    Inf | unknown
  2.0s|     1 |     0 |  2683 |     - |    34M |   0 | 782 |2285 |2391 | 289 | 10 |  25 |   0 | 5.510594e+01 |      --      |    Inf | unknown
  2.1s|     1 |     0 |  2721 |     - |    34M |   0 | 782 |2285 |2389 | 289 | 10 |  25 |   0 | 5.600000e+01 |      --      |    Inf | unknown
  2.1s|     1 |     0 |  2785 |     - |    35M |   0 | 782 |2285 |2405 | 305 | 11 |  25 |   0 | 5.603180e+01 |      --      |    Inf | unknown
  2.1s|     1 |     0 |  2859 |     - |    35M |   0 | 782 |2285 |2399 | 305 | 11 |  25 |   0 | 5.700000e+01 |      --      |    Inf | unknown
  2.1s|     1 |     0 |  2963 |     - |    35M |   0 | 782 |2285 |2419 | 325 | 12 |  25 |   0 | 5.700000e+01 |      --      |    Inf | unknown
  2.1s|     1 |     0 |  3033 |     - |    35M |   0 | 782 |2285 |2427 | 333 | 13 |  25 |   0 | 5.700000e+01 |      --      |    Inf | unknown
  2.1s|     1 |     0 |  3112 |     - |    35M |   0 | 782 |2285 |2433 | 339 | 14 |  25 |   0 | 5.701099e+01 |      --      |    Inf | unknown
  2.2s|     1 |     0 |  3158 |     - |    35M |   0 | 782 |2285 |2428 | 339 | 14 |  25 |   0 | 5.800000e+01 |      --      |    Inf | unknown
  2.2s|     1 |     0 |  3207 |     - |    35M |   0 | 782 |2285 |2358 | 354 | 15 |  25 |   0 | 5.800000e+01 |      --      |    Inf | unknown
  2.2s|     1 |     0 |  3248 |     - |    36M |   0 | 782 |2285 |2365 | 361 | 16 |  25 |   0 | 5.800000e+01 |      --      |    Inf | unknown
  2.2s|     1 |     0 |  3289 |     - |    36M |   0 | 782 |2286 |2369 | 365 | 17 |  26 |   0 | 5.800000e+01 |      --      |    Inf | unknown
  2.2s|     1 |     0 |  3356 |     - |    36M |   0 | 782 |2288 |2356 | 371 | 18 |  28 |   0 | 5.800621e+01 |      --      |    Inf | unknown
  2.2s|     1 |     0 |  3387 |     - |    36M |   0 | 782 |2289 |2348 | 371 | 18 |  29 |   0 | 5.900000e+01 |      --      |    Inf | unknown
 time | node  | left  |LP iter|LP it/n|mem/heur|mdpt |vars |cons |rows |cuts |sepa|confs|strbr|  dualbound   | primalbound  |  gap   | compl. 
  2.2s|     1 |     0 |  3406 |     - |    36M |   0 | 782 |2290 |2357 | 380 | 19 |  30 |   0 | 5.900000e+01 |      --      |    Inf | unknown
  2.2s|     1 |     0 |  3426 |     - |    37M |   0 | 782 |2290 |2360 | 383 | 20 |  30 |   0 | 5.900000e+01 |      --      |    Inf | unknown
  2.4s|     1 |     2 |  3993 |     - |    37M |   0 | 782 |2297 |2360 | 383 | 21 |  37 |  23 | 5.900000e+01 |      --      |    Inf | unknown
d 4.8s|    21 |    20 |  7144 | 188.7 |distribu|   7 | 782 |2331 |2291 |   0 |  1 |  71 |  23 | 5.900000e+01 | 1.090000e+02 |  84.75%|   1.56%
d 5.1s|    24 |    23 |  7608 | 184.2 |veclendi|   7 | 782 |2320 |2291 |   0 |  1 |  71 |  23 | 5.900000e+01 | 1.010000e+02 |  71.19%|   0.57%
* 5.6s|    27 |    24 | 12914 | 367.0 |    LP  |   7 | 782 |2320 |2291 | 383 |  0 |  71 |  23 | 5.900000e+01 | 9.800000e+01 |  66.10%|   0.57%
d 5.7s|    34 |    29 | 15046 | 353.8 |veclendi|   7 | 782 |2262 |2291 |   0 |  1 |  81 |  23 | 5.900000e+01 | 9.000000e+01 |  52.54%|   6.90%
d 5.8s|    37 |    32 | 16459 | 363.6 |distribu|   7 | 782 |2283 |2291 |   0 |  1 | 103 |  23 | 5.900000e+01 | 8.900000e+01 |  50.85%|   6.90%
* 6.0s|    38 |    28 | 16611 | 357.8 |    LP  |   7 | 782 |2283 |2291 | 383 |  0 | 103 |  23 | 5.900000e+01 | 7.900000e+01 |  33.90%|   7.47%

SCIP Status        : problem is solved [optimal solution found]
Solving Time (sec) : 6.04
Solving Nodes      : 41
Primal Bound       : +7.90000000000000e+01 (6 solutions)
Dual Bound         : +7.90000000000000e+01
Gap                : 0.00 %

primal solution (original space):
=================================

objective value:                                   79
m_14_14                                             1 	(obj:0)
m_13_13                                             1 	(obj:0)
m_12_14                                             1 	(obj:0)
m_12_13                                             1 	(obj:0)
m_12_12                                             1 	(obj:0)
m_12_11                                             1 	(obj:0)
m_12_10                                             1 	(obj:0)
m_11_14                                             1 	(obj:0)
m_11_13                                             1 	(obj:0)
m_11_11                                             1 	(obj:0)
m_10_14                                             1 	(obj:0)
m_10_13                                             1 	(obj:0)
m_10_10                                             1 	(obj:0)
m_9_14                                              1 	(obj:0)
m_9_13                                              1 	(obj:0)
m_9_12                                              1 	(obj:0)
m_9_11                                              1 	(obj:0)
m_9_10                                              1 	(obj:0)
m_9_9                                               1 	(obj:0)
m_9_7                                               1 	(obj:0)
m_8_14                                              1 	(obj:0)
m_8_13                                              1 	(obj:0)
m_8_12                                              1 	(obj:0)
m_8_11                                              1 	(obj:0)
m_8_10                                              1 	(obj:0)
m_8_8                                               1 	(obj:0)
m_8_7                                               1 	(obj:0)
m_7_14                                              1 	(obj:0)
m_7_13                                              1 	(obj:0)
m_7_11                                              1 	(obj:0)
m_7_10                                              1 	(obj:0)
m_7_7                                               1 	(obj:0)
m_6_14                                              1 	(obj:0)
m_6_13                                              1 	(obj:0)
m_6_12                                              1 	(obj:0)
m_6_11                                              1 	(obj:0)
m_6_10                                              1 	(obj:0)
m_6_9                                               1 	(obj:0)
m_6_8                                               1 	(obj:0)
m_6_7                                               1 	(obj:0)
m_6_6                                               1 	(obj:0)
m_6_4                                               1 	(obj:0)
m_5_14                                              1 	(obj:0)
m_5_13                                              1 	(obj:0)
m_5_12                                              1 	(obj:0)
m_5_11                                              1 	(obj:0)
m_5_10                                              1 	(obj:0)
m_5_9                                               1 	(obj:0)
m_5_8                                               1 	(obj:0)
m_5_7                                               1 	(obj:0)
m_5_5                                               1 	(obj:0)
m_5_4                                               1 	(obj:0)
m_4_14                                              1 	(obj:0)
m_4_13                                              1 	(obj:0)
m_4_12                                              1 	(obj:0)
m_4_11                                              1 	(obj:0)
m_4_10                                              1 	(obj:0)
m_4_7                                               1 	(obj:0)
m_4_4                                               1 	(obj:0)
m_3_14                                              1 	(obj:0)
m_3_13                                              1 	(obj:0)
m_3_12                                              1 	(obj:0)
m_3_11                                              1 	(obj:0)
m_3_10                                              1 	(obj:0)
m_3_9                                               1 	(obj:0)
m_3_8                                               1 	(obj:0)
m_3_7                                               1 	(obj:0)
m_3_6                                               1 	(obj:0)
m_3_5                                               1 	(obj:0)
m_3_4                                               1 	(obj:0)
m_3_3                                               1 	(obj:0)
m_2_14                                              1 	(obj:0)
m_2_13                                              1 	(obj:0)
m_2_12                                              1 	(obj:0)
m_2_11                                              1 	(obj:0)
m_2_10                                              1 	(obj:0)
m_2_9                                               1 	(obj:0)
m_2_8                                               1 	(obj:0)
m_2_7                                               1 	(obj:0)
m_2_6                                               1 	(obj:0)
m_2_5                                               1 	(obj:0)
m_2_4                                               1 	(obj:0)
m_2_2                                               1 	(obj:0)
m_1_14                                              1 	(obj:0)
m_1_13                                              1 	(obj:0)
m_1_12                                              1 	(obj:0)
m_1_11                                              1 	(obj:0)
m_1_10                                              1 	(obj:0)
m_1_9                                               1 	(obj:0)
m_1_8                                               1 	(obj:0)
m_1_7                                               1 	(obj:0)
m_1_6                                               1 	(obj:0)
m_1_5                                               1 	(obj:0)
m_1_4                                               1 	(obj:0)
m_1_3                                               1 	(obj:0)
m_1_2                                               1 	(obj:0)
m_1_1                                               1 	(obj:0)
m_0_14                                              1 	(obj:0)
m_0_13                                              1 	(obj:0)
m_0_12                                              1 	(obj:0)
m_0_11                                              1 	(obj:0)
m_0_10                                              1 	(obj:0)
m_0_9                                               1 	(obj:0)
m_0_8                                               1 	(obj:0)
m_0_7                                               1 	(obj:0)
m_0_6                                               1 	(obj:0)
m_0_5                                               1 	(obj:0)
m_0_4                                               1 	(obj:0)
m_0_3                                               1 	(obj:0)
m_0_2                                               1 	(obj:0)
m_0_1                                               1 	(obj:0)
m_0_0                                               1 	(obj:0)
p_1_14                                              1 	(obj:0)
p_2_13                                              1 	(obj:0)
p_1_12                                              1 	(obj:0)
p_2_11                                              1 	(obj:0)
p_3_10                                              1 	(obj:0)
p_3_9                                               1 	(obj:0)
p_2_8                                               1 	(obj:0)
p_2_7                                               1 	(obj:0)
p_2_6                                               1 	(obj:0)
p_1_5                                               1 	(obj:0)
p_1_4                                               1 	(obj:0)
p_1_3                                               1 	(obj:0)
p_2_2                                               1 	(obj:0)
p_2_1                                               1 	(obj:0)
p_2_0                                               1 	(obj:0)
t_14_14                                             1 	(obj:0)
z_14_12                                             1 	(obj:0)
t_14_12                                             1 	(obj:0)
z_14_11                                             1 	(obj:0)
z_14_10                                             1 	(obj:0)
z_14_9                                              1 	(obj:0)
z_14_8                                              1 	(obj:0)
z_14_7                                              1 	(obj:0)
z_14_6                                              1 	(obj:0)
z_14_5                                              1 	(obj:0)
t_14_5                                              1 	(obj:0)
z_14_4                                              1 	(obj:0)
t_14_4                                              1 	(obj:0)
z_14_3                                              1 	(obj:0)
t_14_3                                              1 	(obj:0)
z_14_2                                              1 	(obj:0)
z_14_1                                              1 	(obj:0)
z_14_0                                              1 	(obj:0)
t_13_13                                             1 	(obj:0)
z_13_12                                             1 	(obj:0)
z_13_11                                             1 	(obj:0)
t_13_11                                             1 	(obj:0)
z_13_10                                             1 	(obj:0)
z_13_9                                              1 	(obj:0)
z_13_8                                              1 	(obj:0)
t_13_8                                              1 	(obj:0)
z_13_7                                              1 	(obj:0)
t_13_7                                              1 	(obj:0)
z_13_6                                              1 	(obj:0)
t_13_6                                              1 	(obj:0)
z_13_5                                              1 	(obj:0)
z_13_4                                              1 	(obj:0)
z_13_3                                              1 	(obj:0)
z_13_2                                              1 	(obj:0)
t_13_2                                              1 	(obj:0)
z_13_1                                              1 	(obj:0)
t_13_1                                              1 	(obj:0)
z_13_0                                              1 	(obj:0)
t_13_0                                              1 	(obj:0)
t_12_14                                             1 	(obj:0)
t_12_12                                             1 	(obj:0)
z_12_9                                              1 	(obj:0)
z_12_8                                              1 	(obj:0)
z_12_6                                              1 	(obj:0)
z_12_5                                              1 	(obj:0)
t_12_5                                              1 	(obj:0)
z_12_4                                              1 	(obj:0)
t_12_4                                              1 	(obj:0)
z_12_3                                              1 	(obj:0)
t_12_3                                              1 	(obj:0)
z_12_2                                              1 	(obj:0)
z_12_1                                              1 	(obj:0)
z_12_0                                              1 	(obj:0)
t_11_13                                             1 	(obj:0)
z_11_12                                             1 	(obj:0)
t_11_11                                             1 	(obj:0)
z_11_9                                              1 	(obj:0)
z_11_8                                              1 	(obj:0)
t_11_8                                              1 	(obj:0)
z_11_7                                              1 	(obj:0)
t_11_7                                              1 	(obj:0)
z_11_6                                              1 	(obj:0)
t_11_6                                              1 	(obj:0)
z_11_5                                              1 	(obj:0)
z_11_4                                              1 	(obj:0)
z_11_3                                              1 	(obj:0)
z_11_2                                              1 	(obj:0)
t_11_2                                              1 	(obj:0)
z_11_1                                              1 	(obj:0)
t_11_1                                              1 	(obj:0)
z_11_0                                              1 	(obj:0)
t_11_0                                              1 	(obj:0)
z_10_12                                             1 	(obj:0)
t_10_10                                             1 	(obj:0)
z_10_9                                              1 	(obj:0)
t_10_9                                              1 	(obj:0)
z_10_8                                              1 	(obj:0)
z_10_7                                              1 	(obj:0)
z_10_6                                              1 	(obj:0)
z_10_5                                              1 	(obj:0)
z_10_4                                              1 	(obj:0)
z_10_3                                              1 	(obj:0)
z_10_2                                              1 	(obj:0)
z_10_1                                              1 	(obj:0)
z_10_0                                              1 	(obj:0)
t_9_10                                              1 	(obj:0)
t_9_9                                               1 	(obj:0)
z_9_6                                               1 	(obj:0)
z_9_5                                               1 	(obj:0)
z_9_3                                               1 	(obj:0)
z_9_2                                               1 	(obj:0)
z_9_1                                               1 	(obj:0)
z_9_0                                               1 	(obj:0)
t_8_13                                              1 	(obj:0)
t_8_11                                              1 	(obj:0)
t_8_8                                               1 	(obj:0)
t_8_7                                               1 	(obj:0)
z_8_6                                               1 	(obj:0)
t_8_6                                               1 	(obj:0)
z_8_5                                               1 	(obj:0)
z_8_3                                               1 	(obj:0)
z_8_2                                               1 	(obj:0)
t_8_2                                               1 	(obj:0)
z_8_1                                               1 	(obj:0)
t_8_1                                               1 	(obj:0)
z_8_0                                               1 	(obj:0)
t_8_0                                               1 	(obj:0)
t_7_13                                              1 	(obj:0)
t_7_11                                              1 	(obj:0)
z_7_9                                               1 	(obj:0)
z_7_8                                               1 	(obj:0)
t_7_8                                               1 	(obj:0)
t_7_7                                               1 	(obj:0)
z_7_6                                               1 	(obj:0)
t_7_6                                               1 	(obj:0)
z_7_5                                               1 	(obj:0)
z_7_4                                               1 	(obj:0)
z_7_3                                               1 	(obj:0)
z_7_2                                               1 	(obj:0)
t_7_2                                               1 	(obj:0)
z_7_1                                               1 	(obj:0)
t_7_1                                               1 	(obj:0)
z_7_0                                               1 	(obj:0)
t_7_0                                               1 	(obj:0)
t_6_13                                              1 	(obj:0)
t_6_11                                              1 	(obj:0)
t_6_8                                               1 	(obj:0)
t_6_7                                               1 	(obj:0)
t_6_6                                               1 	(obj:0)
z_6_3                                               1 	(obj:0)
z_6_2                                               1 	(obj:0)
t_6_2                                               1 	(obj:0)
z_6_1                                               1 	(obj:0)
t_6_1                                               1 	(obj:0)
z_6_0                                               1 	(obj:0)
t_6_0                                               1 	(obj:0)
t_5_14                                              1 	(obj:0)
t_5_12                                              1 	(obj:0)
t_5_5                                               1 	(obj:0)
t_5_4                                               1 	(obj:0)
z_5_3                                               1 	(obj:0)
t_5_3                                               1 	(obj:0)
z_5_2                                               1 	(obj:0)
z_5_1                                               1 	(obj:0)
z_5_0                                               1 	(obj:0)
t_4_14                                              1 	(obj:0)
t_4_12                                              1 	(obj:0)
z_4_6                                               1 	(obj:0)
z_4_5                                               1 	(obj:0)
t_4_5                                               1 	(obj:0)
t_4_4                                               1 	(obj:0)
z_4_3                                               1 	(obj:0)
t_4_3                                               1 	(obj:0)
z_4_2                                               1 	(obj:0)
z_4_1                                               1 	(obj:0)
z_4_0                                               1 	(obj:0)
t_3_14                                              1 	(obj:0)
t_3_12                                              1 	(obj:0)
t_3_5                                               1 	(obj:0)
t_3_4                                               1 	(obj:0)
t_3_3                                               1 	(obj:0)
z_3_1                                               1 	(obj:0)
z_3_0                                               1 	(obj:0)
t_2_13                                              1 	(obj:0)
t_2_11                                              1 	(obj:0)
t_2_8                                               1 	(obj:0)
t_2_7                                               1 	(obj:0)
t_2_6                                               1 	(obj:0)
t_2_2                                               1 	(obj:0)
z_2_1                                               1 	(obj:0)
t_2_1                                               1 	(obj:0)
z_2_0                                               1 	(obj:0)
t_2_0                                               1 	(obj:0)
t_1_13                                              1 	(obj:0)
t_1_11                                              1 	(obj:0)
t_1_8                                               1 	(obj:0)
t_1_7                                               1 	(obj:0)
t_1_6                                               1 	(obj:0)
t_1_2                                               1 	(obj:0)
t_1_1                                               1 	(obj:0)
z_1_0                                               1 	(obj:0)
t_1_0                                               1 	(obj:0)
t_0_13                                              1 	(obj:0)
t_0_11                                              1 	(obj:0)
t_0_8                                               1 	(obj:0)
t_0_7                                               1 	(obj:0)
t_0_6                                               1 	(obj:0)
t_0_2                                               1 	(obj:0)
t_0_1                                               1 	(obj:0)
t_0_0                                               1 	(obj:0)
y_11_1_14                                           1 	(obj:0)
y_10_1_14                                           1 	(obj:0)
y_11_1_13                                           1 	(obj:0)
y_10_1_13                                           1 	(obj:0)
y_9_1_12                                            1 	(obj:0)
y_8_1_12                                            1 	(obj:0)
y_7_1_12                                            1 	(obj:0)
y_4_1_12                                            1 	(obj:0)
y_11_1_11                                           1 	(obj:0)
y_10_1_11                                           1 	(obj:0)
y_8_1_11                                            1 	(obj:0)
y_7_1_11                                            1 	(obj:0)
y_11_1_10                                           1 	(obj:0)
y_10_1_10                                           1 	(obj:0)
y_8_1_10                                            1 	(obj:0)
y_7_1_10                                            1 	(obj:0)
y_9_1_9                                             1 	(obj:0)
y_8_1_9                                             1 	(obj:0)
y_6_1_9                                             1 	(obj:0)
y_5_1_9                                             1 	(obj:0)
y_4_1_9                                             1 	(obj:0)
y_9_1_8                                             1 	(obj:0)
y_8_1_8                                             1 	(obj:0)
y_6_1_8                                             1 	(obj:0)
y_5_1_8                                             1 	(obj:0)
y_4_1_8                                             1 	(obj:0)
y_9_1_7                                             1 	(obj:0)
y_8_1_7                                             1 	(obj:0)
y_7_1_7                                             1 	(obj:0)
y_4_1_7                                             1 	(obj:0)
y_6_1_6                                             1 	(obj:0)
y_5_1_6                                             1 	(obj:0)
y_3_1_6                                             1 	(obj:0)
y_6_1_5                                             1 	(obj:0)
y_5_1_5                                             1 	(obj:0)
y_3_1_5                                             1 	(obj:0)
y_9_1_4                                             1 	(obj:0)
y_8_1_4                                             1 	(obj:0)
y_6_1_4                                             1 	(obj:0)
y_5_1_4                                             1 	(obj:0)
y_4_1_4                                             1 	(obj:0)
y_3_1_3                                             1 	(obj:0)
y_1_1_3                                             1 	(obj:0)
y_3_1_2                                             1 	(obj:0)
y_1_1_2                                             1 	(obj:0)
y_1_1_1                                             1 	(obj:0)
y_0_1_1                                             1 	(obj:0)
y_0_1_0                                             1 	(obj:0)
s_9                                                39 	(obj:0)
s_8                                                39 	(obj:0)
s_7                                                49 	(obj:0)
s_6                                                29 	(obj:0)
s_5                                                29 	(obj:0)
s_4                                                39 	(obj:0)
s_3                                                19 	(obj:0)
s_2                                                19 	(obj:0)
s_1                                                 1 	(obj:0)
l                                                  79 	(obj:1)
s_14                                               69 	(obj:0)
s_13                                               69 	(obj:0)
s_12                                               49 	(obj:0)
s_11                                               59 	(obj:0)
s_10                                               59 	(obj:0)

Statistics
==========

SCIP Status        : problem is solved [optimal solution found]
Total Time         :       6.05
  solving          :       6.04
  presolving       :       0.86 (included in solving)
  reading          :       0.01
  copying          :       0.05 (10 #copies) (minimal 0.00, maximal 0.01, average 0.01)
Original Problem   :
  Problem name     : /Users/maxbig/Coursework_multiprocessing/Coursework/SCIP/SCIPOptSuite-9.2.1-Linux/inputs/new_tr/order/layered_15_buf_times_P3_M1050_up_right_input.lp
  Variables        : 886 (870 binary, 16 integer, 0 continuous)
  Implied int vars : 0 (0 binary, 0 integer, 0 continuous)
  Constraints      : 2918 initial, 2918 maximal
  Objective        : minimize, 1 non-zeros (abs.min = 1, abs.max = 1)
Presolved Problem  :
  Problem name     : t_/Users/maxbig/Coursework_multiprocessing/Coursework/SCIP/SCIPOptSuite-9.2.1-Linux/inputs/new_tr/order/layered_15_buf_times_P3_M1050_up_right_input.lp
  Variables        : 782 (766 binary, 16 integer, 0 continuous)
  Implied int vars : 0 (0 binary, 0 integer, 0 continuous)
  Constraints      : 2266 initial, 2331 maximal
  Objective        : minimize, 1 non-zeros (abs.min = 1, abs.max = 1)
  Nonzeros         : 7410 constraint, 222 clique table
Presolvers         :   ExecTime  SetupTime  Calls  FixedVars   AggrVars   ChgTypes  ChgBounds   AddHoles    DelCons    AddCons   ChgSides   ChgCoefs
  boundshift       :       0.00       0.00      0          0          0          0          0          0          0          0          0          0
  convertinttobin  :       0.00       0.00      0          0          0          0          0          0          0          0          0          0
  domcol           :       0.00       0.00      3          0          0          0          0          0          0          0          0          0
  dualagg          :       0.00       0.00      0          0          0          0          0          0          0          0          0          0
  dualcomp         :       0.00       0.00      0          0          0          0          0          0          0          0          0          0
  dualinfer        :       0.00       0.00      0          0          0          0          0          0          0          0          0          0
  dualsparsify     :       0.01       0.00      1          0          0          0          0          0          0          0          0          0
  gateextraction   :       0.00       0.00      3          0          0          0          0          0          0          0          0          0
  implics          :       0.00       0.00      7          0          0          0          0          0          0          0          0          0
  implint          :       0.00       0.00      0          0          0          0          0          0          0          0          0          0
  inttobinary      :       0.00       0.00     12          0          0          0          0          0          0          0          0          0
  milp             :       0.00       0.00      1          0          0          0          0          0          0          0          0          0
  qpkktref         :       0.00       0.00      0          0          0          0          0          0          0          0          0          0
  redvub           :       0.00       0.00      0          0          0          0          0          0          0          0          0          0
  sparsify         :       0.00       0.00      1          0          0          0          0          0          0          0          0          0
  stuffing         :       0.00       0.00      0          0          0          0          0          0          0          0          0          0
  trivial          :       0.00       0.00     12         38          0          0          0          0          0          0          0          0
  tworowbnd        :       0.00       0.00      0          0          0          0          0          0          0          0          0          0
  dualfix          :       0.00       0.00     12         15          0          0          0          0          0          0          0          0
  genvbounds       :       0.00       0.00      0          0          0          0          0          0          0          0          0          0
  probing          :       0.78       0.00      3          0         12          0          1          0          0          0          0          0
  pseudoobj        :       0.00       0.00      0          0          0          0          0          0          0          0          0          0
  symmetry         :       0.01       0.00      1          2          0          0          0          0          0          3          0          0
  vbounds          :       0.00       0.00      2          0         14          0          0          0          0          0          0          0
  varbound         :       0.00       0.00     13          0          0          0          0          0          0          0          0          0
  knapsack         :       0.00       0.00     16          0          0          0          0          0          0          6          6         12
  setppc           :       0.00       0.00     16          0          1          0          0          0          2          0          0          0
  linear           :       0.03       0.00     17         21          0          0         45          0        480          0          0          0
  orbitope_pp      :       0.00       0.00      3          1          0          0          0          0          0          0          0          0
  logicor          :       0.02       0.00     16          0          0          0          0          0        179          0          0         83
  bounddisjunction :       0.00       0.00      0          0          0          0          0          0          0          0          0          0
  components       :       0.00       0.00      1          0          0          0          0          0          0          0          0          0
  root node        :          -          -      -         80          -          -        190          -          -          -          -          -
Constraints        :     Number  MaxNumber  #Separate #Propagate    #EnfoLP    #EnfoRelax  #EnfoPS    #Check   #ResProp    Cutoffs    DomReds       Cuts    Applied      Conss   Children
  integral         :          0          0          0          0         35          0          0         16          0          0          0          0          0          0         70
  varbound         :         44         44         21      11329          0          0          0         11          0          0          0          0          0          0          0
  knapsack         :         13         13         21      11161          0          0          0          9          1          0          5         59          1          0          0
  setppc           :         20+        27         21       9762          0          0          0          9         63          8         44          0          0          0          0
  linear           :       1105+      1111         21      11322          0          0          0         10        445        166       1408          0          0          0          0
  orbitope_pp      :          3          3          0       5997          0          0          0          6          0          0          0          0          0          0          0
  logicor          :       1081+      1110         21       1656          0          0          0          6         50          4         27          1          0          0          0
  bounddisjunction :          0+        58          0       1216          0          0          0          0         13          1         15          0          0          0          0
  fixedvar         :          0          0          0          0          0          0          0          7          0          0          0          0          0          0          0
  countsols        :          0          0          0          0          0          0          0          7          0          0          0          0          0          0          0
  components       :          0          0          0          0          0          0          0          0          0          0          0          0          0          0          0
Constraint Timings :  TotalTime  SetupTime   Separate  Propagate     EnfoLP     EnfoPS     EnfoRelax   Check    ResProp    SB-Prop
  integral         :       0.10       0.00       0.00       0.00       0.10       0.00       0.00       0.00       0.00       0.00
  varbound         :       0.14       0.00       0.00       0.14       0.00       0.00       0.00       0.00       0.00       0.00
  knapsack         :       0.00       0.00       0.00       0.00       0.00       0.00       0.00       0.00       0.00       0.00
  setppc           :       0.00       0.00       0.00       0.00       0.00       0.00       0.00       0.00       0.00       0.00
  linear           :       0.74       0.00       0.00       0.74       0.00       0.00       0.00       0.00       0.00       0.00
  orbitope_pp      :       0.01       0.00       0.00       0.01       0.00       0.00       0.00       0.00       0.00       0.00
  logicor          :       0.02       0.00       0.00       0.02       0.00       0.00       0.00       0.00       0.00       0.00
  bounddisjunction :       0.00       0.00       0.00       0.00       0.00       0.00       0.00       0.00       0.00       0.00
  fixedvar         :       0.00       0.00       0.00       0.00       0.00       0.00       0.00       0.00       0.00       0.00
  countsols        :       0.00       0.00       0.00       0.00       0.00       0.00       0.00       0.00       0.00       0.00
  components       :       0.00       0.00       0.00       0.00       0.00       0.00       0.00       0.00       0.00       0.00
Propagators        : #Propagate   #ResProp    Cutoffs    DomReds
  dualfix          :          2          0          0          0
  genvbounds       :          0          0          0          0
  nlobbt           :          0          0          0          0
  obbt             :          0          0          0          0
  probing          :          0          0          0          0
  pseudoobj        :        159          0          0         11
  redcost          :         37          0          0          1
  rootredcost      :          6          0          0         82
  symmetry         :          0          0          0          0
  vbounds          :       3527        170          5        259
Propagator Timings :  TotalTime  SetupTime   Presolve  Propagate    ResProp    SB-Prop
  dualfix          :       0.00       0.00       0.00       0.00       0.00       0.00
  genvbounds       :       0.00       0.00       0.00       0.00       0.00       0.00
  nlobbt           :       0.00       0.00       0.00       0.00       0.00       0.00
  obbt             :       0.00       0.00       0.00       0.00       0.00       0.00
  probing          :       0.78       0.00       0.78       0.00       0.00       0.00
  pseudoobj        :       0.00       0.00       0.00       0.00       0.00       0.00
  redcost          :       0.00       0.00       0.00       0.00       0.00       0.00
  rootredcost      :       0.00       0.00       0.00       0.00       0.00       0.00
  symmetry         :       0.01       0.00       0.01       0.00       0.00       0.00
  vbounds          :       0.07       0.00       0.00       0.07       0.00       0.00
Symmetry           :
  #affected vars   :        661 (653 bin, 8 int, 0 cont)
  orbitopal red.   :          0 reductions applied,          0 cutoffs
  orbital reduction:          0 reductions applied,          0 cutoffs
  lexicographic red:          0 reductions applied,          0 cutoffs
  shadow tree time :       0.00 s
Conflict Analysis  :       Time      Calls    Success    DomReds  Conflicts   Literals    Reconvs ReconvLits   Dualrays   Nonzeros   LP Iters   (pool size: [10000,10000])
  propagation      :       0.00         65         54          -         88        4.8          0        0.0          -          -          -
  infeasible LP    :       0.00         16         19          -         19        3.2          0        0.0         16        3.1          0
  bound exceed. LP :       0.00          1          2          -          1        1.0          0        0.0          1        1.0          0
  strong branching :       0.00          0          0          -          0        0.0          0        0.0          -          -          0
  pseudo solution  :       0.00          0          0          -          0        0.0          0        0.0          -          -          -
  applied globally :       0.00          -          -          4        102        4.4          -          -         17          -          -
  applied locally  :          -          -          -          0          0        0.0          -          -          0          -          -
Gen. Resolution CA :       Time      Calls    Success  Conflicts  LargeCoef  LongConfs    Length
  propagation      :       0.00          0          0          0          0          0       0.0
Separators         :   ExecTime  SetupTime      Calls  RootCalls    Cutoffs    DomReds  FoundCuts ViaPoolAdd  DirectAdd    Applied ViaPoolApp  DirectApp      Conss
  cut pool         :       0.00          -         40         40          -          -       2438       3055          -          -          -          -          -    (maximal pool size:       2420)
  aggregation      :       0.03       0.00         21         21          0          0         57         68          0         33         33          0          0
  > cmir           :          -          -          -          -          -          -          -         68          0         33         33          0          -
  > flowcover      :          -          -          -          -          -          -          -          0          0          0          0          0          -
  > knapsackcover  :          -          -          -          -          -          -          -          0          0          0          0          0          -
  cgmip            :       0.00       0.00          0          0          0          0          0          0          0          0          0          0          0
  clique           :       0.00       0.00         21         21          0          0          0          0          0          0          0          0          0
  closecuts        :       0.00       0.00          0          0          0          0          0          0          0          0          0          0          0
  convexproj       :       0.00       0.00          0          0          0          0          0          0          0          0          0          0          0
  disjunctive      :       0.00       0.00          0          0          0          0          0          0          0          0          0          0          0
  eccuts           :       0.00       0.00          0          0          0          0          0          0          0          0          0          0          0
  flower           :       0.00       0.00         29         21          0          0          0          0          0          0          0          0          0
  gauge            :       0.00       0.00          0          0          0          0          0          0          0          0          0          0          0
  gomory           :       0.13       0.00         10         10          0          0       1855       2183          0        119        119          0          0
  > gomorymi       :          -          -          -          -          -          -          -       1031          0         41         41          0          -
  > strongcg       :          -          -          -          -          -          -          -       1152          0         78         78          0          -
  impliedbounds    :       0.00       0.00         21         21          0          0        429        711          0        178        178          0          0
  interminor       :       0.00       0.00          0          0          0          0          0          0          0          0          0          0          0
  intobj           :       0.00       0.00          0          0          0          0          0          0          0          0          0          0          0
  lagromory        :       0.00       0.00          0          0          0          0          0          0          0          0          0          0          0
  mcf              :       0.00       0.00          1          1          0          0          0          0          0          0          0          0          0
  minor            :       0.00       0.00          0          0          0          0          0          0          0          0          0          0          0
  mixing           :       0.00       0.00         21         21          0          0          0          0          0          0          0          0          0
  oddcycle         :       0.00       0.00          0          0          0          0          0          0          0          0          0          0          0
  rapidlearning    :       2.99       0.00          9          1          0        566          0          0          0          0          0          0         50
  rlt              :       0.00       0.00         10         10          0          0          0          0          0          0          0          0          0
  zerohalf         :       0.01       0.00         20         20          0          0         79         93          0         52         52          0          0
Cutselectors       :   ExecTime  SetupTime      Calls  RootCalls   Selected     Forced   Filtered  RootSelec   RootForc   RootFilt 
  hybrid           :       0.00       0.00         20         20        383          0       2732        383          0       2732
  ensemble         :       0.00       0.00          0          0          0          0          0          0          0          0
  dynamic          :       0.00       0.00          0          0          0          0          0          0          0          0
Pricers            :   ExecTime  SetupTime      Calls       Vars
  problem variables:       0.00          -          0          0
Branching Rules    :   ExecTime  SetupTime   BranchLP  BranchExt   BranchPS    Cutoffs    DomReds       Cuts      Conss   Children
  allfullstrong    :       0.00       0.00          0          0          0          0          0          0          0          0
  cloud            :       0.00       0.00          0          0          0          0          0          0          0          0
  distribution     :       0.00       0.00          0          0          0          0          0          0          0          0
  fullstrong       :       0.00       0.00          0          0          0          0          0          0          0          0
  gomory           :       0.00       0.00          0          0          0          0          0          0          0          0
  inference        :       0.00       0.00          0          0          0          0          0          0          0          0
  leastinf         :       0.00       0.00          0          0          0          0          0          0          0          0
  lookahead        :       0.00       0.00          0          0          0          0          0          0          0          0
  mostinf          :       0.00       0.00          0          0          0          0          0          0          0          0
  multaggr         :       0.00       0.00          0          0          0          0          0          0          0          0
  nodereopt        :       0.00       0.00          0          0          0          0          0          0          0          0
  pscost           :       0.00       0.00          0          0          0          0          0          0          0          0
  random           :       0.00       0.00          0          0          0          0          0          0          0          0
  relpscost        :       0.10       0.00         35          0          0          0          0          0          0         70
  vanillafullstrong:       0.00       0.00          0          0          0          0          0          0          0          0
Primal Heuristics  :   ExecTime  SetupTime      Calls      Found       Best
  LP solutions     :       0.00          -          -          0          0
  relax solutions  :       0.00          -          -          0          0
  pseudo solutions :       0.00          -          -          0          0
  strong branching :       0.00          -          -          0          0
  actconsdiving    :       0.00       0.00          0          0          0
  adaptivediving   :       0.17       0.00          3          0          0
  alns             :       0.00       0.00          0          0          0
  bound            :       0.00       0.00          0          0          0
  clique           :       0.01       0.00          1          0          0
  coefdiving       :       0.00       0.00          0          0          0
  completesol      :       0.00       0.00          0          0          0
  conflictdiving   :       0.06       0.00          1          0          0
  crossover        :       0.00       0.00          0          0          0
  dins             :       0.00       0.00          0          0          0
  distributiondivin:       0.12       0.00          2          2          2
  dks              :       0.00       0.00          0          0          0
  dps              :       0.00       0.00          0          0          0
  dualval          :       0.00       0.00          0          0          0
  farkasdiving     :       0.00       0.00          0          0          0
  feaspump         :       0.01       0.00          1          0          0
  fixandinfer      :       0.00       0.00          0          0          0
  fracdiving       :       0.06       0.00          2          0          0
  gins             :       0.00       0.00          0          0          0
  guideddiving     :       0.00       0.00          1          0          0
  indicator        :       0.00       0.00          0          0          0
  indicatordiving  :       0.00       0.00          0          0          0
  intdiving        :       0.00       0.00          0          0          0
  intshifting      :       0.00       0.00          0          0          0
  linesearchdiving :       0.05       0.00          3          0          0
  localbranching   :       0.00       0.00          0          0          0
  locks            :       0.03       0.00          1          0          0
  lpface           :       0.00       0.00          0          0          0
  mpec             :       0.00       0.00          0          0          0
  multistart       :       0.00       0.00          0          0          0
  mutation         :       0.00       0.00          0          0          0
  nlpdiving        :       0.00       0.00          0          0          0
  objpscostdiving  :       0.36       0.00          1          0          0
  octane           :       0.00       0.00          0          0          0
  ofins            :       0.00       0.00          0          0          0
  oneopt           :       0.00       0.00          5          0          0
  padm             :       0.00       0.00          0          0          0
  proximity        :       0.00       0.00          0          0          0
  pscostdiving     :       0.06       0.00          3          0          0
  randrounding     :       0.36       0.00         32          0          0
  rens             :       0.02       0.00          1          0          0
  reoptsols        :       0.00       0.00          0          0          0
  repair           :       0.00       0.00          0          0          0
  rins             :       0.00       0.00          0          0          0
  rootsoldiving    :       0.06       0.00          1          0          0
  rounding         :       0.01       0.00         67          0          0
  scheduler        :       0.00       0.00          0          0          0
  shiftandpropagate:       0.03       0.00          1          0          0
  shifting         :       0.08       0.00         39          0          0
  simplerounding   :       0.00       0.00         74          0          0
  subnlp           :       0.00       0.00          0          0          0
  trivial          :       0.00       0.00          2          0          0
  trivialnegation  :       0.00       0.00          0          0          0
  trustregion      :       0.00       0.00          0          0          0
  trysol           :       0.00       0.00          0          0          0
  twoopt           :       0.00       0.00          0          0          0
  undercover       :       0.00       0.00          0          0          0
  vbounds          :       0.13       0.00          1          0          0
  veclendiving     :       0.07       0.00          3          2          2
  zeroobj          :       0.00       0.00          0          0          0
  zirounding       :       0.00       0.00         35          0          0
  other solutions  :          -          -          -          0          -
LNS (Scheduler)    :      Calls  SetupTime  SolveTime SolveNodes       Sols       Best       Exp3    Exp3-IX  EpsGreedy        UCB TgtFixRate  Opt  Inf Node Stal  Sol  Usr Othr Actv
  rens             :          0       0.00       0.00          0          0          0    0.00000    0.12500   -1.00000    1.00000      0.900    0    0    0    0    0    0    0    1
  rins             :          0       0.00       0.00          0          0          0    0.00000    0.12500   -1.00000    1.00000      0.900    0    0    0    0    0    0    0    1
  mutation         :          0       0.00       0.00          0          0          0    0.00000    0.12500   -1.00000    1.00000      0.900    0    0    0    0    0    0    0    1
  localbranching   :          0       0.00       0.00          0          0          0    0.00000    0.12500   -1.00000    1.00000      0.900    0    0    0    0    0    0    0    1
  crossover        :          0       0.00       0.00          0          0          0    0.00000    0.12500   -1.00000    1.00000      0.900    0    0    0    0    0    0    0    1
  proximity        :          0       0.00       0.00          0          0          0    0.00000    0.12500   -1.00000    1.00000      0.900    0    0    0    0    0    0    0    1
  zeroobjective    :          0       0.00       0.00          0          0          0    0.00000    0.12500   -1.00000    1.00000      0.900    0    0    0    0    0    0    0    1
  dins             :          0       0.00       0.00          0          0          0    0.00000    0.12500   -1.00000    1.00000      0.900    0    0    0    0    0    0    0    1
  trustregion      :          0       0.00       0.00          0          0          0    0.00000    0.00000   -1.00000    1.00000      0.900    0    0    0    0    0    0    0    0
LP                 :       Time      Calls Iterations  Iter/call   Iter/sec  Time-0-It Calls-0-It
  primal LP        :       0.00          5          0       0.00          -       0.00          5
  dual LP          :       0.12         77       3545      47.27   28561.99       0.00          2
  lex dual LP      :       0.00          0          0       0.00          -
  barrier LP       :       0.00          0          0       0.00          -       0.00          0
  resolve instable :       0.00          0          0       0.00          -
  diving/probing LP:       0.97        244      13444      55.10   13910.63
  strong branching :       0.07         23       1655      71.96   23138.12          -          -          0
    (at root node) :          -         23       1655      71.96          -
  conflict analysis:       0.00          0          0       0.00          -
Relaxators         :       Time      Calls    Cutoffs ImprBounds   ImprTime ReducedDom  Separated AddedConss
  benders          :       0.00          0          0          0       0.00          0          0          0
B&B Tree           :
  number of runs   :          1
  nodes            :         41 (35 internal, 6 leaves)
  feasible leaves  :          0
  infeas. leaves   :          5
  objective leaves :          1
  nodes (total)    :         41 (35 internal, 6 leaves)
  nodes left       :          0
  max depth        :          8
  max depth (total):          8
  backtracks       :         23 (56.1%)
  early backtracks :          0 (0.0%)
  nodes exc. ref.  :          0 (0.0%)
  delayed cutoffs  :         27
  repropagations   :         38 (665 domain reductions, 3 cutoffs)
  avg switch length:       4.44
  switching time   :       0.01
Root Node          :
  First LP value   : +4.80000000000000e+01
  First LP Iters   :        376 (31612.58 Iter/sec)
  First LP Time    :       0.01
  Final Dual Bound : +5.90000000000000e+01
  Final Root Iters :       3371
  Root LP Estimate : +6.59494783062631e+01
Solution           :
  Solutions found  :          6 (6 improvements)
  First Solution   : +1.09000000000000e+02   (in run 1, after 21 nodes, 4.84 seconds, depth 34, found by <distributiondiving>)
  Gap First Sol.   :      84.75 %
  Gap Last Sol.    :      33.90 %
  Primal Bound     : +7.90000000000000e+01   (in run 1, after 38 nodes, 5.99 seconds, depth 5, found by <relaxation>)
  Dual Bound       : +7.90000000000000e+01
  Gap              :       0.00 %
Integrals          :      Total       Avg%
  primal-dual      :     531.54      87.99
  primal-ref       :          -          - (not evaluated)
  dual-ref         :          -          - (not evaluated)
