SCIP version 10.0.0 [precision: 8 byte] [memory: block] [mode: optimized] [LP solver: SoPlex 8.0.0] [GitHash: 0c80fdd8e9]
Copyright (c) 2002-2025 Zuse Institute Berlin (ZIB)

External libraries: 
  Readline 8.3         GNU library for command line editing (gnu.org/s/readline)
  SoPlex 8.0.0         Linear programming solver developed at Zuse Institute Berlin (soplex.zib.de) [GitHash: 2207cfb2]
  CppAD 20180000.0     Algorithmic Differentiation of C++ algorithms developed by B. Bell (github.com/coin-or/CppAD)
  ZLIB 1.2.12          General purpose compression library by J. Gailly and M. Adler (zlib.net)
  MPFR 4.2.2           GNU Multiple Precision Floating-Point Reliable Library (mpfr.org)
  Boost 1.89.0         Boost C++ Libraries (boost.org)
  TinyCThread 1.2      small portable implementation of the C11 threads API (tinycthread.github.io)
  GMP 6.3.0            GNU Multiple Precision Arithmetic Library developed by T. Granlund (gmplib.org)
  AMPL/MP 4.0.3        AMPL .nl file reader library (github.com/ampl/mp)
  PaPILO 3.0.0         parallel presolve for integer and linear optimization (github.com/scipopt/papilo) (built with TBB)
  Nauty 2.8.8          Computing Graph Automorphism Groups by Brendan D. McKay (users.cecs.anu.edu.au/~bdm/nauty)
  sassy 2.0            Symmetry preprocessor by Markus Anders (github.com/markusa4/sassy)
  Ipopt 3.14.19        Interior Point Optimizer developed by A. Waechter et.al. (github.com/coin-or/Ipopt)

reading user parameter file </Users/maxbig/SCIP/SCIPOptSuite-9.2.1-Linux/only_time.set>

read problem </Users/maxbig/SCIP/SCIPOptSuite-9.2.1-Linux/inputs/new_tr/order/layered_12_2_buf_times_P3_M8500_up_right_input.lp>
============

original problem has 625 variables (612 bin, 13 int, 0 cont) and 2008 constraints

solve problem
=============

presolving:
(round 1, fast)       56 del vars, 36 del conss, 0 add conss, 19 chg bounds, 0 chg sides, 0 chg coeffs, 0 upgd conss, 0 impls, 13 clqs, 0 implints
(round 2, fast)       56 del vars, 36 del conss, 0 add conss, 24 chg bounds, 0 chg sides, 0 chg coeffs, 0 upgd conss, 0 impls, 13 clqs, 0 implints
   (0.0s) running MILP presolver
   (0.0s) MILP presolver (2 rounds): 0 aggregations, 0 fixings, 0 bound changes
(round 3, exhaustive) 56 del vars, 319 del conss, 0 add conss, 24 chg bounds, 0 chg sides, 0 chg coeffs, 0 upgd conss, 0 impls, 13 clqs, 0 implints
(round 4, exhaustive) 56 del vars, 357 del conss, 0 add conss, 24 chg bounds, 57 chg sides, 0 chg coeffs, 0 upgd conss, 0 impls, 13 clqs, 0 implints
(round 5, fast)       75 del vars, 357 del conss, 0 add conss, 24 chg bounds, 65 chg sides, 8 chg coeffs, 0 upgd conss, 0 impls, 13 clqs, 0 implints
(round 6, exhaustive) 75 del vars, 366 del conss, 0 add conss, 24 chg bounds, 65 chg sides, 8 chg coeffs, 0 upgd conss, 0 impls, 13 clqs, 0 implints
(round 7, exhaustive) 75 del vars, 366 del conss, 0 add conss, 24 chg bounds, 65 chg sides, 8 chg coeffs, 857 upgd conss, 0 impls, 13 clqs, 0 implints
(round 8, medium)     75 del vars, 366 del conss, 1 add conss, 24 chg bounds, 66 chg sides, 11 chg coeffs, 857 upgd conss, 0 impls, 13 clqs, 0 implints
   (0.6s) probing cycle finished: starting next cycle
   (0.6s) probing: 1/537 (0.2%) - 0 fixings, 0 aggregations, 2271 implications, 0 bound changes
   (0.6s) probing aborted: 50/50 successive totally useless probings
   (0.6s) symmetry computation started: requiring (bin +, int +, cont +), (fixed: bin -, int -, cont -)
   (0.6s) symmetry computation finished: 2 generators found (max: 1500, log10 of symmetry group size: 0.78) (symcode time: 0.00)
dynamic symmetry handling statistics:
   orbitopal reduction:       no components
   orbital reduction:         no components
   lexicographic reduction:   no permutations
handled 1 out of 1 symmetry components
(round 9, exhaustive) 79 del vars, 366 del conss, 2 add conss, 24 chg bounds, 66 chg sides, 11 chg coeffs, 857 upgd conss, 2302 impls, 12 clqs, 0 implints
(round 10, fast)       81 del vars, 476 del conss, 2 add conss, 24 chg bounds, 66 chg sides, 77 chg coeffs, 857 upgd conss, 2302 impls, 75 clqs, 0 implints
(round 11, medium)     93 del vars, 476 del conss, 2 add conss, 24 chg bounds, 66 chg sides, 77 chg coeffs, 857 upgd conss, 2302 impls, 51 clqs, 0 implints
(round 12, fast)       93 del vars, 500 del conss, 2 add conss, 24 chg bounds, 66 chg sides, 77 chg coeffs, 857 upgd conss, 2302 impls, 51 clqs, 0 implints
   (0.7s) probing cycle finished: starting next cycle
(round 13, exhaustive) 103 del vars, 500 del conss, 2 add conss, 24 chg bounds, 66 chg sides, 77 chg coeffs, 857 upgd conss, 2302 impls, 43 clqs, 0 implints
(round 14, fast)       103 del vars, 510 del conss, 2 add conss, 24 chg bounds, 66 chg sides, 77 chg coeffs, 857 upgd conss, 2302 impls, 43 clqs, 0 implints
   (0.8s) probing: 419/510 (82.2%) - 0 fixings, 10 aggregations, 2790 implications, 0 bound changes
   (0.8s) probing aborted: 50/50 successive totally useless probings
presolving (15 rounds: 15 fast, 9 medium, 7 exhaustive):
 103 deleted vars, 510 deleted constraints, 2 added constraints, 24 tightened bounds, 0 added holes, 66 changed sides, 77 changed coefficients
 2302 implications, 43 cliques, 0 implied integral variables (0 bin, 0 int, 0 cont)
presolved problem has 523 variables (510 bin, 13 int, 0 cont) and 1500 constraints
     41 constraints of type <varbound>
     11 constraints of type <knapsack>
     11 constraints of type <setppc>
    785 constraints of type <linear>
      1 constraints of type <orbitope_pp>
    651 constraints of type <logicor>
transformed objective value is always integral (scale: 1)
Presolving Time: 0.75

 time | node  | left  |LP iter|LP it/n|mem/heur|mdpt |vars |cons |rows |cuts |sepa|confs|strbr|  dualbound   | primalbound  |  gap   | compl. 
  0.9s|     1 |     0 |   313 |     - |    18M |   0 | 523 |1521 |1499 |   0 |  0 |  21 |   0 | 2.000000e+01 |      --      |    Inf | unknown
  0.9s|     1 |     0 |   897 |     - |    19M |   0 | 523 |1521 |1605 | 106 |  1 |  21 |   0 | 2.000000e+01 |      --      |    Inf | unknown
  1.0s|     1 |     0 |  1086 |     - |    19M |   0 | 523 |1523 |1670 | 171 |  2 |  23 |   0 | 2.254545e+01 |      --      |    Inf | unknown
  1.0s|     1 |     0 |  1179 |     - |    19M |   0 | 523 |1523 |1665 | 171 |  2 |  23 |   0 | 2.300000e+01 |      --      |    Inf | unknown
  1.0s|     1 |     0 |  1239 |     - |    19M |   0 | 523 |1524 |1694 | 200 |  3 |  24 |   0 | 2.387833e+01 |      --      |    Inf | unknown
  1.0s|     1 |     0 |  1275 |     - |    19M |   0 | 523 |1524 |1690 | 200 |  3 |  24 |   0 | 2.400000e+01 |      --      |    Inf | unknown
  1.0s|     1 |     0 |  1327 |     - |    20M |   0 | 523 |1524 |1717 | 227 |  4 |  24 |   0 | 2.472727e+01 |      --      |    Inf | unknown
  1.0s|     1 |     0 |  1343 |     - |    20M |   0 | 523 |1524 |1713 | 227 |  4 |  24 |   0 | 2.500000e+01 |      --      |    Inf | unknown
  1.0s|     1 |     0 |  1395 |     - |    20M |   0 | 523 |1524 |1733 | 249 |  5 |  24 |   0 | 2.506667e+01 |      --      |    Inf | unknown
  1.0s|     1 |     0 |  1439 |     - |    20M |   0 | 523 |1524 |1728 | 249 |  5 |  24 |   0 | 2.600000e+01 |      --      |    Inf | unknown
  1.0s|     1 |     0 |  1560 |     - |    21M |   0 | 523 |1524 |1749 | 270 |  6 |  24 |   0 | 2.600000e+01 |      --      |    Inf | unknown
  1.1s|     1 |     0 |  1669 |     - |    22M |   0 | 523 |1526 |1669 | 283 |  7 |  26 |   0 | 2.600000e+01 |      --      |    Inf | unknown
  1.1s|     1 |     0 |  1765 |     - |    22M |   0 | 523 |1526 |1688 | 302 |  8 |  26 |   0 | 2.621898e+01 |      --      |    Inf | unknown
  1.1s|     1 |     0 |  1796 |     - |    22M |   0 | 523 |1526 |1675 | 302 |  8 |  26 |   0 | 2.700000e+01 |      --      |    Inf | unknown
  1.1s|     1 |     0 |  1838 |     - |    23M |   0 | 523 |1527 |1690 | 317 |  9 |  27 |   0 | 2.700000e+01 |      --      |    Inf | unknown
 time | node  | left  |LP iter|LP it/n|mem/heur|mdpt |vars |cons |rows |cuts |sepa|confs|strbr|  dualbound   | primalbound  |  gap   | compl. 
  1.1s|     1 |     0 |  1944 |     - |    24M |   0 | 523 |1529 |1708 | 335 | 10 |  29 |   0 | 2.725773e+01 |      --      |    Inf | unknown
  1.1s|     1 |     0 |  1984 |     - |    24M |   0 | 523 |1529 |1693 | 335 | 10 |  29 |   0 | 2.800000e+01 |      --      |    Inf | unknown
  1.1s|     1 |     0 |  2029 |     - |    24M |   0 | 523 |1529 |1703 | 345 | 11 |  29 |   0 | 2.800000e+01 |      --      |    Inf | unknown
  1.1s|     1 |     0 |  2067 |     - |    24M |   0 | 523 |1529 |1706 | 348 | 12 |  29 |   0 | 2.800000e+01 |      --      |    Inf | unknown
  1.1s|     1 |     0 |  2101 |     - |    24M |   0 | 523 |1529 |1708 | 350 | 13 |  29 |   0 | 2.800000e+01 |      --      |    Inf | unknown
  1.2s|     1 |     0 |  2143 |     - |    24M |   0 | 523 |1530 |1716 | 358 | 14 |  30 |   0 | 2.800000e+01 |      --      |    Inf | unknown
  1.2s|     1 |     0 |  2172 |     - |    24M |   0 | 523 |1530 |1722 | 364 | 15 |  30 |   0 | 2.800000e+01 |      --      |    Inf | unknown
  1.2s|     1 |     0 |  2190 |     - |    25M |   0 | 523 |1530 |1727 | 369 | 16 |  30 |   0 | 2.800000e+01 |      --      |    Inf | unknown
  1.2s|     1 |     0 |  2203 |     - |    25M |   0 | 523 |1530 |1733 | 375 | 17 |  30 |   0 | 2.800000e+01 |      --      |    Inf | unknown
  1.2s|     1 |     0 |  2259 |     - |    25M |   0 | 523 |1530 |1739 | 381 | 18 |  30 |   0 | 2.800000e+01 |      --      |    Inf | unknown
  1.2s|     1 |     0 |  2296 |     - |    25M |   0 | 523 |1533 |1743 | 385 | 19 |  33 |   0 | 2.800000e+01 |      --      |    Inf | unknown
  1.2s|     1 |     0 |  2313 |     - |    25M |   0 | 523 |1535 |1747 | 389 | 20 |  35 |   0 | 2.800000e+01 |      --      |    Inf | unknown
  1.2s|     1 |     0 |  2331 |     - |    25M |   0 | 523 |1536 |1749 | 391 | 21 |  36 |   0 | 2.800000e+01 |      --      |    Inf | unknown
  1.2s|     1 |     0 |  2338 |     - |    25M |   0 | 523 |1537 |1750 | 392 | 22 |  37 |   0 | 2.800000e+01 |      --      |    Inf | unknown
  1.3s|     1 |     0 |  2989 |     - |    26M |   0 | 523 |1554 |1750 | 392 | 23 |  54 |  32 | 2.800000e+01 |      --      |    Inf | unknown
 time | node  | left  |LP iter|LP it/n|mem/heur|mdpt |vars |cons |rows |cuts |sepa|confs|strbr|  dualbound   | primalbound  |  gap   | compl. 
  1.3s|     1 |     0 |  3005 |     - |    26M |   0 | 523 |1555 |1756 | 398 | 24 |  55 |  32 | 2.800000e+01 |      --      |    Inf | unknown
  1.3s|     1 |     0 |  3008 |     - |    26M |   0 | 523 |1556 |1758 | 400 | 25 |  56 |  32 | 2.800000e+01 |      --      |    Inf | unknown
  1.4s|     1 |     0 |  3039 |     - |    26M |   0 | 523 |1557 |1566 | 400 | 25 |  57 |  51 | 3.000000e+01 |      --      |    Inf | unknown
  1.4s|     1 |     0 |  3053 |     - |    26M |   0 | 523 |1558 |1569 | 403 | 26 |  58 |  51 | 3.000000e+01 |      --      |    Inf | unknown
  1.4s|     1 |     0 |  3061 |     - |    26M |   0 | 523 |1558 |1570 | 404 | 27 |  58 |  51 | 3.000000e+01 |      --      |    Inf | unknown
  1.4s|     1 |     2 |  3067 |     - |    26M |   0 | 523 |1558 |1570 | 404 | 27 |  58 |  67 | 3.000000e+01 |      --      |    Inf | unknown
 14.5s|   100 |    80 |  6285 |  39.3 |    29M |  21 | 523 |1584 |1594 | 847 |  1 |  92 |  67 | 3.000000e+01 |      --      |    Inf |  12.06%
o14.5s|   101 |    81 |  6486 |  40.9 |objpscos|  21 | 523 |1584 |1594 | 847 |  1 |  92 |  67 | 3.000000e+01 | 5.200000e+01 |  73.33%|  12.06%
*14.7s|   112 |    23 |  7665 |  47.5 |    LP  |  21 | 523 |1559 |1541 | 847 |  0 |  96 |  67 | 3.800000e+01 | 4.700000e+01 |  23.68%|  77.62%
 15.3s|   200 |    37 | 12402 |  50.3 |    33M |  21 | 523 |1268 |1571 |1601 |  1 | 116 |  67 | 3.800000e+01 | 4.700000e+01 |  23.68%|  94.84%
 15.4s|   300 |    30 | 13908 |  38.5 |    33M |  21 | 523 |1276 |1541 |1946 |  1 | 129 |  67 | 4.100000e+01 | 4.700000e+01 |  14.63%|  97.55%

SCIP Status        : solving was interrupted [termination signal received]
Solving Time (sec) : 15.57
Solving Nodes      : 376
Primal Bound       : +4.70000000000000e+01 (2 solutions)
Dual Bound         : +4.14589041095890e+01
Gap                : 13.37 %

primal solution (original space):
=================================

objective value:                                   47
m_11_11                                             1 	(obj:0)
m_10_11                                             1 	(obj:0)
m_10_10                                             1 	(obj:0)
m_10_8                                              1 	(obj:0)
m_10_4                                              1 	(obj:0)
m_9_11                                              1 	(obj:0)
m_9_9                                               1 	(obj:0)
m_9_8                                               1 	(obj:0)
m_9_4                                               1 	(obj:0)
m_8_8                                               1 	(obj:0)
m_7_11                                              1 	(obj:0)
m_7_10                                              1 	(obj:0)
m_7_9                                               1 	(obj:0)
m_7_8                                               1 	(obj:0)
m_7_7                                               1 	(obj:0)
m_7_5                                               1 	(obj:0)
m_7_4                                               1 	(obj:0)
m_6_11                                              1 	(obj:0)
m_6_10                                              1 	(obj:0)
m_6_9                                               1 	(obj:0)
m_6_8                                               1 	(obj:0)
m_6_6                                               1 	(obj:0)
m_6_5                                               1 	(obj:0)
m_6_4                                               1 	(obj:0)
m_5_11                                              1 	(obj:0)
m_5_10                                              1 	(obj:0)
m_5_9                                               1 	(obj:0)
m_5_8                                               1 	(obj:0)
m_5_5                                               1 	(obj:0)
m_5_4                                               1 	(obj:0)
m_4_11                                              1 	(obj:0)
m_4_8                                               1 	(obj:0)
m_4_4                                               1 	(obj:0)
m_3_11                                              1 	(obj:0)
m_3_10                                              1 	(obj:0)
m_3_9                                               1 	(obj:0)
m_3_8                                               1 	(obj:0)
m_3_7                                               1 	(obj:0)
m_3_6                                               1 	(obj:0)
m_3_5                                               1 	(obj:0)
m_3_4                                               1 	(obj:0)
m_3_3                                               1 	(obj:0)
m_3_1                                               1 	(obj:0)
m_2_11                                              1 	(obj:0)
m_2_10                                              1 	(obj:0)
m_2_9                                               1 	(obj:0)
m_2_8                                               1 	(obj:0)
m_2_7                                               1 	(obj:0)
m_2_6                                               1 	(obj:0)
m_2_5                                               1 	(obj:0)
m_2_4                                               1 	(obj:0)
m_2_2                                               1 	(obj:0)
m_2_1                                               1 	(obj:0)
m_1_11                                              1 	(obj:0)
m_1_10                                              1 	(obj:0)
m_1_9                                               1 	(obj:0)
m_1_8                                               1 	(obj:0)
m_1_7                                               1 	(obj:0)
m_1_6                                               1 	(obj:0)
m_1_5                                               1 	(obj:0)
m_1_4                                               1 	(obj:0)
m_1_1                                               1 	(obj:0)
m_0_11                                              1 	(obj:0)
m_0_10                                              1 	(obj:0)
m_0_9                                               1 	(obj:0)
m_0_8                                               1 	(obj:0)
m_0_7                                               1 	(obj:0)
m_0_6                                               1 	(obj:0)
m_0_5                                               1 	(obj:0)
m_0_4                                               1 	(obj:0)
m_0_1                                               1 	(obj:0)
m_0_0                                               1 	(obj:0)
p_1_11                                              1 	(obj:0)
p_1_10                                              1 	(obj:0)
p_3_9                                               1 	(obj:0)
p_2_8                                               1 	(obj:0)
p_1_7                                               1 	(obj:0)
p_3_6                                               1 	(obj:0)
p_3_5                                               1 	(obj:0)
p_2_4                                               1 	(obj:0)
p_2_3                                               1 	(obj:0)
p_1_2                                               1 	(obj:0)
p_3_1                                               1 	(obj:0)
p_3_0                                               1 	(obj:0)
t_11_11                                             1 	(obj:0)
z_11_10                                             1 	(obj:0)
t_11_10                                             1 	(obj:0)
z_11_9                                              1 	(obj:0)
z_11_7                                              1 	(obj:0)
t_11_7                                              1 	(obj:0)
z_11_6                                              1 	(obj:0)
z_11_5                                              1 	(obj:0)
z_11_4                                              1 	(obj:0)
z_11_3                                              1 	(obj:0)
z_11_2                                              1 	(obj:0)
t_11_2                                              1 	(obj:0)
z_11_1                                              1 	(obj:0)
z_11_0                                              1 	(obj:0)
t_10_11                                             1 	(obj:0)
t_10_10                                             1 	(obj:0)
z_10_7                                              1 	(obj:0)
t_10_7                                              1 	(obj:0)
z_10_6                                              1 	(obj:0)
z_10_5                                              1 	(obj:0)
z_10_3                                              1 	(obj:0)
z_10_2                                              1 	(obj:0)
t_10_2                                              1 	(obj:0)
z_10_1                                              1 	(obj:0)
z_10_0                                              1 	(obj:0)
t_9_9                                               1 	(obj:0)
z_9_7                                               1 	(obj:0)
z_9_6                                               1 	(obj:0)
t_9_6                                               1 	(obj:0)
z_9_5                                               1 	(obj:0)
t_9_5                                               1 	(obj:0)
z_9_3                                               1 	(obj:0)
z_9_2                                               1 	(obj:0)
z_9_1                                               1 	(obj:0)
t_9_1                                               1 	(obj:0)
z_9_0                                               1 	(obj:0)
t_9_0                                               1 	(obj:0)
z_8_10                                              1 	(obj:0)
z_8_9                                               1 	(obj:0)
t_8_8                                               1 	(obj:0)
z_8_7                                               1 	(obj:0)
z_8_6                                               1 	(obj:0)
z_8_5                                               1 	(obj:0)
z_8_4                                               1 	(obj:0)
t_8_4                                               1 	(obj:0)
z_8_3                                               1 	(obj:0)
t_8_3                                               1 	(obj:0)
z_8_2                                               1 	(obj:0)
z_8_1                                               1 	(obj:0)
z_8_0                                               1 	(obj:0)
t_7_11                                              1 	(obj:0)
t_7_10                                              1 	(obj:0)
t_7_7                                               1 	(obj:0)
z_7_3                                               1 	(obj:0)
z_7_2                                               1 	(obj:0)
t_7_2                                               1 	(obj:0)
z_7_1                                               1 	(obj:0)
z_7_0                                               1 	(obj:0)
t_6_9                                               1 	(obj:0)
t_6_6                                               1 	(obj:0)
t_6_5                                               1 	(obj:0)
z_6_3                                               1 	(obj:0)
z_6_2                                               1 	(obj:0)
z_6_1                                               1 	(obj:0)
t_6_1                                               1 	(obj:0)
z_6_0                                               1 	(obj:0)
t_6_0                                               1 	(obj:0)
t_5_9                                               1 	(obj:0)
z_5_7                                               1 	(obj:0)
z_5_6                                               1 	(obj:0)
t_5_6                                               1 	(obj:0)
t_5_5                                               1 	(obj:0)
z_5_3                                               1 	(obj:0)
z_5_2                                               1 	(obj:0)
z_5_1                                               1 	(obj:0)
t_5_1                                               1 	(obj:0)
z_5_0                                               1 	(obj:0)
t_5_0                                               1 	(obj:0)
z_4_10                                              1 	(obj:0)
z_4_9                                               1 	(obj:0)
t_4_8                                               1 	(obj:0)
z_4_7                                               1 	(obj:0)
z_4_6                                               1 	(obj:0)
z_4_5                                               1 	(obj:0)
t_4_4                                               1 	(obj:0)
z_4_3                                               1 	(obj:0)
t_4_3                                               1 	(obj:0)
z_4_2                                               1 	(obj:0)
z_4_1                                               1 	(obj:0)
z_4_0                                               1 	(obj:0)
t_3_8                                               1 	(obj:0)
t_3_4                                               1 	(obj:0)
t_3_3                                               1 	(obj:0)
t_2_11                                              1 	(obj:0)
t_2_10                                              1 	(obj:0)
t_2_7                                               1 	(obj:0)
t_2_2                                               1 	(obj:0)
t_1_9                                               1 	(obj:0)
t_1_6                                               1 	(obj:0)
t_1_5                                               1 	(obj:0)
t_1_1                                               1 	(obj:0)
z_1_0                                               1 	(obj:0)
t_1_0                                               1 	(obj:0)
t_0_9                                               1 	(obj:0)
t_0_6                                               1 	(obj:0)
t_0_5                                               1 	(obj:0)
t_0_1                                               1 	(obj:0)
t_0_0                                               1 	(obj:0)
y_7_1_11                                            1 	(obj:0)
y_7_2_11                                            1 	(obj:0)
y_6_1_11                                            1 	(obj:0)
y_5_1_11                                            1 	(obj:0)
y_4_1_11                                            1 	(obj:0)
y_7_1_10                                            1 	(obj:0)
y_7_2_10                                            1 	(obj:0)
y_6_1_10                                            1 	(obj:0)
y_6_2_10                                            1 	(obj:0)
y_6_3_10                                            1 	(obj:0)
y_5_1_10                                            1 	(obj:0)
y_5_2_10                                            1 	(obj:0)
y_5_3_10                                            1 	(obj:0)
y_0_1_10                                            1 	(obj:0)
y_7_1_9                                             1 	(obj:0)
y_7_2_9                                             1 	(obj:0)
y_6_1_9                                             1 	(obj:0)
y_6_2_9                                             1 	(obj:0)
y_6_3_9                                             1 	(obj:0)
y_5_1_9                                             1 	(obj:0)
y_5_2_9                                             1 	(obj:0)
y_5_3_9                                             1 	(obj:0)
y_0_1_9                                             1 	(obj:0)
y_7_1_8                                             1 	(obj:0)
y_7_2_8                                             1 	(obj:0)
y_6_1_8                                             1 	(obj:0)
y_5_1_8                                             1 	(obj:0)
y_4_1_8                                             1 	(obj:0)
y_7_1_7                                             1 	(obj:0)
y_7_2_7                                             1 	(obj:0)
y_6_1_7                                             1 	(obj:0)
y_6_2_7                                             1 	(obj:0)
y_6_3_7                                             1 	(obj:0)
y_3_1_7                                             1 	(obj:0)
y_2_1_7                                             1 	(obj:0)
y_1_1_7                                             1 	(obj:0)
y_0_1_7                                             1 	(obj:0)
y_7_1_6                                             1 	(obj:0)
y_7_2_6                                             1 	(obj:0)
y_6_1_6                                             1 	(obj:0)
y_6_2_6                                             1 	(obj:0)
y_6_3_6                                             1 	(obj:0)
y_3_1_6                                             1 	(obj:0)
y_2_1_6                                             1 	(obj:0)
y_1_1_6                                             1 	(obj:0)
y_0_1_6                                             1 	(obj:0)
y_7_1_5                                             1 	(obj:0)
y_7_2_5                                             1 	(obj:0)
y_6_1_5                                             1 	(obj:0)
y_6_2_5                                             1 	(obj:0)
y_6_3_5                                             1 	(obj:0)
y_5_1_5                                             1 	(obj:0)
y_5_2_5                                             1 	(obj:0)
y_5_3_5                                             1 	(obj:0)
y_1_1_5                                             1 	(obj:0)
y_0_1_5                                             1 	(obj:0)
y_7_1_4                                             1 	(obj:0)
y_7_2_4                                             1 	(obj:0)
y_6_1_4                                             1 	(obj:0)
y_5_1_4                                             1 	(obj:0)
y_4_1_4                                             1 	(obj:0)
y_0_1_4                                             1 	(obj:0)
y_3_1_3                                             1 	(obj:0)
y_2_1_3                                             1 	(obj:0)
y_1_1_3                                             1 	(obj:0)
y_0_1_3                                             1 	(obj:0)
y_3_1_2                                             1 	(obj:0)
y_2_1_2                                             1 	(obj:0)
y_1_1_2                                             1 	(obj:0)
y_0_1_2                                             1 	(obj:0)
y_3_1_1                                             1 	(obj:0)
y_2_1_1                                             1 	(obj:0)
y_1_1_1                                             1 	(obj:0)
y_0_1_1                                             1 	(obj:0)
y_3_1_0                                             1 	(obj:0)
y_2_1_0                                             1 	(obj:0)
y_0_1_0                                             1 	(obj:0)
s_11                                               42 	(obj:0)
s_10                                               27 	(obj:0)
s_9                                                27 	(obj:0)
s_8                                                42 	(obj:0)
s_7                                                12 	(obj:0)
s_6                                                12 	(obj:0)
s_5                                                19 	(obj:0)
s_4                                                32 	(obj:0)
s_1                                                 5 	(obj:0)
l                                                  47 	(obj:1)

Statistics
==========

SCIP Status        : solving was interrupted [termination signal received]
Total Time         :      15.57
  solving          :      15.57
  presolving       :       0.75 (included in solving)
  reading          :       0.00
  copying          :       0.11 (26 #copies) (minimal 0.00, maximal 0.01, average 0.00)
Original Problem   :
  Problem name     : /Users/maxbig/SCIP/SCIPOptSuite-9.2.1-Linux/inputs/new_tr/order/layered_12_2_buf_times_P3_M8500_up_right_input.lp
  Variables        : 625 (612 binary, 13 integer, 0 continuous)
  Implied int vars : 0 (0 binary, 0 integer, 0 continuous)
  Constraints      : 2008 initial, 2008 maximal
  Objective        : minimize, 1 non-zeros (abs.min = 1, abs.max = 1)
Presolved Problem  :
  Problem name     : t_/Users/maxbig/SCIP/SCIPOptSuite-9.2.1-Linux/inputs/new_tr/order/layered_12_2_buf_times_P3_M8500_up_right_input.lp
  Variables        : 523 (510 binary, 13 integer, 0 continuous)
  Implied int vars : 0 (0 binary, 0 integer, 0 continuous)
  Constraints      : 1500 initial, 1586 maximal
  Objective        : minimize, 1 non-zeros (abs.min = 1, abs.max = 1)
  Nonzeros         : 4926 constraint, 102 clique table
Presolvers         :   ExecTime  SetupTime  Calls  FixedVars   AggrVars   ChgTypes  ChgBounds   AddHoles    DelCons    AddCons   ChgSides   ChgCoefs
  boundshift       :       0.00       0.00      0          0          0          0          0          0          0          0          0          0
  convertinttobin  :       0.00       0.00      0          0          0          0          0          0          0          0          0          0
  domcol           :       0.00       0.00      3          0          0          0          0          0          0          0          0          0
  dualagg          :       0.00       0.00      0          0          0          0          0          0          0          0          0          0
  dualcomp         :       0.00       0.00      0          0          0          0          0          0          0          0          0          0
  dualinfer        :       0.00       0.00      0          0          0          0          0          0          0          0          0          0
  dualsparsify     :       0.01       0.00      1          0          0          0          0          0          0          0          0          0
  gateextraction   :       0.00       0.00      3          0          0          0          0          0          0          0          0          0
  implics          :       0.00       0.00      9          0          0          0          0          0          0          0          0          0
  implint          :       0.00       0.00      0          0          0          0          0          0          0          0          0          0
  inttobinary      :       0.00       0.00     15          0          0          0          0          0          0          0          0          0
  milp             :       0.00       0.00      1          0          0          0          0          0          0          0          0          0
  qpkktref         :       0.00       0.00      0          0          0          0          0          0          0          0          0          0
  redvub           :       0.00       0.00      0          0          0          0          0          0          0          0          0          0
  sparsify         :       0.00       0.00      1          0          0          0          0          0          0          0          0          0
  stuffing         :       0.00       0.00      0          0          0          0          0          0          0          0          0          0
  trivial          :       0.00       0.00     15         45          0          0          0          0          0          0          0          0
  tworowbnd        :       0.00       0.00      0          0          0          0          0          0          0          0          0          0
  dualfix          :       0.00       0.00     15         31          0          0          0          0          0          0          0          0
  genvbounds       :       0.00       0.00      0          0          0          0          0          0          0          0          0          0
  probing          :       0.70       0.00      3          0         10          0          0          0          0          0          0          0
  pseudoobj        :       0.00       0.00      0          0          0          0          0          0          0          0          0          0
  symmetry         :       0.00       0.00      1          3          0          0          0          0          0          1          0          0
  vbounds          :       0.00       0.00      2          0         12          0          0          0          0          0          0          0
  varbound         :       0.00       0.00     13          0          0          0          0          0          0          0          0          0
  knapsack         :       0.00       0.00     16          0          0          0          0          0          0          1          1          3
  setppc           :       0.00       0.00     16          0          1          0          0          0          2          0          0          0
  linear           :       0.03       0.00     22          0          0          0         24          0        366          0         65          8
  orbitope_pp      :       0.00       0.00      3          0          0          0          0          0          0          0          0          0
  logicor          :       0.00       0.00     16          0          0          0          0          0        142          0          0         66
  bounddisjunction :       0.00       0.00      0          0          0          0          0          0          0          0          0          0
  components       :       0.00       0.00      1          0          0          0          0          0          0          0          0          0
  root node        :          -          -      -        156          -          -        232          -          -          -          -          -
Constraints        :     Number  MaxNumber  #Separate #Propagate    #EnfoLP    #EnfoRelax  #EnfoPS    #Check   #ResProp    Cutoffs    DomReds       Cuts    Applied      Conss   Children
  integral         :          0          0          0          0        244          0          0        136          0          0          3          0          0          0        484
  varbound         :         41         41         25      13082          0          0          0        131          0          0         43          0          0          0          0
  knapsack         :         11         11         25      12876          0          0          0         95          9          5         55         82         22          0          0
  setppc           :         11+        37         25      11723          0          0          0         47         94          8        292          3          0          0          0
  linear           :        785+       787         25      13072          0          0          0         19        200        227       3573          0          0          0          0
  orbitope_pp      :          1          1          0       7549          0          0          0          2          1          0          3          0          0          0          0
  logicor          :        651+       692         25       2317          0          0          0          2         70         11       1605          2          1          0          0
  bounddisjunction :          0+        39          0       1550          0          0          0          0          9          3         77          0          0          0          0
  fixedvar         :          0          0          0          0          0          0          0          3          0          0          0          0          0          0          0
  countsols        :          0          0          0          0          0          0          0          3          0          0          0          0          0          0          0
  components       :          0          0          0          0          0          0          0          0          0          0          0          0          0          0          0
Constraint Timings :  TotalTime  SetupTime   Separate  Propagate     EnfoLP     EnfoPS     EnfoRelax   Check    ResProp    SB-Prop
  integral         :       0.12       0.00       0.00       0.00       0.12       0.00       0.00       0.00       0.00       0.00
  varbound         :       0.13       0.00       0.00       0.13       0.00       0.00       0.00       0.00       0.00       0.00
  knapsack         :       0.00       0.00       0.00       0.00       0.00       0.00       0.00       0.00       0.00       0.00
  setppc           :       0.00       0.00       0.00       0.00       0.00       0.00       0.00       0.00       0.00       0.00
  linear           :       0.55       0.00       0.00       0.55       0.00       0.00       0.00       0.00       0.00       0.00
  orbitope_pp      :       0.00       0.00       0.00       0.00       0.00       0.00       0.00       0.00       0.00       0.00
  logicor          :       0.01       0.00       0.00       0.01       0.00       0.00       0.00       0.00       0.00       0.00
  bounddisjunction :       0.00       0.00       0.00       0.00       0.00       0.00       0.00       0.00       0.00       0.00
  fixedvar         :       0.00       0.00       0.00       0.00       0.00       0.00       0.00       0.00       0.00       0.00
  countsols        :       0.00       0.00       0.00       0.00       0.00       0.00       0.00       0.00       0.00       0.00
  components       :       0.00       0.00       0.00       0.00       0.00       0.00       0.00       0.00       0.00       0.00
Propagators        : #Propagate   #ResProp    Cutoffs    DomReds
  dualfix          :          5          0          0          0
  genvbounds       :          0          0          0          0
  nlobbt           :          0          0          0          0
  obbt             :          0          0          0          0
  probing          :          0          0          0          0
  pseudoobj        :       1005          0          0         10
  redcost          :        405          0          0          0
  rootredcost      :          2          0          0        106
  symmetry         :          0          0          0          0
  vbounds          :       3543         96         13       1278
Propagator Timings :  TotalTime  SetupTime   Presolve  Propagate    ResProp    SB-Prop
  dualfix          :       0.00       0.00       0.00       0.00       0.00       0.00
  genvbounds       :       0.00       0.00       0.00       0.00       0.00       0.00
  nlobbt           :       0.00       0.00       0.00       0.00       0.00       0.00
  obbt             :       0.00       0.00       0.00       0.00       0.00       0.00
  probing          :       0.70       0.00       0.70       0.00       0.00       0.00
  pseudoobj        :       0.00       0.00       0.00       0.00       0.00       0.00
  redcost          :       0.00       0.00       0.00       0.00       0.00       0.00
  rootredcost      :       0.00       0.00       0.00       0.00       0.00       0.00
  symmetry         :       0.00       0.00       0.00       0.00       0.00       0.00
  vbounds          :       0.07       0.00       0.00       0.07       0.00       0.00
Symmetry           :
  #affected vars   :         36 (36 bin, 0 int, 0 cont)
  orbitopal red.   :          0 reductions applied,          0 cutoffs
  orbital reduction:          0 reductions applied,          0 cutoffs
  lexicographic red:          0 reductions applied,          0 cutoffs
  shadow tree time :       0.00 s
Conflict Analysis  :       Time      Calls    Success    DomReds  Conflicts   Literals    Reconvs ReconvLits   Dualrays   Nonzeros   LP Iters   (pool size: [10000,10000])
  propagation      :       0.00         54         48          -         74        4.8          0        0.0          -          -          -
  infeasible LP    :       0.00         32         32          -         42        4.0          2        2.5         31        3.5          0
  bound exceed. LP :       0.00          0          0          -          0        0.0          0        0.0          0        0.0          0
  strong branching :       0.00          0          0          -          0        0.0          0        0.0          -          -          0
  pseudo solution  :       0.00          0          0          -          0        0.0          0        0.0          -          -          -
  applied globally :       0.00          -          -          1        103        4.1          -          -         31          -          -
  applied locally  :          -          -          -          0          0        0.0          -          -          0          -          -
Gen. Resolution CA :       Time      Calls    Success  Conflicts  LargeCoef  LongConfs    Length
  propagation      :       0.00          0          0          0          0          0       0.0
Separators         :   ExecTime  SetupTime      Calls  RootCalls    Cutoffs    DomReds  FoundCuts ViaPoolAdd  DirectAdd    Applied ViaPoolApp  DirectApp      Conss
  cut pool         :       0.02          -        187         49          -          -       4515      24417          -          -          -          -          -    (maximal pool size:       4033)
  aggregation      :       0.03       0.00         77         25          0          0        368       1352        238        487        410         77          0
  > cmir           :          -          -          -          -          -          -          -        535        210        141         78         63          -
  > flowcover      :          -          -          -          -          -          -          -        649         12        311        304          7          -
  > knapsackcover  :          -          -          -          -          -          -          -        168         16         35         28          7          -
  cgmip            :       0.00       0.00          0          0          0          0          0          0          0          0          0          0          0
  clique           :       0.00       0.00         25         25          0          0          0          0          0          0          0          0          0
  closecuts        :       0.00       0.00          0          0          0          0          0          0          0          0          0          0          0
  convexproj       :       0.00       0.00          0          0          0          0          0          0          0          0          0          0          0
  disjunctive      :       0.00       0.00          0          0          0          0          0          0          0          0          0          0          0
  eccuts           :       0.00       0.00          0          0          0          0          0          0          0          0          0          0          0
  flower           :       0.00       0.00         40         25          0          0          0          0          0          0          0          0          0
  gauge            :       0.00       0.00          0          0          0          0          0          0          0          0          0          0          0
  gomory           :       0.21       0.00         60         10          0          0       4102      20794        510       1255       1158         97          0
  > gomorymi       :          -          -          -          -          -          -          -      10449        319        782        723         59          -
  > strongcg       :          -          -          -          -          -          -          -      10345        191        473        435         38          -
  impliedbounds    :       0.00       0.00         78         25          0          0        575       1219          0        179        179          0          0
  interminor       :       0.00       0.00          0          0          0          0          0          0          0          0          0          0          0
  intobj           :       0.00       0.00          0          0          0          0          0          0          0          0          0          0          0
  lagromory        :       0.00       0.00          0          0          0          0          0          0          0          0          0          0          0
  mcf              :       0.00       0.00          1          1          0          0          0          0          0          0          0          0          0
  minor            :       0.00       0.00          0          0          0          0          0          0          0          0          0          0          0
  mixing           :       0.00       0.00         78         25          0          0          0          0          0          0          0          0          0
  oddcycle         :       0.00       0.00          0          0          0          0          0          0          0          0          0          0          0
  rapidlearning    :      13.21       0.00         18          1          0        863          0          0          0          0          0          0         39
  rlt              :       0.00       0.00         10         10          0          0          0          0          0          0          0          0          0
  zerohalf         :       0.02       0.00         69         20          0          0        234       1052         43        237        206         31          0
Cutselectors       :   ExecTime  SetupTime      Calls  RootCalls   Selected     Forced   Filtered  RootSelec   RootForc   RootFilt 
  hybrid           :       0.02       0.00        116         26       2114         76      23181        402          2       2981
  ensemble         :       0.00       0.00          0          0          0          0          0          0          0          0
  dynamic          :       0.00       0.00          0          0          0          0          0          0          0          0
Pricers            :   ExecTime  SetupTime      Calls       Vars
  problem variables:       0.00          -          0          0
Branching Rules    :   ExecTime  SetupTime   BranchLP  BranchExt   BranchPS    Cutoffs    DomReds       Cuts      Conss   Children
  allfullstrong    :       0.00       0.00          0          0          0          0          0          0          0          0
  cloud            :       0.00       0.00          0          0          0          0          0          0          0          0
  distribution     :       0.00       0.00          0          0          0          0          0          0          0          0
  fullstrong       :       0.00       0.00          0          0          0          0          0          0          0          0
  gomory           :       0.00       0.00          0          0          0          0          0          0          0          0
  inference        :       0.00       0.00          0          0          0          0          0          0          0          0
  leastinf         :       0.00       0.00          0          0          0          0          0          0          0          0
  lookahead        :       0.00       0.00          0          0          0          0          0          0          0          0
  mostinf          :       0.00       0.00          0          0          0          0          0          0          0          0
  multaggr         :       0.00       0.00          0          0          0          0          0          0          0          0
  nodereopt        :       0.00       0.00          0          0          0          0          0          0          0          0
  pscost           :       0.00       0.00          0          0          0          0          0          0          0          0
  random           :       0.00       0.00          0          0          0          0          0          0          0          0
  relpscost        :       0.12       0.00        244          0          0          0          3          0          0        484
  vanillafullstrong:       0.00       0.00          0          0          0          0          0          0          0          0
Primal Heuristics  :   ExecTime  SetupTime      Calls      Found       Best
  LP solutions     :       0.00          -          -          0          0
  relax solutions  :       0.00          -          -          0          0
  pseudo solutions :       0.00          -          -          0          0
  strong branching :       0.00          -          -          0          0
  actconsdiving    :       0.00       0.00          0          0          0
  adaptivediving   :       0.03       0.00          7          0          0
  alns             :       0.02       0.00          2          0          0
  bound            :       0.00       0.00          0          0          0
  clique           :       0.00       0.00          1          0          0
  coefdiving       :       0.00       0.00          0          0          0
  completesol      :       0.00       0.00          0          0          0
  conflictdiving   :       0.04       0.00          6          0          0
  crossover        :       0.00       0.00          0          0          0
  dins             :       0.00       0.00          0          0          0
  distributiondivin:       0.00       0.00          0          0          0
  dks              :       0.00       0.00          0          0          0
  dps              :       0.00       0.00          0          0          0
  dualval          :       0.00       0.00          0          0          0
  farkasdiving     :       0.00       0.00          0          0          0
  feaspump         :       0.00       0.00          1          0          0
  fixandinfer      :       0.00       0.00          0          0          0
  fracdiving       :       0.01       0.00          5          0          0
  gins             :       0.00       0.00          0          0          0
  guideddiving     :       0.01       0.00          5          0          0
  indicator        :       0.00       0.00          0          0          0
  indicatordiving  :       0.00       0.00          0          0          0
  intdiving        :       0.00       0.00          0          0          0
  intshifting      :       0.00       0.00          0          0          0
  linesearchdiving :       0.00       0.00          3          0          0
  localbranching   :       0.00       0.00          0          0          0
  locks            :       0.01       0.00          1          0          0
  lpface           :       0.00       0.00          0          0          0
  mpec             :       0.00       0.00          0          0          0
  multistart       :       0.00       0.00          0          0          0
  mutation         :       0.00       0.00          0          0          0
  nlpdiving        :       0.00       0.00          0          0          0
  objpscostdiving  :       0.03       0.00          2          1          1
  octane           :       0.00       0.00          0          0          0
  ofins            :       0.00       0.00          0          0          0
  oneopt           :       0.00       0.00          2          0          0
  padm             :       0.00       0.00          0          0          0
  proximity        :       0.00       0.00          0          0          0
  pscostdiving     :       0.01       0.00          6          0          0
  randrounding     :       0.18       0.00        154          0          0
  rens             :       0.01       0.00          1          0          0
  reoptsols        :       0.00       0.00          0          0          0
  repair           :       0.00       0.00          0          0          0
  rins             :       0.05       0.00          5          0          0
  rootsoldiving    :       0.04       0.00          2          0          0
  rounding         :       0.01       0.00        222          0          0
  scheduler        :       0.00       0.00          0          0          0
  shiftandpropagate:       0.02       0.00          1          0          0
  shifting         :       0.11       0.00        131          0          0
  simplerounding   :       0.00       0.00        381          0          0
  subnlp           :       0.00       0.00          0          0          0
  trivial          :       0.00       0.00          2          0          0
  trivialnegation  :       0.00       0.00          0          0          0
  trustregion      :       0.00       0.00          0          0          0
  trysol           :       0.00       0.00          0          0          0
  twoopt           :       0.00       0.00          0          0          0
  undercover       :       0.00       0.00          0          0          0
  vbounds          :       0.09       0.00          1          0          0
  veclendiving     :       0.03       0.00          5          0          0
  zeroobj          :       0.00       0.00          0          0          0
  zirounding       :       0.00       0.00        241          0          0
  other solutions  :          -          -          -          0          -
LNS (Scheduler)    :      Calls  SetupTime  SolveTime SolveNodes       Sols       Best       Exp3    Exp3-IX  EpsGreedy        UCB TgtFixRate  Opt  Inf Node Stal  Sol  Usr Othr Actv
  rens             :          0       0.00       0.00          0          0          0    0.00000    0.12500   -1.00000    1.00000      0.900    0    0    0    0    0    0    0    1
  rins             :          0       0.00       0.00          0          0          0    0.00000    0.12500   -1.00000    1.00000      0.900    0    0    0    0    0    0    0    1
  mutation         :          0       0.00       0.00          0          0          0    0.00000    0.12500   -1.00000    1.00000      0.900    0    0    0    0    0    0    0    1
  localbranching   :          0       0.00       0.00          0          0          0    0.00000    0.12500   -1.00000    1.00000      0.900    0    0    0    0    0    0    0    1
  crossover        :          0       0.00       0.00          0          0          0    0.00000    0.12500   -1.00000    1.00000      0.900    0    0    0    0    0    0    0    1
  proximity        :          0       0.00       0.00          0          0          0    0.00000    0.12500   -1.00000    1.00000      0.900    0    0    0    0    0    0    0    1
  zeroobjective    :          0       0.00       0.00          0          0          0    0.00000    0.12500   -1.00000    1.00000      0.900    0    0    0    0    0    0    0    1
  dins             :          0       0.00       0.00          0          0          0    0.00000    0.12500   -1.00000    1.00000      0.900    0    0    0    0    0    0    0    1
  trustregion      :          0       0.00       0.00          0          0          0    0.00000    0.00000   -1.00000    1.00000      0.900    0    0    0    0    0    0    0    0
LP                 :       Time      Calls Iterations  Iter/call   Iter/sec  Time-0-It Calls-0-It
  primal LP        :       0.01         37          0       0.00       0.00       0.01         37
  dual LP          :       0.29        396       9292      23.89   32220.59       0.00          7
  lex dual LP      :       0.00          0          0       0.00          -
  barrier LP       :       0.00          0          0       0.00          -       0.00          0
  resolve instable :       0.00          0          0       0.00          -
  diving/probing LP:       0.18        145       5466      37.70   30281.04
  strong branching :       0.08         67       2441      36.43   29810.10          -          -          0
    (at root node) :          -         67       2441      36.43          -
  conflict analysis:       0.00          0          0       0.00          -
Relaxators         :       Time      Calls    Cutoffs ImprBounds   ImprTime ReducedDom  Separated AddedConss
  benders          :       0.00          0          0          0       0.00          0          0          0
B&B Tree           :
  number of runs   :          1
  nodes            :        376 (242 internal, 134 leaves)
  feasible leaves  :          0
  infeas. leaves   :        134
  objective leaves :          0
  nodes (total)    :        376 (242 internal, 134 leaves)
  nodes left       :         20
  max depth        :         21
  max depth (total):         21
  backtracks       :        111 (29.5%)
  early backtracks :          0 (0.0%)
  nodes exc. ref.  :          0 (0.0%)
  delayed cutoffs  :         89
  repropagations   :         86 (801 domain reductions, 9 cutoffs)
  avg switch length:       4.19
  switching time   :       0.04
Root Node          :
  First LP value   : +2.00000000000000e+01
  First LP Iters   :        289 (52901.34 Iter/sec)
  First LP Time    :       0.01
  Final Dual Bound : +3.00000000000000e+01
  Final Root Iters :       2393
  Root LP Estimate : +3.38649719744780e+01
Solution           :
  Solutions found  :          2 (2 improvements)
  First Solution   : +5.20000000000000e+01   (in run 1, after 101 nodes, 14.53 seconds, depth 13, found by <objpscostdiving>)
  Gap First Sol.   :      73.33 %
  Gap Last Sol.    :      23.68 %
  Primal Bound     : +4.70000000000000e+01   (in run 1, after 112 nodes, 14.73 seconds, depth 5, found by <relaxation>)
  Dual Bound       : +4.14589041095890e+01
  Gap              :      13.37 %
Integrals          :      Total       Avg%
  primal-dual      :    1475.05      94.77
  primal-ref       :          -          - (not evaluated)
  dual-ref         :          -          - (not evaluated)
