SCIP version 10.0.0 [precision: 8 byte] [memory: block] [mode: optimized] [LP solver: SoPlex 8.0.0] [GitHash: 0c80fdd8e9]
Copyright (c) 2002-2025 Zuse Institute Berlin (ZIB)

External libraries: 
  Readline 8.3         GNU library for command line editing (gnu.org/s/readline)
  SoPlex 8.0.0         Linear programming solver developed at Zuse Institute Berlin (soplex.zib.de) [GitHash: 2207cfb2]
  CppAD 20180000.0     Algorithmic Differentiation of C++ algorithms developed by B. Bell (github.com/coin-or/CppAD)
  ZLIB 1.2.12          General purpose compression library by J. Gailly and M. Adler (zlib.net)
  MPFR 4.2.2           GNU Multiple Precision Floating-Point Reliable Library (mpfr.org)
  Boost 1.89.0         Boost C++ Libraries (boost.org)
  TinyCThread 1.2      small portable implementation of the C11 threads API (tinycthread.github.io)
  GMP 6.3.0            GNU Multiple Precision Arithmetic Library developed by T. Granlund (gmplib.org)
  AMPL/MP 4.0.3        AMPL .nl file reader library (github.com/ampl/mp)
  PaPILO 3.0.0         parallel presolve for integer and linear optimization (github.com/scipopt/papilo) (built with TBB)
  Nauty 2.8.8          Computing Graph Automorphism Groups by Brendan D. McKay (users.cecs.anu.edu.au/~bdm/nauty)
  sassy 2.0            Symmetry preprocessor by Markus Anders (github.com/markusa4/sassy)
  Ipopt 3.14.19        Interior Point Optimizer developed by A. Waechter et.al. (github.com/coin-or/Ipopt)

reading user parameter file </Users/maxbig/Coursework_multiprocessing/Coursework/SCIP/SCIPOptSuite-9.2.1-Linux/only_time.set>

read problem </Users/maxbig/Coursework_multiprocessing/Coursework/SCIP/SCIPOptSuite-9.2.1-Linux/inputs/new_tr/order/layered_15_buf_times_P3_M2550_up_right_input.lp>
============

original problem has 886 variables (870 bin, 16 int, 0 cont) and 2918 constraints

solve problem
=============

presolving:
(round 1, fast)       52 del vars, 60 del conss, 0 add conss, 12 chg bounds, 0 chg sides, 0 chg coeffs, 0 upgd conss, 0 impls, 15 clqs, 0 implints
(round 2, fast)       52 del vars, 60 del conss, 0 add conss, 20 chg bounds, 0 chg sides, 0 chg coeffs, 0 upgd conss, 0 impls, 15 clqs, 0 implints
   (0.0s) running MILP presolver
   (0.0s) MILP presolver (2 rounds): 0 aggregations, 0 fixings, 0 bound changes
(round 3, exhaustive) 52 del vars, 491 del conss, 0 add conss, 24 chg bounds, 0 chg sides, 0 chg coeffs, 0 upgd conss, 0 impls, 15 clqs, 0 implints
(round 4, exhaustive) 52 del vars, 491 del conss, 0 add conss, 24 chg bounds, 0 chg sides, 0 chg coeffs, 1301 upgd conss, 0 impls, 15 clqs, 0 implints
   (0.7s) probing: 614/818 (75.1%) - 0 fixings, 0 aggregations, 2387 implications, 0 bound changes
   (0.7s) probing aborted: 50/50 successive totally useless probings
   (0.7s) symmetry computation started: requiring (bin +, int +, cont +), (fixed: bin -, int -, cont -)
   (0.7s) symmetry computation finished: 3 generators found (max: 1500, log10 of symmetry group size: 1.08) (symcode time: 0.01)
dynamic symmetry handling statistics:
   orbitopal reduction:       no components
   orbital reduction:         no components
   lexicographic reduction:   no permutations
handled 1 out of 1 symmetry components
(round 5, exhaustive) 55 del vars, 491 del conss, 3 add conss, 24 chg bounds, 0 chg sides, 0 chg coeffs, 1301 upgd conss, 2446 impls, 14 clqs, 0 implints
(round 6, fast)       56 del vars, 590 del conss, 3 add conss, 24 chg bounds, 0 chg sides, 70 chg coeffs, 1301 upgd conss, 2446 impls, 84 clqs, 0 implints
(round 7, medium)     71 del vars, 630 del conss, 3 add conss, 24 chg bounds, 0 chg sides, 83 chg coeffs, 1301 upgd conss, 2446 impls, 68 clqs, 0 implints
(round 8, fast)       72 del vars, 659 del conss, 3 add conss, 24 chg bounds, 0 chg sides, 83 chg coeffs, 1301 upgd conss, 2446 impls, 67 clqs, 0 implints
   (0.7s) probing: 677/818 (82.8%) - 0 fixings, 12 aggregations, 2388 implications, 0 bound changes
   (0.7s) probing aborted: 50/50 successive totally useless probings
(round 9, exhaustive) 84 del vars, 659 del conss, 3 add conss, 24 chg bounds, 0 chg sides, 83 chg coeffs, 1301 upgd conss, 2446 impls, 55 clqs, 0 implints
(round 10, fast)       84 del vars, 672 del conss, 3 add conss, 24 chg bounds, 0 chg sides, 83 chg coeffs, 1301 upgd conss, 2446 impls, 55 clqs, 0 implints
   (0.7s) probing: 682/818 (83.4%) - 0 fixings, 12 aggregations, 2388 implications, 0 bound changes
   (0.7s) probing aborted: 50/50 successive totally useless probings
presolving (11 rounds: 11 fast, 6 medium, 5 exhaustive):
 84 deleted vars, 672 deleted constraints, 3 added constraints, 24 tightened bounds, 0 added holes, 0 changed sides, 83 changed coefficients
 2446 implications, 55 cliques, 0 implied integral variables (0 bin, 0 int, 0 cont)
presolved problem has 803 variables (787 bin, 16 int, 0 cont) and 2249 constraints
     26 constraints of type <varbound>
     13 constraints of type <setppc>
   1126 constraints of type <linear>
      3 constraints of type <orbitope_pp>
   1081 constraints of type <logicor>
transformed objective value is always integral (scale: 1)
Presolving Time: 0.74

 time | node  | left  |LP iter|LP it/n|mem/heur|mdpt |vars |cons |rows |cuts |sepa|confs|strbr|  dualbound   | primalbound  |  gap   | compl. 
  0.9s|     1 |     0 |   399 |     - |    25M |   0 | 803 |2262 |2246 |   0 |  0 |  13 |   0 | 4.000000e+01 |      --      |    Inf | unknown
  1.0s|     1 |     0 |  1123 |     - |    25M |   0 | 803 |2262 |2333 |  87 |  1 |  13 |   0 | 4.000000e+01 |      --      |    Inf | unknown
  1.1s|     1 |     0 |  1305 |     - |    26M |   0 | 803 |2264 |2376 | 130 |  2 |  15 |   0 | 4.000000e+01 |      --      |    Inf | unknown
  1.1s|     1 |     0 |  1424 |     - |    26M |   0 | 803 |2265 |2384 | 138 |  3 |  16 |   0 | 4.000000e+01 |      --      |    Inf | unknown
  1.2s|     1 |     0 |  1502 |     - |    27M |   0 | 803 |2267 |2389 | 143 |  4 |  18 |   0 | 4.000000e+01 |      --      |    Inf | unknown
  1.2s|     1 |     0 |  1552 |     - |    28M |   0 | 803 |2268 |2393 | 147 |  5 |  19 |   0 | 4.000000e+01 |      --      |    Inf | unknown
  1.3s|     1 |     0 |  1571 |     - |    29M |   0 | 803 |2269 |2397 | 151 |  6 |  20 |   0 | 4.000000e+01 |      --      |    Inf | unknown
  1.3s|     1 |     0 |  1598 |     - |    30M |   0 | 803 |2269 |2400 | 154 |  7 |  20 |   0 | 4.000000e+01 |      --      |    Inf | unknown
  1.3s|     1 |     0 |  1639 |     - |    31M |   0 | 803 |2270 |2404 | 158 |  8 |  21 |   0 | 4.000000e+01 |      --      |    Inf | unknown
  1.4s|     1 |     0 |  1692 |     - |    32M |   0 | 803 |2272 |2408 | 162 |  9 |  23 |   0 | 4.000000e+01 |      --      |    Inf | unknown
  1.4s|     1 |     0 |  1733 |     - |    33M |   0 | 803 |2274 |2412 | 166 | 10 |  25 |   0 | 4.000000e+01 |      --      |    Inf | unknown
  1.4s|     1 |     0 |  1750 |     - |    33M |   0 | 803 |2275 |2416 | 170 | 11 |  26 |   0 | 4.000000e+01 |      --      |    Inf | unknown
  1.4s|     1 |     0 |  1757 |     - |    33M |   0 | 803 |2276 |2292 | 172 | 12 |  27 |   0 | 4.000000e+01 |      --      |    Inf | unknown
  1.4s|     1 |     0 |  1765 |     - |    33M |   0 | 803 |2278 |2296 | 176 | 13 |  29 |   0 | 4.000000e+01 |      --      |    Inf | unknown
  1.4s|     1 |     0 |  1784 |     - |    34M |   0 | 803 |2279 |2298 | 178 | 14 |  30 |   0 | 4.000000e+01 |      --      |    Inf | unknown
 time | node  | left  |LP iter|LP it/n|mem/heur|mdpt |vars |cons |rows |cuts |sepa|confs|strbr|  dualbound   | primalbound  |  gap   | compl. 
d 1.5s|     1 |     0 |  2637 |     - |conflict|   0 | 803 |2300 |2298 |   0 | 14 |  51 |   0 | 4.000000e+01 | 8.000000e+01 | 100.00%| unknown
  1.6s|     1 |     0 |  2644 |     - |    34M |   0 | 803 |2262 |2298 | 178 | 14 |  51 |   0 | 4.000000e+01 | 8.000000e+01 | 100.00%| unknown
  1.6s|     1 |     0 |  2644 |     - |    34M |   0 | 803 |2263 |2225 | 178 | 14 |  52 |   0 | 4.000000e+01 | 8.000000e+01 | 100.00%| unknown
  1.6s|     1 |     0 |  2672 |     - |    34M |   0 | 803 |2262 |2228 | 181 | 15 |  52 |   0 | 4.000000e+01 | 8.000000e+01 | 100.00%| unknown
(run 1, node 1) restarting after 89 global fixings of integer variables

(restart) converted 54 cuts from the global cut pool into linear constraints

presolving:
(round 1, fast)       95 del vars, 14 del conss, 0 add conss, 0 chg bounds, 1106 chg sides, 1449 chg coeffs, 0 upgd conss, 2446 impls, 67 clqs, 0 implints
(round 2, exhaustive) 95 del vars, 70 del conss, 0 add conss, 0 chg bounds, 1106 chg sides, 1449 chg coeffs, 0 upgd conss, 2446 impls, 67 clqs, 0 implints
(round 3, exhaustive) 95 del vars, 70 del conss, 0 add conss, 0 chg bounds, 1106 chg sides, 1449 chg coeffs, 61 upgd conss, 2446 impls, 67 clqs, 0 implints
(round 4, medium)     95 del vars, 81 del conss, 0 add conss, 0 chg bounds, 1117 chg sides, 1449 chg coeffs, 61 upgd conss, 2446 impls, 67 clqs, 0 implints
presolving (5 rounds: 5 fast, 4 medium, 3 exhaustive):
 95 deleted vars, 81 deleted constraints, 0 added constraints, 0 tightened bounds, 0 added holes, 1117 changed sides, 1449 changed coefficients
 2446 implications, 67 cliques, 0 implied integral variables (0 bin, 0 int, 0 cont)
presolved problem has 708 variables (692 bin, 16 int, 0 cont) and 2189 constraints
     38 constraints of type <varbound>
     18 constraints of type <knapsack>
     25 constraints of type <setppc>
    984 constraints of type <linear>
      3 constraints of type <orbitope_pp>
   1121 constraints of type <logicor>
transformed objective value is always integral (scale: 1)
Presolving Time: 0.75

 time | node  | left  |LP iter|LP it/n|mem/heur|mdpt |vars |cons |rows |cuts |sepa|confs|strbr|  dualbound   | primalbound  |  gap   | compl. 
  1.6s|     1 |     0 |  3114 |     - |    35M |   0 | 708 |2189 |2154 |   0 |  0 |  53 |   0 | 4.000000e+01 | 8.000000e+01 | 100.00%| unknown
  1.9s|     1 |     0 |  3310 |     - |    35M |   0 | 708 |2240 |2339 | 185 |  1 |  54 |   0 | 4.000000e+01 | 8.000000e+01 | 100.00%| unknown
  1.9s|     1 |     0 |  3344 |     - |    36M |   0 | 708 |2240 |2389 | 235 |  2 |  54 |   0 | 4.000000e+01 | 8.000000e+01 | 100.00%| unknown
  1.9s|     1 |     0 |  3427 |     - |    36M |   0 | 708 |2241 |2407 | 253 |  3 |  55 |   0 | 4.000000e+01 | 8.000000e+01 | 100.00%| unknown
  1.9s|     1 |     0 |  3484 |     - |    36M |   0 | 708 |2242 |2420 | 266 |  4 |  56 |   0 | 4.000000e+01 | 8.000000e+01 | 100.00%| unknown
  2.0s|     1 |     0 |  3532 |     - |    37M |   0 | 708 |2243 |2432 | 278 |  5 |  57 |   0 | 4.000000e+01 | 8.000000e+01 | 100.00%| unknown
  2.0s|     1 |     0 |  3582 |     - |    37M |   0 | 708 |2245 |2442 | 288 |  6 |  59 |   0 | 4.000000e+01 | 8.000000e+01 | 100.00%| unknown
  2.0s|     1 |     0 |  3640 |     - |    38M |   0 | 708 |2246 |2447 | 293 |  7 |  60 |   0 | 4.000000e+01 | 8.000000e+01 | 100.00%| unknown
  2.0s|     1 |     0 |  3646 |     - |    38M |   0 | 708 |2248 |2451 | 297 |  8 |  62 |   0 | 4.000000e+01 | 8.000000e+01 | 100.00%| unknown
  2.1s|     1 |     0 |  3672 |     - |    39M |   0 | 708 |2249 |2455 | 301 |  9 |  63 |   0 | 4.000000e+01 | 8.000000e+01 | 100.00%| unknown
  2.1s|     1 |     0 |  3706 |     - |    40M |   0 | 708 |2250 |2419 | 309 | 10 |  64 |   0 | 4.000000e+01 | 8.000000e+01 | 100.00%| unknown
  2.1s|     1 |     0 |  3743 |     - |    40M |   0 | 708 |2250 |2427 | 317 | 11 |  64 |   0 | 4.000000e+01 | 8.000000e+01 | 100.00%| unknown
  2.2s|     1 |     2 |  4790 |     - |    40M |   0 | 708 |2250 |2427 | 317 | 11 |  64 |  11 | 4.000000e+01 | 8.000000e+01 | 100.00%| unknown
d 2.4s|     8 |     9 |  5676 | 349.6 |pscostdi|   7 | 708 |2250 |2122 |   0 |  1 |  64 |  11 | 4.000000e+01 | 7.300000e+01 |  82.50%| unknown
d 2.8s|    19 |    20 |  7756 | 256.7 |distribu|  10 | 708 |2261 |2123 |   0 |  1 |  75 |  11 | 4.000000e+01 | 7.100000e+01 |  77.50%| unknown
 time | node  | left  |LP iter|LP it/n|mem/heur|mdpt |vars |cons |rows |cuts |sepa|confs|strbr|  dualbound   | primalbound  |  gap   | compl. 
d 2.8s|    21 |    22 |  8185 | 252.7 |veclendi|  10 | 708 |2260 |2123 |   0 |  1 |  75 |  11 | 4.000000e+01 | 7.000000e+01 |  75.00%| unknown
d 3.5s|    32 |    33 | 12874 | 312.3 |linesear|  10 | 708 |2260 |2122 |   0 |  1 |  75 |  11 | 4.000000e+01 | 6.900000e+01 |  72.50%| unknown
* 3.7s|    35 |    34 | 13010 | 289.5 |    LP  |  10 | 708 |2260 |2122 | 370 |  0 |  75 |  11 | 4.000000e+01 | 6.000000e+01 |  50.00%| unknown
* 3.8s|    36 |    35 | 13130 | 284.8 |    LP  |  10 | 708 |2174 |2122 | 370 |  0 |  75 |  11 | 4.000000e+01 | 5.100000e+01 |  27.50%| unknown
d 3.9s|    52 |    16 | 14845 | 230.1 |veclendi|  10 | 708 |2051 |2122 |   0 |  1 |  92 |  11 | 4.000000e+01 | 5.000000e+01 |  25.00%|  36.42%
  4.7s|   100 |    38 | 19057 | 161.8 |    47M |  16 | 708 |1986 |2122 | 548 |  1 | 107 |  11 | 4.000000e+01 | 5.000000e+01 |  25.00%|  69.08%
  5.9s|   200 |    87 | 26319 | 117.2 |    52M |  17 | 708 |2029 |   0 | 863 |  0 | 173 |  11 | 4.500000e+01 | 5.000000e+01 |  11.11%|  92.26%
  6.3s|   300 |    90 | 29690 |  89.4 |    54M |  17 | 708 |2050 |   0 |1013 |  0 | 201 |  11 | 4.800000e+01 | 5.000000e+01 |   4.17%|  94.45%
  6.6s|   400 |    92 | 30689 |  69.5 |    54M |  20 | 708 |2055 |2144 |1080 |  1 | 207 |  11 | 4.800000e+01 | 5.000000e+01 |   4.17%|  95.42%
  6.9s|   500 |    86 | 32094 |  58.4 |    54M |  20 | 708 |2060 |2144 |1103 |  1 | 214 |  11 | 4.800000e+01 | 5.000000e+01 |   4.17%|  95.86%
  7.2s|   600 |    88 | 33655 |  51.3 |    54M |  20 | 708 |2072 |2144 |1163 |  1 | 228 |  11 | 4.800000e+01 | 5.000000e+01 |   4.17%|  95.97%
  7.5s|   700 |    75 | 34734 |  45.5 |    54M |  20 | 708 |2072 |   0 |1211 |  0 | 233 |  11 | 4.900000e+01 | 5.000000e+01 |   2.04%|  96.49%
  7.7s|   800 |    80 | 36539 |  42.1 |    55M |  20 | 708 |2079 |2144 |1384 |  1 | 242 |  11 | 4.900000e+01 | 5.000000e+01 |   2.04%|  96.95%
  8.0s|   900 |    77 | 37444 |  38.4 |    55M |  20 | 708 |2081 |   0 |1464 |  0 | 246 |  11 | 4.900000e+01 | 5.000000e+01 |   2.04%|  97.16%
  8.2s|  1000 |    69 | 38411 |  35.5 |    55M |  20 | 708 |2091 |2144 |1605 |  1 | 257 |  11 | 4.900000e+01 | 5.000000e+01 |   2.04%|  97.32%
 time | node  | left  |LP iter|LP it/n|mem/heur|mdpt |vars |cons |rows |cuts |sepa|confs|strbr|  dualbound   | primalbound  |  gap   | compl. 
  8.7s|  1100 |    48 | 39174 |  33.0 |    55M |  20 | 708 |2100 |2154 |1668 |  1 | 269 |  11 | 4.900000e+01 | 5.000000e+01 |   2.04%|  97.49%
  8.8s|  1200 |    30 | 40080 |  31.0 |    55M |  20 | 708 |2108 |2147 |1678 |  1 | 277 |  11 | 4.900000e+01 | 5.000000e+01 |   2.04%|  98.29%

SCIP Status        : problem is solved [optimal solution found]
Solving Time (sec) : 9.01
Solving Nodes      : 1259 (total of 1260 nodes in 2 runs)
Primal Bound       : +5.00000000000000e+01 (8 solutions)
Dual Bound         : +5.00000000000000e+01
Gap                : 0.00 %

primal solution (original space):
=================================

objective value:                                   50
m_14_14                                             1 	(obj:0)
m_13_13                                             1 	(obj:0)
m_12_14                                             1 	(obj:0)
m_12_13                                             1 	(obj:0)
m_12_12                                             1 	(obj:0)
m_11_14                                             1 	(obj:0)
m_11_13                                             1 	(obj:0)
m_11_11                                             1 	(obj:0)
m_10_14                                             1 	(obj:0)
m_10_13                                             1 	(obj:0)
m_10_10                                             1 	(obj:0)
m_9_14                                              1 	(obj:0)
m_9_13                                              1 	(obj:0)
m_9_12                                              1 	(obj:0)
m_9_11                                              1 	(obj:0)
m_9_10                                              1 	(obj:0)
m_9_9                                               1 	(obj:0)
m_8_14                                              1 	(obj:0)
m_8_13                                              1 	(obj:0)
m_8_12                                              1 	(obj:0)
m_8_11                                              1 	(obj:0)
m_8_10                                              1 	(obj:0)
m_8_8                                               1 	(obj:0)
m_7_14                                              1 	(obj:0)
m_7_13                                              1 	(obj:0)
m_7_12                                              1 	(obj:0)
m_7_11                                              1 	(obj:0)
m_7_10                                              1 	(obj:0)
m_7_7                                               1 	(obj:0)
m_6_14                                              1 	(obj:0)
m_6_13                                              1 	(obj:0)
m_6_12                                              1 	(obj:0)
m_6_11                                              1 	(obj:0)
m_6_10                                              1 	(obj:0)
m_6_9                                               1 	(obj:0)
m_6_8                                               1 	(obj:0)
m_6_7                                               1 	(obj:0)
m_6_6                                               1 	(obj:0)
m_6_2                                               1 	(obj:0)
m_5_14                                              1 	(obj:0)
m_5_13                                              1 	(obj:0)
m_5_12                                              1 	(obj:0)
m_5_11                                              1 	(obj:0)
m_5_10                                              1 	(obj:0)
m_5_9                                               1 	(obj:0)
m_5_8                                               1 	(obj:0)
m_5_7                                               1 	(obj:0)
m_5_6                                               1 	(obj:0)
m_5_5                                               1 	(obj:0)
m_5_4                                               1 	(obj:0)
m_5_2                                               1 	(obj:0)
m_5_1                                               1 	(obj:0)
m_4_14                                              1 	(obj:0)
m_4_13                                              1 	(obj:0)
m_4_12                                              1 	(obj:0)
m_4_11                                              1 	(obj:0)
m_4_10                                              1 	(obj:0)
m_4_9                                               1 	(obj:0)
m_4_8                                               1 	(obj:0)
m_4_7                                               1 	(obj:0)
m_4_4                                               1 	(obj:0)
m_4_2                                               1 	(obj:0)
m_3_14                                              1 	(obj:0)
m_3_13                                              1 	(obj:0)
m_3_12                                              1 	(obj:0)
m_3_11                                              1 	(obj:0)
m_3_10                                              1 	(obj:0)
m_3_9                                               1 	(obj:0)
m_3_8                                               1 	(obj:0)
m_3_7                                               1 	(obj:0)
m_3_6                                               1 	(obj:0)
m_3_4                                               1 	(obj:0)
m_3_3                                               1 	(obj:0)
m_3_2                                               1 	(obj:0)
m_3_1                                               1 	(obj:0)
m_2_14                                              1 	(obj:0)
m_2_13                                              1 	(obj:0)
m_2_12                                              1 	(obj:0)
m_2_11                                              1 	(obj:0)
m_2_10                                              1 	(obj:0)
m_2_9                                               1 	(obj:0)
m_2_8                                               1 	(obj:0)
m_2_7                                               1 	(obj:0)
m_2_2                                               1 	(obj:0)
m_1_14                                              1 	(obj:0)
m_1_13                                              1 	(obj:0)
m_1_12                                              1 	(obj:0)
m_1_11                                              1 	(obj:0)
m_1_10                                              1 	(obj:0)
m_1_9                                               1 	(obj:0)
m_1_8                                               1 	(obj:0)
m_1_7                                               1 	(obj:0)
m_1_6                                               1 	(obj:0)
m_1_4                                               1 	(obj:0)
m_1_2                                               1 	(obj:0)
m_1_1                                               1 	(obj:0)
m_0_14                                              1 	(obj:0)
m_0_13                                              1 	(obj:0)
m_0_12                                              1 	(obj:0)
m_0_11                                              1 	(obj:0)
m_0_10                                              1 	(obj:0)
m_0_9                                               1 	(obj:0)
m_0_8                                               1 	(obj:0)
m_0_7                                               1 	(obj:0)
m_0_6                                               1 	(obj:0)
m_0_4                                               1 	(obj:0)
m_0_2                                               1 	(obj:0)
m_0_1                                               1 	(obj:0)
m_0_0                                               1 	(obj:0)
p_1_14                                              1 	(obj:0)
p_2_13                                              1 	(obj:0)
p_1_12                                              1 	(obj:0)
p_2_11                                              1 	(obj:0)
p_3_10                                              1 	(obj:0)
p_1_9                                               1 	(obj:0)
p_2_8                                               1 	(obj:0)
p_3_7                                               1 	(obj:0)
p_2_6                                               1 	(obj:0)
p_1_5                                               1 	(obj:0)
p_1_4                                               1 	(obj:0)
p_2_3                                               1 	(obj:0)
p_3_2                                               1 	(obj:0)
p_3_1                                               1 	(obj:0)
p_3_0                                               1 	(obj:0)
t_14_14                                             1 	(obj:0)
z_14_12                                             1 	(obj:0)
t_14_12                                             1 	(obj:0)
z_14_11                                             1 	(obj:0)
z_14_10                                             1 	(obj:0)
z_14_9                                              1 	(obj:0)
t_14_9                                              1 	(obj:0)
z_14_8                                              1 	(obj:0)
z_14_7                                              1 	(obj:0)
z_14_6                                              1 	(obj:0)
z_14_5                                              1 	(obj:0)
t_14_5                                              1 	(obj:0)
z_14_4                                              1 	(obj:0)
t_14_4                                              1 	(obj:0)
z_14_3                                              1 	(obj:0)
z_14_2                                              1 	(obj:0)
z_14_1                                              1 	(obj:0)
z_14_0                                              1 	(obj:0)
t_13_13                                             1 	(obj:0)
z_13_12                                             1 	(obj:0)
z_13_11                                             1 	(obj:0)
t_13_11                                             1 	(obj:0)
z_13_10                                             1 	(obj:0)
z_13_9                                              1 	(obj:0)
z_13_8                                              1 	(obj:0)
t_13_8                                              1 	(obj:0)
z_13_7                                              1 	(obj:0)
z_13_6                                              1 	(obj:0)
t_13_6                                              1 	(obj:0)
z_13_5                                              1 	(obj:0)
z_13_4                                              1 	(obj:0)
z_13_3                                              1 	(obj:0)
t_13_3                                              1 	(obj:0)
z_13_2                                              1 	(obj:0)
z_13_1                                              1 	(obj:0)
z_13_0                                              1 	(obj:0)
t_12_14                                             1 	(obj:0)
t_12_12                                             1 	(obj:0)
z_12_9                                              1 	(obj:0)
t_12_9                                              1 	(obj:0)
z_12_8                                              1 	(obj:0)
z_12_7                                              1 	(obj:0)
z_12_6                                              1 	(obj:0)
z_12_5                                              1 	(obj:0)
t_12_5                                              1 	(obj:0)
z_12_4                                              1 	(obj:0)
t_12_4                                              1 	(obj:0)
z_12_3                                              1 	(obj:0)
z_12_2                                              1 	(obj:0)
z_12_1                                              1 	(obj:0)
z_12_0                                              1 	(obj:0)
t_11_13                                             1 	(obj:0)
t_11_11                                             1 	(obj:0)
z_11_9                                              1 	(obj:0)
z_11_8                                              1 	(obj:0)
t_11_8                                              1 	(obj:0)
z_11_7                                              1 	(obj:0)
z_11_6                                              1 	(obj:0)
t_11_6                                              1 	(obj:0)
z_11_5                                              1 	(obj:0)
z_11_4                                              1 	(obj:0)
z_11_3                                              1 	(obj:0)
t_11_3                                              1 	(obj:0)
z_11_2                                              1 	(obj:0)
z_11_1                                              1 	(obj:0)
z_11_0                                              1 	(obj:0)
t_10_10                                             1 	(obj:0)
z_10_9                                              1 	(obj:0)
z_10_8                                              1 	(obj:0)
z_10_7                                              1 	(obj:0)
t_10_7                                              1 	(obj:0)
z_10_6                                              1 	(obj:0)
z_10_5                                              1 	(obj:0)
z_10_4                                              1 	(obj:0)
z_10_3                                              1 	(obj:0)
z_10_2                                              1 	(obj:0)
t_10_2                                              1 	(obj:0)
z_10_1                                              1 	(obj:0)
t_10_1                                              1 	(obj:0)
z_10_0                                              1 	(obj:0)
t_10_0                                              1 	(obj:0)
t_9_14                                              1 	(obj:0)
t_9_12                                              1 	(obj:0)
t_9_9                                               1 	(obj:0)
z_9_6                                               1 	(obj:0)
z_9_5                                               1 	(obj:0)
t_9_5                                               1 	(obj:0)
z_9_4                                               1 	(obj:0)
t_9_4                                               1 	(obj:0)
z_9_3                                               1 	(obj:0)
z_9_2                                               1 	(obj:0)
z_9_1                                               1 	(obj:0)
z_9_0                                               1 	(obj:0)
t_8_13                                              1 	(obj:0)
t_8_11                                              1 	(obj:0)
t_8_8                                               1 	(obj:0)
z_8_6                                               1 	(obj:0)
t_8_6                                               1 	(obj:0)
z_8_5                                               1 	(obj:0)
z_8_4                                               1 	(obj:0)
z_8_3                                               1 	(obj:0)
t_8_3                                               1 	(obj:0)
z_8_2                                               1 	(obj:0)
z_8_1                                               1 	(obj:0)
z_8_0                                               1 	(obj:0)
t_7_10                                              1 	(obj:0)
t_7_7                                               1 	(obj:0)
z_7_6                                               1 	(obj:0)
z_7_5                                               1 	(obj:0)
z_7_4                                               1 	(obj:0)
z_7_3                                               1 	(obj:0)
z_7_2                                               1 	(obj:0)
t_7_2                                               1 	(obj:0)
z_7_1                                               1 	(obj:0)
t_7_1                                               1 	(obj:0)
z_7_0                                               1 	(obj:0)
t_7_0                                               1 	(obj:0)
t_6_13                                              1 	(obj:0)
t_6_11                                              1 	(obj:0)
t_6_8                                               1 	(obj:0)
t_6_6                                               1 	(obj:0)
z_6_5                                               1 	(obj:0)
z_6_3                                               1 	(obj:0)
t_6_3                                               1 	(obj:0)
z_6_0                                               1 	(obj:0)
t_5_14                                              1 	(obj:0)
t_5_12                                              1 	(obj:0)
t_5_9                                               1 	(obj:0)
t_5_5                                               1 	(obj:0)
t_5_4                                               1 	(obj:0)
t_4_14                                              1 	(obj:0)
t_4_12                                              1 	(obj:0)
t_4_9                                               1 	(obj:0)
z_4_5                                               1 	(obj:0)
t_4_5                                               1 	(obj:0)
t_4_4                                               1 	(obj:0)
z_4_3                                               1 	(obj:0)
z_4_0                                               1 	(obj:0)
t_3_13                                              1 	(obj:0)
t_3_11                                              1 	(obj:0)
t_3_8                                               1 	(obj:0)
t_3_6                                               1 	(obj:0)
t_3_3                                               1 	(obj:0)
t_2_10                                              1 	(obj:0)
t_2_7                                               1 	(obj:0)
z_2_5                                               1 	(obj:0)
z_2_3                                               1 	(obj:0)
t_2_2                                               1 	(obj:0)
z_2_1                                               1 	(obj:0)
t_2_1                                               1 	(obj:0)
z_2_0                                               1 	(obj:0)
t_2_0                                               1 	(obj:0)
t_1_10                                              1 	(obj:0)
t_1_7                                               1 	(obj:0)
t_1_2                                               1 	(obj:0)
t_1_1                                               1 	(obj:0)
z_1_0                                               1 	(obj:0)
t_1_0                                               1 	(obj:0)
t_0_10                                              1 	(obj:0)
t_0_7                                               1 	(obj:0)
t_0_2                                               1 	(obj:0)
t_0_1                                               1 	(obj:0)
t_0_0                                               1 	(obj:0)
y_11_1_14                                           1 	(obj:0)
y_10_1_14                                           1 	(obj:0)
y_9_1_14                                            1 	(obj:0)
y_5_1_14                                            1 	(obj:0)
y_4_1_14                                            1 	(obj:0)
y_3_1_14                                            1 	(obj:0)
y_11_1_13                                           1 	(obj:0)
y_10_1_13                                           1 	(obj:0)
y_9_1_13                                            1 	(obj:0)
y_8_1_13                                            1 	(obj:0)
y_5_1_13                                            1 	(obj:0)
y_4_1_13                                            1 	(obj:0)
y_3_1_13                                            1 	(obj:0)
y_11_1_12                                           1 	(obj:0)
y_10_1_12                                           1 	(obj:0)
y_9_1_12                                            1 	(obj:0)
y_8_1_12                                            1 	(obj:0)
y_7_1_12                                            1 	(obj:0)
y_5_1_12                                            1 	(obj:0)
y_4_1_12                                            1 	(obj:0)
y_3_1_12                                            1 	(obj:0)
y_11_1_11                                           1 	(obj:0)
y_10_1_11                                           1 	(obj:0)
y_9_1_11                                            1 	(obj:0)
y_8_1_11                                            1 	(obj:0)
y_7_1_11                                            1 	(obj:0)
y_6_1_11                                            1 	(obj:0)
y_1_1_11                                            1 	(obj:0)
y_11_1_10                                           1 	(obj:0)
y_10_1_10                                           1 	(obj:0)
y_9_1_10                                            1 	(obj:0)
y_8_1_10                                            1 	(obj:0)
y_7_1_10                                            1 	(obj:0)
y_6_1_10                                            1 	(obj:0)
y_5_1_10                                            1 	(obj:0)
y_1_1_10                                            1 	(obj:0)
y_9_1_9                                             1 	(obj:0)
y_8_1_9                                             1 	(obj:0)
y_7_1_9                                             1 	(obj:0)
y_6_1_9                                             1 	(obj:0)
y_5_1_9                                             1 	(obj:0)
y_4_1_9                                             1 	(obj:0)
y_1_1_9                                             1 	(obj:0)
y_9_1_8                                             1 	(obj:0)
y_8_1_8                                             1 	(obj:0)
y_7_1_8                                             1 	(obj:0)
y_6_1_8                                             1 	(obj:0)
y_5_1_8                                             1 	(obj:0)
y_4_1_8                                             1 	(obj:0)
y_3_1_8                                             1 	(obj:0)
y_1_1_8                                             1 	(obj:0)
y_0_1_8                                             1 	(obj:0)
y_9_1_7                                             1 	(obj:0)
y_8_1_7                                             1 	(obj:0)
y_7_1_7                                             1 	(obj:0)
y_6_1_7                                             1 	(obj:0)
y_5_1_7                                             1 	(obj:0)
y_4_1_7                                             1 	(obj:0)
y_3_1_7                                             1 	(obj:0)
y_1_1_7                                             1 	(obj:0)
y_0_1_7                                             1 	(obj:0)
y_6_1_6                                             1 	(obj:0)
y_5_1_6                                             1 	(obj:0)
y_4_1_6                                             1 	(obj:0)
y_3_1_6                                             1 	(obj:0)
y_1_1_6                                             1 	(obj:0)
y_0_1_6                                             1 	(obj:0)
y_5_1_5                                             1 	(obj:0)
y_3_1_5                                             1 	(obj:0)
y_1_1_5                                             1 	(obj:0)
y_0_1_5                                             1 	(obj:0)
y_6_1_4                                             1 	(obj:0)
y_5_1_4                                             1 	(obj:0)
y_4_1_4                                             1 	(obj:0)
y_3_1_4                                             1 	(obj:0)
y_1_1_4                                             1 	(obj:0)
y_0_1_4                                             1 	(obj:0)
y_5_1_3                                             1 	(obj:0)
y_3_1_3                                             1 	(obj:0)
y_1_1_3                                             1 	(obj:0)
y_0_1_3                                             1 	(obj:0)
y_6_1_2                                             1 	(obj:0)
y_5_1_2                                             1 	(obj:0)
y_4_1_2                                             1 	(obj:0)
y_3_1_2                                             1 	(obj:0)
y_1_1_2                                             1 	(obj:0)
y_6_1_1                                             1 	(obj:0)
y_5_1_1                                             1 	(obj:0)
y_4_1_1                                             1 	(obj:0)
y_3_1_1                                             1 	(obj:0)
y_1_1_1                                             1 	(obj:0)
y_0_1_1                                             1 	(obj:0)
y_5_1_0                                             1 	(obj:0)
y_3_1_0                                             1 	(obj:0)
y_0_1_0                                             1 	(obj:0)
s_9                                                20 	(obj:0)
s_8                                                20 	(obj:0)
s_7                                                20 	(obj:0)
s_6                                                10 	(obj:0)
s_4                                                10 	(obj:0)
s_2                                                19 	(obj:0)
s_1                                                 1 	(obj:0)
l                                                  50 	(obj:1)
s_14                                               40 	(obj:0)
s_13                                               40 	(obj:0)
s_12                                               30 	(obj:0)
s_11                                               30 	(obj:0)
s_10                                               30 	(obj:0)

Statistics
==========

SCIP Status        : problem is solved [optimal solution found]
Total Time         :       9.01
  solving          :       9.01
  presolving       :       0.75 (included in solving)
  reading          :       0.00
  copying          :       0.56 (102 #copies) (minimal 0.00, maximal 0.01, average 0.01)
Original Problem   :
  Problem name     : /Users/maxbig/Coursework_multiprocessing/Coursework/SCIP/SCIPOptSuite-9.2.1-Linux/inputs/new_tr/order/layered_15_buf_times_P3_M2550_up_right_input.lp
  Variables        : 886 (870 binary, 16 integer, 0 continuous)
  Implied int vars : 0 (0 binary, 0 integer, 0 continuous)
  Constraints      : 2918 initial, 2918 maximal
  Objective        : minimize, 1 non-zeros (abs.min = 1, abs.max = 1)
Presolved Problem  :
  Problem name     : t_/Users/maxbig/Coursework_multiprocessing/Coursework/SCIP/SCIPOptSuite-9.2.1-Linux/inputs/new_tr/order/layered_15_buf_times_P3_M2550_up_right_input.lp
  Variables        : 708 (692 binary, 16 integer, 0 continuous)
  Implied int vars : 0 (0 binary, 0 integer, 0 continuous)
  Constraints      : 2189 initial, 2261 maximal
  Objective        : minimize, 1 non-zeros (abs.min = 1, abs.max = 1)
  Nonzeros         : 7395 constraint, 123 clique table
Presolvers         :   ExecTime  SetupTime  Calls  FixedVars   AggrVars   ChgTypes  ChgBounds   AddHoles    DelCons    AddCons   ChgSides   ChgCoefs
  boundshift       :       0.00       0.00      0          0          0          0          0          0          0          0          0          0
  convertinttobin  :       0.00       0.00      0          0          0          0          0          0          0          0          0          0
  domcol           :       0.00       0.00      4          0          0          0          0          0          0          0          0          0
  dualagg          :       0.00       0.00      0          0          0          0          0          0          0          0          0          0
  dualcomp         :       0.00       0.00      0          0          0          0          0          0          0          0          0          0
  dualinfer        :       0.00       0.00      0          0          0          0          0          0          0          0          0          0
  dualsparsify     :       0.01       0.00      1          0          0          0          0          0          0          0          0          0
  gateextraction   :       0.00       0.00      6          0          0          0          0          0          0          0          0          0
  implics          :       0.00       0.00     10          0          0          0          0          0          0          0          0          0
  implint          :       0.00       0.00      0          0          0          0          0          0          0          0          0          0
  inttobinary      :       0.00       0.00     16          0          0          0          0          0          0          0          0          0
  milp             :       0.00       0.00      1          0          0          0          0          0          0          0          0          0
  qpkktref         :       0.00       0.00      0          0          0          0          0          0          0          0          0          0
  redvub           :       0.00       0.00      0          0          0          0          0          0          0          0          0          0
  sparsify         :       0.00       0.00      2          0          0          0          0          0          0          0          0          0
  stuffing         :       0.00       0.00      0          0          0          0          0          0          0          0          0          0
  trivial          :       0.00       0.00     16        127          0          0          0          0          0          0          0          0
  tworowbnd        :       0.00       0.00      0          0          0          0          0          0          0          0          0          0
  dualfix          :       0.00       0.00     16         15          0          0          0          0          0          0          0          0
  genvbounds       :       0.00       0.00      0          0          0          0          0          0          0          0          0          0
  probing          :       0.69       0.00      3          0         12          0          0          0          0          0          0          0
  pseudoobj        :       0.00       0.00      1          0          0          0          0          0          0          0          0          0
  symmetry         :       0.01       0.00      1          2          0          0          0          0          0          3          0          0
  vbounds          :       0.00       0.00      3          0         14          0          0          0          0          0          0          0
  varbound         :       0.00       0.00     20          0          0          0          0          0         11          0         11          0
  knapsack         :       0.00       0.00      5          0          0          0          0          0          0          0          0          0
  setppc           :       0.00       0.00     26          0          1          0          0          0          2          0          0          0
  linear           :       0.02       0.00     24          0          6          0         24          0        553          0       1106       1449
  orbitope_pp      :       0.00       0.00      7          1          0          0          0          0          0          0          0          0
  logicor          :       0.01       0.00     24          0          0          0          0          0        187          0          0         83
  bounddisjunction :       0.00       0.00      0          0          0          0          0          0          0          0          0          0
  components       :       0.00       0.00      2          0          0          0          0          0          0          0          0          0
  root node        :          -          -      -        636          -          -        781          -          -          -          -          -
Constraints        :     Number  MaxNumber  #Separate #Propagate    #EnfoLP    #EnfoRelax  #EnfoPS    #Check   #ResProp    Cutoffs    DomReds       Cuts    Applied      Conss   Children
  integral         :          0          0          0          0        677          0          0        297          0          0          0          0          0          0       1354
  varbound         :         38         38         26      16257          0          0          0        290          2          0         39          0          0          0          0
  knapsack         :         18         18         11       7208          0          0          0          0          4          0        132          0          0          0          0
  setppc           :         25         25         26      13692          0          0          0        263        204         32       1451          0          0          0          0
  linear           :        984+       991         26      16226          0          0          0        115        701        800      12481          0          0          0          0
  orbitope_pp      :          3          3          0      10219          0          0          0          8          5          0          4          0          0          0          0
  logicor          :       1121+      1162         26       5550          0          0          0          8        500         64      20003          6          3          0          0
  bounddisjunction :          0+       185          0       2730          0          0          0          0         68         13        408          0          0          0          0
  fixedvar         :          0          0          0          0          0          0          0          9          0          0          0          0          0          0          0
  countsols        :          0          0          0          0          0          0          0          9          0          0          0          0          0          0          0
  components       :          0          0          0          0          0          0          0          0          0          0          0          0          0          0          0
Constraint Timings :  TotalTime  SetupTime   Separate  Propagate     EnfoLP     EnfoPS     EnfoRelax   Check    ResProp    SB-Prop
  integral         :       0.09       0.00       0.00       0.00       0.09       0.00       0.00       0.00       0.00       0.00
  varbound         :       0.12       0.00       0.00       0.12       0.00       0.00       0.00       0.00       0.00       0.00
  knapsack         :       0.01       0.00       0.00       0.01       0.00       0.00       0.00       0.00       0.00       0.00
  setppc           :       0.01       0.00       0.00       0.01       0.00       0.00       0.00       0.00       0.00       0.00
  linear           :       0.66       0.00       0.01       0.65       0.00       0.00       0.00       0.00       0.00       0.00
  orbitope_pp      :       0.01       0.00       0.00       0.01       0.00       0.00       0.00       0.00       0.00       0.00
  logicor          :       0.11       0.00       0.00       0.10       0.00       0.00       0.00       0.00       0.00       0.00
  bounddisjunction :       0.01       0.00       0.00       0.01       0.00       0.00       0.00       0.00       0.00       0.00
  fixedvar         :       0.00       0.00       0.00       0.00       0.00       0.00       0.00       0.00       0.00       0.00
  countsols        :       0.00       0.00       0.00       0.00       0.00       0.00       0.00       0.00       0.00       0.00
  components       :       0.00       0.00       0.00       0.00       0.00       0.00       0.00       0.00       0.00       0.00
Propagators        : #Propagate   #ResProp    Cutoffs    DomReds
  dualfix          :          7          0          0          9
  genvbounds       :          0          0          0          0
  nlobbt           :          0          0          0          0
  obbt             :          0          0          0          0
  probing          :          0          0          0          0
  pseudoobj        :       4858          0          0          5
  redcost          :       1616          0          0         72
  rootredcost      :          8          0          0        134
  symmetry         :          0          0          0          0
  vbounds          :       6683        137          3       1105
Propagator Timings :  TotalTime  SetupTime   Presolve  Propagate    ResProp    SB-Prop
  dualfix          :       0.00       0.00       0.00       0.00       0.00       0.00
  genvbounds       :       0.00       0.00       0.00       0.00       0.00       0.00
  nlobbt           :       0.00       0.00       0.00       0.00       0.00       0.00
  obbt             :       0.00       0.00       0.00       0.00       0.00       0.00
  probing          :       0.69       0.00       0.69       0.00       0.00       0.00
  pseudoobj        :       0.00       0.00       0.00       0.00       0.00       0.00
  redcost          :       0.03       0.00       0.00       0.03       0.00       0.00
  rootredcost      :       0.00       0.00       0.00       0.00       0.00       0.00
  symmetry         :       0.01       0.00       0.01       0.00       0.00       0.00
  vbounds          :       0.07       0.00       0.00       0.07       0.00       0.00
Symmetry           :
  #affected vars   :        675 (667 bin, 8 int, 0 cont)
  orbitopal red.   :          0 reductions applied,          0 cutoffs
  orbital reduction:          0 reductions applied,          0 cutoffs
  lexicographic red:          0 reductions applied,          0 cutoffs
  shadow tree time :       0.00 s
Conflict Analysis  :       Time      Calls    Success    DomReds  Conflicts   Literals    Reconvs ReconvLits   Dualrays   Nonzeros   LP Iters   (pool size: [10000,10000])
  propagation      :       0.00        147        141          -        258        6.8         28        5.1          -          -          -
  infeasible LP    :       0.00         13         13          -         19        4.2          0        0.0         13        4.2          0
  bound exceed. LP :       0.00          0          0          -          0        0.0          0        0.0          0        0.0          0
  strong branching :       0.00          0          0          -          0        0.0          0        0.0          -          -          0
  pseudo solution  :       0.00          0          0          -          0        0.0          0        0.0          -          -          -
  applied globally :       0.00          -          -          0        265        6.0          -          -         13          -          -
  applied locally  :          -          -          -          0          3        6.3          -          -          0          -          -
Gen. Resolution CA :       Time      Calls    Success  Conflicts  LargeCoef  LongConfs    Length
  propagation      :       0.00          0          0          0          0          0       0.0
Separators         :   ExecTime  SetupTime      Calls  RootCalls    Cutoffs    DomReds  FoundCuts ViaPoolAdd  DirectAdd    Applied ViaPoolApp  DirectApp      Conss
  cut pool         :       0.08          -        299         51          -          -       8265      18565          -          -          -          -          -    (maximal pool size:       5678)
  aggregation      :       0.07       0.00        115         26          0          0        225        693         18        382        379          3          0
  > cmir           :          -          -          -          -          -          -          -        209          5         99         99          0          -
  > flowcover      :          -          -          -          -          -          -          -        472          9        282        280          2          -
  > knapsackcover  :          -          -          -          -          -          -          -         12          4          1          0          1          -
  cgmip            :       0.00       0.00          0          0          0          0          0          0          0          0          0          0          0
  clique           :       0.00       0.00         26         26          0          0          0          0          0          0          0          0          0
  closecuts        :       0.00       0.00          0          0          0          0          0          0          0          0          0          0          0
  convexproj       :       0.00       0.00          0          0          0          0          0          0          0          0          0          0          0
  disjunctive      :       0.00       0.00          0          0          0          0          0          0          0          0          0          0          0
  eccuts           :       0.00       0.00          0          0          0          0          0          0          0          0          0          0          0
  flower           :       0.00       0.00         79         26          0          0          0          0          0          0          0          0          0
  gauge            :       0.00       0.00          0          0          0          0          0          0          0          0          0          0          0
  gomory           :       1.13       0.00        113         20          0          0       8275      15835       1272        831        727        104          0
  > gomorymi       :          -          -          -          -          -          -          -       6659        636        327        263         64          -
  > strongcg       :          -          -          -          -          -          -          -       9176        636        504        464         40          -
  impliedbounds    :       0.00       0.00        119         26          0          0        790       1057          0        289        289          0          0
  interminor       :       0.00       0.00          0          0          0          0          0          0          0          0          0          0          0
  intobj           :       0.00       0.00          0          0          0          0          0          0          0          0          0          0          0
  lagromory        :       0.00       0.00          0          0          0          0          0          0          0          0          0          0          0
  mcf              :       0.00       0.00          2          2          0          0          0          0          0          0          0          0          0
  minor            :       0.00       0.00          0          0          0          0          0          0          0          0          0          0          0
  mixing           :       0.00       0.00        119         26          0          0          0          0          0          0          0          0          0
  oddcycle         :       0.00       0.00          0          0          0          0          0          0          0          0          0          0          0
  rapidlearning    :       2.95       0.00         89          2          0       1708          0          0          0          0          0          0        152
  rlt              :       0.00       0.00         20         20          0          0          0          0          0          0          0          0          0
  zerohalf         :       0.09       0.00        115         26          0          0        339        980         74        403        355         48          0
Cutselectors       :   ExecTime  SetupTime      Calls  RootCalls   Selected     Forced   Filtered  RootSelec   RootForc   RootFilt 
  hybrid           :       0.02       0.00        188         26       1843         68      18049        498          0       7226
  ensemble         :       0.00       0.00          0          0          0          0          0          0          0          0
  dynamic          :       0.00       0.00          0          0          0          0          0          0          0          0
Pricers            :   ExecTime  SetupTime      Calls       Vars
  problem variables:       0.00          -          0          0
Branching Rules    :   ExecTime  SetupTime   BranchLP  BranchExt   BranchPS    Cutoffs    DomReds       Cuts      Conss   Children
  allfullstrong    :       0.00       0.00          0          0          0          0          0          0          0          0
  cloud            :       0.00       0.00          0          0          0          0          0          0          0          0
  distribution     :       0.00       0.00          0          0          0          0          0          0          0          0
  fullstrong       :       0.00       0.00          0          0          0          0          0          0          0          0
  gomory           :       0.00       0.00          0          0          0          0          0          0          0          0
  inference        :       0.00       0.00          0          0          0          0          0          0          0          0
  leastinf         :       0.00       0.00          0          0          0          0          0          0          0          0
  lookahead        :       0.00       0.00          0          0          0          0          0          0          0          0
  mostinf          :       0.00       0.00          0          0          0          0          0          0          0          0
  multaggr         :       0.00       0.00          0          0          0          0          0          0          0          0
  nodereopt        :       0.00       0.00          0          0          0          0          0          0          0          0
  pscost           :       0.00       0.00          0          0          0          0          0          0          0          0
  random           :       0.00       0.00          0          0          0          0          0          0          0          0
  relpscost        :       0.09       0.00        677          0          0          0          0          0          0       1354
  vanillafullstrong:       0.00       0.00          0          0          0          0          0          0          0          0
Primal Heuristics  :   ExecTime  SetupTime      Calls      Found       Best
  LP solutions     :       0.00          -          -          0          0
  relax solutions  :       0.00          -          -          0          0
  pseudo solutions :       0.00          -          -          0          0
  strong branching :       0.00          -          -          0          0
  actconsdiving    :       0.00       0.00          0          0          0
  adaptivediving   :       0.11       0.00         11          0          0
  alns             :       0.06       0.00          5          0          0
  bound            :       0.00       0.00          0          0          0
  clique           :       0.01       0.00          1          0          0
  coefdiving       :       0.00       0.00          0          0          0
  completesol      :       0.00       0.00          0          0          0
  conflictdiving   :       0.14       0.00         15          1          1
  crossover        :       0.00       0.00          0          0          0
  dins             :       0.00       0.00          0          0          0
  distributiondivin:       0.16       0.00         13          1          1
  dks              :       0.00       0.00          0          0          0
  dps              :       0.00       0.00          0          0          0
  dualval          :       0.00       0.00          0          0          0
  farkasdiving     :       0.00       0.00          0          0          0
  feaspump         :       0.09       0.00          5          0          0
  fixandinfer      :       0.00       0.00          0          0          0
  fracdiving       :       0.04       0.00         15          0          0
  gins             :       0.00       0.00          0          0          0
  guideddiving     :       0.07       0.00         16          0          0
  indicator        :       0.00       0.00          0          0          0
  indicatordiving  :       0.00       0.00          0          0          0
  intdiving        :       0.00       0.00          0          0          0
  intshifting      :       0.00       0.00          0          0          0
  linesearchdiving :       0.05       0.00         16          1          1
  localbranching   :       0.00       0.00          0          0          0
  locks            :       0.02       0.00          1          0          0
  lpface           :       0.00       0.00          0          0          0
  mpec             :       0.00       0.00          0          0          0
  multistart       :       0.00       0.00          0          0          0
  mutation         :       0.00       0.00          0          0          0
  nlpdiving        :       0.00       0.00          0          0          0
  objpscostdiving  :       0.25       0.00          1          0          0
  octane           :       0.00       0.00          0          0          0
  ofins            :       0.00       0.00          0          0          0
  oneopt           :       0.00       0.00          8          0          0
  padm             :       0.00       0.00          0          0          0
  proximity        :       0.00       0.00          0          0          0
  pscostdiving     :       0.12       0.00         16          1          1
  randrounding     :       0.21       0.00        301          0          0
  rens             :       0.03       0.00          2          0          0
  reoptsols        :       0.00       0.00          0          0          0
  repair           :       0.00       0.00          0          0          0
  rins             :       0.08       0.00          6          0          0
  rootsoldiving    :       0.06       0.00          1          0          0
  rounding         :       0.02       0.00        375          0          0
  scheduler        :       0.00       0.00          0          0          0
  shiftandpropagate:       0.07       0.00          1          0          0
  shifting         :       0.25       0.00        222          0          0
  simplerounding   :       0.00       0.00        961          0          0
  subnlp           :       0.00       0.00          0          0          0
  trivial          :       0.00       0.00          4          0          0
  trivialnegation  :       0.00       0.00          0          0          0
  trustregion      :       0.00       0.00          0          0          0
  trysol           :       0.00       0.00          0          0          0
  twoopt           :       0.00       0.00          0          0          0
  undercover       :       0.00       0.00          0          0          0
  vbounds          :       0.09       0.00          2          0          0
  veclendiving     :       0.06       0.00         15          2          2
  zeroobj          :       0.00       0.00          0          0          0
  zirounding       :       0.02       0.00        675          0          0
  other solutions  :          -          -          -          0          -
LNS (Scheduler)    :      Calls  SetupTime  SolveTime SolveNodes       Sols       Best       Exp3    Exp3-IX  EpsGreedy        UCB TgtFixRate  Opt  Inf Node Stal  Sol  Usr Othr Actv
  rens             :          0       0.00       0.00          0          0          0    0.00000    0.12500   -1.00000    1.00000      0.900    0    0    0    0    0    0    0    1
  rins             :          0       0.00       0.00          0          0          0    0.00000    0.12500   -1.00000    1.00000      0.900    0    0    0    0    0    0    0    1
  mutation         :          0       0.00       0.00          0          0          0    0.00000    0.12500   -1.00000    1.00000      0.900    0    0    0    0    0    0    0    1
  localbranching   :          0       0.00       0.00          0          0          0    0.00000    0.12500   -1.00000    1.00000      0.900    0    0    0    0    0    0    0    1
  crossover        :          0       0.00       0.00          0          0          0    0.00000    0.12500   -1.00000    1.00000      0.900    0    0    0    0    0    0    0    1
  proximity        :          0       0.00       0.00          0          0          0    0.00000    0.12500   -1.00000    1.00000      0.900    0    0    0    0    0    0    0    1
  zeroobjective    :          0       0.00       0.00          0          0          0    0.00000    0.12500   -1.00000    1.00000      0.900    0    0    0    0    0    0    0    1
  dins             :          0       0.00       0.00          0          0          0    0.00000    0.12500   -1.00000    1.00000      0.900    0    0    0    0    0    0    0    1
  trustregion      :          0       0.00       0.00          0          0          0    0.00000    0.00000   -1.00000    1.00000      0.900    0    0    0    0    0    0    0    0
LP                 :       Time      Calls Iterations  Iter/call   Iter/sec  Time-0-It Calls-0-It
  primal LP        :       0.02         47          0       0.00       0.00       0.02         47
  dual LP          :       1.08        965      21483      22.69   19930.35       0.01         18
  lex dual LP      :       0.00          0          0       0.00          -
  barrier LP       :       0.00          0          0       0.00          -       0.00          0
  resolve instable :       0.00          0          0       0.00          -
  diving/probing LP:       0.87        333      19159      57.53   22073.90
  strong branching :       0.05         11       1057      96.09   21091.49          -          -          0
    (at root node) :          -         11       1057      96.09          -
  conflict analysis:       0.00          0          0       0.00          -
Relaxators         :       Time      Calls    Cutoffs ImprBounds   ImprTime ReducedDom  Separated AddedConss
  benders          :       0.00          0          0          0       0.00          0          0          0
B&B Tree           :
  number of runs   :          2
  nodes            :       1259 (677 internal, 582 leaves)
  feasible leaves  :          0
  infeas. leaves   :        582
  objective leaves :          0
  nodes (total)    :       1260 (677 internal, 583 leaves)
  nodes left       :          0
  max depth        :         20
  max depth (total):         20
  backtracks       :        416 (33.0%)
  early backtracks :          0 (0.0%)
  nodes exc. ref.  :          0 (0.0%)
  delayed cutoffs  :         71
  repropagations   :        207 (1542 domain reductions, 30 cutoffs)
  avg switch length:       5.12
  switching time   :       0.22
Root Node          :
  First LP value   : +4.00000000000000e+01
  First LP Iters   :        385 (47054.51 Iter/sec)
  First LP Time    :       0.01
  Final Dual Bound : +4.00000000000000e+01
  Final Root Iters :       2879
  Root LP Estimate : +4.57854860131441e+01
Solution           :
  Solutions found  :          8 (8 improvements)
  First Solution   : +8.00000000000000e+01   (in run 1, after 1 nodes, 1.54 seconds, depth 49, found by <conflictdiving>)
  Gap First Sol.   :     100.00 %
  Gap Last Sol.    :      25.00 %
  Primal Bound     : +5.00000000000000e+01   (in run 2, after 52 nodes, 3.90 seconds, depth 20, found by <veclendiving>)
  Dual Bound       : +5.00000000000000e+01
  Gap              :       0.00 %
Integrals          :      Total       Avg%
  primal-dual      :     308.30      34.24
  primal-ref       :          -          - (not evaluated)
  dual-ref         :          -          - (not evaluated)
