SCIP version 10.0.0 [precision: 8 byte] [memory: block] [mode: optimized] [LP solver: SoPlex 8.0.0] [GitHash: 0c80fdd8e9]
Copyright (c) 2002-2025 Zuse Institute Berlin (ZIB)

External libraries: 
  Readline 8.3         GNU library for command line editing (gnu.org/s/readline)
  SoPlex 8.0.0         Linear programming solver developed at Zuse Institute Berlin (soplex.zib.de) [GitHash: 2207cfb2]
  CppAD 20180000.0     Algorithmic Differentiation of C++ algorithms developed by B. Bell (github.com/coin-or/CppAD)
  ZLIB 1.2.12          General purpose compression library by J. Gailly and M. Adler (zlib.net)
  MPFR 4.2.2           GNU Multiple Precision Floating-Point Reliable Library (mpfr.org)
  Boost 1.89.0         Boost C++ Libraries (boost.org)
  TinyCThread 1.2      small portable implementation of the C11 threads API (tinycthread.github.io)
  GMP 6.3.0            GNU Multiple Precision Arithmetic Library developed by T. Granlund (gmplib.org)
  AMPL/MP 4.0.3        AMPL .nl file reader library (github.com/ampl/mp)
  PaPILO 3.0.0         parallel presolve for integer and linear optimization (github.com/scipopt/papilo) (built with TBB)
  Nauty 2.8.8          Computing Graph Automorphism Groups by Brendan D. McKay (users.cecs.anu.edu.au/~bdm/nauty)
  sassy 2.0            Symmetry preprocessor by Markus Anders (github.com/markusa4/sassy)
  Ipopt 3.14.19        Interior Point Optimizer developed by A. Waechter et.al. (github.com/coin-or/Ipopt)

reading user parameter file </Users/maxbig/Coursework_multiprocessing/Coursework/SCIP/SCIPOptSuite-9.2.1-Linux/only_time.set>

read problem </Users/maxbig/Coursework_multiprocessing/Coursework/SCIP/SCIPOptSuite-9.2.1-Linux/inputs/new_tr/order/layered_15_buf_times_P2_M1050_down_left_input.lp>
============

original problem has 871 variables (855 bin, 16 int, 0 cont) and 2483 constraints

solve problem
=============

presolving:
(round 1, fast)       88 del vars, 46 del conss, 0 add conss, 37 chg bounds, 0 chg sides, 0 chg coeffs, 0 upgd conss, 0 impls, 43 clqs, 0 implints
   (0.0s) running MILP presolver
   (0.0s) MILP presolver (2 rounds): 0 aggregations, 0 fixings, 0 bound changes
(round 2, exhaustive) 88 del vars, 480 del conss, 0 add conss, 37 chg bounds, 0 chg sides, 0 chg coeffs, 0 upgd conss, 0 impls, 43 clqs, 0 implints
(round 3, exhaustive) 88 del vars, 480 del conss, 0 add conss, 37 chg bounds, 0 chg sides, 0 chg coeffs, 898 upgd conss, 0 impls, 43 clqs, 0 implints
(round 4, medium)     88 del vars, 480 del conss, 6 add conss, 37 chg bounds, 6 chg sides, 12 chg coeffs, 898 upgd conss, 0 impls, 43 clqs, 0 implints
   (0.5s) probing: 581/767 (75.7%) - 0 fixings, 0 aggregations, 2382 implications, 1 bound changes
   (0.5s) probing aborted: 50/50 successive totally useless probings
   (0.5s) symmetry computation started: requiring (bin +, int +, cont +), (fixed: bin -, int -, cont -)
   (0.5s) symmetry computation finished: 2 generators found (max: 1500, log10 of symmetry group size: 0.78) (symcode time: 0.00)
dynamic symmetry handling statistics:
   orbitopal reduction:       no components
   orbital reduction:          1 components of sizes 3
   lexicographic reduction:    3 permutations with support sizes 624, 624, 624
handled 1 out of 1 symmetry components
presolving (5 rounds: 5 fast, 4 medium, 3 exhaustive):
 88 deleted vars, 480 deleted constraints, 6 added constraints, 38 tightened bounds, 0 added holes, 6 changed sides, 12 changed coefficients
 2442 implications, 43 cliques, 0 implied integral variables (0 bin, 0 int, 0 cont)
presolved problem has 783 variables (767 bin, 16 int, 0 cont) and 2009 constraints
     44 constraints of type <varbound>
     13 constraints of type <knapsack>
      7 constraints of type <setppc>
   1105 constraints of type <linear>
    840 constraints of type <logicor>
transformed objective value is always integral (scale: 1)
Presolving Time: 0.55

 time | node  | left  |LP iter|LP it/n|mem/heur|mdpt |vars |cons |rows |cuts |sepa|confs|strbr|  dualbound   | primalbound  |  gap   | compl. 
  0.7s|     1 |     0 |   474 |     - |    26M |   0 | 783 |2024 |2009 |   0 |  0 |  15 |   0 | 4.800000e+01 |      --      |    Inf | unknown
  3.4s|     1 |     0 |  1713 |     - |    27M |   0 | 783 |2024 |2074 |  67 |  1 |  15 |   0 | 4.800000e+01 |      --      |    Inf | unknown
  3.4s|     1 |     0 |  1987 |     - |    27M |   0 | 783 |2026 |2104 |  97 |  2 |  17 |   0 | 4.848087e+01 |      --      |    Inf | unknown
  3.4s|     1 |     0 |  2055 |     - |    27M |   0 | 783 |2027 |2104 |  97 |  2 |  18 |   0 | 4.900000e+01 |      --      |    Inf | unknown
  3.4s|     1 |     0 |  2108 |     - |    28M |   0 | 783 |2027 |2124 | 117 |  3 |  18 |   0 | 4.939779e+01 |      --      |    Inf | unknown
  3.4s|     1 |     0 |  2141 |     - |    28M |   0 | 783 |2027 |2123 | 117 |  3 |  18 |   0 | 5.000000e+01 |      --      |    Inf | unknown
  3.4s|     1 |     0 |  2270 |     - |    29M |   0 | 783 |2027 |2143 | 137 |  4 |  18 |   0 | 5.038814e+01 |      --      |    Inf | unknown
  3.4s|     1 |     0 |  2323 |     - |    29M |   0 | 783 |2027 |2142 | 137 |  4 |  18 |   0 | 5.100000e+01 |      --      |    Inf | unknown
  3.5s|     1 |     0 |  2430 |     - |    30M |   0 | 783 |2027 |2158 | 153 |  5 |  18 |   0 | 5.135264e+01 |      --      |    Inf | unknown
  3.5s|     1 |     0 |  2486 |     - |    30M |   0 | 783 |2027 |2157 | 153 |  5 |  18 |   0 | 5.200000e+01 |      --      |    Inf | unknown
  3.5s|     1 |     0 |  2601 |     - |    30M |   0 | 783 |2027 |2183 | 179 |  6 |  18 |   0 | 5.222856e+01 |      --      |    Inf | unknown
  3.5s|     1 |     0 |  2622 |     - |    30M |   0 | 783 |2027 |2183 | 179 |  6 |  18 |   0 | 5.300000e+01 |      --      |    Inf | unknown
  3.5s|     1 |     0 |  2697 |     - |    31M |   0 | 783 |2028 |2203 | 199 |  7 |  19 |   0 | 5.317364e+01 |      --      |    Inf | unknown
  3.5s|     1 |     0 |  2733 |     - |    31M |   0 | 783 |2030 |2129 | 199 |  7 |  21 |   0 | 5.400000e+01 |      --      |    Inf | unknown
  3.6s|     1 |     0 |  2830 |     - |    31M |   0 | 783 |2032 |2151 | 221 |  8 |  23 |   0 | 5.411101e+01 |      --      |    Inf | unknown
 time | node  | left  |LP iter|LP it/n|mem/heur|mdpt |vars |cons |rows |cuts |sepa|confs|strbr|  dualbound   | primalbound  |  gap   | compl. 
  3.6s|     1 |     0 |  2890 |     - |    31M |   0 | 783 |2033 |2150 | 221 |  8 |  24 |   0 | 5.500000e+01 |      --      |    Inf | unknown
  3.6s|     1 |     0 |  2950 |     - |    32M |   0 | 783 |2033 |2126 | 238 |  9 |  24 |   0 | 5.500000e+01 |      --      |    Inf | unknown
  3.6s|     1 |     0 |  3037 |     - |    32M |   0 | 783 |2034 |2138 | 250 | 10 |  25 |   0 | 5.500000e+01 |      --      |    Inf | unknown
  3.6s|     1 |     0 |  3115 |     - |    32M |   0 | 783 |2034 |2150 | 262 | 11 |  25 |   0 | 5.515000e+01 |      --      |    Inf | unknown
  3.7s|     1 |     0 |  3184 |     - |    32M |   0 | 783 |2035 |2145 | 262 | 11 |  26 |   0 | 5.600000e+01 |      --      |    Inf | unknown
  3.7s|     1 |     0 |  3274 |     - |    32M |   0 | 783 |2035 |2164 | 281 | 12 |  26 |   0 | 5.600000e+01 |      --      |    Inf | unknown
  3.7s|     1 |     0 |  3388 |     - |    33M |   0 | 783 |2035 |2170 | 287 | 13 |  26 |   0 | 5.606575e+01 |      --      |    Inf | unknown
  3.7s|     1 |     0 |  3429 |     - |    33M |   0 | 783 |2035 |2166 | 287 | 13 |  26 |   0 | 5.700000e+01 |      --      |    Inf | unknown
  3.7s|     1 |     0 |  3460 |     - |    33M |   0 | 783 |2035 |2171 | 292 | 14 |  26 |   0 | 5.700000e+01 |      --      |    Inf | unknown
  3.7s|     1 |     0 |  3550 |     - |    33M |   0 | 783 |2035 |2176 | 297 | 15 |  26 |   0 | 5.700000e+01 |      --      |    Inf | unknown
  3.7s|     1 |     0 |  3642 |     - |    33M |   0 | 783 |2036 |2182 | 303 | 16 |  27 |   0 | 5.700000e+01 |      --      |    Inf | unknown
  3.8s|     1 |     0 |  3717 |     - |    34M |   0 | 783 |2036 |2185 | 306 | 17 |  27 |   0 | 5.701733e+01 |      --      |    Inf | unknown
  3.8s|     1 |     0 |  3752 |     - |    34M |   0 | 783 |2038 |2166 | 306 | 17 |  29 |   0 | 5.800000e+01 |      --      |    Inf | unknown
  3.8s|     1 |     0 |  3786 |     - |    34M |   0 | 783 |2038 |2174 | 314 | 18 |  29 |   0 | 5.800000e+01 |      --      |    Inf | unknown
  3.8s|     1 |     0 |  3843 |     - |    34M |   0 | 783 |2038 |2084 | 317 | 19 |  29 |   0 | 5.800000e+01 |      --      |    Inf | unknown
 time | node  | left  |LP iter|LP it/n|mem/heur|mdpt |vars |cons |rows |cuts |sepa|confs|strbr|  dualbound   | primalbound  |  gap   | compl. 
  3.8s|     1 |     0 |  3896 |     - |    34M |   0 | 783 |2038 |2090 | 323 | 20 |  29 |   0 | 5.800000e+01 |      --      |    Inf | unknown
  3.8s|     1 |     0 |  3921 |     - |    35M |   0 | 783 |2038 |2099 | 332 | 21 |  29 |   0 | 5.800000e+01 |      --      |    Inf | unknown
  4.0s|     1 |     2 |  4795 |     - |    35M |   0 | 783 |2054 |2099 | 332 | 22 |  45 |  20 | 5.800000e+01 |      --      |    Inf | unknown
WARNING: Orbital fixing symmetry for 0x10a067498 broken before symmetry. Requires fixing 3/756 affected variables.

SCIP Status        : solving was interrupted [termination signal received]
Solving Time (sec) : 8.99
Solving Nodes      : 27
Primal Bound       : +1.00000000000000e+20 (0 solutions)
Dual Bound         : +5.80000000000000e+01
Gap                : infinite

primal solution (original space):
=================================

no solution available

Statistics
==========

SCIP Status        : solving was interrupted [termination signal received]
Total Time         :       8.99
  solving          :       8.99
  presolving       :       0.55 (included in solving)
  reading          :       0.00
  copying          :       0.03 (8 #copies) (minimal 0.00, maximal 0.01, average 0.00)
Original Problem   :
  Problem name     : /Users/maxbig/Coursework_multiprocessing/Coursework/SCIP/SCIPOptSuite-9.2.1-Linux/inputs/new_tr/order/layered_15_buf_times_P2_M1050_down_left_input.lp
  Variables        : 871 (855 binary, 16 integer, 0 continuous)
  Implied int vars : 0 (0 binary, 0 integer, 0 continuous)
  Constraints      : 2483 initial, 2483 maximal
  Objective        : minimize, 1 non-zeros (abs.min = 1, abs.max = 1)
Presolved Problem  :
  Problem name     : t_/Users/maxbig/Coursework_multiprocessing/Coursework/SCIP/SCIPOptSuite-9.2.1-Linux/inputs/new_tr/order/layered_15_buf_times_P2_M1050_down_left_input.lp
  Variables        : 783 (767 binary, 16 integer, 0 continuous)
  Implied int vars : 0 (0 binary, 0 integer, 0 continuous)
  Constraints      : 2009 initial, 2061 maximal
  Objective        : minimize, 1 non-zeros (abs.min = 1, abs.max = 1)
  Nonzeros         : 6599 constraint, 99 clique table
Presolvers         :   ExecTime  SetupTime  Calls  FixedVars   AggrVars   ChgTypes  ChgBounds   AddHoles    DelCons    AddCons   ChgSides   ChgCoefs
  boundshift       :       0.00       0.00      0          0          0          0          0          0          0          0          0          0
  convertinttobin  :       0.00       0.00      0          0          0          0          0          0          0          0          0          0
  domcol           :       0.00       0.00      1          0          0          0          0          0          0          0          0          0
  dualagg          :       0.00       0.00      0          0          0          0          0          0          0          0          0          0
  dualcomp         :       0.00       0.00      0          0          0          0          0          0          0          0          0          0
  dualinfer        :       0.00       0.00      0          0          0          0          0          0          0          0          0          0
  dualsparsify     :       0.01       0.00      1          0          0          0          0          0          0          0          0          0
  gateextraction   :       0.00       0.00      1          0          0          0          0          0          0          0          0          0
  implics          :       0.00       0.00      4          0          0          0          0          0          0          0          0          0
  implint          :       0.00       0.00      0          0          0          0          0          0          0          0          0          0
  inttobinary      :       0.00       0.00      5          0          0          0          0          0          0          0          0          0
  milp             :       0.01       0.00      1          0          0          0          0          0          0          0          0          0
  qpkktref         :       0.00       0.00      0          0          0          0          0          0          0          0          0          0
  redvub           :       0.00       0.00      0          0          0          0          0          0          0          0          0          0
  sparsify         :       0.00       0.00      1          0          0          0          0          0          0          0          0          0
  stuffing         :       0.00       0.00      0          0          0          0          0          0          0          0          0          0
  trivial          :       0.00       0.00      5         37          0          0          0          0          0          0          0          0
  tworowbnd        :       0.00       0.00      0          0          0          0          0          0          0          0          0          0
  dualfix          :       0.00       0.00      5         15          0          0          0          0          0          0          0          0
  genvbounds       :       0.00       0.00      0          0          0          0          0          0          0          0          0          0
  probing          :       0.49       0.00      1          0          0          0          1          0          0          0          0          0
  pseudoobj        :       0.00       0.00      0          0          0          0          0          0          0          0          0          0
  symmetry         :       0.01       0.00      1          0          0          0          0          0          0          0          0          0
  vbounds          :       0.00       0.00      1          0          0          0          0          0          0          0          0          0
  varbound         :       0.00       0.00      4          0          0          0          0          0          0          0          0          0
  knapsack         :       0.00       0.00      5          0          0          0          0          0          0          6          6         12
  setppc           :       0.00       0.00      5          0          0          0          0          0          0          0          0          0
  linear           :       0.02       0.00      8         21         15          0         37          0        480          0          0          0
  logicor          :       0.00       0.00      5          0          0          0          0          0          0          0          0          0
  bounddisjunction :       0.00       0.00      0          0          0          0          0          0          0          0          0          0
  components       :       0.00       0.00      1          0          0          0          0          0          0          0          0          0
  root node        :          -          -      -          1          -          -         11          -          -          -          -          -
Constraints        :     Number  MaxNumber  #Separate #Propagate    #EnfoLP    #EnfoRelax  #EnfoPS    #Check   #ResProp    Cutoffs    DomReds       Cuts    Applied      Conss   Children
  integral         :          0          0          0          0         24          0          0          9          0          0          0          0          0          0         48
  varbound         :         44         44         22       9618          0          0          0          5          4          0          0          0          0          0          0
  knapsack         :         13+        14         22       9417          0          0          0          3          1          0          6         44          1          0          0
  setppc           :          7+        14         22       7706          0          0          0          3          1          3          8          0          0          0          0
  linear           :       1105+      1108         22       9615          0          0          0          6         51         64        962          0          0          0          0
  logicor          :        840+       863         22        654          0          0          0          0         33          9         94          0          0          0          0
  bounddisjunction :          0+        28          0        859          0          0          0          0          0          0          1          0          0          0          0
  fixedvar         :          0          0          0          0          0          0          0          0          0          0          0          0          0          0          0
  countsols        :          0          0          0          0          0          0          0          0          0          0          0          0          0          0          0
  components       :          0          0          0          0          0          0          0          0          0          0          0          0          0          0          0
Constraint Timings :  TotalTime  SetupTime   Separate  Propagate     EnfoLP     EnfoPS     EnfoRelax   Check    ResProp    SB-Prop
  integral         :       0.06       0.00       0.00       0.00       0.06       0.00       0.00       0.00       0.00       0.00
  varbound         :       0.09       0.00       0.00       0.09       0.00       0.00       0.00       0.00       0.00       0.00
  knapsack         :       0.00       0.00       0.00       0.00       0.00       0.00       0.00       0.00       0.00       0.00
  setppc           :       0.00       0.00       0.00       0.00       0.00       0.00       0.00       0.00       0.00       0.00
  linear           :       0.46       0.00       0.00       0.46       0.00       0.00       0.00       0.00       0.00       0.00
  logicor          :       0.01       0.00       0.00       0.01       0.00       0.00       0.00       0.00       0.00       0.00
  bounddisjunction :       0.00       0.00       0.00       0.00       0.00       0.00       0.00       0.00       0.00       0.00
  fixedvar         :       0.00       0.00       0.00       0.00       0.00       0.00       0.00       0.00       0.00       0.00
  countsols        :       0.00       0.00       0.00       0.00       0.00       0.00       0.00       0.00       0.00       0.00
  components       :       0.00       0.00       0.00       0.00       0.00       0.00       0.00       0.00       0.00       0.00
Propagators        : #Propagate   #ResProp    Cutoffs    DomReds
  dualfix          :          2          0          0          0
  genvbounds       :          0          0          0          0
  nlobbt           :          0          0          0          0
  obbt             :          0          0          0          0
  probing          :          0          0          0          0
  pseudoobj        :         10          0          0         10
  redcost          :          0          0          0          0
  rootredcost      :          0          0          0          0
  symmetry         :        260          0          1         22
  vbounds          :       2545         80          4        386
Propagator Timings :  TotalTime  SetupTime   Presolve  Propagate    ResProp    SB-Prop
  dualfix          :       0.00       0.00       0.00       0.00       0.00       0.00
  genvbounds       :       0.00       0.00       0.00       0.00       0.00       0.00
  nlobbt           :       0.00       0.00       0.00       0.00       0.00       0.00
  obbt             :       0.00       0.00       0.00       0.00       0.00       0.00
  probing          :       0.49       0.00       0.49       0.00       0.00       0.00
  pseudoobj        :       0.00       0.00       0.00       0.00       0.00       0.00
  redcost          :       0.00       0.00       0.00       0.00       0.00       0.00
  rootredcost      :       0.00       0.00       0.00       0.00       0.00       0.00
  symmetry         :       0.01       0.00       0.01       0.00       0.00       0.00
  vbounds          :       0.05       0.00       0.00       0.05       0.00       0.00
Symmetry           :
  #affected vars   :        756 (744 bin, 12 int, 0 cont)
  orbitopal red.   :          0 reductions applied,          0 cutoffs
  orbital reduction:          1 reductions applied,          0 cutoffs
  lexicographic red:         56 reductions applied,          1 cutoffs
  shadow tree time :       0.00 s
Conflict Analysis  :       Time      Calls    Success    DomReds  Conflicts   Literals    Reconvs ReconvLits   Dualrays   Nonzeros   LP Iters   (pool size: [10000,10000])
  propagation      :       0.00         26         25          -         31        4.2          1        3.0          -          -          -
  infeasible LP    :       0.00         10         10          -         11        3.3          0        0.0         10        3.8          0
  bound exceed. LP :       0.00          0          0          -          0        0.0          0        0.0          0        0.0          0
  strong branching :       0.00          0          0          -          0        0.0          0        0.0          -          -          0
  pseudo solution  :       0.00          0          0          -          0        0.0          0        0.0          -          -          -
  applied globally :       0.00          -          -          0         42        3.8          -          -         10          -          -
  applied locally  :          -          -          -          0          0        0.0          -          -          0          -          -
Gen. Resolution CA :       Time      Calls    Success  Conflicts  LargeCoef  LongConfs    Length
  propagation      :       0.00          0          0          0          0          0       0.0
Separators         :   ExecTime  SetupTime      Calls  RootCalls    Cutoffs    DomReds  FoundCuts ViaPoolAdd  DirectAdd    Applied ViaPoolApp  DirectApp      Conss
  cut pool         :       0.00          -         41         41          -          -       2491       2957          -          -          -          -          -    (maximal pool size:       2443)
  aggregation      :       0.03       0.00         22         22          0          0         51         57          0         32         32          0          0
  > cmir           :          -          -          -          -          -          -          -         57          0         32         32          0          -
  > flowcover      :          -          -          -          -          -          -          -          0          0          0          0          0          -
  > knapsackcover  :          -          -          -          -          -          -          -          0          0          0          0          0          -
  cgmip            :       0.00       0.00          0          0          0          0          0          0          0          0          0          0          0
  clique           :       0.00       0.00         22         22          0          0          0          0          0          0          0          0          0
  closecuts        :       0.00       0.00          0          0          0          0          0          0          0          0          0          0          0
  convexproj       :       0.00       0.00          0          0          0          0          0          0          0          0          0          0          0
  disjunctive      :       0.00       0.00          0          0          0          0          0          0          0          0          0          0          0
  eccuts           :       0.00       0.00          0          0          0          0          0          0          0          0          0          0          0
  flower           :       0.00       0.00         29         22          0          0          0          0          0          0          0          0          0
  gauge            :       0.00       0.00          0          0          0          0          0          0          0          0          0          0          0
  gomory           :       0.13       0.00         10         10          0          0       1988       2263          2        119        118          1          0
  > gomorymi       :          -          -          -          -          -          -          -       1217          1         56         55          1          -
  > strongcg       :          -          -          -          -          -          -          -       1046          1         63         63          0          -
  impliedbounds    :       0.00       0.00         22         22          0          0        355        578          0        142        142          0          0
  interminor       :       0.00       0.00          0          0          0          0          0          0          0          0          0          0          0
  intobj           :       0.00       0.00          0          0          0          0          0          0          0          0          0          0          0
  lagromory        :       0.00       0.00          0          0          0          0          0          0          0          0          0          0          0
  mcf              :       0.00       0.00          1          1          0          0          0          0          0          0          0          0          0
  minor            :       0.00       0.00          0          0          0          0          0          0          0          0          0          0          0
  mixing           :       0.00       0.00         22         22          0          0          0          0          0          0          0          0          0
  oddcycle         :       0.00       0.00          0          0          0          0          0          0          0          0          0          0          0
  rapidlearning    :       7.51       0.00          6          1          0         90          0          0          0          0          0          0         20
  rlt              :       0.00       0.00         10         10          0          0          0          0          0          0          0          0          0
  zerohalf         :       0.01       0.00         20         20          0          0         51         59          0         37         37          0          0
Cutselectors       :   ExecTime  SetupTime      Calls  RootCalls   Selected     Forced   Filtered  RootSelec   RootForc   RootFilt 
  hybrid           :       0.00       0.00         21         21        330          2       2673        330          2       2673
  ensemble         :       0.00       0.00          0          0          0          0          0          0          0          0
  dynamic          :       0.00       0.00          0          0          0          0          0          0          0          0
Pricers            :   ExecTime  SetupTime      Calls       Vars
  problem variables:       0.00          -          0          0
Branching Rules    :   ExecTime  SetupTime   BranchLP  BranchExt   BranchPS    Cutoffs    DomReds       Cuts      Conss   Children
  allfullstrong    :       0.00       0.00          0          0          0          0          0          0          0          0
  cloud            :       0.00       0.00          0          0          0          0          0          0          0          0
  distribution     :       0.00       0.00          0          0          0          0          0          0          0          0
  fullstrong       :       0.00       0.00          0          0          0          0          0          0          0          0
  gomory           :       0.00       0.00          0          0          0          0          0          0          0          0
  inference        :       0.00       0.00          0          0          0          0          0          0          0          0
  leastinf         :       0.00       0.00          0          0          0          0          0          0          0          0
  lookahead        :       0.00       0.00          0          0          0          0          0          0          0          0
  mostinf          :       0.00       0.00          0          0          0          0          0          0          0          0
  multaggr         :       0.00       0.00          0          0          0          0          0          0          0          0
  nodereopt        :       0.00       0.00          0          0          0          0          0          0          0          0
  pscost           :       0.00       0.00          0          0          0          0          0          0          0          0
  random           :       0.00       0.00          0          0          0          0          0          0          0          0
  relpscost        :       0.06       0.00         24          0          0          0          0          0          0         48
  vanillafullstrong:       0.00       0.00          0          0          0          0          0          0          0          0
Primal Heuristics  :   ExecTime  SetupTime      Calls      Found       Best
  LP solutions     :       0.00          -          -          0          0
  relax solutions  :       0.00          -          -          0          0
  pseudo solutions :       0.00          -          -          0          0
  strong branching :       0.00          -          -          0          0
  actconsdiving    :       0.00       0.00          0          0          0
  adaptivediving   :       0.01       0.00          1          0          0
  alns             :       0.01       0.00          1          0          0
  bound            :       0.00       0.00          0          0          0
  clique           :       0.01       0.00          1          0          0
  coefdiving       :       0.00       0.00          0          0          0
  completesol      :       0.00       0.00          0          0          0
  conflictdiving   :       0.07       0.00          1          0          0
  crossover        :       0.00       0.00          0          0          0
  dins             :       0.00       0.00          0          0          0
  distributiondivin:       0.00       0.00          0          0          0
  dks              :       0.00       0.00          0          0          0
  dps              :       0.00       0.00          0          0          0
  dualval          :       0.00       0.00          0          0          0
  farkasdiving     :       0.00       0.00          0          0          0
  feaspump         :       0.02       0.00          1          0          0
  fixandinfer      :       0.00       0.00          0          0          0
  fracdiving       :       0.01       0.00          1          0          0
  gins             :       0.00       0.00          0          0          0
  guideddiving     :       0.00       0.00          0          0          0
  indicator        :       0.00       0.00          0          0          0
  indicatordiving  :       0.00       0.00          0          0          0
  intdiving        :       0.00       0.00          0          0          0
  intshifting      :       0.00       0.00          0          0          0
  linesearchdiving :       0.00       0.00          0          0          0
  localbranching   :       0.00       0.00          0          0          0
  locks            :       0.02       0.00          1          0          0
  lpface           :       0.00       0.00          0          0          0
  mpec             :       0.00       0.00          0          0          0
  multistart       :       0.00       0.00          0          0          0
  mutation         :       0.00       0.00          0          0          0
  nlpdiving        :       0.00       0.00          0          0          0
  objpscostdiving  :       0.00       0.00          0          0          0
  octane           :       0.00       0.00          0          0          0
  ofins            :       0.00       0.00          0          0          0
  oneopt           :       0.00       0.00          0          0          0
  padm             :       0.00       0.00          0          0          0
  proximity        :       0.00       0.00          0          0          0
  pscostdiving     :       0.01       0.00          1          0          0
  randrounding     :       0.24       0.00         32          0          0
  rens             :       0.01       0.00          1          0          0
  reoptsols        :       0.00       0.00          0          0          0
  repair           :       0.00       0.00          0          0          0
  rins             :       0.00       0.00          0          0          0
  rootsoldiving    :       0.00       0.00          0          0          0
  rounding         :       0.00       0.00         51          0          0
  scheduler        :       0.00       0.00          0          0          0
  shiftandpropagate:       0.03       0.00          1          0          0
  shifting         :       0.05       0.00         32          0          0
  simplerounding   :       0.00       0.00         59          0          0
  subnlp           :       0.00       0.00          0          0          0
  trivial          :       0.00       0.00          2          0          0
  trivialnegation  :       0.00       0.00          0          0          0
  trustregion      :       0.00       0.00          0          0          0
  trysol           :       0.00       0.00          0          0          0
  twoopt           :       0.00       0.00          0          0          0
  undercover       :       0.00       0.00          0          0          0
  vbounds          :       0.09       0.00          1          0          0
  veclendiving     :       0.00       0.00          0          0          0
  zeroobj          :       0.00       0.00          0          0          0
  zirounding       :       0.00       0.00         24          0          0
  other solutions  :          -          -          -          0          -
LNS (Scheduler)    :      Calls  SetupTime  SolveTime SolveNodes       Sols       Best       Exp3    Exp3-IX  EpsGreedy        UCB TgtFixRate  Opt  Inf Node Stal  Sol  Usr Othr Actv
  rens             :          0       0.00       0.00          0          0          0    0.00000    0.12500   -1.00000    1.00000      0.900    0    0    0    0    0    0    0    1
  rins             :          0       0.00       0.00          0          0          0    0.00000    0.12500   -1.00000    1.00000      0.900    0    0    0    0    0    0    0    1
  mutation         :          0       0.00       0.00          0          0          0    0.00000    0.12500   -1.00000    1.00000      0.900    0    0    0    0    0    0    0    1
  localbranching   :          0       0.00       0.00          0          0          0    0.00000    0.12500   -1.00000    1.00000      0.900    0    0    0    0    0    0    0    1
  crossover        :          0       0.00       0.00          0          0          0    0.00000    0.12500   -1.00000    1.00000      0.900    0    0    0    0    0    0    0    1
  proximity        :          0       0.00       0.00          0          0          0    0.00000    0.12500   -1.00000    1.00000      0.900    0    0    0    0    0    0    0    1
  zeroobjective    :          0       0.00       0.00          0          0          0    0.00000    0.12500   -1.00000    1.00000      0.900    0    0    0    0    0    0    0    1
  dins             :          0       0.00       0.00          0          0          0    0.00000    0.12500   -1.00000    1.00000      0.900    0    0    0    0    0    0    0    1
  trustregion      :          0       0.00       0.00          0          0          0    0.00000    0.00000   -1.00000    1.00000      0.900    0    0    0    0    0    0    0    0
LP                 :       Time      Calls Iterations  Iter/call   Iter/sec  Time-0-It Calls-0-It
  primal LP        :       0.00          4          0       0.00          -       0.00          4
  dual LP          :       0.07         60       3585      59.75   50942.83       0.00          0
  lex dual LP      :       0.00          0          0       0.00          -
  barrier LP       :       0.00          0          0       0.00          -       0.00          0
  resolve instable :       0.00          0          0       0.00          -
  diving/probing LP:       0.18         52       2753      52.94   14897.91
  strong branching :       0.04         20       2166     108.30   57931.48          -          -          0
    (at root node) :          -         20       2166     108.30          -
  conflict analysis:       0.00          0          0       0.00          -
Relaxators         :       Time      Calls    Cutoffs ImprBounds   ImprTime ReducedDom  Separated AddedConss
  benders          :       0.00          0          0          0       0.00          0          0          0
B&B Tree           :
  number of runs   :          1
  nodes            :         27 (24 internal, 3 leaves)
  feasible leaves  :          0
  infeas. leaves   :          2
  objective leaves :          0
  nodes (total)    :         27 (24 internal, 3 leaves)
  nodes left       :         23
  max depth        :          9
  max depth (total):          9
  backtracks       :          4 (14.8%)
  early backtracks :          0 (0.0%)
  nodes exc. ref.  :          0 (0.0%)
  delayed cutoffs  :          0
  repropagations   :          0 (0 domain reductions, 0 cutoffs)
  avg switch length:       2.15
  switching time   :       0.00
Root Node          :
  First LP value   : +4.80000000000000e+01
  First LP Iters   :        459 (103215.65 Iter/sec)
  First LP Time    :       0.00
  Final Dual Bound : +5.80000000000000e+01
  Final Root Iters :       3910
  Root LP Estimate : +5.94304891288853e+01
Solution           :
  Solutions found  :          0 (0 improvements)
  Primal Bound     :          -
  Dual Bound       : +5.80000000000000e+01
  Gap              :   infinite
Integrals          :      Total       Avg%
  primal-dual      :     898.52     100.00
  primal-ref       :          -          - (not evaluated)
  dual-ref         :          -          - (not evaluated)
