SCIP version 10.0.0 [precision: 8 byte] [memory: block] [mode: optimized] [LP solver: SoPlex 8.0.0] [GitHash: 0c80fdd8e9]
Copyright (c) 2002-2025 Zuse Institute Berlin (ZIB)

External libraries: 
  Readline 8.3         GNU library for command line editing (gnu.org/s/readline)
  SoPlex 8.0.0         Linear programming solver developed at Zuse Institute Berlin (soplex.zib.de) [GitHash: 2207cfb2]
  CppAD 20180000.0     Algorithmic Differentiation of C++ algorithms developed by B. Bell (github.com/coin-or/CppAD)
  ZLIB 1.2.12          General purpose compression library by J. Gailly and M. Adler (zlib.net)
  MPFR 4.2.2           GNU Multiple Precision Floating-Point Reliable Library (mpfr.org)
  Boost 1.89.0         Boost C++ Libraries (boost.org)
  TinyCThread 1.2      small portable implementation of the C11 threads API (tinycthread.github.io)
  GMP 6.3.0            GNU Multiple Precision Arithmetic Library developed by T. Granlund (gmplib.org)
  AMPL/MP 4.0.3        AMPL .nl file reader library (github.com/ampl/mp)
  PaPILO 3.0.0         parallel presolve for integer and linear optimization (github.com/scipopt/papilo) (built with TBB)
  Nauty 2.8.8          Computing Graph Automorphism Groups by Brendan D. McKay (users.cecs.anu.edu.au/~bdm/nauty)
  sassy 2.0            Symmetry preprocessor by Markus Anders (github.com/markusa4/sassy)
  Ipopt 3.14.19        Interior Point Optimizer developed by A. Waechter et.al. (github.com/coin-or/Ipopt)

reading user parameter file </Users/maxbig/Coursework_multiprocessing/Coursework/SCIP/SCIPOptSuite-9.2.1-Linux/only_time.set>

read problem </Users/maxbig/Coursework_multiprocessing/Coursework/SCIP/SCIPOptSuite-9.2.1-Linux/inputs/new_tr/order/layered_15_buf_times_P4_M1050_down_left_input.lp>
============

original problem has 901 variables (885 bin, 16 int, 0 cont) and 3353 constraints

solve problem
=============

presolving:
(round 1, fast)       73 del vars, 61 del conss, 0 add conss, 37 chg bounds, 0 chg sides, 0 chg coeffs, 0 upgd conss, 0 impls, 58 clqs, 0 implints
   (0.0s) running MILP presolver
   (0.0s) MILP presolver (2 rounds): 0 aggregations, 0 fixings, 0 bound changes
(round 2, exhaustive) 73 del vars, 495 del conss, 0 add conss, 37 chg bounds, 0 chg sides, 0 chg coeffs, 0 upgd conss, 0 impls, 58 clqs, 0 implints
(round 3, exhaustive) 73 del vars, 495 del conss, 0 add conss, 37 chg bounds, 0 chg sides, 0 chg coeffs, 1753 upgd conss, 0 impls, 58 clqs, 0 implints
(round 4, medium)     73 del vars, 495 del conss, 6 add conss, 37 chg bounds, 6 chg sides, 12 chg coeffs, 1753 upgd conss, 0 impls, 58 clqs, 0 implints
   (0.6s) probing: 581/812 (71.6%) - 0 fixings, 0 aggregations, 2379 implications, 1 bound changes
   (0.6s) probing aborted: 50/50 successive totally useless probings
   (0.7s) symmetry computation started: requiring (bin +, int +, cont +), (fixed: bin -, int -, cont -)
   (0.7s) symmetry computation finished: 4 generators found (max: 1500, log10 of symmetry group size: 1.68) (symcode time: 0.00)
dynamic symmetry handling statistics:
   orbitopal reduction:       no components
   orbital reduction:         no components
   lexicographic reduction:   no permutations
handled 1 out of 1 symmetry components
(round 5, exhaustive) 78 del vars, 495 del conss, 12 add conss, 38 chg bounds, 6 chg sides, 12 chg coeffs, 1753 upgd conss, 2442 impls, 57 clqs, 0 implints
(round 6, fast)       79 del vars, 676 del conss, 12 add conss, 38 chg bounds, 6 chg sides, 110 chg coeffs, 1753 upgd conss, 2442 impls, 153 clqs, 0 implints
(round 7, medium)     94 del vars, 716 del conss, 12 add conss, 38 chg bounds, 6 chg sides, 123 chg coeffs, 1753 upgd conss, 2442 impls, 137 clqs, 0 implints
(round 8, fast)       95 del vars, 745 del conss, 12 add conss, 38 chg bounds, 6 chg sides, 123 chg coeffs, 1753 upgd conss, 2442 impls, 136 clqs, 0 implints
(round 9, medium)     96 del vars, 783 del conss, 12 add conss, 38 chg bounds, 6 chg sides, 135 chg coeffs, 1753 upgd conss, 2442 impls, 146 clqs, 0 implints
   (0.7s) probing: 657/812 (80.9%) - 0 fixings, 10 aggregations, 2383 implications, 1 bound changes
   (0.7s) probing aborted: 50/50 successive totally useless probings
(round 10, exhaustive) 106 del vars, 783 del conss, 12 add conss, 38 chg bounds, 6 chg sides, 135 chg coeffs, 1753 upgd conss, 2442 impls, 139 clqs, 0 implints
(round 11, fast)       106 del vars, 794 del conss, 12 add conss, 38 chg bounds, 6 chg sides, 135 chg coeffs, 1753 upgd conss, 2442 impls, 139 clqs, 0 implints
   (0.7s) probing: 662/812 (81.5%) - 0 fixings, 10 aggregations, 2383 implications, 1 bound changes
   (0.7s) probing aborted: 50/50 successive totally useless probings
presolving (12 rounds: 12 fast, 8 medium, 5 exhaustive):
 106 deleted vars, 794 deleted constraints, 12 added constraints, 38 tightened bounds, 0 added holes, 6 changed sides, 135 changed coefficients
 2442 implications, 139 cliques, 0 implied integral variables (0 bin, 0 int, 0 cont)
presolved problem has 796 variables (780 bin, 16 int, 0 cont) and 2571 constraints
     44 constraints of type <varbound>
     13 constraints of type <knapsack>
     20 constraints of type <setppc>
   1105 constraints of type <linear>
      6 constraints of type <orbitope_pp>
   1383 constraints of type <logicor>
transformed objective value is always integral (scale: 1)
Presolving Time: 0.68

 time | node  | left  |LP iter|LP it/n|mem/heur|mdpt |vars |cons |rows |cuts |sepa|confs|strbr|  dualbound   | primalbound  |  gap   | compl. 
  0.9s|     1 |     0 |   450 |     - |    27M |   0 | 796 |2593 |2565 |   0 |  0 |  26 |   0 | 4.800000e+01 |      --      |    Inf | unknown
  1.0s|     1 |     0 |  1227 |     - |    28M |   0 | 796 |2595 |2632 |  67 |  1 |  28 |   0 | 4.800000e+01 |      --      |    Inf | unknown
  1.0s|     1 |     0 |  1378 |     - |    29M |   0 | 796 |2597 |2673 | 108 |  2 |  30 |   0 | 4.852520e+01 |      --      |    Inf | unknown
  1.0s|     1 |     0 |  1480 |     - |    29M |   0 | 796 |2597 |2673 | 108 |  2 |  30 |   0 | 4.900000e+01 |      --      |    Inf | unknown
  1.1s|     1 |     0 |  1587 |     - |    30M |   0 | 796 |2597 |2694 | 129 |  3 |  30 |   0 | 4.943222e+01 |      --      |    Inf | unknown
  1.1s|     1 |     0 |  1654 |     - |    30M |   0 | 796 |2597 |2693 | 129 |  3 |  30 |   0 | 5.000000e+01 |      --      |    Inf | unknown
  1.1s|     1 |     0 |  1771 |     - |    30M |   0 | 796 |2597 |2712 | 148 |  4 |  30 |   0 | 5.046815e+01 |      --      |    Inf | unknown
  1.1s|     1 |     0 |  1835 |     - |    30M |   0 | 796 |2597 |2710 | 148 |  4 |  30 |   0 | 5.100000e+01 |      --      |    Inf | unknown
  1.2s|     1 |     0 |  1985 |     - |    31M |   0 | 796 |2597 |2723 | 161 |  5 |  30 |   0 | 5.137989e+01 |      --      |    Inf | unknown
  1.2s|     1 |     0 |  2032 |     - |    31M |   0 | 796 |2597 |2723 | 161 |  5 |  30 |   0 | 5.200000e+01 |      --      |    Inf | unknown
  1.2s|     1 |     0 |  2086 |     - |    32M |   0 | 796 |2599 |2739 | 177 |  6 |  32 |   0 | 5.200000e+01 |      --      |    Inf | unknown
  1.3s|     1 |     0 |  2214 |     - |    33M |   0 | 796 |2599 |2750 | 188 |  7 |  32 |   0 | 5.224585e+01 |      --      |    Inf | unknown
  1.3s|     1 |     0 |  2275 |     - |    33M |   0 | 796 |2600 |2750 | 188 |  7 |  33 |   0 | 5.300000e+01 |      --      |    Inf | unknown
  1.3s|     1 |     0 |  2343 |     - |    33M |   0 | 796 |2601 |2774 | 212 |  8 |  34 |   0 | 5.324010e+01 |      --      |    Inf | unknown
  1.3s|     1 |     0 |  2400 |     - |    34M |   0 | 796 |2601 |2774 | 212 |  8 |  34 |   0 | 5.400000e+01 |      --      |    Inf | unknown
 time | node  | left  |LP iter|LP it/n|mem/heur|mdpt |vars |cons |rows |cuts |sepa|confs|strbr|  dualbound   | primalbound  |  gap   | compl. 
  1.3s|     1 |     0 |  2458 |     - |    35M |   0 | 796 |2601 |2781 | 219 |  9 |  34 |   0 | 5.400000e+01 |      --      |    Inf | unknown
  1.4s|     1 |     0 |  2596 |     - |    35M |   0 | 796 |2601 |2673 | 236 | 10 |  34 |   0 | 5.417629e+01 |      --      |    Inf | unknown
  1.4s|     1 |     0 |  2636 |     - |    35M |   0 | 796 |2601 |2673 | 236 | 10 |  34 |   0 | 5.500000e+01 |      --      |    Inf | unknown
  1.4s|     1 |     0 |  2676 |     - |    35M |   0 | 796 |2601 |2696 | 259 | 11 |  34 |   0 | 5.512097e+01 |      --      |    Inf | unknown
  1.4s|     1 |     0 |  2706 |     - |    35M |   0 | 796 |2603 |2691 | 259 | 11 |  36 |   0 | 5.600000e+01 |      --      |    Inf | unknown
  1.4s|     1 |     0 |  2740 |     - |    36M |   0 | 796 |2603 |2673 | 273 | 12 |  36 |   0 | 5.600000e+01 |      --      |    Inf | unknown
  1.4s|     1 |     0 |  2776 |     - |    36M |   0 | 796 |2603 |2678 | 278 | 13 |  36 |   0 | 5.600000e+01 |      --      |    Inf | unknown
  1.5s|     1 |     0 |  2816 |     - |    36M |   0 | 796 |2603 |2685 | 285 | 14 |  36 |   0 | 5.600000e+01 |      --      |    Inf | unknown
  1.5s|     1 |     0 |  2899 |     - |    36M |   0 | 796 |2604 |2664 | 290 | 15 |  37 |   0 | 5.605391e+01 |      --      |    Inf | unknown
  1.5s|     1 |     0 |  2958 |     - |    36M |   0 | 796 |2605 |2657 | 290 | 15 |  38 |   0 | 5.700000e+01 |      --      |    Inf | unknown
  1.5s|     1 |     0 |  2992 |     - |    36M |   0 | 796 |2605 |2668 | 301 | 16 |  38 |   0 | 5.700000e+01 |      --      |    Inf | unknown
  1.5s|     1 |     0 |  3031 |     - |    37M |   0 | 796 |2605 |2671 | 304 | 17 |  38 |   0 | 5.700000e+01 |      --      |    Inf | unknown
  1.5s|     1 |     0 |  3105 |     - |    37M |   0 | 796 |2605 |2677 | 310 | 18 |  38 |   0 | 5.701892e+01 |      --      |    Inf | unknown
  1.5s|     1 |     0 |  3157 |     - |    37M |   0 | 796 |2607 |2667 | 310 | 18 |  40 |   0 | 5.800000e+01 |      --      |    Inf | unknown
  1.5s|     1 |     0 |  3222 |     - |    37M |   0 | 796 |2607 |2681 | 324 | 19 |  40 |   0 | 5.800000e+01 |      --      |    Inf | unknown
 time | node  | left  |LP iter|LP it/n|mem/heur|mdpt |vars |cons |rows |cuts |sepa|confs|strbr|  dualbound   | primalbound  |  gap   | compl. 
  1.6s|     1 |     0 |  3278 |     - |    38M |   0 | 796 |2608 |2639 | 330 | 20 |  41 |   0 | 5.800000e+01 |      --      |    Inf | unknown
  1.6s|     1 |     0 |  3295 |     - |    38M |   0 | 796 |2609 |2643 | 334 | 21 |  42 |   0 | 5.800000e+01 |      --      |    Inf | unknown
  1.8s|     1 |     2 |  4203 |     - |    38M |   0 | 796 |2642 |2643 | 334 | 22 |  75 |  20 | 5.800000e+01 |      --      |    Inf | unknown
d 1.9s|    11 |    12 |  4900 | 167.3 |adaptive|   5 | 796 |2654 |2584 |   0 |  1 |  87 |  20 | 5.800000e+01 | 1.290000e+02 | 122.41%| unknown
o 2.5s|    39 |    40 |  7736 | 118.7 |objpscos|  11 | 796 |2637 |2587 | 407 |  1 |  92 |  20 | 5.800000e+01 | 1.120000e+02 |  93.10%| unknown
d 2.9s|    54 |    55 | 10160 | 130.8 |linesear|  11 | 796 |2637 |2587 |   0 |  1 |  92 |  20 | 5.800000e+01 | 1.110000e+02 |  91.38%| unknown
d 3.0s|    61 |    60 | 10870 | 127.4 |guideddi|  11 | 796 |2637 |2584 |   0 |  1 |  92 |  20 | 5.800000e+01 | 9.100000e+01 |  56.90%|   4.44%
* 3.1s|    68 |    57 | 11022 | 116.3 |    LP  |  11 | 796 |2633 |2584 | 517 |  0 |  92 |  20 | 5.800000e+01 | 8.000000e+01 |  37.93%|   7.83%
d 3.1s|    69 |    53 | 11197 | 117.2 |adaptive|  11 | 796 |2555 |2584 |   0 |  1 |  92 |  20 | 5.800000e+01 | 7.900000e+01 |  36.21%|  10.67%

SCIP Status        : problem is solved [optimal solution found]
Solving Time (sec) : 3.31
Solving Nodes      : 87
Primal Bound       : +7.90000000000000e+01 (6 solutions)
Dual Bound         : +7.90000000000000e+01
Gap                : 0.00 %

primal solution (original space):
=================================

objective value:                                   79
m_0_0                                               1 	(obj:0)
m_0_1                                               1 	(obj:0)
m_0_2                                               1 	(obj:0)
m_1_1                                               1 	(obj:0)
m_1_2                                               1 	(obj:0)
m_2_2                                               1 	(obj:0)
m_3_0                                               1 	(obj:0)
m_3_1                                               1 	(obj:0)
m_3_2                                               1 	(obj:0)
m_3_3                                               1 	(obj:0)
m_3_4                                               1 	(obj:0)
m_3_6                                               1 	(obj:0)
m_3_7                                               1 	(obj:0)
m_3_8                                               1 	(obj:0)
m_3_9                                               1 	(obj:0)
m_3_10                                              1 	(obj:0)
m_3_11                                              1 	(obj:0)
m_3_12                                              1 	(obj:0)
m_3_13                                              1 	(obj:0)
m_3_14                                              1 	(obj:0)
m_4_0                                               1 	(obj:0)
m_4_1                                               1 	(obj:0)
m_4_2                                               1 	(obj:0)
m_4_4                                               1 	(obj:0)
m_4_7                                               1 	(obj:0)
m_4_9                                               1 	(obj:0)
m_4_10                                              1 	(obj:0)
m_4_11                                              1 	(obj:0)
m_4_12                                              1 	(obj:0)
m_4_13                                              1 	(obj:0)
m_4_14                                              1 	(obj:0)
m_5_0                                               1 	(obj:0)
m_5_1                                               1 	(obj:0)
m_5_2                                               1 	(obj:0)
m_5_4                                               1 	(obj:0)
m_5_5                                               1 	(obj:0)
m_5_6                                               1 	(obj:0)
m_5_7                                               1 	(obj:0)
m_5_8                                               1 	(obj:0)
m_5_9                                               1 	(obj:0)
m_5_10                                              1 	(obj:0)
m_5_11                                              1 	(obj:0)
m_5_12                                              1 	(obj:0)
m_5_13                                              1 	(obj:0)
m_5_14                                              1 	(obj:0)
m_6_0                                               1 	(obj:0)
m_6_1                                               1 	(obj:0)
m_6_2                                               1 	(obj:0)
m_6_4                                               1 	(obj:0)
m_6_6                                               1 	(obj:0)
m_6_7                                               1 	(obj:0)
m_6_9                                               1 	(obj:0)
m_6_10                                              1 	(obj:0)
m_6_11                                              1 	(obj:0)
m_6_12                                              1 	(obj:0)
m_6_13                                              1 	(obj:0)
m_6_14                                              1 	(obj:0)
m_7_0                                               1 	(obj:0)
m_7_1                                               1 	(obj:0)
m_7_2                                               1 	(obj:0)
m_7_7                                               1 	(obj:0)
m_7_10                                              1 	(obj:0)
m_7_12                                              1 	(obj:0)
m_7_13                                              1 	(obj:0)
m_7_14                                              1 	(obj:0)
m_8_0                                               1 	(obj:0)
m_8_1                                               1 	(obj:0)
m_8_2                                               1 	(obj:0)
m_8_4                                               1 	(obj:0)
m_8_7                                               1 	(obj:0)
m_8_8                                               1 	(obj:0)
m_8_9                                               1 	(obj:0)
m_8_10                                              1 	(obj:0)
m_8_11                                              1 	(obj:0)
m_8_12                                              1 	(obj:0)
m_8_13                                              1 	(obj:0)
m_8_14                                              1 	(obj:0)
m_9_0                                               1 	(obj:0)
m_9_1                                               1 	(obj:0)
m_9_2                                               1 	(obj:0)
m_9_9                                               1 	(obj:0)
m_9_10                                              1 	(obj:0)
m_9_12                                              1 	(obj:0)
m_9_13                                              1 	(obj:0)
m_9_14                                              1 	(obj:0)
m_10_0                                              1 	(obj:0)
m_10_1                                              1 	(obj:0)
m_10_2                                              1 	(obj:0)
m_10_10                                             1 	(obj:0)
m_10_13                                             1 	(obj:0)
m_11_0                                              1 	(obj:0)
m_11_1                                              1 	(obj:0)
m_11_2                                              1 	(obj:0)
m_11_10                                             1 	(obj:0)
m_11_11                                             1 	(obj:0)
m_11_12                                             1 	(obj:0)
m_11_13                                             1 	(obj:0)
m_11_14                                             1 	(obj:0)
m_12_0                                              1 	(obj:0)
m_12_1                                              1 	(obj:0)
m_12_2                                              1 	(obj:0)
m_12_12                                             1 	(obj:0)
m_12_13                                             1 	(obj:0)
m_13_0                                              1 	(obj:0)
m_13_1                                              1 	(obj:0)
m_13_2                                              1 	(obj:0)
m_13_13                                             1 	(obj:0)
m_14_0                                              1 	(obj:0)
m_14_1                                              1 	(obj:0)
m_14_2                                              1 	(obj:0)
m_14_13                                             1 	(obj:0)
m_14_14                                             1 	(obj:0)
p_1_0                                               1 	(obj:0)
p_2_1                                               1 	(obj:0)
p_3_2                                               1 	(obj:0)
p_2_3                                               1 	(obj:0)
p_1_4                                               1 	(obj:0)
p_3_5                                               1 	(obj:0)
p_1_6                                               1 	(obj:0)
p_1_7                                               1 	(obj:0)
p_4_8                                               1 	(obj:0)
p_4_9                                               1 	(obj:0)
p_3_10                                              1 	(obj:0)
p_2_11                                              1 	(obj:0)
p_1_12                                              1 	(obj:0)
p_4_13                                              1 	(obj:0)
p_2_14                                              1 	(obj:0)
t_0_0                                               1 	(obj:0)
z_0_3                                               1 	(obj:0)
z_0_4                                               1 	(obj:0)
t_0_4                                               1 	(obj:0)
z_0_5                                               1 	(obj:0)
z_0_6                                               1 	(obj:0)
t_0_6                                               1 	(obj:0)
z_0_7                                               1 	(obj:0)
t_0_7                                               1 	(obj:0)
z_0_8                                               1 	(obj:0)
z_0_9                                               1 	(obj:0)
z_0_10                                              1 	(obj:0)
z_0_11                                              1 	(obj:0)
z_0_12                                              1 	(obj:0)
t_0_12                                              1 	(obj:0)
z_0_14                                              1 	(obj:0)
z_1_0                                               1 	(obj:0)
t_1_1                                               1 	(obj:0)
z_1_3                                               1 	(obj:0)
t_1_3                                               1 	(obj:0)
z_1_4                                               1 	(obj:0)
z_1_5                                               1 	(obj:0)
z_1_6                                               1 	(obj:0)
z_1_7                                               1 	(obj:0)
z_1_8                                               1 	(obj:0)
z_1_9                                               1 	(obj:0)
z_1_10                                              1 	(obj:0)
z_1_11                                              1 	(obj:0)
t_1_11                                              1 	(obj:0)
z_1_12                                              1 	(obj:0)
z_1_13                                              1 	(obj:0)
z_1_14                                              1 	(obj:0)
t_1_14                                              1 	(obj:0)
z_2_0                                               1 	(obj:0)
z_2_1                                               1 	(obj:0)
t_2_2                                               1 	(obj:0)
z_2_3                                               1 	(obj:0)
z_2_4                                               1 	(obj:0)
z_2_5                                               1 	(obj:0)
t_2_5                                               1 	(obj:0)
z_2_6                                               1 	(obj:0)
z_2_7                                               1 	(obj:0)
z_2_8                                               1 	(obj:0)
z_2_9                                               1 	(obj:0)
z_2_10                                              1 	(obj:0)
t_2_10                                              1 	(obj:0)
z_2_11                                              1 	(obj:0)
z_2_12                                              1 	(obj:0)
z_2_13                                              1 	(obj:0)
z_2_14                                              1 	(obj:0)
t_3_1                                               1 	(obj:0)
t_3_3                                               1 	(obj:0)
t_3_11                                              1 	(obj:0)
t_3_14                                              1 	(obj:0)
t_4_0                                               1 	(obj:0)
z_4_3                                               1 	(obj:0)
t_4_4                                               1 	(obj:0)
z_4_5                                               1 	(obj:0)
z_4_6                                               1 	(obj:0)
t_4_6                                               1 	(obj:0)
t_4_7                                               1 	(obj:0)
z_4_8                                               1 	(obj:0)
t_4_12                                              1 	(obj:0)
t_5_2                                               1 	(obj:0)
t_5_5                                               1 	(obj:0)
t_5_10                                              1 	(obj:0)
t_6_0                                               1 	(obj:0)
z_6_3                                               1 	(obj:0)
t_6_4                                               1 	(obj:0)
z_6_5                                               1 	(obj:0)
t_6_6                                               1 	(obj:0)
t_6_7                                               1 	(obj:0)
t_6_12                                              1 	(obj:0)
t_7_0                                               1 	(obj:0)
z_7_3                                               1 	(obj:0)
z_7_4                                               1 	(obj:0)
t_7_4                                               1 	(obj:0)
z_7_5                                               1 	(obj:0)
z_7_6                                               1 	(obj:0)
t_7_6                                               1 	(obj:0)
t_7_7                                               1 	(obj:0)
z_7_8                                               1 	(obj:0)
t_7_12                                              1 	(obj:0)
z_8_3                                               1 	(obj:0)
z_8_5                                               1 	(obj:0)
t_8_8                                               1 	(obj:0)
t_8_9                                               1 	(obj:0)
t_8_13                                              1 	(obj:0)
z_9_3                                               1 	(obj:0)
z_9_4                                               1 	(obj:0)
z_9_5                                               1 	(obj:0)
z_9_6                                               1 	(obj:0)
z_9_8                                               1 	(obj:0)
t_9_8                                               1 	(obj:0)
t_9_9                                               1 	(obj:0)
t_9_13                                              1 	(obj:0)
t_10_2                                              1 	(obj:0)
z_10_3                                              1 	(obj:0)
z_10_4                                              1 	(obj:0)
z_10_5                                              1 	(obj:0)
t_10_5                                              1 	(obj:0)
z_10_6                                              1 	(obj:0)
z_10_7                                              1 	(obj:0)
z_10_8                                              1 	(obj:0)
z_10_9                                              1 	(obj:0)
t_10_10                                             1 	(obj:0)
z_10_11                                             1 	(obj:0)
t_11_1                                              1 	(obj:0)
z_11_3                                              1 	(obj:0)
t_11_3                                              1 	(obj:0)
z_11_4                                              1 	(obj:0)
z_11_5                                              1 	(obj:0)
z_11_6                                              1 	(obj:0)
z_11_8                                              1 	(obj:0)
t_11_11                                             1 	(obj:0)
t_11_14                                             1 	(obj:0)
t_12_0                                              1 	(obj:0)
z_12_3                                              1 	(obj:0)
z_12_4                                              1 	(obj:0)
t_12_4                                              1 	(obj:0)
z_12_5                                              1 	(obj:0)
z_12_6                                              1 	(obj:0)
t_12_6                                              1 	(obj:0)
z_12_7                                              1 	(obj:0)
t_12_7                                              1 	(obj:0)
z_12_8                                              1 	(obj:0)
z_12_9                                              1 	(obj:0)
z_12_11                                             1 	(obj:0)
t_12_12                                             1 	(obj:0)
z_13_3                                              1 	(obj:0)
z_13_4                                              1 	(obj:0)
z_13_5                                              1 	(obj:0)
z_13_6                                              1 	(obj:0)
z_13_7                                              1 	(obj:0)
z_13_8                                              1 	(obj:0)
t_13_8                                              1 	(obj:0)
z_13_9                                              1 	(obj:0)
t_13_9                                              1 	(obj:0)
z_13_10                                             1 	(obj:0)
z_13_11                                             1 	(obj:0)
z_13_12                                             1 	(obj:0)
t_13_13                                             1 	(obj:0)
z_13_14                                             1 	(obj:0)
t_14_1                                              1 	(obj:0)
z_14_3                                              1 	(obj:0)
t_14_3                                              1 	(obj:0)
z_14_4                                              1 	(obj:0)
z_14_5                                              1 	(obj:0)
z_14_6                                              1 	(obj:0)
z_14_7                                              1 	(obj:0)
z_14_8                                              1 	(obj:0)
z_14_9                                              1 	(obj:0)
z_14_11                                             1 	(obj:0)
t_14_11                                             1 	(obj:0)
t_14_14                                             1 	(obj:0)
y_0_1_0                                             1 	(obj:0)
y_10_1_0                                            1 	(obj:0)
y_0_1_1                                             1 	(obj:0)
y_1_1_1                                             1 	(obj:0)
y_1_1_2                                             1 	(obj:0)
y_4_1_2                                             1 	(obj:0)
y_6_1_2                                             1 	(obj:0)
y_7_1_2                                             1 	(obj:0)
y_8_1_2                                             1 	(obj:0)
y_9_1_2                                             1 	(obj:0)
y_3_1_3                                             1 	(obj:0)
y_5_1_3                                             1 	(obj:0)
y_3_1_4                                             1 	(obj:0)
y_4_1_4                                             1 	(obj:0)
y_6_1_4                                             1 	(obj:0)
y_8_1_4                                             1 	(obj:0)
y_3_1_5                                             1 	(obj:0)
y_5_1_5                                             1 	(obj:0)
y_3_1_6                                             1 	(obj:0)
y_5_1_6                                             1 	(obj:0)
y_6_1_6                                             1 	(obj:0)
y_8_1_6                                             1 	(obj:0)
y_3_1_7                                             1 	(obj:0)
y_4_1_7                                             1 	(obj:0)
y_6_1_7                                             1 	(obj:0)
y_7_1_7                                             1 	(obj:0)
y_8_1_7                                             1 	(obj:0)
y_9_1_7                                             1 	(obj:0)
y_11_1_7                                            1 	(obj:0)
y_3_1_8                                             1 	(obj:0)
y_5_1_8                                             1 	(obj:0)
y_6_1_8                                             1 	(obj:0)
y_8_1_8                                             1 	(obj:0)
y_4_1_9                                             1 	(obj:0)
y_6_1_9                                             1 	(obj:0)
y_7_1_9                                             1 	(obj:0)
y_8_1_9                                             1 	(obj:0)
y_9_1_9                                             1 	(obj:0)
y_11_1_9                                            1 	(obj:0)
y_6_1_10                                            1 	(obj:0)
y_7_1_10                                            1 	(obj:0)
y_8_1_10                                            1 	(obj:0)
y_9_1_10                                            1 	(obj:0)
y_10_1_10                                           1 	(obj:0)
y_11_1_10                                           1 	(obj:0)
y_3_1_11                                            1 	(obj:0)
y_4_1_11                                            1 	(obj:0)
y_6_1_11                                            1 	(obj:0)
y_7_1_11                                            1 	(obj:0)
y_8_1_11                                            1 	(obj:0)
y_9_1_11                                            1 	(obj:0)
y_11_1_11                                           1 	(obj:0)
y_7_1_12                                            1 	(obj:0)
y_9_1_12                                            1 	(obj:0)
y_10_1_12                                           1 	(obj:0)
y_11_1_12                                           1 	(obj:0)
y_0_1_13                                            1 	(obj:0)
y_10_1_13                                           1 	(obj:0)
y_7_1_14                                            1 	(obj:0)
y_9_1_14                                            1 	(obj:0)
y_10_1_14                                           1 	(obj:0)
y_11_1_14                                           1 	(obj:0)
s_4                                                20 	(obj:0)
s_6                                                10 	(obj:0)
s_7                                                30 	(obj:0)
s_8                                                10 	(obj:0)
s_9                                                30 	(obj:0)
s_10                                               40 	(obj:0)
s_11                                               30 	(obj:0)
s_12                                               40 	(obj:0)
s_13                                               50 	(obj:0)
s_14                                               40 	(obj:0)
l                                                  79 	(obj:1)
s_0                                                59 	(obj:0)
s_1                                                60 	(obj:0)
s_2                                                78 	(obj:0)

Statistics
==========

SCIP Status        : problem is solved [optimal solution found]
Total Time         :       3.32
  solving          :       3.31
  presolving       :       0.68 (included in solving)
  reading          :       0.00
  copying          :       0.13 (21 #copies) (minimal 0.00, maximal 0.01, average 0.01)
Original Problem   :
  Problem name     : /Users/maxbig/Coursework_multiprocessing/Coursework/SCIP/SCIPOptSuite-9.2.1-Linux/inputs/new_tr/order/layered_15_buf_times_P4_M1050_down_left_input.lp
  Variables        : 901 (885 binary, 16 integer, 0 continuous)
  Implied int vars : 0 (0 binary, 0 integer, 0 continuous)
  Constraints      : 3353 initial, 3353 maximal
  Objective        : minimize, 1 non-zeros (abs.min = 1, abs.max = 1)
Presolved Problem  :
  Problem name     : t_/Users/maxbig/Coursework_multiprocessing/Coursework/SCIP/SCIPOptSuite-9.2.1-Linux/inputs/new_tr/order/layered_15_buf_times_P4_M1050_down_left_input.lp
  Variables        : 796 (780 binary, 16 integer, 0 continuous)
  Implied int vars : 0 (0 binary, 0 integer, 0 continuous)
  Constraints      : 2571 initial, 2654 maximal
  Objective        : minimize, 1 non-zeros (abs.min = 1, abs.max = 1)
  Nonzeros         : 8410 constraint, 334 clique table
Presolvers         :   ExecTime  SetupTime  Calls  FixedVars   AggrVars   ChgTypes  ChgBounds   AddHoles    DelCons    AddCons   ChgSides   ChgCoefs
  boundshift       :       0.00       0.00      0          0          0          0          0          0          0          0          0          0
  convertinttobin  :       0.00       0.00      0          0          0          0          0          0          0          0          0          0
  domcol           :       0.00       0.00      3          0          0          0          0          0          0          0          0          0
  dualagg          :       0.00       0.00      0          0          0          0          0          0          0          0          0          0
  dualcomp         :       0.00       0.00      0          0          0          0          0          0          0          0          0          0
  dualinfer        :       0.00       0.00      0          0          0          0          0          0          0          0          0          0
  dualsparsify     :       0.01       0.00      1          0          0          0          0          0          0          0          0          0
  gateextraction   :       0.00       0.00      3          0          0          0          0          0          0          0          0          0
  implics          :       0.00       0.00      8          0          0          0          0          0          0          0          0          0
  implint          :       0.00       0.00      0          0          0          0          0          0          0          0          0          0
  inttobinary      :       0.00       0.00     12          0          0          0          0          0          0          0          0          0
  milp             :       0.00       0.00      1          0          0          0          0          0          0          0          0          0
  qpkktref         :       0.00       0.00      0          0          0          0          0          0          0          0          0          0
  redvub           :       0.00       0.00      0          0          0          0          0          0          0          0          0          0
  sparsify         :       0.00       0.00      1          0          0          0          0          0          0          0          0          0
  stuffing         :       0.00       0.00      0          0          0          0          0          0          0          0          0          0
  trivial          :       0.00       0.00     12         38          0          0          0          0          0          0          0          0
  tworowbnd        :       0.00       0.00      0          0          0          0          0          0          0          0          0          0
  dualfix          :       0.00       0.00     12         15          0          0          0          0          0          0          0          0
  genvbounds       :       0.00       0.00      0          0          0          0          0          0          0          0          0          0
  probing          :       0.63       0.00      3          0         10          0          1          0          0          0          0          0
  pseudoobj        :       0.00       0.00      0          0          0          0          0          0          0          0          0          0
  symmetry         :       0.01       0.00      1          4          0          0          0          0          0          6          0          0
  vbounds          :       0.00       0.00      2          0         14          0          0          0          0          0          0          0
  varbound         :       0.00       0.00     15          0          0          0          0          0          0          0          0          0
  knapsack         :       0.00       0.00     18          0          0          0          0          0          0          6          6         12
  setppc           :       0.00       0.00     18          0          1          0          0          0          2          0          0          0
  linear           :       0.01       0.00     17         21          0          0         37          0        495          0          0          0
  orbitope_pp      :       0.00       0.00      4          2          0          0          0          0          0          0          0          0
  logicor          :       0.01       0.00     18          0          0          0          0          0        297          0          0        123
  bounddisjunction :       0.00       0.00      0          0          0          0          0          0          0          0          0          0
  components       :       0.00       0.00      1          0          0          0          0          0          0          0          0          0
  root node        :          -          -      -         80          -          -        190          -          -          -          -          -
Constraints        :     Number  MaxNumber  #Separate #Propagate    #EnfoLP    #EnfoRelax  #EnfoPS    #Check   #ResProp    Cutoffs    DomReds       Cuts    Applied      Conss   Children
  integral         :          0          0          0          0         74          0          0         28          0          0          0          0          0          0        148
  varbound         :         44         44         22      10571          0          0          0         23          2          0          4          0          0          0          0
  knapsack         :         13+        14         22      10471          0          0          0         18          0          0          9         47          0          0          0
  setppc           :         20+        42         22       9420          0          0          0         14         28         10        158          2          0          0          0
  linear           :       1105       1105         22      10562          0          0          0         10        149         91       3232          0          0          0          0
  orbitope_pp      :          6          6          0       5301          0          0          0          6          3          0          9          0          0          0          0
  logicor          :       1383+      1418         22       1382          0          0          0          6         69          4        140          0          0          0          0
  bounddisjunction :          0+        34          0       1029          0          0          0          0          7          2         18          0          0          0          0
  fixedvar         :          0          0          0          0          0          0          0          7          0          0          0          0          0          0          0
  countsols        :          0          0          0          0          0          0          0          7          0          0          0          0          0          0          0
  components       :          0          0          0          0          0          0          0          0          0          0          0          0          0          0          0
Constraint Timings :  TotalTime  SetupTime   Separate  Propagate     EnfoLP     EnfoPS     EnfoRelax   Check    ResProp    SB-Prop
  integral         :       0.06       0.00       0.00       0.00       0.06       0.00       0.00       0.00       0.00       0.00
  varbound         :       0.11       0.00       0.00       0.11       0.00       0.00       0.00       0.00       0.00       0.00
  knapsack         :       0.00       0.00       0.00       0.00       0.00       0.00       0.00       0.00       0.00       0.00
  setppc           :       0.00       0.00       0.00       0.00       0.00       0.00       0.00       0.00       0.00       0.00
  linear           :       0.58       0.00       0.00       0.58       0.00       0.00       0.00       0.00       0.00       0.00
  orbitope_pp      :       0.01       0.00       0.00       0.01       0.00       0.00       0.00       0.00       0.00       0.00
  logicor          :       0.02       0.00       0.00       0.01       0.00       0.00       0.00       0.00       0.00       0.00
  bounddisjunction :       0.00       0.00       0.00       0.00       0.00       0.00       0.00       0.00       0.00       0.00
  fixedvar         :       0.00       0.00       0.00       0.00       0.00       0.00       0.00       0.00       0.00       0.00
  countsols        :       0.00       0.00       0.00       0.00       0.00       0.00       0.00       0.00       0.00       0.00
  components       :       0.00       0.00       0.00       0.00       0.00       0.00       0.00       0.00       0.00       0.00
Propagators        : #Propagate   #ResProp    Cutoffs    DomReds
  dualfix          :          2          0          0          0
  genvbounds       :          0          0          0          0
  nlobbt           :          0          0          0          0
  obbt             :          0          0          0          0
  probing          :          0          0          0          0
  pseudoobj        :        428          2          1         14
  redcost          :        183          0          0          8
  rootredcost      :          6          0          0         82
  symmetry         :          0          0          0          0
  vbounds          :       3153        156          4        552
Propagator Timings :  TotalTime  SetupTime   Presolve  Propagate    ResProp    SB-Prop
  dualfix          :       0.00       0.00       0.00       0.00       0.00       0.00
  genvbounds       :       0.00       0.00       0.00       0.00       0.00       0.00
  nlobbt           :       0.00       0.00       0.00       0.00       0.00       0.00
  obbt             :       0.00       0.00       0.00       0.00       0.00       0.00
  probing          :       0.63       0.00       0.63       0.00       0.00       0.00
  pseudoobj        :       0.00       0.00       0.00       0.00       0.00       0.00
  redcost          :       0.00       0.00       0.00       0.00       0.00       0.00
  rootredcost      :       0.00       0.00       0.00       0.00       0.00       0.00
  symmetry         :       0.01       0.00       0.01       0.00       0.00       0.00
  vbounds          :       0.08       0.00       0.00       0.08       0.00       0.00
Symmetry           :
  #affected vars   :        676 (668 bin, 8 int, 0 cont)
  orbitopal red.   :          0 reductions applied,          0 cutoffs
  orbital reduction:          0 reductions applied,          0 cutoffs
  lexicographic red:          0 reductions applied,          0 cutoffs
  shadow tree time :       0.00 s
Conflict Analysis  :       Time      Calls    Success    DomReds  Conflicts   Literals    Reconvs ReconvLits   Dualrays   Nonzeros   LP Iters   (pool size: [10000,10000])
  propagation      :       0.00         42         40          -         56        3.9          5        3.6          -          -          -
  infeasible LP    :       0.00         22         24          -         25        2.8          1        5.0         22        3.0          0
  bound exceed. LP :       0.00          0          0          -          0        0.0          0        0.0          0        0.0          0
  strong branching :       0.00          0          0          -          0        0.0          0        0.0          -          -          0
  pseudo solution  :       0.00          0          0          -          0        0.0          0        0.0          -          -          -
  applied globally :       0.00          -          -          2         80        3.4          -          -         22          -          -
  applied locally  :          -          -          -          0          0        0.0          -          -          0          -          -
Gen. Resolution CA :       Time      Calls    Success  Conflicts  LargeCoef  LongConfs    Length
  propagation      :       0.00          0          0          0          0          0       0.0
Separators         :   ExecTime  SetupTime      Calls  RootCalls    Cutoffs    DomReds  FoundCuts ViaPoolAdd  DirectAdd    Applied ViaPoolApp  DirectApp      Conss
  cut pool         :       0.01          -         64         41          -          -       2631       3711          -          -          -          -          -    (maximal pool size:       2601)
  aggregation      :       0.02       0.00         35         22          0          0         47         52          8         24         24          0          0
  > cmir           :          -          -          -          -          -          -          -         51          2         24         24          0          -
  > flowcover      :          -          -          -          -          -          -          -          1          2          0          0          0          -
  > knapsackcover  :          -          -          -          -          -          -          -          0          4          0          0          0          -
  cgmip            :       0.00       0.00          0          0          0          0          0          0          0          0          0          0          0
  clique           :       0.00       0.00         22         22          0          0          0          0          0          0          0          0          0
  closecuts        :       0.00       0.00          0          0          0          0          0          0          0          0          0          0          0
  convexproj       :       0.00       0.00          0          0          0          0          0          0          0          0          0          0          0
  disjunctive      :       0.00       0.00          0          0          0          0          0          0          0          0          0          0          0
  eccuts           :       0.00       0.00          0          0          0          0          0          0          0          0          0          0          0
  flower           :       0.00       0.00         38         22          0          0          0          0          0          0          0          0          0
  gauge            :       0.00       0.00          0          0          0          0          0          0          0          0          0          0          0
  gomory           :       0.30       0.00         20         10          0          0       2340       2823        224        225        210         15          0
  > gomorymi       :          -          -          -          -          -          -          -       1246        112         97         85         12          -
  > strongcg       :          -          -          -          -          -          -          -       1577        112        128        125          3          -
  impliedbounds    :       0.00       0.00         35         22          0          0        383        740          0        202        202          0          0
  interminor       :       0.00       0.00          0          0          0          0          0          0          0          0          0          0          0
  intobj           :       0.00       0.00          0          0          0          0          0          0          0          0          0          0          0
  lagromory        :       0.00       0.00          0          0          0          0          0          0          0          0          0          0          0
  mcf              :       0.00       0.00          1          1          0          0          0          0          0          0          0          0          0
  minor            :       0.00       0.00          0          0          0          0          0          0          0          0          0          0          0
  mixing           :       0.00       0.00         35         22          0          0          0          0          0          0          0          0          0
  oddcycle         :       0.00       0.00          0          0          0          0          0          0          0          0          0          0          0
  rapidlearning    :       0.96       0.00         20          1          0        497          0          0          0          0          0          0         42
  rlt              :       0.00       0.00         10         10          0          0          0          0          0          0          0          0          0
  zerohalf         :       0.02       0.00         30         20          0          0         86         96         23         66         51         15          0
Cutselectors       :   ExecTime  SetupTime      Calls  RootCalls   Selected     Forced   Filtered  RootSelec   RootForc   RootFilt 
  hybrid           :       0.00       0.00         33         21        517          0       3498        334          0       2686
  ensemble         :       0.00       0.00          0          0          0          0          0          0          0          0
  dynamic          :       0.00       0.00          0          0          0          0          0          0          0          0
Pricers            :   ExecTime  SetupTime      Calls       Vars
  problem variables:       0.00          -          0          0
Branching Rules    :   ExecTime  SetupTime   BranchLP  BranchExt   BranchPS    Cutoffs    DomReds       Cuts      Conss   Children
  allfullstrong    :       0.00       0.00          0          0          0          0          0          0          0          0
  cloud            :       0.00       0.00          0          0          0          0          0          0          0          0
  distribution     :       0.00       0.00          0          0          0          0          0          0          0          0
  fullstrong       :       0.00       0.00          0          0          0          0          0          0          0          0
  gomory           :       0.00       0.00          0          0          0          0          0          0          0          0
  inference        :       0.00       0.00          0          0          0          0          0          0          0          0
  leastinf         :       0.00       0.00          0          0          0          0          0          0          0          0
  lookahead        :       0.00       0.00          0          0          0          0          0          0          0          0
  mostinf          :       0.00       0.00          0          0          0          0          0          0          0          0
  multaggr         :       0.00       0.00          0          0          0          0          0          0          0          0
  nodereopt        :       0.00       0.00          0          0          0          0          0          0          0          0
  pscost           :       0.00       0.00          0          0          0          0          0          0          0          0
  random           :       0.00       0.00          0          0          0          0          0          0          0          0
  relpscost        :       0.06       0.00         74          0          0          0          0          0          0        148
  vanillafullstrong:       0.00       0.00          0          0          0          0          0          0          0          0
Primal Heuristics  :   ExecTime  SetupTime      Calls      Found       Best
  LP solutions     :       0.00          -          -          0          0
  relax solutions  :       0.00          -          -          0          0
  pseudo solutions :       0.00          -          -          0          0
  strong branching :       0.00          -          -          0          0
  actconsdiving    :       0.00       0.00          0          0          0
  adaptivediving   :       0.03       0.00          2          2          2
  alns             :       0.00       0.00          0          0          0
  bound            :       0.00       0.00          0          0          0
  clique           :       0.01       0.00          1          0          0
  coefdiving       :       0.00       0.00          0          0          0
  completesol      :       0.00       0.00          0          0          0
  conflictdiving   :       0.13       0.00          1          0          0
  crossover        :       0.00       0.00          0          0          0
  dins             :       0.00       0.00          0          0          0
  distributiondivin:       0.01       0.00          1          0          0
  dks              :       0.00       0.00          0          0          0
  dps              :       0.00       0.00          0          0          0
  dualval          :       0.00       0.00          0          0          0
  farkasdiving     :       0.00       0.00          0          0          0
  feaspump         :       0.01       0.00          1          0          0
  fixandinfer      :       0.00       0.00          0          0          0
  fracdiving       :       0.01       0.00          1          0          0
  gins             :       0.00       0.00          0          0          0
  guideddiving     :       0.02       0.00          1          1          1
  indicator        :       0.00       0.00          0          0          0
  indicatordiving  :       0.00       0.00          0          0          0
  intdiving        :       0.00       0.00          0          0          0
  intshifting      :       0.00       0.00          0          0          0
  linesearchdiving :       0.02       0.00          1          1          1
  localbranching   :       0.00       0.00          0          0          0
  locks            :       0.03       0.00          1          0          0
  lpface           :       0.00       0.00          0          0          0
  mpec             :       0.00       0.00          0          0          0
  multistart       :       0.00       0.00          0          0          0
  mutation         :       0.00       0.00          0          0          0
  nlpdiving        :       0.00       0.00          0          0          0
  objpscostdiving  :       0.08       0.00          1          1          1
  octane           :       0.00       0.00          0          0          0
  ofins            :       0.00       0.00          0          0          0
  oneopt           :       0.00       0.00          6          0          0
  padm             :       0.00       0.00          0          0          0
  proximity        :       0.00       0.00          0          0          0
  pscostdiving     :       0.01       0.00          1          0          0
  randrounding     :       0.26       0.00         46          0          0
  rens             :       0.01       0.00          1          0          0
  reoptsols        :       0.00       0.00          0          0          0
  repair           :       0.00       0.00          0          0          0
  rins             :       0.00       0.00          0          0          0
  rootsoldiving    :       0.06       0.00          1          0          0
  rounding         :       0.01       0.00        112          0          0
  scheduler        :       0.00       0.00          0          0          0
  shiftandpropagate:       0.04       0.00          1          0          0
  shifting         :       0.10       0.00         59          0          0
  simplerounding   :       0.00       0.00        152          0          0
  subnlp           :       0.00       0.00          0          0          0
  trivial          :       0.00       0.00          2          0          0
  trivialnegation  :       0.00       0.00          0          0          0
  trustregion      :       0.00       0.00          0          0          0
  trysol           :       0.00       0.00          0          0          0
  twoopt           :       0.00       0.00          0          0          0
  undercover       :       0.00       0.00          0          0          0
  vbounds          :       0.13       0.00          1          0          0
  veclendiving     :       0.02       0.00          1          0          0
  zeroobj          :       0.00       0.00          0          0          0
  zirounding       :       0.00       0.00         73          0          0
  other solutions  :          -          -          -          0          -
LNS (Scheduler)    :      Calls  SetupTime  SolveTime SolveNodes       Sols       Best       Exp3    Exp3-IX  EpsGreedy        UCB TgtFixRate  Opt  Inf Node Stal  Sol  Usr Othr Actv
  rens             :          0       0.00       0.00          0          0          0    0.00000    0.12500   -1.00000    1.00000      0.900    0    0    0    0    0    0    0    1
  rins             :          0       0.00       0.00          0          0          0    0.00000    0.12500   -1.00000    1.00000      0.900    0    0    0    0    0    0    0    1
  mutation         :          0       0.00       0.00          0          0          0    0.00000    0.12500   -1.00000    1.00000      0.900    0    0    0    0    0    0    0    1
  localbranching   :          0       0.00       0.00          0          0          0    0.00000    0.12500   -1.00000    1.00000      0.900    0    0    0    0    0    0    0    1
  crossover        :          0       0.00       0.00          0          0          0    0.00000    0.12500   -1.00000    1.00000      0.900    0    0    0    0    0    0    0    1
  proximity        :          0       0.00       0.00          0          0          0    0.00000    0.12500   -1.00000    1.00000      0.900    0    0    0    0    0    0    0    1
  zeroobjective    :          0       0.00       0.00          0          0          0    0.00000    0.12500   -1.00000    1.00000      0.900    0    0    0    0    0    0    0    1
  dins             :          0       0.00       0.00          0          0          0    0.00000    0.12500   -1.00000    1.00000      0.900    0    0    0    0    0    0    0    1
  trustregion      :          0       0.00       0.00          0          0          0    0.00000    0.00000   -1.00000    1.00000      0.900    0    0    0    0    0    0    0    0
LP                 :       Time      Calls Iterations  Iter/call   Iter/sec  Time-0-It Calls-0-It
  primal LP        :       0.00          7          0       0.00          -       0.00          7
  dual LP          :       0.16        153       4825      36.83   29559.34       0.01         22
  lex dual LP      :       0.00          0          0       0.00          -
  barrier LP       :       0.00          0          0       0.00          -       0.00          0
  resolve instable :       0.00          0          0       0.00          -
  diving/probing LP:       0.38        149       6770      45.44   17955.32
  strong branching :       0.04         20       1086      54.30   29533.34          -          -          0
    (at root node) :          -         20       1086      54.30          -
  conflict analysis:       0.00          0          0       0.00          -
Relaxators         :       Time      Calls    Cutoffs ImprBounds   ImprTime ReducedDom  Separated AddedConss
  benders          :       0.00          0          0          0       0.00          0          0          0
B&B Tree           :
  number of runs   :          1
  nodes            :         87 (74 internal, 13 leaves)
  feasible leaves  :          0
  infeas. leaves   :         13
  objective leaves :          0
  nodes (total)    :         87 (74 internal, 13 leaves)
  nodes left       :          0
  max depth        :         11
  max depth (total):         11
  backtracks       :         27 (31.0%)
  early backtracks :          0 (0.0%)
  nodes exc. ref.  :          0 (0.0%)
  delayed cutoffs  :         49
  repropagations   :         64 (1098 domain reductions, 7 cutoffs)
  avg switch length:       3.72
  switching time   :       0.02
Root Node          :
  First LP value   : +4.80000000000000e+01
  First LP Iters   :        380 (50451.41 Iter/sec)
  First LP Time    :       0.01
  Final Dual Bound : +5.80000000000000e+01
  Final Root Iters :       3227
  Root LP Estimate : +6.53804446292198e+01
Solution           :
  Solutions found  :          6 (6 improvements)
  First Solution   : +1.29000000000000e+02   (in run 1, after 11 nodes, 1.92 seconds, depth 39, found by <adaptivediving>)
  Gap First Sol.   :     122.41 %
  Gap Last Sol.    :      36.21 %
  Primal Bound     : +7.90000000000000e+01   (in run 1, after 69 nodes, 3.07 seconds, depth 15, found by <adaptivediving>)
  Dual Bound       : +7.90000000000000e+01
  Gap              :       0.00 %
Integrals          :      Total       Avg%
  primal-dual      :     256.50      77.47
  primal-ref       :          -          - (not evaluated)
  dual-ref         :          -          - (not evaluated)
