SCIP version 10.0.0 [precision: 8 byte] [memory: block] [mode: optimized] [LP solver: SoPlex 8.0.0] [GitHash: 0c80fdd8e9]
Copyright (c) 2002-2025 Zuse Institute Berlin (ZIB)

External libraries: 
  Readline 8.3         GNU library for command line editing (gnu.org/s/readline)
  SoPlex 8.0.0         Linear programming solver developed at Zuse Institute Berlin (soplex.zib.de) [GitHash: 2207cfb2]
  CppAD 20180000.0     Algorithmic Differentiation of C++ algorithms developed by B. Bell (github.com/coin-or/CppAD)
  ZLIB 1.2.12          General purpose compression library by J. Gailly and M. Adler (zlib.net)
  MPFR 4.2.2           GNU Multiple Precision Floating-Point Reliable Library (mpfr.org)
  Boost 1.89.0         Boost C++ Libraries (boost.org)
  TinyCThread 1.2      small portable implementation of the C11 threads API (tinycthread.github.io)
  GMP 6.3.0            GNU Multiple Precision Arithmetic Library developed by T. Granlund (gmplib.org)
  AMPL/MP 4.0.3        AMPL .nl file reader library (github.com/ampl/mp)
  PaPILO 3.0.0         parallel presolve for integer and linear optimization (github.com/scipopt/papilo) (built with TBB)
  Nauty 2.8.8          Computing Graph Automorphism Groups by Brendan D. McKay (users.cecs.anu.edu.au/~bdm/nauty)
  sassy 2.0            Symmetry preprocessor by Markus Anders (github.com/markusa4/sassy)
  Ipopt 3.14.19        Interior Point Optimizer developed by A. Waechter et.al. (github.com/coin-or/Ipopt)

reading user parameter file </Users/maxbig/Coursework_multiprocessing/Coursework/SCIP/SCIPOptSuite-9.2.1-Linux/only_time.set>

read problem </Users/maxbig/Coursework_multiprocessing/Coursework/SCIP/SCIPOptSuite-9.2.1-Linux/inputs/new_tr/order/layered_15_buf_times_P3_M1350_up_right_input.lp>
============

original problem has 886 variables (870 bin, 16 int, 0 cont) and 2918 constraints

solve problem
=============

presolving:
(round 1, fast)       64 del vars, 47 del conss, 0 add conss, 24 chg bounds, 12 chg sides, 12 chg coeffs, 0 upgd conss, 0 impls, 36 clqs, 0 implints
(round 2, fast)       64 del vars, 47 del conss, 0 add conss, 32 chg bounds, 12 chg sides, 12 chg coeffs, 0 upgd conss, 0 impls, 36 clqs, 0 implints
   (0.0s) running MILP presolver
   (0.0s) MILP presolver (2 rounds): 0 aggregations, 0 fixings, 0 bound changes
(round 3, exhaustive) 64 del vars, 481 del conss, 0 add conss, 36 chg bounds, 12 chg sides, 12 chg coeffs, 0 upgd conss, 0 impls, 36 clqs, 0 implints
(round 4, exhaustive) 64 del vars, 481 del conss, 0 add conss, 36 chg bounds, 12 chg sides, 12 chg coeffs, 1323 upgd conss, 0 impls, 36 clqs, 0 implints
(round 5, medium)     64 del vars, 481 del conss, 7 add conss, 36 chg bounds, 19 chg sides, 26 chg coeffs, 1323 upgd conss, 0 impls, 36 clqs, 0 implints
   (0.7s) probing: 588/806 (73.0%) - 0 fixings, 0 aggregations, 2429 implications, 0 bound changes
   (0.7s) probing aborted: 50/50 successive totally useless probings
   (0.8s) symmetry computation started: requiring (bin +, int +, cont +), (fixed: bin -, int -, cont -)
   (0.8s) symmetry computation finished: 2 generators found (max: 1500, log10 of symmetry group size: 0.78) (symcode time: 0.00)
dynamic symmetry handling statistics:
   orbitopal reduction:       no components
   orbital reduction:         no components
   lexicographic reduction:   no permutations
handled 1 out of 1 symmetry components
(round 6, exhaustive) 68 del vars, 481 del conss, 8 add conss, 36 chg bounds, 19 chg sides, 26 chg coeffs, 1323 upgd conss, 2488 impls, 35 clqs, 0 implints
(round 7, fast)       70 del vars, 621 del conss, 8 add conss, 36 chg bounds, 19 chg sides, 110 chg coeffs, 1323 upgd conss, 2488 impls, 116 clqs, 0 implints
(round 8, medium)     85 del vars, 621 del conss, 8 add conss, 36 chg bounds, 19 chg sides, 110 chg coeffs, 1323 upgd conss, 2488 impls, 86 clqs, 0 implints
(round 9, fast)       85 del vars, 651 del conss, 8 add conss, 36 chg bounds, 19 chg sides, 110 chg coeffs, 1323 upgd conss, 2488 impls, 86 clqs, 0 implints
   (0.8s) probing: 649/806 (80.5%) - 0 fixings, 11 aggregations, 2429 implications, 0 bound changes
   (0.8s) probing aborted: 50/50 successive totally useless probings
(round 10, exhaustive) 96 del vars, 651 del conss, 8 add conss, 36 chg bounds, 19 chg sides, 110 chg coeffs, 1323 upgd conss, 2488 impls, 75 clqs, 0 implints
(round 11, fast)       96 del vars, 662 del conss, 8 add conss, 36 chg bounds, 19 chg sides, 110 chg coeffs, 1323 upgd conss, 2488 impls, 75 clqs, 0 implints
   (0.8s) probing: 654/806 (81.1%) - 0 fixings, 11 aggregations, 2429 implications, 0 bound changes
   (0.8s) probing aborted: 50/50 successive totally useless probings
presolving (12 rounds: 12 fast, 7 medium, 5 exhaustive):
 96 deleted vars, 662 deleted constraints, 8 added constraints, 36 tightened bounds, 0 added holes, 19 changed sides, 110 changed coefficients
 2488 implications, 75 cliques, 0 implied integral variables (0 bin, 0 int, 0 cont)
presolved problem has 791 variables (775 bin, 16 int, 0 cont) and 2264 constraints
     35 constraints of type <varbound>
     13 constraints of type <knapsack>
     20 constraints of type <setppc>
   1114 constraints of type <linear>
      1 constraints of type <orbitope_pp>
   1081 constraints of type <logicor>
transformed objective value is always integral (scale: 1)
Presolving Time: 0.77

 time | node  | left  |LP iter|LP it/n|mem/heur|mdpt |vars |cons |rows |cuts |sepa|confs|strbr|  dualbound   | primalbound  |  gap   | compl. 
  1.0s|     1 |     0 |   448 |     - |    26M |   0 | 791 |2284 |2263 |   0 |  0 |  24 |   0 | 4.000000e+01 |      --      |    Inf | unknown
  1.1s|     1 |     0 |  1298 |     - |    26M |   0 | 791 |2284 |2361 |  98 |  1 |  24 |   0 | 4.000000e+01 |      --      |    Inf | unknown
  1.1s|     1 |     0 |  1435 |     - |    27M |   0 | 791 |2288 |2391 | 128 |  2 |  28 |   0 | 4.000000e+01 |      --      |    Inf | unknown
  1.2s|     1 |     0 |  1615 |     - |    27M |   0 | 791 |2291 |2405 | 142 |  3 |  31 |   0 | 4.000000e+01 |      --      |    Inf | unknown
  1.2s|     1 |     0 |  1738 |     - |    29M |   0 | 791 |2292 |2409 | 146 |  4 |  32 |   0 | 4.000000e+01 |      --      |    Inf | unknown
  1.2s|     1 |     0 |  1823 |     - |    29M |   0 | 791 |2293 |2412 | 149 |  5 |  33 |   0 | 4.000000e+01 |      --      |    Inf | unknown
  1.3s|     1 |     0 |  1864 |     - |    30M |   0 | 791 |2294 |2414 | 151 |  6 |  34 |   0 | 4.000000e+01 |      --      |    Inf | unknown
  1.3s|     1 |     0 |  1912 |     - |    31M |   0 | 791 |2295 |2417 | 154 |  7 |  35 |   0 | 4.000000e+01 |      --      |    Inf | unknown
  1.3s|     1 |     0 |  1952 |     - |    32M |   0 | 791 |2297 |2419 | 156 |  8 |  37 |   0 | 4.000000e+01 |      --      |    Inf | unknown
  1.4s|     1 |     0 |  1965 |     - |    33M |   0 | 791 |2297 |2421 | 158 |  9 |  37 |   0 | 4.000000e+01 |      --      |    Inf | unknown
  1.4s|     1 |     0 |  1972 |     - |    34M |   0 | 791 |2298 |2423 | 160 | 10 |  38 |   0 | 4.000000e+01 |      --      |    Inf | unknown
  1.4s|     1 |     0 |  2027 |     - |    34M |   0 | 791 |2299 |2331 | 162 | 11 |  39 |   0 | 4.000000e+01 |      --      |    Inf | unknown
  1.4s|     1 |     0 |  2084 |     - |    35M |   0 | 791 |2300 |2334 | 165 | 12 |  40 |   0 | 4.000000e+01 |      --      |    Inf | unknown
  1.6s|     1 |     2 |  2980 |     - |    35M |   0 | 791 |2313 |2334 | 165 | 12 |  53 |  16 | 4.000000e+01 |      --      |    Inf | unknown
d 5.3s|    15 |    16 |  5043 | 215.4 |fracdivi|   5 | 791 |2332 |2275 |   0 |  2 |  72 |  16 | 4.000000e+01 | 8.900000e+01 | 122.50%| unknown
 time | node  | left  |LP iter|LP it/n|mem/heur|mdpt |vars |cons |rows |cuts |sepa|confs|strbr|  dualbound   | primalbound  |  gap   | compl. 
d 5.4s|    21 |    22 |  5988 | 198.0 |distribu|  10 | 791 |2331 |2354 |   0 |  4 |  72 |  16 | 4.000000e+01 | 8.800000e+01 | 120.00%| unknown
d 6.6s|    47 |    48 | 11922 | 215.1 |guideddi|  17 | 791 |2334 |2294 |   0 |  2 |  75 |  16 | 4.000000e+01 | 6.400000e+01 |  60.00%| unknown
d 6.6s|    50 |    51 | 12420 | 212.1 |adaptive|  17 | 791 |2334 |2275 |   0 |  1 |  75 |  16 | 4.000000e+01 | 6.100000e+01 |  52.50%| unknown
d 6.7s|    55 |    56 | 13512 | 212.7 |conflict|  17 | 791 |2343 |2297 |   0 |  1 |  84 |  16 | 4.000000e+01 | 6.000000e+01 |  50.00%| unknown
d 6.8s|    61 |    62 | 15180 | 219.2 |linesear|  17 | 791 |2312 |2275 |   0 |  1 |  93 |  16 | 4.000000e+01 | 5.900000e+01 |  47.50%| unknown
d 6.8s|    63 |    64 | 15444 | 216.4 |guideddi|  17 | 791 |1898 |2275 |   0 |  1 |  93 |  16 | 4.000000e+01 | 5.200000e+01 |  30.00%| unknown
* 7.0s|    66 |    50 | 15757 | 211.2 |    LP  |  17 | 791 |1900 |2275 | 452 |  0 |  96 |  16 | 4.000000e+01 | 5.000000e+01 |  25.00%|   3.81%
  7.4s|   100 |    53 | 17758 | 158.9 |    42M |  17 | 791 |1913 |2275 | 602 |  1 | 111 |  16 | 4.000000e+01 | 5.000000e+01 |  25.00%|  30.77%
  7.7s|   200 |    34 | 20552 |  93.1 |    45M |  17 | 791 |1923 |2304 | 849 |  1 | 133 |  16 | 4.000000e+01 | 5.000000e+01 |  25.00%|  81.28%

SCIP Status        : solving was interrupted [termination signal received]
Solving Time (sec) : 7.79
Solving Nodes      : 204
Primal Bound       : +5.00000000000000e+01 (8 solutions)
Dual Bound         : +4.00000000000000e+01
Gap                : 25.00 %

primal solution (original space):
=================================

objective value:                                   50
m_14_14                                             1 	(obj:0)
m_13_13                                             1 	(obj:0)
m_12_14                                             1 	(obj:0)
m_12_13                                             1 	(obj:0)
m_12_12                                             1 	(obj:0)
m_12_2                                              1 	(obj:0)
m_11_14                                             1 	(obj:0)
m_11_13                                             1 	(obj:0)
m_11_12                                             1 	(obj:0)
m_11_11                                             1 	(obj:0)
m_11_10                                             1 	(obj:0)
m_11_2                                              1 	(obj:0)
m_11_1                                              1 	(obj:0)
m_10_14                                             1 	(obj:0)
m_10_13                                             1 	(obj:0)
m_10_10                                             1 	(obj:0)
m_10_2                                              1 	(obj:0)
m_9_14                                              1 	(obj:0)
m_9_13                                              1 	(obj:0)
m_9_12                                              1 	(obj:0)
m_9_10                                              1 	(obj:0)
m_9_9                                               1 	(obj:0)
m_9_2                                               1 	(obj:0)
m_9_1                                               1 	(obj:0)
m_8_14                                              1 	(obj:0)
m_8_13                                              1 	(obj:0)
m_8_12                                              1 	(obj:0)
m_8_11                                              1 	(obj:0)
m_8_10                                              1 	(obj:0)
m_8_9                                               1 	(obj:0)
m_8_8                                               1 	(obj:0)
m_8_2                                               1 	(obj:0)
m_8_1                                               1 	(obj:0)
m_8_0                                               1 	(obj:0)
m_7_14                                              1 	(obj:0)
m_7_13                                              1 	(obj:0)
m_7_12                                              1 	(obj:0)
m_7_11                                              1 	(obj:0)
m_7_10                                              1 	(obj:0)
m_7_9                                               1 	(obj:0)
m_7_7                                               1 	(obj:0)
m_7_2                                               1 	(obj:0)
m_7_1                                               1 	(obj:0)
m_7_0                                               1 	(obj:0)
m_6_14                                              1 	(obj:0)
m_6_13                                              1 	(obj:0)
m_6_12                                              1 	(obj:0)
m_6_11                                              1 	(obj:0)
m_6_10                                              1 	(obj:0)
m_6_9                                               1 	(obj:0)
m_6_6                                               1 	(obj:0)
m_6_2                                               1 	(obj:0)
m_6_1                                               1 	(obj:0)
m_6_0                                               1 	(obj:0)
m_5_14                                              1 	(obj:0)
m_5_13                                              1 	(obj:0)
m_5_12                                              1 	(obj:0)
m_5_11                                              1 	(obj:0)
m_5_10                                              1 	(obj:0)
m_5_9                                               1 	(obj:0)
m_5_8                                               1 	(obj:0)
m_5_7                                               1 	(obj:0)
m_5_6                                               1 	(obj:0)
m_5_5                                               1 	(obj:0)
m_5_2                                               1 	(obj:0)
m_5_1                                               1 	(obj:0)
m_5_0                                               1 	(obj:0)
m_4_14                                              1 	(obj:0)
m_4_13                                              1 	(obj:0)
m_4_12                                              1 	(obj:0)
m_4_11                                              1 	(obj:0)
m_4_10                                              1 	(obj:0)
m_4_9                                               1 	(obj:0)
m_4_8                                               1 	(obj:0)
m_4_7                                               1 	(obj:0)
m_4_6                                               1 	(obj:0)
m_4_4                                               1 	(obj:0)
m_4_2                                               1 	(obj:0)
m_4_1                                               1 	(obj:0)
m_4_0                                               1 	(obj:0)
m_3_14                                              1 	(obj:0)
m_3_13                                              1 	(obj:0)
m_3_12                                              1 	(obj:0)
m_3_11                                              1 	(obj:0)
m_3_10                                              1 	(obj:0)
m_3_9                                               1 	(obj:0)
m_3_8                                               1 	(obj:0)
m_3_7                                               1 	(obj:0)
m_3_6                                               1 	(obj:0)
m_3_3                                               1 	(obj:0)
m_3_2                                               1 	(obj:0)
m_3_1                                               1 	(obj:0)
m_3_0                                               1 	(obj:0)
m_2_14                                              1 	(obj:0)
m_2_13                                              1 	(obj:0)
m_2_2                                               1 	(obj:0)
m_1_14                                              1 	(obj:0)
m_1_13                                              1 	(obj:0)
m_1_12                                              1 	(obj:0)
m_1_10                                              1 	(obj:0)
m_1_2                                               1 	(obj:0)
m_1_1                                               1 	(obj:0)
m_0_14                                              1 	(obj:0)
m_0_13                                              1 	(obj:0)
m_0_12                                              1 	(obj:0)
m_0_10                                              1 	(obj:0)
m_0_2                                               1 	(obj:0)
m_0_1                                               1 	(obj:0)
m_0_0                                               1 	(obj:0)
p_1_14                                              1 	(obj:0)
p_2_13                                              1 	(obj:0)
p_3_12                                              1 	(obj:0)
p_1_11                                              1 	(obj:0)
p_1_10                                              1 	(obj:0)
p_3_9                                               1 	(obj:0)
p_3_8                                               1 	(obj:0)
p_1_7                                               1 	(obj:0)
p_2_6                                               1 	(obj:0)
p_3_5                                               1 	(obj:0)
p_2_4                                               1 	(obj:0)
p_1_3                                               1 	(obj:0)
p_2_2                                               1 	(obj:0)
p_2_1                                               1 	(obj:0)
p_2_0                                               1 	(obj:0)
t_14_14                                             1 	(obj:0)
z_14_12                                             1 	(obj:0)
z_14_11                                             1 	(obj:0)
t_14_11                                             1 	(obj:0)
z_14_10                                             1 	(obj:0)
t_14_10                                             1 	(obj:0)
z_14_9                                              1 	(obj:0)
z_14_8                                              1 	(obj:0)
z_14_7                                              1 	(obj:0)
t_14_7                                              1 	(obj:0)
z_14_6                                              1 	(obj:0)
z_14_5                                              1 	(obj:0)
z_14_4                                              1 	(obj:0)
z_14_3                                              1 	(obj:0)
t_14_3                                              1 	(obj:0)
z_14_2                                              1 	(obj:0)
z_14_1                                              1 	(obj:0)
z_14_0                                              1 	(obj:0)
t_13_13                                             1 	(obj:0)
z_13_12                                             1 	(obj:0)
z_13_11                                             1 	(obj:0)
z_13_10                                             1 	(obj:0)
z_13_9                                              1 	(obj:0)
z_13_8                                              1 	(obj:0)
z_13_7                                              1 	(obj:0)
z_13_6                                              1 	(obj:0)
t_13_6                                              1 	(obj:0)
z_13_5                                              1 	(obj:0)
z_13_4                                              1 	(obj:0)
t_13_4                                              1 	(obj:0)
z_13_3                                              1 	(obj:0)
z_13_2                                              1 	(obj:0)
t_13_2                                              1 	(obj:0)
z_13_1                                              1 	(obj:0)
t_13_1                                              1 	(obj:0)
z_13_0                                              1 	(obj:0)
t_13_0                                              1 	(obj:0)
t_12_12                                             1 	(obj:0)
z_12_11                                             1 	(obj:0)
z_12_9                                              1 	(obj:0)
t_12_9                                              1 	(obj:0)
z_12_8                                              1 	(obj:0)
t_12_8                                              1 	(obj:0)
z_12_7                                              1 	(obj:0)
z_12_6                                              1 	(obj:0)
z_12_5                                              1 	(obj:0)
t_12_5                                              1 	(obj:0)
z_12_4                                              1 	(obj:0)
z_12_3                                              1 	(obj:0)
z_12_0                                              1 	(obj:0)
t_11_14                                             1 	(obj:0)
t_11_11                                             1 	(obj:0)
t_11_10                                             1 	(obj:0)
z_11_8                                              1 	(obj:0)
z_11_7                                              1 	(obj:0)
t_11_7                                              1 	(obj:0)
z_11_6                                              1 	(obj:0)
z_11_5                                              1 	(obj:0)
z_11_4                                              1 	(obj:0)
z_11_3                                              1 	(obj:0)
t_11_3                                              1 	(obj:0)
t_10_14                                             1 	(obj:0)
z_10_11                                             1 	(obj:0)
t_10_11                                             1 	(obj:0)
t_10_10                                             1 	(obj:0)
z_10_9                                              1 	(obj:0)
z_10_8                                              1 	(obj:0)
z_10_7                                              1 	(obj:0)
t_10_7                                              1 	(obj:0)
z_10_6                                              1 	(obj:0)
z_10_5                                              1 	(obj:0)
z_10_4                                              1 	(obj:0)
z_10_3                                              1 	(obj:0)
t_10_3                                              1 	(obj:0)
z_10_0                                              1 	(obj:0)
t_9_12                                              1 	(obj:0)
t_9_9                                               1 	(obj:0)
z_9_8                                               1 	(obj:0)
t_9_8                                               1 	(obj:0)
z_9_7                                               1 	(obj:0)
z_9_6                                               1 	(obj:0)
z_9_5                                               1 	(obj:0)
t_9_5                                               1 	(obj:0)
z_9_4                                               1 	(obj:0)
z_9_3                                               1 	(obj:0)
t_8_12                                              1 	(obj:0)
t_8_9                                               1 	(obj:0)
t_8_8                                               1 	(obj:0)
z_8_5                                               1 	(obj:0)
t_8_5                                               1 	(obj:0)
z_8_4                                               1 	(obj:0)
z_8_3                                               1 	(obj:0)
t_7_14                                              1 	(obj:0)
t_7_11                                              1 	(obj:0)
t_7_10                                              1 	(obj:0)
t_7_7                                               1 	(obj:0)
z_7_5                                               1 	(obj:0)
z_7_4                                               1 	(obj:0)
z_7_3                                               1 	(obj:0)
t_7_3                                               1 	(obj:0)
t_6_13                                              1 	(obj:0)
t_6_6                                               1 	(obj:0)
z_6_5                                               1 	(obj:0)
z_6_4                                               1 	(obj:0)
t_6_4                                               1 	(obj:0)
z_6_3                                               1 	(obj:0)
t_6_2                                               1 	(obj:0)
t_6_1                                               1 	(obj:0)
t_6_0                                               1 	(obj:0)
t_5_12                                              1 	(obj:0)
t_5_9                                               1 	(obj:0)
t_5_8                                               1 	(obj:0)
t_5_5                                               1 	(obj:0)
t_4_13                                              1 	(obj:0)
t_4_6                                               1 	(obj:0)
t_4_4                                               1 	(obj:0)
t_4_2                                               1 	(obj:0)
t_4_1                                               1 	(obj:0)
t_4_0                                               1 	(obj:0)
t_3_14                                              1 	(obj:0)
t_3_11                                              1 	(obj:0)
t_3_10                                              1 	(obj:0)
t_3_7                                               1 	(obj:0)
t_3_3                                               1 	(obj:0)
t_2_13                                              1 	(obj:0)
z_2_11                                              1 	(obj:0)
z_2_9                                               1 	(obj:0)
z_2_8                                               1 	(obj:0)
z_2_7                                               1 	(obj:0)
z_2_6                                               1 	(obj:0)
t_2_6                                               1 	(obj:0)
z_2_5                                               1 	(obj:0)
z_2_4                                               1 	(obj:0)
t_2_4                                               1 	(obj:0)
z_2_3                                               1 	(obj:0)
t_2_2                                               1 	(obj:0)
z_2_1                                               1 	(obj:0)
t_2_1                                               1 	(obj:0)
z_2_0                                               1 	(obj:0)
t_2_0                                               1 	(obj:0)
t_1_13                                              1 	(obj:0)
z_1_8                                               1 	(obj:0)
z_1_7                                               1 	(obj:0)
z_1_6                                               1 	(obj:0)
t_1_6                                               1 	(obj:0)
z_1_5                                               1 	(obj:0)
z_1_4                                               1 	(obj:0)
t_1_4                                               1 	(obj:0)
z_1_3                                               1 	(obj:0)
t_1_2                                               1 	(obj:0)
t_1_1                                               1 	(obj:0)
z_1_0                                               1 	(obj:0)
t_1_0                                               1 	(obj:0)
t_0_13                                              1 	(obj:0)
z_0_8                                               1 	(obj:0)
z_0_7                                               1 	(obj:0)
z_0_6                                               1 	(obj:0)
t_0_6                                               1 	(obj:0)
z_0_5                                               1 	(obj:0)
z_0_4                                               1 	(obj:0)
t_0_4                                               1 	(obj:0)
z_0_3                                               1 	(obj:0)
t_0_2                                               1 	(obj:0)
t_0_1                                               1 	(obj:0)
t_0_0                                               1 	(obj:0)
y_11_1_14                                           1 	(obj:0)
y_10_1_14                                           1 	(obj:0)
y_11_1_13                                           1 	(obj:0)
y_10_1_13                                           1 	(obj:0)
y_11_1_12                                           1 	(obj:0)
y_10_1_12                                           1 	(obj:0)
y_9_1_12                                            1 	(obj:0)
y_7_1_12                                            1 	(obj:0)
y_1_1_12                                            1 	(obj:0)
y_0_1_12                                            1 	(obj:0)
y_11_1_11                                           1 	(obj:0)
y_9_1_11                                            1 	(obj:0)
y_8_1_11                                            1 	(obj:0)
y_7_1_11                                            1 	(obj:0)
y_6_1_11                                            1 	(obj:0)
y_1_1_11                                            1 	(obj:0)
y_0_1_11                                            1 	(obj:0)
y_11_1_10                                           1 	(obj:0)
y_10_1_10                                           1 	(obj:0)
y_9_1_10                                            1 	(obj:0)
y_7_1_10                                            1 	(obj:0)
y_1_1_10                                            1 	(obj:0)
y_0_1_10                                            1 	(obj:0)
y_11_1_9                                            1 	(obj:0)
y_9_1_9                                             1 	(obj:0)
y_8_1_9                                             1 	(obj:0)
y_7_1_9                                             1 	(obj:0)
y_6_1_9                                             1 	(obj:0)
y_1_1_9                                             1 	(obj:0)
y_0_1_9                                             1 	(obj:0)
y_8_1_8                                             1 	(obj:0)
y_7_1_8                                             1 	(obj:0)
y_6_1_8                                             1 	(obj:0)
y_5_1_8                                             1 	(obj:0)
y_4_1_8                                             1 	(obj:0)
y_3_1_8                                             1 	(obj:0)
y_8_1_7                                             1 	(obj:0)
y_7_1_7                                             1 	(obj:0)
y_6_1_7                                             1 	(obj:0)
y_5_1_7                                             1 	(obj:0)
y_4_1_7                                             1 	(obj:0)
y_3_1_7                                             1 	(obj:0)
y_8_1_6                                             1 	(obj:0)
y_7_1_6                                             1 	(obj:0)
y_6_1_6                                             1 	(obj:0)
y_5_1_6                                             1 	(obj:0)
y_4_1_6                                             1 	(obj:0)
y_3_1_6                                             1 	(obj:0)
y_5_1_5                                             1 	(obj:0)
y_4_1_5                                             1 	(obj:0)
y_3_1_5                                             1 	(obj:0)
y_5_1_4                                             1 	(obj:0)
y_4_1_4                                             1 	(obj:0)
y_3_1_4                                             1 	(obj:0)
y_5_1_3                                             1 	(obj:0)
y_4_1_3                                             1 	(obj:0)
y_3_1_3                                             1 	(obj:0)
y_11_1_2                                            1 	(obj:0)
y_10_1_2                                            1 	(obj:0)
y_9_1_2                                             1 	(obj:0)
y_7_1_2                                             1 	(obj:0)
y_1_1_2                                             1 	(obj:0)
y_11_1_1                                            1 	(obj:0)
y_10_1_1                                            1 	(obj:0)
y_9_1_1                                             1 	(obj:0)
y_8_1_1                                             1 	(obj:0)
y_7_1_1                                             1 	(obj:0)
y_6_1_1                                             1 	(obj:0)
y_1_1_1                                             1 	(obj:0)
y_0_1_1                                             1 	(obj:0)
y_11_1_0                                            1 	(obj:0)
y_9_1_0                                             1 	(obj:0)
y_8_1_0                                             1 	(obj:0)
y_7_1_0                                             1 	(obj:0)
y_6_1_0                                             1 	(obj:0)
y_0_1_0                                             1 	(obj:0)
s_9                                                20 	(obj:0)
s_8                                                10 	(obj:0)
s_7                                                10 	(obj:0)
s_6                                                10 	(obj:0)
s_2                                                39 	(obj:0)
s_1                                                21 	(obj:0)
s_0                                                20 	(obj:0)
l                                                  50 	(obj:1)
s_14                                               40 	(obj:0)
s_13                                               40 	(obj:0)
s_12                                               30 	(obj:0)
s_11                                               20 	(obj:0)
s_10                                               30 	(obj:0)

Statistics
==========

SCIP Status        : solving was interrupted [termination signal received]
Total Time         :       7.79
  solving          :       7.79
  presolving       :       0.77 (included in solving)
  reading          :       0.00
  copying          :       0.14 (23 #copies) (minimal 0.00, maximal 0.02, average 0.01)
Original Problem   :
  Problem name     : /Users/maxbig/Coursework_multiprocessing/Coursework/SCIP/SCIPOptSuite-9.2.1-Linux/inputs/new_tr/order/layered_15_buf_times_P3_M1350_up_right_input.lp
  Variables        : 886 (870 binary, 16 integer, 0 continuous)
  Implied int vars : 0 (0 binary, 0 integer, 0 continuous)
  Constraints      : 2918 initial, 2918 maximal
  Objective        : minimize, 1 non-zeros (abs.min = 1, abs.max = 1)
Presolved Problem  :
  Problem name     : t_/Users/maxbig/Coursework_multiprocessing/Coursework/SCIP/SCIPOptSuite-9.2.1-Linux/inputs/new_tr/order/layered_15_buf_times_P3_M1350_up_right_input.lp
  Variables        : 791 (775 binary, 16 integer, 0 continuous)
  Implied int vars : 0 (0 binary, 0 integer, 0 continuous)
  Constraints      : 2264 initial, 2345 maximal
  Objective        : minimize, 1 non-zeros (abs.min = 1, abs.max = 1)
  Nonzeros         : 7345 constraint, 165 clique table
Presolvers         :   ExecTime  SetupTime  Calls  FixedVars   AggrVars   ChgTypes  ChgBounds   AddHoles    DelCons    AddCons   ChgSides   ChgCoefs
  boundshift       :       0.00       0.00      0          0          0          0          0          0          0          0          0          0
  convertinttobin  :       0.00       0.00      0          0          0          0          0          0          0          0          0          0
  domcol           :       0.00       0.00      3          0          0          0          0          0          0          0          0          0
  dualagg          :       0.00       0.00      0          0          0          0          0          0          0          0          0          0
  dualcomp         :       0.00       0.00      0          0          0          0          0          0          0          0          0          0
  dualinfer        :       0.00       0.00      0          0          0          0          0          0          0          0          0          0
  dualsparsify     :       0.01       0.00      1          0          0          0          0          0          0          0          0          0
  gateextraction   :       0.00       0.00      3          0          0          0          0          0          0          0          0          0
  implics          :       0.00       0.00      7          0          0          0          0          0          0          0          0          0
  implint          :       0.00       0.00      0          0          0          0          0          0          0          0          0          0
  inttobinary      :       0.00       0.00     12          0          0          0          0          0          0          0          0          0
  milp             :       0.01       0.00      1          0          0          0          0          0          0          0          0          0
  qpkktref         :       0.00       0.00      0          0          0          0          0          0          0          0          0          0
  redvub           :       0.00       0.00      0          0          0          0          0          0          0          0          0          0
  sparsify         :       0.00       0.00      1          0          0          0          0          0          0          0          0          0
  stuffing         :       0.00       0.00      0          0          0          0          0          0          0          0          0          0
  trivial          :       0.00       0.00     12         38          0          0          0          0          0          0          0          0
  tworowbnd        :       0.00       0.00      0          0          0          0          0          0          0          0          0          0
  dualfix          :       0.00       0.00     12         15          0          0          0          0          0          0          0          0
  genvbounds       :       0.00       0.00      0          0          0          0          0          0          0          0          0          0
  probing          :       0.71       0.00      3          0         11          0          0          0          0          0          0          0
  pseudoobj        :       0.00       0.00      0          0          0          0          0          0          0          0          0          0
  symmetry         :       0.01       0.00      1          3          0          0          0          0          0          1          0          0
  vbounds          :       0.00       0.00      2          0         15          0          0          0          0          0          0          0
  varbound         :       0.00       0.00     13          0          0          0          0          0          0          0          0          0
  knapsack         :       0.00       0.00     16          0          0          0          0          0          0          7          7         14
  setppc           :       0.00       0.00     16          0          1          0          0          0          2          0          0          0
  linear           :       0.02       0.00     17         12          0          0         36          0        481          0         12         12
  orbitope_pp      :       0.00       0.00      3          0          0          0          0          0          0          0          0          0
  logicor          :       0.00       0.00     16          0          0          0          0          0        179          0          0         84
  bounddisjunction :       0.00       0.00      0          0          0          0          0          0          0          0          0          0
  components       :       0.00       0.00      1          0          0          0          0          0          0          0          0          0
  root node        :          -          -      -        254          -          -        393          -          -          -          -          -
Constraints        :     Number  MaxNumber  #Separate #Propagate    #EnfoLP    #EnfoRelax  #EnfoPS    #Check   #ResProp    Cutoffs    DomReds       Cuts    Applied      Conss   Children
  integral         :          0          0          0          0        143          0          0         89          0          0          0          0          0          0        286
  varbound         :         35         35         12      11478          0          0          0         84          0          0         36          0          0          0          0
  knapsack         :         13         13         12      11302          0          0          0         64          0          0        188          2          0          0          0
  setppc           :         20+        25         12       9578          0          0          0         62         69         15        186          0          0          0          0
  linear           :       1114+      1115         12      11487          0          0          0         28        279        224       2841          0          0          0          0
  orbitope_pp      :          1          1          0       6055          0          0          0          8         13          0          5          0          0          0          0
  logicor          :       1081+      1138         12       2137          0          0          0          8        164         16       1510          1          0          0          0
  bounddisjunction :          0+        44          0        841          0          0          0          0         11          0         15          0          0          0          0
  fixedvar         :          0          0          0          0          0          0          0          9          0          0          0          0          0          0          0
  countsols        :          0          0          0          0          0          0          0          9          0          0          0          0          0          0          0
  components       :          0          0          0          0          0          0          0          0          0          0          0          0          0          0          0
Constraint Timings :  TotalTime  SetupTime   Separate  Propagate     EnfoLP     EnfoPS     EnfoRelax   Check    ResProp    SB-Prop
  integral         :       0.08       0.00       0.00       0.00       0.08       0.00       0.00       0.00       0.00       0.00
  varbound         :       0.13       0.00       0.00       0.13       0.00       0.00       0.00       0.00       0.00       0.00
  knapsack         :       0.00       0.00       0.00       0.00       0.00       0.00       0.00       0.00       0.00       0.00
  setppc           :       0.00       0.00       0.00       0.00       0.00       0.00       0.00       0.00       0.00       0.00
  linear           :       0.62       0.00       0.00       0.62       0.00       0.00       0.00       0.00       0.00       0.00
  orbitope_pp      :       0.00       0.00       0.00       0.00       0.00       0.00       0.00       0.00       0.00       0.00
  logicor          :       0.03       0.00       0.00       0.03       0.00       0.00       0.00       0.00       0.00       0.00
  bounddisjunction :       0.00       0.00       0.00       0.00       0.00       0.00       0.00       0.00       0.00       0.00
  fixedvar         :       0.00       0.00       0.00       0.00       0.00       0.00       0.00       0.00       0.00       0.00
  countsols        :       0.00       0.00       0.00       0.00       0.00       0.00       0.00       0.00       0.00       0.00
  components       :       0.00       0.00       0.00       0.00       0.00       0.00       0.00       0.00       0.00       0.00
Propagators        : #Propagate   #ResProp    Cutoffs    DomReds
  dualfix          :          1          0          0          0
  genvbounds       :          0          0          0          0
  nlobbt           :          0          0          0          0
  obbt             :          0          0          0          0
  probing          :          0          0          0          0
  pseudoobj        :        793          0          0          6
  redcost          :        372          0          0         11
  rootredcost      :          8          0          0        131
  symmetry         :          0          0          0          0
  vbounds          :       3461         76          2        297
Propagator Timings :  TotalTime  SetupTime   Presolve  Propagate    ResProp    SB-Prop
  dualfix          :       0.00       0.00       0.00       0.00       0.00       0.00
  genvbounds       :       0.00       0.00       0.00       0.00       0.00       0.00
  nlobbt           :       0.00       0.00       0.00       0.00       0.00       0.00
  obbt             :       0.00       0.00       0.00       0.00       0.00       0.00
  probing          :       0.71       0.00       0.71       0.00       0.00       0.00
  pseudoobj        :       0.00       0.00       0.00       0.00       0.00       0.00
  redcost          :       0.00       0.00       0.00       0.00       0.00       0.00
  rootredcost      :       0.00       0.00       0.00       0.00       0.00       0.00
  symmetry         :       0.01       0.00       0.01       0.00       0.00       0.00
  vbounds          :       0.06       0.00       0.00       0.06       0.00       0.00
Symmetry           :
  #affected vars   :         45 (45 bin, 0 int, 0 cont)
  orbitopal red.   :          0 reductions applied,          0 cutoffs
  orbital reduction:          0 reductions applied,          0 cutoffs
  lexicographic red:          0 reductions applied,          0 cutoffs
  shadow tree time :       0.00 s
Conflict Analysis  :       Time      Calls    Success    DomReds  Conflicts   Literals    Reconvs ReconvLits   Dualrays   Nonzeros   LP Iters   (pool size: [10000,10000])
  propagation      :       0.00         65         55          -         89        5.5          4        3.8          -          -          -
  infeasible LP    :       0.00         19         21          -         26        4.0          0        0.0         19        3.4          0
  bound exceed. LP :       0.00          2          4          -          2        1.0          1        8.0          2        1.0          0
  strong branching :       0.00          0          0          -          0        0.0          0        0.0          -          -          0
  pseudo solution  :       0.00          0          0          -          0        0.0          0        0.0          -          -          -
  applied globally :       0.00          -          -          4        115        4.9          -          -         21          -          -
  applied locally  :          -          -          -          0          0        0.0          -          -          0          -          -
Gen. Resolution CA :       Time      Calls    Success  Conflicts  LargeCoef  LongConfs    Length
  propagation      :       0.00          0          0          0          0          0       0.0
Separators         :   ExecTime  SetupTime      Calls  RootCalls    Cutoffs    DomReds  FoundCuts ViaPoolAdd  DirectAdd    Applied ViaPoolApp  DirectApp      Conss
  cut pool         :       0.02          -        130         23          -          -       4454       9179          -          -          -          -          -    (maximal pool size:       4451)
  aggregation      :       0.03       0.00         64         12          0          0        127        319          0        105        105          0          0
  > cmir           :          -          -          -          -          -          -          -        193          0         47         47          0          -
  > flowcover      :          -          -          -          -          -          -          -         74          0         30         30          0          -
  > knapsackcover  :          -          -          -          -          -          -          -         52          0         28         28          0          -
  cgmip            :       0.00       0.00          0          0          0          0          0          0          0          0          0          0          0
  clique           :       0.00       0.00         12         12          0          0          0          0          0          0          0          0          0
  closecuts        :       0.00       0.00          0          0          0          0          0          0          0          0          0          0          0
  convexproj       :       0.00       0.00          0          0          0          0          0          0          0          0          0          0          0
  disjunctive      :       0.00       0.00          0          0          0          0          0          0          0          0          0          0          0
  eccuts           :       0.00       0.00          0          0          0          0          0          0          0          0          0          0          0
  flower           :       0.00       0.00         33         12          0          0          0          0          0          0          0          0          0
  gauge            :       0.00       0.00          0          0          0          0          0          0          0          0          0          0          0
  gomory           :       0.42       0.00         61         10          0          0       3938       7820         62        452        406         46          0
  > gomorymi       :          -          -          -          -          -          -          -       3359         31        214        190         24          -
  > strongcg       :          -          -          -          -          -          -          -       4461         31        238        216         22          -
  impliedbounds    :       0.00       0.00         64         12          0          0        307        636          0        174        174          0          0
  interminor       :       0.00       0.00          0          0          0          0          0          0          0          0          0          0          0
  intobj           :       0.00       0.00          0          0          0          0          0          0          0          0          0          0          0
  lagromory        :       0.00       0.00          0          0          0          0          0          0          0          0          0          0          0
  mcf              :       0.00       0.00          1          1          0          0          0          0          0          0          0          0          0
  minor            :       0.00       0.00          0          0          0          0          0          0          0          0          0          0          0
  mixing           :       0.00       0.00         64         12          0          0          0          0          0          0          0          0          0
  oddcycle         :       0.00       0.00          0          0          0          0          0          0          0          0          0          0          0
  rapidlearning    :       4.65       0.00         20          1          0       1384          0          0          0          0          0          0         50
  rlt              :       0.00       0.00         10         10          0          0          0          0          0          0          0          0          0
  zerohalf         :       0.03       0.00         63         12          0          0        152        404          8        151        147          4          0
Cutselectors       :   ExecTime  SetupTime      Calls  RootCalls   Selected     Forced   Filtered  RootSelec   RootForc   RootFilt 
  hybrid           :       0.00       0.00         68         12        839         46       8413        165          0       2538
  ensemble         :       0.00       0.00          0          0          0          0          0          0          0          0
  dynamic          :       0.00       0.00          0          0          0          0          0          0          0          0
Pricers            :   ExecTime  SetupTime      Calls       Vars
  problem variables:       0.00          -          0          0
Branching Rules    :   ExecTime  SetupTime   BranchLP  BranchExt   BranchPS    Cutoffs    DomReds       Cuts      Conss   Children
  allfullstrong    :       0.00       0.00          0          0          0          0          0          0          0          0
  cloud            :       0.00       0.00          0          0          0          0          0          0          0          0
  distribution     :       0.00       0.00          0          0          0          0          0          0          0          0
  fullstrong       :       0.00       0.00          0          0          0          0          0          0          0          0
  gomory           :       0.00       0.00          0          0          0          0          0          0          0          0
  inference        :       0.00       0.00          0          0          0          0          0          0          0          0
  leastinf         :       0.00       0.00          0          0          0          0          0          0          0          0
  lookahead        :       0.00       0.00          0          0          0          0          0          0          0          0
  mostinf          :       0.00       0.00          0          0          0          0          0          0          0          0
  multaggr         :       0.00       0.00          0          0          0          0          0          0          0          0
  nodereopt        :       0.00       0.00          0          0          0          0          0          0          0          0
  pscost           :       0.00       0.00          0          0          0          0          0          0          0          0
  random           :       0.00       0.00          0          0          0          0          0          0          0          0
  relpscost        :       0.08       0.00        143          0          0          0          0          0          0        286
  vanillafullstrong:       0.00       0.00          0          0          0          0          0          0          0          0
Primal Heuristics  :   ExecTime  SetupTime      Calls      Found       Best
  LP solutions     :       0.00          -          -          0          0
  relax solutions  :       0.00          -          -          0          0
  pseudo solutions :       0.00          -          -          0          0
  strong branching :       0.00          -          -          0          0
  actconsdiving    :       0.00       0.00          0          0          0
  adaptivediving   :       0.08       0.00         12          1          1
  alns             :       0.02       0.00          1          0          0
  bound            :       0.00       0.00          0          0          0
  clique           :       0.00       0.00          1          0          0
  coefdiving       :       0.00       0.00          0          0          0
  completesol      :       0.00       0.00          0          0          0
  conflictdiving   :       0.09       0.00          8          1          1
  crossover        :       0.00       0.00          0          0          0
  dins             :       0.00       0.00          0          0          0
  distributiondivin:       0.07       0.00          3          1          1
  dks              :       0.00       0.00          0          0          0
  dps              :       0.00       0.00          0          0          0
  dualval          :       0.00       0.00          0          0          0
  farkasdiving     :       0.00       0.00          0          0          0
  feaspump         :       0.01       0.00          1          0          0
  fixandinfer      :       0.00       0.00          0          0          0
  fracdiving       :       0.04       0.00          6          1          1
  gins             :       0.02       0.00          1          0          0
  guideddiving     :       0.03       0.00          7          2          2
  indicator        :       0.00       0.00          0          0          0
  indicatordiving  :       0.00       0.00          0          0          0
  intdiving        :       0.00       0.00          0          0          0
  intshifting      :       0.00       0.00          0          0          0
  linesearchdiving :       0.06       0.00          6          1          1
  localbranching   :       0.00       0.00          0          0          0
  locks            :       0.04       0.00          1          0          0
  lpface           :       0.00       0.00          0          0          0
  mpec             :       0.00       0.00          0          0          0
  multistart       :       0.00       0.00          0          0          0
  mutation         :       0.00       0.00          0          0          0
  nlpdiving        :       0.00       0.00          0          0          0
  objpscostdiving  :       0.24       0.00          1          0          0
  octane           :       0.00       0.00          0          0          0
  ofins            :       0.00       0.00          0          0          0
  oneopt           :       0.00       0.00          8          0          0
  padm             :       0.00       0.00          0          0          0
  proximity        :       0.00       0.00          0          0          0
  pscostdiving     :       0.07       0.00          5          0          0
  randrounding     :       0.11       0.00         84          0          0
  rens             :       0.02       0.00          1          0          0
  reoptsols        :       0.00       0.00          0          0          0
  repair           :       0.00       0.00          0          0          0
  rins             :       0.00       0.00          0          0          0
  rootsoldiving    :       0.07       0.00          1          0          0
  rounding         :       0.01       0.00        177          0          0
  scheduler        :       0.00       0.00          0          0          0
  shiftandpropagate:       0.04       0.00          1          0          0
  shifting         :       0.12       0.00        108          0          0
  simplerounding   :       0.00       0.00        259          0          0
  subnlp           :       0.00       0.00          0          0          0
  trivial          :       0.00       0.00          2          0          0
  trivialnegation  :       0.00       0.00          0          0          0
  trustregion      :       0.00       0.00          0          0          0
  trysol           :       0.00       0.00          0          0          0
  twoopt           :       0.00       0.00          0          0          0
  undercover       :       0.00       0.00          0          0          0
  vbounds          :       0.17       0.00          1          0          0
  veclendiving     :       0.05       0.00          7          0          0
  zeroobj          :       0.00       0.00          0          0          0
  zirounding       :       0.00       0.00        143          0          0
  other solutions  :          -          -          -          0          -
LNS (Scheduler)    :      Calls  SetupTime  SolveTime SolveNodes       Sols       Best       Exp3    Exp3-IX  EpsGreedy        UCB TgtFixRate  Opt  Inf Node Stal  Sol  Usr Othr Actv
  rens             :          0       0.00       0.00          0          0          0    0.00000    0.12500   -1.00000    1.00000      0.900    0    0    0    0    0    0    0    1
  rins             :          0       0.00       0.00          0          0          0    0.00000    0.12500   -1.00000    1.00000      0.900    0    0    0    0    0    0    0    1
  mutation         :          0       0.00       0.00          0          0          0    0.00000    0.12500   -1.00000    1.00000      0.900    0    0    0    0    0    0    0    1
  localbranching   :          0       0.00       0.00          0          0          0    0.00000    0.12500   -1.00000    1.00000      0.900    0    0    0    0    0    0    0    1
  crossover        :          0       0.00       0.00          0          0          0    0.00000    0.12500   -1.00000    1.00000      0.900    0    0    0    0    0    0    0    1
  proximity        :          0       0.00       0.00          0          0          0    0.00000    0.12500   -1.00000    1.00000      0.900    0    0    0    0    0    0    0    1
  zeroobjective    :          0       0.00       0.00          0          0          0    0.00000    0.12500   -1.00000    1.00000      0.900    0    0    0    0    0    0    0    1
  dins             :          0       0.00       0.00          0          0          0    0.00000    0.12500   -1.00000    1.00000      0.900    0    0    0    0    0    0    0    1
  trustregion      :          0       0.00       0.00          0          0          0    0.00000    0.00000   -1.00000    1.00000      0.900    0    0    0    0    0    0    0    0
LP                 :       Time      Calls Iterations  Iter/call   Iter/sec  Time-0-It Calls-0-It
  primal LP        :       0.01         19          0       0.00          -       0.01         19
  dual LP          :       0.30        262       7396      31.74   24794.25       0.02         29
  lex dual LP      :       0.00          0          0       0.00          -
  barrier LP       :       0.00          0          0       0.00          -       0.00          0
  resolve instable :       0.00          0          0       0.00          -
  diving/probing LP:       0.66        213      13616      63.92   20666.31
  strong branching :       0.06         16       1839     114.94   28664.06          -          -          0
    (at root node) :          -         16       1839     114.94          -
  conflict analysis:       0.00          0          0       0.00          -
Relaxators         :       Time      Calls    Cutoffs ImprBounds   ImprTime ReducedDom  Separated AddedConss
  benders          :       0.00          0          0          0       0.00          0          0          0
B&B Tree           :
  number of runs   :          1
  nodes            :        204 (143 internal, 61 leaves)
  feasible leaves  :          0
  infeas. leaves   :         60
  objective leaves :          0
  nodes (total)    :        204 (143 internal, 61 leaves)
  nodes left       :         37
  max depth        :         17
  max depth (total):         17
  backtracks       :         85 (41.7%)
  early backtracks :          0 (0.0%)
  nodes exc. ref.  :          0 (0.0%)
  delayed cutoffs  :         32
  repropagations   :         54 (479 domain reductions, 7 cutoffs)
  avg switch length:       4.65
  switching time   :       0.04
Root Node          :
  First LP value   : +4.00000000000000e+01
  First LP Iters   :        385 (65331.75 Iter/sec)
  First LP Time    :       0.01
  Final Dual Bound : +4.00000000000000e+01
  Final Root Iters :       2028
  Root LP Estimate : +4.38459898860318e+01
Solution           :
  Solutions found  :          8 (8 improvements)
  First Solution   : +8.90000000000000e+01   (in run 1, after 15 nodes, 5.26 seconds, depth 42, found by <fracdiving>)
  Gap First Sol.   :     122.50 %
  Gap Last Sol.    :      25.00 %
  Primal Bound     : +5.00000000000000e+01   (in run 1, after 66 nodes, 7.02 seconds, depth 5, found by <relaxation>)
  Dual Bound       : +4.00000000000000e+01
  Gap              :      25.00 %
Integrals          :      Total       Avg%
  primal-dual      :     626.00      80.35
  primal-ref       :          -          - (not evaluated)
  dual-ref         :          -          - (not evaluated)
