SCIP version 10.0.0 [precision: 8 byte] [memory: block] [mode: optimized] [LP solver: SoPlex 8.0.0] [GitHash: 0c80fdd8e9]
Copyright (c) 2002-2025 Zuse Institute Berlin (ZIB)

External libraries: 
  Readline 8.3         GNU library for command line editing (gnu.org/s/readline)
  SoPlex 8.0.0         Linear programming solver developed at Zuse Institute Berlin (soplex.zib.de) [GitHash: 2207cfb2]
  CppAD 20180000.0     Algorithmic Differentiation of C++ algorithms developed by B. Bell (github.com/coin-or/CppAD)
  ZLIB 1.2.12          General purpose compression library by J. Gailly and M. Adler (zlib.net)
  MPFR 4.2.2           GNU Multiple Precision Floating-Point Reliable Library (mpfr.org)
  Boost 1.89.0         Boost C++ Libraries (boost.org)
  TinyCThread 1.2      small portable implementation of the C11 threads API (tinycthread.github.io)
  GMP 6.3.0            GNU Multiple Precision Arithmetic Library developed by T. Granlund (gmplib.org)
  AMPL/MP 4.0.3        AMPL .nl file reader library (github.com/ampl/mp)
  PaPILO 3.0.0         parallel presolve for integer and linear optimization (github.com/scipopt/papilo) (built with TBB)
  Nauty 2.8.8          Computing Graph Automorphism Groups by Brendan D. McKay (users.cecs.anu.edu.au/~bdm/nauty)
  sassy 2.0            Symmetry preprocessor by Markus Anders (github.com/markusa4/sassy)
  Ipopt 3.14.19        Interior Point Optimizer developed by A. Waechter et.al. (github.com/coin-or/Ipopt)

reading user parameter file </Users/maxbig/SCIP/SCIPOptSuite-9.2.1-Linux/only_time.set>

read problem </Users/maxbig/SCIP/SCIPOptSuite-9.2.1-Linux/inputs/new_tr/order/layered_12_2_buf_times_P4_M11000_up_right_input.lp>
============

original problem has 637 variables (624 bin, 13 int, 0 cont) and 2284 constraints

solve problem
=============

presolving:
(round 1, fast)       56 del vars, 48 del conss, 0 add conss, 19 chg bounds, 0 chg sides, 0 chg coeffs, 0 upgd conss, 0 impls, 12 clqs, 0 implints
(round 2, fast)       56 del vars, 48 del conss, 0 add conss, 24 chg bounds, 0 chg sides, 0 chg coeffs, 0 upgd conss, 0 impls, 12 clqs, 0 implints
   (0.0s) running MILP presolver
   (0.0s) MILP presolver (2 rounds): 0 aggregations, 0 fixings, 0 bound changes
(round 3, exhaustive) 56 del vars, 331 del conss, 0 add conss, 24 chg bounds, 0 chg sides, 0 chg coeffs, 0 upgd conss, 0 impls, 12 clqs, 0 implints
(round 4, exhaustive) 56 del vars, 331 del conss, 0 add conss, 24 chg bounds, 0 chg sides, 0 chg coeffs, 1111 upgd conss, 0 impls, 12 clqs, 0 implints
(round 5, exhaustive) 56 del vars, 347 del conss, 0 add conss, 24 chg bounds, 16 chg sides, 0 chg coeffs, 1111 upgd conss, 0 impls, 12 clqs, 0 implints
   (0.7s) probing: 439/568 (77.3%) - 0 fixings, 0 aggregations, 2388 implications, 0 bound changes
   (0.7s) probing aborted: 50/50 successive totally useless probings
   (0.7s) symmetry computation started: requiring (bin +, int +, cont +), (fixed: bin -, int -, cont -)
   (0.7s) symmetry computation finished: 3 generators found (max: 1500, log10 of symmetry group size: 1.38) (symcode time: 0.00)
dynamic symmetry handling statistics:
   orbitopal reduction:       no components
   orbital reduction:         no components
   lexicographic reduction:   no permutations
handled 1 out of 1 symmetry components
(round 6, exhaustive) 63 del vars, 347 del conss, 1 add conss, 24 chg bounds, 16 chg sides, 0 chg coeffs, 1111 upgd conss, 2419 impls, 11 clqs, 0 implints
(round 7, fast)       65 del vars, 550 del conss, 1 add conss, 24 chg bounds, 16 chg sides, 99 chg coeffs, 1111 upgd conss, 2419 impls, 101 clqs, 0 implints
(round 8, medium)     77 del vars, 550 del conss, 1 add conss, 24 chg bounds, 16 chg sides, 99 chg coeffs, 1111 upgd conss, 2419 impls, 77 clqs, 0 implints
(round 9, fast)       77 del vars, 574 del conss, 1 add conss, 24 chg bounds, 16 chg sides, 99 chg coeffs, 1111 upgd conss, 2419 impls, 77 clqs, 0 implints
   (0.7s) probing: 510/568 (89.8%) - 0 fixings, 6 aggregations, 2390 implications, 0 bound changes
   (0.7s) probing aborted: 50/50 successive totally useless probings
(round 10, exhaustive) 83 del vars, 574 del conss, 1 add conss, 24 chg bounds, 16 chg sides, 99 chg coeffs, 1111 upgd conss, 2419 impls, 73 clqs, 0 implints
(round 11, fast)       83 del vars, 580 del conss, 1 add conss, 24 chg bounds, 16 chg sides, 99 chg coeffs, 1111 upgd conss, 2419 impls, 73 clqs, 0 implints
   (0.7s) probing: 515/568 (90.7%) - 0 fixings, 6 aggregations, 2390 implications, 0 bound changes
   (0.7s) probing aborted: 50/50 successive totally useless probings
presolving (12 rounds: 12 fast, 7 medium, 6 exhaustive):
 83 deleted vars, 580 deleted constraints, 1 added constraints, 24 tightened bounds, 0 added holes, 16 changed sides, 99 changed coefficients
 2419 implications, 73 cliques, 0 implied integral variables (0 bin, 0 int, 0 cont)
presolved problem has 555 variables (542 bin, 13 int, 0 cont) and 1705 constraints
     31 constraints of type <varbound>
     12 constraints of type <knapsack>
     10 constraints of type <setppc>
    826 constraints of type <linear>
      1 constraints of type <orbitope_pp>
    825 constraints of type <logicor>
transformed objective value is always integral (scale: 1)
Presolving Time: 0.70

 time | node  | left  |LP iter|LP it/n|mem/heur|mdpt |vars |cons |rows |cuts |sepa|confs|strbr|  dualbound   | primalbound  |  gap   | compl. 
  0.8s|     1 |     0 |   265 |     - |    19M |   0 | 555 |1724 |1704 |   0 |  0 |  23 |   0 | 2.000000e+01 |      --      |    Inf | unknown
  1.5s|     1 |     0 |   734 |     - |    19M |   0 | 555 |1724 |1771 |  67 |  1 |  23 |   0 | 2.000000e+01 |      --      |    Inf | unknown
  1.5s|     1 |     0 |   893 |     - |    20M |   0 | 555 |1726 |1792 |  88 |  2 |  25 |   0 | 2.000000e+01 |      --      |    Inf | unknown
  1.6s|     1 |     0 |   978 |     - |    20M |   0 | 555 |1727 |1802 |  98 |  3 |  26 |   0 | 2.000000e+01 |      --      |    Inf | unknown
  1.6s|     1 |     0 |  1063 |     - |    20M |   0 | 555 |1727 |1813 | 109 |  4 |  26 |   0 | 2.000000e+01 |      --      |    Inf | unknown
  1.6s|     1 |     0 |  1181 |     - |    21M |   0 | 555 |1727 |1826 | 122 |  5 |  26 |   0 | 2.005983e+01 |      --      |    Inf | unknown
  1.6s|     1 |     0 |  1229 |     - |    21M |   0 | 555 |1728 |1826 | 122 |  5 |  27 |   0 | 2.100000e+01 |      --      |    Inf | unknown
  1.6s|     1 |     0 |  1278 |     - |    21M |   0 | 555 |1729 |1845 | 141 |  6 |  28 |   0 | 2.100000e+01 |      --      |    Inf | unknown
  1.6s|     1 |     0 |  1342 |     - |    23M |   0 | 555 |1729 |1868 | 164 |  7 |  28 |   0 | 2.174608e+01 |      --      |    Inf | unknown
  1.7s|     1 |     0 |  1379 |     - |    23M |   0 | 555 |1730 |1868 | 164 |  7 |  29 |   0 | 2.200000e+01 |      --      |    Inf | unknown
  1.7s|     1 |     0 |  1421 |     - |    24M |   0 | 555 |1731 |1883 | 179 |  8 |  30 |   0 | 2.214851e+01 |      --      |    Inf | unknown
  1.7s|     1 |     0 |  1457 |     - |    24M |   0 | 555 |1733 |1879 | 179 |  8 |  32 |   0 | 2.300000e+01 |      --      |    Inf | unknown
  1.7s|     1 |     0 |  1500 |     - |    25M |   0 | 555 |1734 |1894 | 194 |  9 |  33 |   0 | 2.308315e+01 |      --      |    Inf | unknown
  1.7s|     1 |     0 |  1527 |     - |    25M |   0 | 555 |1734 |1810 | 194 |  9 |  33 |   0 | 2.400000e+01 |      --      |    Inf | unknown
  1.8s|     1 |     0 |  1582 |     - |    25M |   0 | 555 |1734 |1823 | 207 | 10 |  33 |   0 | 2.400000e+01 |      --      |    Inf | unknown
 time | node  | left  |LP iter|LP it/n|mem/heur|mdpt |vars |cons |rows |cuts |sepa|confs|strbr|  dualbound   | primalbound  |  gap   | compl. 
  1.8s|     1 |     0 |  1656 |     - |    25M |   0 | 555 |1734 |1841 | 225 | 11 |  33 |   0 | 2.416354e+01 |      --      |    Inf | unknown
  1.8s|     1 |     0 |  1700 |     - |    25M |   0 | 555 |1735 |1834 | 225 | 11 |  34 |   0 | 2.500000e+01 |      --      |    Inf | unknown
  1.8s|     1 |     0 |  1743 |     - |    26M |   0 | 555 |1735 |1849 | 240 | 12 |  34 |   0 | 2.500000e+01 |      --      |    Inf | unknown
  1.8s|     1 |     0 |  1793 |     - |    26M |   0 | 555 |1735 |1859 | 250 | 13 |  34 |   0 | 2.500000e+01 |      --      |    Inf | unknown
  1.8s|     1 |     0 |  1859 |     - |    26M |   0 | 555 |1736 |1870 | 261 | 14 |  35 |   0 | 2.505968e+01 |      --      |    Inf | unknown
  1.8s|     1 |     0 |  1908 |     - |    26M |   0 | 555 |1736 |1817 | 261 | 14 |  35 |   0 | 2.600000e+01 |      --      |    Inf | unknown
  1.8s|     1 |     0 |  1922 |     - |    26M |   0 | 555 |1736 |1824 | 268 | 15 |  35 |   0 | 2.600000e+01 |      --      |    Inf | unknown
  1.8s|     1 |     0 |  1952 |     - |    26M |   0 | 555 |1736 |1830 | 274 | 16 |  35 |   0 | 2.604167e+01 |      --      |    Inf | unknown
  1.8s|     1 |     0 |  1979 |     - |    26M |   0 | 555 |1737 |1821 | 274 | 16 |  36 |   0 | 2.700000e+01 |      --      |    Inf | unknown
  1.8s|     1 |     0 |  1995 |     - |    26M |   0 | 555 |1738 |1828 | 281 | 17 |  37 |   0 | 2.700000e+01 |      --      |    Inf | unknown
  1.9s|     1 |     0 |  2038 |     - |    27M |   0 | 555 |1739 |1833 | 286 | 18 |  38 |   0 | 2.700000e+01 |      --      |    Inf | unknown
  1.9s|     1 |     0 |  2073 |     - |    27M |   0 | 555 |1739 |1838 | 291 | 19 |  38 |   0 | 2.700000e+01 |      --      |    Inf | unknown
  1.9s|     1 |     0 |  2106 |     - |    27M |   0 | 555 |1740 |1845 | 298 | 20 |  39 |   0 | 2.700000e+01 |      --      |    Inf | unknown
  1.9s|     1 |     0 |  2130 |     - |    27M |   0 | 555 |1742 |1849 | 302 | 21 |  41 |   0 | 2.700000e+01 |      --      |    Inf | unknown
  1.9s|     1 |     0 |  2157 |     - |    27M |   0 | 555 |1742 |1853 | 306 | 22 |  41 |   0 | 2.700000e+01 |      --      |    Inf | unknown
 time | node  | left  |LP iter|LP it/n|mem/heur|mdpt |vars |cons |rows |cuts |sepa|confs|strbr|  dualbound   | primalbound  |  gap   | compl. 
  1.9s|     1 |     0 |  2172 |     - |    27M |   0 | 555 |1742 |1855 | 308 | 23 |  41 |   0 | 2.700000e+01 |      --      |    Inf | unknown
  1.9s|     1 |     0 |  2180 |     - |    27M |   0 | 555 |1745 |1856 | 309 | 24 |  44 |   0 | 2.700000e+01 |      --      |    Inf | unknown
  2.0s|     1 |     2 |  2389 |     - |    27M |   0 | 555 |1750 |1856 | 309 | 25 |  49 |  17 | 2.700000e+01 |      --      |    Inf | unknown

SCIP Status        : solving was interrupted [termination signal received]
Solving Time (sec) : 3.73
Solving Nodes      : 35
Primal Bound       : +1.00000000000000e+20 (0 solutions)
Dual Bound         : +2.70000000000000e+01
Gap                : infinite

primal solution (original space):
=================================

no solution available

Statistics
==========

SCIP Status        : solving was interrupted [termination signal received]
Total Time         :       3.74
  solving          :       3.73
  presolving       :       0.70 (included in solving)
  reading          :       0.00
  copying          :       0.03 (8 #copies) (minimal 0.00, maximal 0.01, average 0.00)
Original Problem   :
  Problem name     : /Users/maxbig/SCIP/SCIPOptSuite-9.2.1-Linux/inputs/new_tr/order/layered_12_2_buf_times_P4_M11000_up_right_input.lp
  Variables        : 637 (624 binary, 13 integer, 0 continuous)
  Implied int vars : 0 (0 binary, 0 integer, 0 continuous)
  Constraints      : 2284 initial, 2284 maximal
  Objective        : minimize, 1 non-zeros (abs.min = 1, abs.max = 1)
Presolved Problem  :
  Problem name     : t_/Users/maxbig/SCIP/SCIPOptSuite-9.2.1-Linux/inputs/new_tr/order/layered_12_2_buf_times_P4_M11000_up_right_input.lp
  Variables        : 555 (542 binary, 13 integer, 0 continuous)
  Implied int vars : 0 (0 binary, 0 integer, 0 continuous)
  Constraints      : 1705 initial, 1800 maximal
  Objective        : minimize, 1 non-zeros (abs.min = 1, abs.max = 1)
  Nonzeros         : 5569 constraint, 177 clique table
Presolvers         :   ExecTime  SetupTime  Calls  FixedVars   AggrVars   ChgTypes  ChgBounds   AddHoles    DelCons    AddCons   ChgSides   ChgCoefs
  boundshift       :       0.00       0.00      0          0          0          0          0          0          0          0          0          0
  convertinttobin  :       0.00       0.00      0          0          0          0          0          0          0          0          0          0
  domcol           :       0.00       0.00      3          0          0          0          0          0          0          0          0          0
  dualagg          :       0.00       0.00      0          0          0          0          0          0          0          0          0          0
  dualcomp         :       0.00       0.00      0          0          0          0          0          0          0          0          0          0
  dualinfer        :       0.00       0.00      0          0          0          0          0          0          0          0          0          0
  dualsparsify     :       0.01       0.00      1          0          0          0          0          0          0          0          0          0
  gateextraction   :       0.00       0.00      4          0          0          0          0          0          0          0          0          0
  implics          :       0.00       0.00      7          0          0          0          0          0          0          0          0          0
  implint          :       0.00       0.00      0          0          0          0          0          0          0          0          0          0
  inttobinary      :       0.00       0.00     12          0          0          0          0          0          0          0          0          0
  milp             :       0.01       0.00      1          0          0          0          0          0          0          0          0          0
  qpkktref         :       0.00       0.00      0          0          0          0          0          0          0          0          0          0
  redvub           :       0.00       0.00      0          0          0          0          0          0          0          0          0          0
  sparsify         :       0.00       0.00      1          0          0          0          0          0          0          0          0          0
  stuffing         :       0.00       0.00      0          0          0          0          0          0          0          0          0          0
  trivial          :       0.00       0.00     12         45          0          0          0          0          0          0          0          0
  tworowbnd        :       0.00       0.00      0          0          0          0          0          0          0          0          0          0
  dualfix          :       0.00       0.00     12         12          0          0          0          0          0          0          0          0
  genvbounds       :       0.00       0.00      0          0          0          0          0          0          0          0          0          0
  probing          :       0.65       0.00      3          0          6          0          0          0          0          0          0          0
  pseudoobj        :       0.00       0.00      0          0          0          0          0          0          0          0          0          0
  symmetry         :       0.00       0.00      1          6          0          0          0          0          0          1          0          0
  vbounds          :       0.00       0.00      2          0         12          0          0          0          0          0          0          0
  varbound         :       0.00       0.00     13          0          0          0          0          0          0          0          0          0
  knapsack         :       0.00       0.00     17          0          0          0          0          0          0          0          0          0
  setppc           :       0.00       0.00     17          0          1          0          0          0          2          0          0          0
  linear           :       0.02       0.00     18          0          0          0         24          0        347          0         16          0
  orbitope_pp      :       0.00       0.00      3          0          0          0          0          0          0          0          0          0
  logicor          :       0.00       0.00     16          0          0          0          0          0        231          0          0         99
  bounddisjunction :       0.00       0.00      0          0          0          0          0          0          0          0          0          0
  components       :       0.00       0.00      1          0          0          0          0          0          0          0          0          0
  root node        :          -          -      -          2          -          -          9          -          -          -          -          -
Constraints        :     Number  MaxNumber  #Separate #Propagate    #EnfoLP    #EnfoRelax  #EnfoPS    #Check   #ResProp    Cutoffs    DomReds       Cuts    Applied      Conss   Children
  integral         :          0          0          0          0         34          0          0         19          0          0          0          0          0          0         68
  varbound         :         31         31         25       9651          0          0          0         15          1          0          0          0          0          0          0
  knapsack         :         12         12         25       9483          0          0          0         13          1          0          0         95         12          0          0
  setppc           :         10+        22         25       7858          0          0          0          6         46          7         42          0          0          0          0
  linear           :        826+       828         25       9644          0          0          0          5         94         47          2          0          0          0          0
  orbitope_pp      :          1          1          0       4296          0          0          0          0          7          0          4          0          0          0          0
  logicor          :        825+       887         25       1239          0          0          0          0         69         10        122          0          0          0          0
  bounddisjunction :          0+        19          0       1082          0          0          0          0          5          0          0          0          0          0          0
  fixedvar         :          0          0          0          0          0          0          0          0          0          0          0          0          0          0          0
  countsols        :          0          0          0          0          0          0          0          0          0          0          0          0          0          0          0
  components       :          0          0          0          0          0          0          0          0          0          0          0          0          0          0          0
Constraint Timings :  TotalTime  SetupTime   Separate  Propagate     EnfoLP     EnfoPS     EnfoRelax   Check    ResProp    SB-Prop
  integral         :       0.02       0.00       0.00       0.00       0.02       0.00       0.00       0.00       0.00       0.00
  varbound         :       0.13       0.00       0.00       0.12       0.00       0.00       0.00       0.00       0.00       0.00
  knapsack         :       0.00       0.00       0.00       0.00       0.00       0.00       0.00       0.00       0.00       0.00
  setppc           :       0.00       0.00       0.00       0.00       0.00       0.00       0.00       0.00       0.00       0.00
  linear           :       0.51       0.00       0.00       0.51       0.00       0.00       0.00       0.00       0.00       0.00
  orbitope_pp      :       0.00       0.00       0.00       0.00       0.00       0.00       0.00       0.00       0.00       0.00
  logicor          :       0.01       0.00       0.00       0.01       0.00       0.00       0.00       0.00       0.00       0.00
  bounddisjunction :       0.00       0.00       0.00       0.00       0.00       0.00       0.00       0.00       0.00       0.00
  fixedvar         :       0.00       0.00       0.00       0.00       0.00       0.00       0.00       0.00       0.00       0.00
  countsols        :       0.00       0.00       0.00       0.00       0.00       0.00       0.00       0.00       0.00       0.00
  components       :       0.00       0.00       0.00       0.00       0.00       0.00       0.00       0.00       0.00       0.00
Propagators        : #Propagate   #ResProp    Cutoffs    DomReds
  dualfix          :          2          0          0          0
  genvbounds       :          0          0          0          0
  nlobbt           :          0          0          0          0
  obbt             :          0          0          0          0
  probing          :          0          0          0          0
  pseudoobj        :          7          0          0          7
  redcost          :          0          0          0          0
  rootredcost      :          0          0          0          0
  symmetry         :          0          0          0          0
  vbounds          :       2556         87          5         11
Propagator Timings :  TotalTime  SetupTime   Presolve  Propagate    ResProp    SB-Prop
  dualfix          :       0.00       0.00       0.00       0.00       0.00       0.00
  genvbounds       :       0.00       0.00       0.00       0.00       0.00       0.00
  nlobbt           :       0.00       0.00       0.00       0.00       0.00       0.00
  obbt             :       0.00       0.00       0.00       0.00       0.00       0.00
  probing          :       0.65       0.00       0.65       0.00       0.00       0.00
  pseudoobj        :       0.00       0.00       0.00       0.00       0.00       0.00
  redcost          :       0.00       0.00       0.00       0.00       0.00       0.00
  rootredcost      :       0.00       0.00       0.00       0.00       0.00       0.00
  symmetry         :       0.00       0.00       0.00       0.00       0.00       0.00
  vbounds          :       0.04       0.00       0.00       0.04       0.00       0.00
Symmetry           :
  #affected vars   :         48 (48 bin, 0 int, 0 cont)
  orbitopal red.   :          0 reductions applied,          0 cutoffs
  orbital reduction:          0 reductions applied,          0 cutoffs
  lexicographic red:          0 reductions applied,          0 cutoffs
  shadow tree time :       0.00 s
Conflict Analysis  :       Time      Calls    Success    DomReds  Conflicts   Literals    Reconvs ReconvLits   Dualrays   Nonzeros   LP Iters   (pool size: [10000,10000])
  propagation      :       0.00         37         36          -         44        3.8          0        0.0          -          -          -
  infeasible LP    :       0.00         24         26          -         33        4.4          1        5.0         24        4.1          0
  bound exceed. LP :       0.00          0          0          -          0        0.0          0        0.0          0        0.0          0
  strong branching :       0.00          0          0          -          0        0.0          0        0.0          -          -          0
  pseudo solution  :       0.00          0          0          -          0        0.0          0        0.0          -          -          -
  applied globally :       0.00          -          -          2         75        3.9          -          -         24          -          -
  applied locally  :          -          -          -          0          0        0.0          -          -          0          -          -
Gen. Resolution CA :       Time      Calls    Success  Conflicts  LargeCoef  LongConfs    Length
  propagation      :       0.00          0          0          0          0          0       0.0
Separators         :   ExecTime  SetupTime      Calls  RootCalls    Cutoffs    DomReds  FoundCuts ViaPoolAdd  DirectAdd    Applied ViaPoolApp  DirectApp      Conss
  cut pool         :       0.00          -         56         46          -          -       2331       3920          -          -          -          -          -    (maximal pool size:       2298)
  aggregation      :       0.03       0.00         30         25          0          0        150        227         42         80         71          9          0
  > cmir           :          -          -          -          -          -          -          -        193         42         72         63          9          -
  > flowcover      :          -          -          -          -          -          -          -         19          0          5          5          0          -
  > knapsackcover  :          -          -          -          -          -          -          -         15          0          3          3          0          -
  cgmip            :       0.00       0.00          0          0          0          0          0          0          0          0          0          0          0
  clique           :       0.00       0.00         25         25          0          0          0          0          0          0          0          0          0
  closecuts        :       0.00       0.00          0          0          0          0          0          0          0          0          0          0          0
  convexproj       :       0.00       0.00          0          0          0          0          0          0          0          0          0          0          0
  disjunctive      :       0.00       0.00          0          0          0          0          0          0          0          0          0          0          0
  eccuts           :       0.00       0.00          0          0          0          0          0          0          0          0          0          0          0
  flower           :       0.00       0.00         31         25          0          0          0          0          0          0          0          0          0
  gauge            :       0.00       0.00          0          0          0          0          0          0          0          0          0          0          0
  gomory           :       0.17       0.00         15         10          0          0       1874       3045        100        153        148          5          0
  > gomorymi       :          -          -          -          -          -          -          -       1383         51         49         46          3          -
  > strongcg       :          -          -          -          -          -          -          -       1662         49        104        102          2          -
  impliedbounds    :       0.00       0.00         30         25          0          0        342        526          0         89         89          0          0
  interminor       :       0.00       0.00          0          0          0          0          0          0          0          0          0          0          0
  intobj           :       0.00       0.00          0          0          0          0          0          0          0          0          0          0          0
  lagromory        :       0.00       0.00          0          0          0          0          0          0          0          0          0          0          0
  mcf              :       0.00       0.00          1          1          0          0          0          0          0          0          0          0          0
  minor            :       0.00       0.00          0          0          0          0          0          0          0          0          0          0          0
  mixing           :       0.00       0.00         30         25          0          0          0          0          0          0          0          0          0
  oddcycle         :       0.00       0.00          0          0          0          0          0          0          0          0          0          0          0
  rapidlearning    :       2.26       0.00          6          1          0          0          0          0          0          0          0          0          0
  rlt              :       0.00       0.00         10         10          0          0          0          0          0          0          0          0          0
  zerohalf         :       0.01       0.00         25         20          0          0         81        122          7         38         33          5          0
Cutselectors       :   ExecTime  SetupTime      Calls  RootCalls   Selected     Forced   Filtered  RootSelec   RootForc   RootFilt 
  hybrid           :       0.00       0.00         29         24        372          0       3792        309          0       3354
  ensemble         :       0.00       0.00          0          0          0          0          0          0          0          0
  dynamic          :       0.00       0.00          0          0          0          0          0          0          0          0
Pricers            :   ExecTime  SetupTime      Calls       Vars
  problem variables:       0.00          -          0          0
Branching Rules    :   ExecTime  SetupTime   BranchLP  BranchExt   BranchPS    Cutoffs    DomReds       Cuts      Conss   Children
  allfullstrong    :       0.00       0.00          0          0          0          0          0          0          0          0
  cloud            :       0.00       0.00          0          0          0          0          0          0          0          0
  distribution     :       0.00       0.00          0          0          0          0          0          0          0          0
  fullstrong       :       0.00       0.00          0          0          0          0          0          0          0          0
  gomory           :       0.00       0.00          0          0          0          0          0          0          0          0
  inference        :       0.00       0.00          0          0          0          0          0          0          0          0
  leastinf         :       0.00       0.00          0          0          0          0          0          0          0          0
  lookahead        :       0.00       0.00          0          0          0          0          0          0          0          0
  mostinf          :       0.00       0.00          0          0          0          0          0          0          0          0
  multaggr         :       0.00       0.00          0          0          0          0          0          0          0          0
  nodereopt        :       0.00       0.00          0          0          0          0          0          0          0          0
  pscost           :       0.00       0.00          0          0          0          0          0          0          0          0
  random           :       0.00       0.00          0          0          0          0          0          0          0          0
  relpscost        :       0.02       0.00         34          0          0          0          0          0          0         68
  vanillafullstrong:       0.00       0.00          0          0          0          0          0          0          0          0
Primal Heuristics  :   ExecTime  SetupTime      Calls      Found       Best
  LP solutions     :       0.00          -          -          0          0
  relax solutions  :       0.00          -          -          0          0
  pseudo solutions :       0.00          -          -          0          0
  strong branching :       0.00          -          -          0          0
  actconsdiving    :       0.00       0.00          0          0          0
  adaptivediving   :       0.02       0.00          1          0          0
  alns             :       0.01       0.00          1          0          0
  bound            :       0.00       0.00          0          0          0
  clique           :       0.00       0.00          1          0          0
  coefdiving       :       0.00       0.00          0          0          0
  completesol      :       0.00       0.00          0          0          0
  conflictdiving   :       0.01       0.00          1          0          0
  crossover        :       0.00       0.00          0          0          0
  dins             :       0.00       0.00          0          0          0
  distributiondivin:       0.02       0.00          1          0          0
  dks              :       0.00       0.00          0          0          0
  dps              :       0.00       0.00          0          0          0
  dualval          :       0.00       0.00          0          0          0
  farkasdiving     :       0.00       0.00          0          0          0
  feaspump         :       0.01       0.00          1          0          0
  fixandinfer      :       0.00       0.00          0          0          0
  fracdiving       :       0.03       0.00          1          0          0
  gins             :       0.00       0.00          0          0          0
  guideddiving     :       0.00       0.00          0          0          0
  indicator        :       0.00       0.00          0          0          0
  indicatordiving  :       0.00       0.00          0          0          0
  intdiving        :       0.00       0.00          0          0          0
  intshifting      :       0.00       0.00          0          0          0
  linesearchdiving :       0.00       0.00          0          0          0
  localbranching   :       0.00       0.00          0          0          0
  locks            :       0.01       0.00          1          0          0
  lpface           :       0.00       0.00          0          0          0
  mpec             :       0.00       0.00          0          0          0
  multistart       :       0.00       0.00          0          0          0
  mutation         :       0.00       0.00          0          0          0
  nlpdiving        :       0.00       0.00          0          0          0
  objpscostdiving  :       0.00       0.00          0          0          0
  octane           :       0.00       0.00          0          0          0
  ofins            :       0.00       0.00          0          0          0
  oneopt           :       0.00       0.00          0          0          0
  padm             :       0.00       0.00          0          0          0
  proximity        :       0.00       0.00          0          0          0
  pscostdiving     :       0.02       0.00          1          0          0
  randrounding     :       0.14       0.00         39          0          0
  rens             :       0.01       0.00          1          0          0
  reoptsols        :       0.00       0.00          0          0          0
  repair           :       0.00       0.00          0          0          0
  rins             :       0.00       0.00          0          0          0
  rootsoldiving    :       0.00       0.00          0          0          0
  rounding         :       0.00       0.00         64          0          0
  scheduler        :       0.00       0.00          0          0          0
  shiftandpropagate:       0.02       0.00          1          0          0
  shifting         :       0.05       0.00         37          0          0
  simplerounding   :       0.00       0.00         71          0          0
  subnlp           :       0.00       0.00          0          0          0
  trivial          :       0.00       0.00          2          0          0
  trivialnegation  :       0.00       0.00          0          0          0
  trustregion      :       0.00       0.00          0          0          0
  trysol           :       0.00       0.00          0          0          0
  twoopt           :       0.00       0.00          0          0          0
  undercover       :       0.00       0.00          0          0          0
  vbounds          :       0.07       0.00          1          0          0
  veclendiving     :       0.05       0.00          1          0          0
  zeroobj          :       0.00       0.00          0          0          0
  zirounding       :       0.00       0.00         33          0          0
  other solutions  :          -          -          -          0          -
LNS (Scheduler)    :      Calls  SetupTime  SolveTime SolveNodes       Sols       Best       Exp3    Exp3-IX  EpsGreedy        UCB TgtFixRate  Opt  Inf Node Stal  Sol  Usr Othr Actv
  rens             :          0       0.00       0.00          0          0          0    0.00000    0.12500   -1.00000    1.00000      0.900    0    0    0    0    0    0    0    1
  rins             :          0       0.00       0.00          0          0          0    0.00000    0.12500   -1.00000    1.00000      0.900    0    0    0    0    0    0    0    1
  mutation         :          0       0.00       0.00          0          0          0    0.00000    0.12500   -1.00000    1.00000      0.900    0    0    0    0    0    0    0    1
  localbranching   :          0       0.00       0.00          0          0          0    0.00000    0.12500   -1.00000    1.00000      0.900    0    0    0    0    0    0    0    1
  crossover        :          0       0.00       0.00          0          0          0    0.00000    0.12500   -1.00000    1.00000      0.900    0    0    0    0    0    0    0    1
  proximity        :          0       0.00       0.00          0          0          0    0.00000    0.12500   -1.00000    1.00000      0.900    0    0    0    0    0    0    0    1
  zeroobjective    :          0       0.00       0.00          0          0          0    0.00000    0.12500   -1.00000    1.00000      0.900    0    0    0    0    0    0    0    1
  dins             :          0       0.00       0.00          0          0          0    0.00000    0.12500   -1.00000    1.00000      0.900    0    0    0    0    0    0    0    1
  trustregion      :          0       0.00       0.00          0          0          0    0.00000    0.00000   -1.00000    1.00000      0.900    0    0    0    0    0    0    0    0
LP                 :       Time      Calls Iterations  Iter/call   Iter/sec  Time-0-It Calls-0-It
  primal LP        :       0.00          5          0       0.00          -       0.00          5
  dual LP          :       0.05         71       1891      27.01   41108.70       0.00          1
  lex dual LP      :       0.00          0          0       0.00          -
  barrier LP       :       0.00          0          0       0.00          -       0.00          0
  resolve instable :       0.00          0          0       0.00          -
  diving/probing LP:       0.10         72       2622      36.42   25973.25
  strong branching :       0.02         17        545      32.06   31758.06          -          -          0
    (at root node) :          -         17        545      32.06          -
  conflict analysis:       0.00          0          0       0.00          -
Relaxators         :       Time      Calls    Cutoffs ImprBounds   ImprTime ReducedDom  Separated AddedConss
  benders          :       0.00          0          0          0       0.00          0          0          0
B&B Tree           :
  number of runs   :          1
  nodes            :         35 (34 internal, 1 leaves)
  feasible leaves  :          0
  infeas. leaves   :          0
  objective leaves :          0
  nodes (total)    :         35 (34 internal, 1 leaves)
  nodes left       :         35
  max depth        :         13
  max depth (total):         13
  backtracks       :          5 (14.3%)
  early backtracks :          0 (0.0%)
  nodes exc. ref.  :          0 (0.0%)
  delayed cutoffs  :          0
  repropagations   :          0 (0 domain reductions, 0 cutoffs)
  avg switch length:       2.29
  switching time   :       0.00
Root Node          :
  First LP value   : +2.00000000000000e+01
  First LP Iters   :        241 (44878.96 Iter/sec)
  First LP Time    :       0.01
  Final Dual Bound : +2.70000000000000e+01
  Final Root Iters :       2156
  Root LP Estimate : +2.73663345288697e+01
Solution           :
  Solutions found  :          0 (0 improvements)
  Primal Bound     :          -
  Dual Bound       : +2.70000000000000e+01
  Gap              :   infinite
Integrals          :      Total       Avg%
  primal-dual      :     373.28     100.00
  primal-ref       :          -          - (not evaluated)
  dual-ref         :          -          - (not evaluated)
