SCIP version 10.0.0 [precision: 8 byte] [memory: block] [mode: optimized] [LP solver: SoPlex 8.0.0] [GitHash: 0c80fdd8e9]
Copyright (c) 2002-2025 Zuse Institute Berlin (ZIB)

External libraries: 
  Readline 8.3         GNU library for command line editing (gnu.org/s/readline)
  SoPlex 8.0.0         Linear programming solver developed at Zuse Institute Berlin (soplex.zib.de) [GitHash: 2207cfb2]
  CppAD 20180000.0     Algorithmic Differentiation of C++ algorithms developed by B. Bell (github.com/coin-or/CppAD)
  ZLIB 1.2.12          General purpose compression library by J. Gailly and M. Adler (zlib.net)
  MPFR 4.2.2           GNU Multiple Precision Floating-Point Reliable Library (mpfr.org)
  Boost 1.89.0         Boost C++ Libraries (boost.org)
  TinyCThread 1.2      small portable implementation of the C11 threads API (tinycthread.github.io)
  GMP 6.3.0            GNU Multiple Precision Arithmetic Library developed by T. Granlund (gmplib.org)
  AMPL/MP 4.0.3        AMPL .nl file reader library (github.com/ampl/mp)
  PaPILO 3.0.0         parallel presolve for integer and linear optimization (github.com/scipopt/papilo) (built with TBB)
  Nauty 2.8.8          Computing Graph Automorphism Groups by Brendan D. McKay (users.cecs.anu.edu.au/~bdm/nauty)
  sassy 2.0            Symmetry preprocessor by Markus Anders (github.com/markusa4/sassy)
  Ipopt 3.14.19        Interior Point Optimizer developed by A. Waechter et.al. (github.com/coin-or/Ipopt)

reading user parameter file </Users/maxbig/SCIP/SCIPOptSuite-9.2.1-Linux/only_time.set>

read problem </Users/maxbig/SCIP/SCIPOptSuite-9.2.1-Linux/inputs/new_tr/order/layered_12_2_buf_times_P2_M11500_default_input.lp>
============

original problem has 613 variables (600 bin, 13 int, 0 cont) and 1743 constraints

solve problem
=============

presolving:
(round 1, fast)       69 del vars, 36 del conss, 0 add conss, 21 chg bounds, 0 chg sides, 0 chg coeffs, 0 upgd conss, 0 impls, 0 clqs, 0 implints
   (0.0s) running MILP presolver
   (0.0s) MILP presolver (2 rounds): 0 aggregations, 0 fixings, 0 bound changes
(round 2, exhaustive) 69 del vars, 322 del conss, 0 add conss, 21 chg bounds, 2 chg sides, 0 chg coeffs, 0 upgd conss, 0 impls, 0 clqs, 0 implints
(round 3, fast)       70 del vars, 323 del conss, 0 add conss, 21 chg bounds, 2 chg sides, 0 chg coeffs, 0 upgd conss, 0 impls, 0 clqs, 0 implints
(round 4, exhaustive) 70 del vars, 323 del conss, 0 add conss, 21 chg bounds, 2 chg sides, 0 chg coeffs, 572 upgd conss, 0 impls, 0 clqs, 0 implints
(round 5, exhaustive) 70 del vars, 327 del conss, 0 add conss, 21 chg bounds, 6 chg sides, 0 chg coeffs, 572 upgd conss, 0 impls, 0 clqs, 0 implints
   (0.7s) probing cycle finished: starting next cycle
   (0.7s) symmetry computation started: requiring (bin +, int +, cont +), (fixed: bin -, int -, cont -)
   (0.7s) no symmetry present (symcode time: 0.00)
presolving (6 rounds: 6 fast, 4 medium, 4 exhaustive):
 70 deleted vars, 327 deleted constraints, 0 added constraints, 21 tightened bounds, 0 added holes, 6 changed sides, 0 changed coefficients
 2433 implications, 0 cliques, 0 implied integral variables (0 bin, 0 int, 0 cont)
presolved problem has 543 variables (530 bin, 13 int, 0 cont) and 1416 constraints
     33 constraints of type <varbound>
     11 constraints of type <knapsack>
    844 constraints of type <linear>
    528 constraints of type <logicor>
transformed objective value is always integral (scale: 1)
Presolving Time: 0.66

 time | node  | left  |LP iter|LP it/n|mem/heur|mdpt |vars |cons |rows |cuts |sepa|confs|strbr|  dualbound   | primalbound  |  gap   | compl. 
  0.7s|     1 |     0 |   377 |     - |    13M |   0 | 543 |1427 |1416 |   0 |  0 |  11 |   0 | 2.100000e+01 |      --      |    Inf | unknown
  0.7s|     1 |     0 |  1023 |     - |    14M |   0 | 543 |1428 |1487 |  73 |  1 |  12 |   0 | 2.100000e+01 |      --      |    Inf | unknown
  0.8s|     1 |     0 |  1102 |     - |    15M |   0 | 543 |1428 |1522 | 108 |  2 |  12 |   0 | 2.100000e+01 |      --      |    Inf | unknown
  0.8s|     1 |     0 |  1229 |     - |    15M |   0 | 543 |1428 |1530 | 116 |  3 |  12 |   0 | 2.100000e+01 |      --      |    Inf | unknown
  0.8s|     1 |     0 |  1291 |     - |    15M |   0 | 543 |1428 |1539 | 125 |  4 |  12 |   0 | 2.100000e+01 |      --      |    Inf | unknown
  0.8s|     1 |     0 |  1374 |     - |    15M |   0 | 543 |1428 |1555 | 141 |  5 |  12 |   0 | 2.132892e+01 |      --      |    Inf | unknown
  0.8s|     1 |     0 |  1406 |     - |    15M |   0 | 543 |1428 |1554 | 141 |  5 |  12 |   0 | 2.200000e+01 |      --      |    Inf | unknown
  0.8s|     1 |     0 |  1490 |     - |    15M |   0 | 543 |1429 |1573 | 160 |  6 |  13 |   0 | 2.212211e+01 |      --      |    Inf | unknown
  0.8s|     1 |     0 |  1529 |     - |    15M |   0 | 543 |1429 |1572 | 160 |  6 |  13 |   0 | 2.300000e+01 |      --      |    Inf | unknown
  0.8s|     1 |     0 |  1661 |     - |    16M |   0 | 543 |1430 |1592 | 180 |  7 |  14 |   0 | 2.300000e+01 |      --      |    Inf | unknown
  0.8s|     1 |     0 |  1735 |     - |    16M |   0 | 543 |1430 |1610 | 198 |  8 |  14 |   0 | 2.330524e+01 |      --      |    Inf | unknown
  0.8s|     1 |     0 |  1769 |     - |    16M |   0 | 543 |1430 |1610 | 198 |  8 |  14 |   0 | 2.400000e+01 |      --      |    Inf | unknown
  0.9s|     1 |     0 |  1831 |     - |    17M |   0 | 543 |1430 |1632 | 220 |  9 |  14 |   0 | 2.400000e+01 |      --      |    Inf | unknown
  0.9s|     1 |     0 |  1915 |     - |    18M |   0 | 543 |1432 |1651 | 239 | 10 |  16 |   0 | 2.430675e+01 |      --      |    Inf | unknown
  0.9s|     1 |     0 |  1950 |     - |    18M |   0 | 543 |1433 |1647 | 239 | 10 |  17 |   0 | 2.500000e+01 |      --      |    Inf | unknown
 time | node  | left  |LP iter|LP it/n|mem/heur|mdpt |vars |cons |rows |cuts |sepa|confs|strbr|  dualbound   | primalbound  |  gap   | compl. 
  0.9s|     1 |     0 |  1975 |     - |    18M |   0 | 543 |1434 |1542 | 251 | 11 |  18 |   0 | 2.500000e+01 |      --      |    Inf | unknown
  0.9s|     1 |     0 |  2035 |     - |    19M |   0 | 543 |1434 |1551 | 260 | 12 |  18 |   0 | 2.524409e+01 |      --      |    Inf | unknown
  0.9s|     1 |     0 |  2056 |     - |    19M |   0 | 543 |1434 |1546 | 260 | 12 |  18 |   0 | 2.600000e+01 |      --      |    Inf | unknown
  0.9s|     1 |     0 |  2086 |     - |    19M |   0 | 543 |1435 |1550 | 264 | 13 |  19 |   0 | 2.600000e+01 |      --      |    Inf | unknown
  0.9s|     1 |     0 |  2102 |     - |    19M |   0 | 543 |1435 |1554 | 268 | 14 |  19 |   0 | 2.600000e+01 |      --      |    Inf | unknown
  0.9s|     1 |     0 |  2135 |     - |    19M |   0 | 543 |1436 |1561 | 275 | 15 |  20 |   0 | 2.600000e+01 |      --      |    Inf | unknown
  0.9s|     1 |     0 |  2162 |     - |    19M |   0 | 543 |1439 |1566 | 280 | 16 |  23 |   0 | 2.600000e+01 |      --      |    Inf | unknown
  0.9s|     1 |     0 |  2226 |     - |    19M |   0 | 543 |1440 |1572 | 286 | 17 |  24 |   0 | 2.600000e+01 |      --      |    Inf | unknown
  0.9s|     1 |     0 |  2255 |     - |    19M |   0 | 543 |1442 |1578 | 292 | 18 |  26 |   0 | 2.600000e+01 |      --      |    Inf | unknown
  0.9s|     1 |     0 |  2283 |     - |    19M |   0 | 543 |1442 |1583 | 297 | 19 |  26 |   0 | 2.600000e+01 |      --      |    Inf | unknown
  1.0s|     1 |     0 |  2344 |     - |    20M |   0 | 543 |1443 |1589 | 303 | 20 |  27 |   0 | 2.600000e+01 |      --      |    Inf | unknown
  1.0s|     1 |     0 |  2390 |     - |    20M |   0 | 543 |1446 |1594 | 308 | 21 |  30 |   0 | 2.600000e+01 |      --      |    Inf | unknown
  1.0s|     1 |     0 |  2439 |     - |    20M |   0 | 543 |1446 |1597 | 311 | 22 |  30 |   0 | 2.601817e+01 |      --      |    Inf | unknown
  1.0s|     1 |     0 |  2462 |     - |    20M |   0 | 543 |1447 |1500 | 311 | 22 |  31 |   0 | 2.700000e+01 |      --      |    Inf | unknown
  1.0s|     1 |     0 |  2465 |     - |    20M |   0 | 543 |1449 |1501 | 312 | 23 |  33 |   0 | 2.700000e+01 |      --      |    Inf | unknown
 time | node  | left  |LP iter|LP it/n|mem/heur|mdpt |vars |cons |rows |cuts |sepa|confs|strbr|  dualbound   | primalbound  |  gap   | compl. 
  1.0s|     1 |     0 |  2470 |     - |    20M |   0 | 543 |1450 |1502 | 313 | 24 |  34 |   0 | 2.700000e+01 |      --      |    Inf | unknown
  1.0s|     1 |     0 |  2478 |     - |    20M |   0 | 543 |1451 |1495 | 314 | 25 |  35 |   0 | 2.700000e+01 |      --      |    Inf | unknown
  1.0s|     1 |     0 |  2482 |     - |    20M |   0 | 543 |1451 |1496 | 315 | 26 |  35 |   0 | 2.700000e+01 |      --      |    Inf | unknown
  1.1s|     1 |     2 |  2948 |     - |    20M |   0 | 543 |1462 |1496 | 315 | 27 |  46 |  19 | 2.700000e+01 |      --      |    Inf | unknown
  5.4s|   100 |    63 |  7713 |  53.0 |    22M |  19 | 543 |1519 |1487 | 589 |  1 | 103 |  19 | 2.700000e+01 |      --      |    Inf |  37.59%
* 8.1s|   149 |   106 |  9309 |  46.2 |    LP  |  21 | 543 |1523 |1494 | 731 |  0 | 107 |  19 | 2.700000e+01 | 5.100000e+01 |  88.89%|  37.98%
* 8.2s|   152 |   107 |  9651 |  47.6 |    LP  |  21 | 543 |1480 |1465 | 731 |  0 | 110 |  19 | 2.700000e+01 | 4.700000e+01 |  74.07%|  14.72%
  8.5s|   200 |   146 | 14500 |  60.5 |    24M |  21 | 543 |1525 |1466 |1076 |  1 | 155 |  19 | 2.700000e+01 | 4.700000e+01 |  74.07%|  16.11%
d 8.8s|   252 |   187 | 19978 |  69.8 |guideddi|  21 | 543 |1547 |1505 |   0 |  1 | 177 |  19 | 2.700000e+01 | 4.600000e+01 |  70.37%|  16.88%
  9.0s|   300 |   226 | 23497 |  70.3 |    28M |  21 | 543 |1554 |1465 |2149 |  1 | 198 |  19 | 2.700000e+01 | 4.600000e+01 |  70.37%|  18.12%
d 9.2s|   334 |   253 | 25880 |  70.3 |veclendi|  21 | 543 |1560 |1513 |   0 |  1 | 204 |  19 | 2.700000e+01 | 4.500000e+01 |  66.67%|  19.17%
  9.6s|   400 |   294 | 32094 |  74.2 |    31M |  21 | 543 |1559 |1501 |3673 |  2 | 237 |  19 | 2.700000e+01 | 4.500000e+01 |  66.67%|  22.70%
d 9.7s|   433 |   320 | 33997 |  73.0 |fracdivi|  21 | 543 |1553 |1492 |   0 |  1 | 240 |  19 | 2.700000e+01 | 4.400000e+01 |  62.96%|  22.82%
* 9.8s|   447 |   320 | 35286 |  73.6 |    LP  |  21 | 543 |1562 |1492 |4233 |  0 | 251 |  19 | 2.700000e+01 | 4.200000e+01 |  55.56%|  22.86%
 10.0s|   500 |   339 | 38090 |  71.4 |    33M |  21 | 543 |1566 |1500 |4639 |  1 | 288 |  19 | 2.700000e+01 | 4.200000e+01 |  55.56%|  23.47%
 time | node  | left  |LP iter|LP it/n|mem/heur|mdpt |vars |cons |rows |cuts |sepa|confs|strbr|  dualbound   | primalbound  |  gap   | compl. 
r10.1s|   533 |   343 | 38732 |  68.2 |ziroundi|  27 | 543 |1585 |1494 |4639 |  1 | 309 |  19 | 2.700000e+01 | 4.100000e+01 |  51.85%|  23.90%
 10.2s|   600 |   359 | 41133 |  64.5 |    33M |  29 | 543 |1585 |1492 |4762 |  1 | 331 |  19 | 2.700000e+01 | 4.100000e+01 |  51.85%|  24.16%
 10.6s|   700 |   358 | 43919 |  59.3 |    33M |  29 | 543 |1635 |1505 |5273 |  1 | 386 |  19 | 2.700000e+01 | 4.100000e+01 |  51.85%|  26.28%
 10.9s|   800 |   344 | 47032 |  55.8 |    34M |  29 | 543 |1679 |   0 |5580 |  0 | 437 |  19 | 2.700000e+01 | 4.100000e+01 |  51.85%|  29.48%
 11.3s|   900 |   327 | 49026 |  51.8 |    34M |  29 | 543 |1714 |1493 |5740 |  1 | 474 |  19 | 2.700000e+01 | 4.100000e+01 |  51.85%|  32.07%
Restart triggered after 50 consecutive estimations that the remaining tree will be large
(run 1, node 994) performing user restart

(restart) converted 33 cuts from the global cut pool into linear constraints

presolving:
(round 1, fast)       147 del vars, 48 del conss, 2 add conss, 0 chg bounds, 669 chg sides, 914 chg coeffs, 0 upgd conss, 2435 impls, 60 clqs, 0 implints
(round 2, fast)       147 del vars, 48 del conss, 2 add conss, 0 chg bounds, 672 chg sides, 920 chg coeffs, 0 upgd conss, 2435 impls, 60 clqs, 0 implints
   (11.4s) running MILP presolver
   (11.4s) MILP presolver (5 rounds): 0 aggregations, 6 fixings, 0 bound changes
(round 3, medium)     153 del vars, 48 del conss, 2 add conss, 0 chg bounds, 672 chg sides, 920 chg coeffs, 0 upgd conss, 2435 impls, 50 clqs, 0 implints
(round 4, fast)       153 del vars, 60 del conss, 2 add conss, 0 chg bounds, 674 chg sides, 920 chg coeffs, 0 upgd conss, 2435 impls, 50 clqs, 0 implints
(round 5, exhaustive) 153 del vars, 159 del conss, 2 add conss, 0 chg bounds, 674 chg sides, 921 chg coeffs, 0 upgd conss, 2435 impls, 50 clqs, 0 implints
(round 6, fast)       153 del vars, 160 del conss, 3 add conss, 0 chg bounds, 674 chg sides, 923 chg coeffs, 0 upgd conss, 2435 impls, 50 clqs, 0 implints
(round 7, exhaustive) 153 del vars, 160 del conss, 3 add conss, 0 chg bounds, 674 chg sides, 923 chg coeffs, 62 upgd conss, 2435 impls, 50 clqs, 0 implints
(round 8, medium)     156 del vars, 184 del conss, 3 add conss, 0 chg bounds, 690 chg sides, 923 chg coeffs, 62 upgd conss, 2435 impls, 47 clqs, 0 implints
(round 9, fast)       156 del vars, 184 del conss, 3 add conss, 0 chg bounds, 692 chg sides, 930 chg coeffs, 62 upgd conss, 2435 impls, 47 clqs, 0 implints
(round 10, exhaustive) 156 del vars, 187 del conss, 3 add conss, 0 chg bounds, 692 chg sides, 930 chg coeffs, 62 upgd conss, 2435 impls, 47 clqs, 0 implints
(round 11, exhaustive) 156 del vars, 191 del conss, 3 add conss, 0 chg bounds, 692 chg sides, 931 chg coeffs, 62 upgd conss, 2435 impls, 47 clqs, 0 implints
presolving (12 rounds: 12 fast, 7 medium, 5 exhaustive):
 156 deleted vars, 191 deleted constraints, 3 added constraints, 0 tightened bounds, 0 added holes, 692 changed sides, 931 changed coefficients
 2435 implications, 47 cliques, 0 implied integral variables (0 bin, 0 int, 0 cont)
presolved problem has 387 variables (374 bin, 13 int, 0 cont) and 1588 constraints
     44 constraints of type <varbound>
     19 constraints of type <knapsack>
     10 constraints of type <setppc>
    575 constraints of type <linear>
    583 constraints of type <logicor>
    357 constraints of type <bounddisjunction>
transformed objective value is always integral (scale: 1)
Presolving Time: 0.68

 time | node  | left  |LP iter|LP it/n|mem/heur|mdpt |vars |cons |rows |cuts |sepa|confs|strbr|  dualbound   | primalbound  |  gap   | compl. 
 11.5s|     1 |     0 | 50591 |     - |    33M |   0 | 387 |1589 |1167 |   0 |  0 | 505 |  19 | 2.700000e+01 | 4.100000e+01 |  51.85%| unknown
 11.5s|     1 |     0 | 50713 |     - |    33M |   0 | 387 |1636 |1262 |  95 |  1 | 506 |  19 | 2.700000e+01 | 4.100000e+01 |  51.85%| unknown
 11.5s|     1 |     0 | 50766 |     - |    33M |   0 | 387 |1637 |1288 | 121 |  2 | 507 |  19 | 2.700000e+01 | 4.100000e+01 |  51.85%| unknown
 11.6s|     1 |     0 | 50831 |     - |    34M |   0 | 387 |1637 |1320 | 153 |  3 | 507 |  19 | 2.700000e+01 | 4.100000e+01 |  51.85%| unknown
 11.6s|     1 |     0 | 50887 |     - |    34M |   0 | 387 |1638 |1339 | 172 |  4 | 508 |  19 | 2.700000e+01 | 4.100000e+01 |  51.85%| unknown
 11.6s|     1 |     0 | 50907 |     - |    34M |   0 | 387 |1638 |1350 | 183 |  5 | 508 |  19 | 2.700000e+01 | 4.100000e+01 |  51.85%| unknown
 11.6s|     1 |     0 | 50926 |     - |    35M |   0 | 387 |1638 |1360 | 193 |  6 | 508 |  19 | 2.700000e+01 | 4.100000e+01 |  51.85%| unknown
 11.6s|     1 |     0 | 51078 |     - |    35M |   0 | 387 |1638 |1370 | 203 |  7 | 509 |  19 | 2.700000e+01 | 4.100000e+01 |  51.85%| unknown
 11.6s|     1 |     0 | 51160 |     - |    35M |   0 | 387 |1640 |1381 | 214 |  8 | 511 |  19 | 2.700000e+01 | 4.100000e+01 |  51.85%| unknown
 11.6s|     1 |     0 | 51191 |     - |    36M |   0 | 387 |1641 |1388 | 221 |  9 | 512 |  19 | 2.700000e+01 | 4.100000e+01 |  51.85%| unknown
 11.7s|     1 |     0 | 51240 |     - |    37M |   0 | 387 |1643 |1391 | 246 | 10 | 514 |  19 | 2.700000e+01 | 4.100000e+01 |  51.85%| unknown
 11.7s|     1 |     0 | 51268 |     - |    37M |   0 | 387 |1643 |1404 | 259 | 11 | 514 |  19 | 2.700000e+01 | 4.100000e+01 |  51.85%| unknown
 11.7s|     1 |     0 | 51308 |     - |    37M |   0 | 387 |1642 |1404 | 259 | 11 | 515 |  45 | 2.700000e+01 | 4.100000e+01 |  51.85%| unknown
 11.7s|     1 |     0 | 51323 |     - |    37M |   0 | 387 |1642 |1408 | 263 | 12 | 515 |  45 | 2.700000e+01 | 4.100000e+01 |  51.85%| unknown
 11.7s|     1 |     0 | 51331 |     - |    37M |   0 | 387 |1643 |1411 | 266 | 13 | 516 |  45 | 2.700000e+01 | 4.100000e+01 |  51.85%| unknown
 time | node  | left  |LP iter|LP it/n|mem/heur|mdpt |vars |cons |rows |cuts |sepa|confs|strbr|  dualbound   | primalbound  |  gap   | compl. 
 11.8s|     1 |     0 | 51353 |     - |    37M |   0 | 387 |1642 |1411 | 266 | 13 | 516 |  57 | 2.700000e+01 | 4.100000e+01 |  51.85%| unknown
 11.8s|     1 |     0 | 51391 |     - |    37M |   0 | 387 |1643 |1414 | 269 | 14 | 517 |  57 | 2.700000e+01 | 4.100000e+01 |  51.85%| unknown
 11.8s|     1 |     0 | 51399 |     - |    37M |   0 | 387 |1645 |1418 | 273 | 15 | 519 |  57 | 2.700000e+01 | 4.100000e+01 |  51.85%| unknown
 11.8s|     1 |     2 | 51426 |     - |    37M |   0 | 387 |1646 |1418 | 273 | 15 | 520 |  73 | 2.700000e+01 | 4.100000e+01 |  51.85%| unknown
 12.2s|   100 |    41 | 53871 |  46.1 |    38M |  22 | 387 |1709 |1207 | 376 |  2 | 583 |  73 | 2.700000e+01 | 4.100000e+01 |  51.85%|   5.75%
 12.4s|   200 |    56 | 55712 |  43.8 |    38M |  23 | 387 |1786 |1204 | 435 |  1 | 661 |  73 | 2.700000e+01 | 4.100000e+01 |  51.85%|   6.93%
 12.5s|   300 |    72 | 57147 |  41.5 |    39M |  28 | 387 |1827 |1204 | 539 |  1 | 705 |  73 | 2.700000e+01 | 4.100000e+01 |  51.85%|   6.95%
 12.6s|   400 |   106 | 58201 |  39.3 |    39M |  28 | 387 |1833 |1215 | 696 |  1 | 719 |  73 | 2.700000e+01 | 4.100000e+01 |  51.85%|   7.33%
 12.7s|   500 |   162 | 60338 |  38.1 |    40M |  28 | 387 |1843 |   0 | 940 |  0 | 730 |  73 | 2.700000e+01 | 4.100000e+01 |  51.85%|   7.44%
 12.8s|   600 |   211 | 62394 |  37.0 |    40M |  28 | 387 |1870 |1194 |1108 |  1 | 759 |  73 | 2.700000e+01 | 4.100000e+01 |  51.85%|   7.48%
 13.0s|   700 |   254 | 64907 |  36.3 |    42M |  28 | 387 |1895 |1248 |1504 |  4 | 793 |  73 | 2.700000e+01 | 4.100000e+01 |  51.85%|   7.65%
 13.1s|   800 |   286 | 66234 |  35.0 |    42M |  28 | 387 |1898 |1197 |1672 |  2 | 809 |  73 | 2.700000e+01 | 4.100000e+01 |  51.85%|   7.89%
 13.2s|   900 |   306 | 68050 |  34.1 |    43M |  28 | 387 |1906 |   0 |1940 |  0 | 828 |  73 | 2.700000e+01 | 4.100000e+01 |  51.85%|   8.08%
 13.3s|  1000 |   346 | 70945 |  33.8 |    43M |  28 | 387 |1895 |   0 |2313 |  0 | 845 |  73 | 2.700000e+01 | 4.100000e+01 |  51.85%|   8.44%
 13.5s|  1100 |   377 | 73255 |  33.3 |    44M |  28 | 387 |1882 |   0 |2756 |  0 | 874 |  73 | 2.700000e+01 | 4.100000e+01 |  51.85%|   8.68%
 time | node  | left  |LP iter|LP it/n|mem/heur|mdpt |vars |cons |rows |cuts |sepa|confs|strbr|  dualbound   | primalbound  |  gap   | compl. 
 13.7s|  1200 |   406 | 76232 |  33.2 |    45M |  28 | 387 |1870 |1168 |3381 |  1 | 899 |  73 | 2.700000e+01 | 4.100000e+01 |  51.85%|  10.01%
 13.9s|  1300 |   428 | 79011 |  32.9 |    46M |  28 | 387 |1854 |1212 |3940 |  1 | 921 |  73 | 2.700000e+01 | 4.100000e+01 |  51.85%|  10.70%
 14.0s|  1400 |   424 | 79561 |  31.8 |    46M |  30 | 387 |1846 |1209 |3944 |  1 | 950 |  73 | 2.700000e+01 | 4.100000e+01 |  51.85%|  11.43%
 14.1s|  1500 |   446 | 81170 |  31.2 |    46M |  30 | 387 |1826 |1168 |4210 |  1 | 975 |  73 | 2.700000e+01 | 4.100000e+01 |  51.85%|  11.62%
 14.2s|  1600 |   472 | 83056 |  30.7 |    47M |  30 | 387 |1801 |1212 |4534 |  1 |1005 |  73 | 2.700000e+01 | 4.100000e+01 |  51.85%|  11.65%
*14.2s|  1658 |   465 | 83765 |  30.3 |    LP  |  30 | 387 |1801 |1203 |4600 |  1 |1023 |  73 | 2.700000e+01 | 4.000000e+01 |  48.15%|  12.09%
 14.3s|  1700 |   485 | 84240 |  30.0 |    47M |  30 | 387 |1773 |1217 |4666 |  1 |1030 |  73 | 2.700000e+01 | 4.000000e+01 |  48.15%|  12.15%
 14.4s|  1800 |   508 | 86473 |  29.7 |    47M |  30 | 387 |1757 |   0 |4897 |  0 |1057 |  73 | 2.700000e+01 | 4.000000e+01 |  48.15%|  12.95%
 14.5s|  1900 |   529 | 88108 |  29.2 |    47M |  30 | 387 |1735 |1195 |5097 |  1 |1098 |  73 | 2.700000e+01 | 4.000000e+01 |  48.15%|  13.88%
 14.6s|  2000 |   517 | 89636 |  28.8 |    48M |  30 | 387 |1674 |1198 |5403 |  1 |1124 |  73 | 2.700000e+01 | 4.000000e+01 |  48.15%|  16.57%
 14.7s|  2100 |   520 | 90888 |  28.3 |    48M |  30 | 387 |1652 |   0 |5649 |  0 |1147 |  73 | 2.700000e+01 | 4.000000e+01 |  48.15%|  17.32%
 14.8s|  2200 |   537 | 92603 |  27.9 |    48M |  30 | 387 |1591 |1198 |5885 |  1 |1168 |  73 | 2.700000e+01 | 4.000000e+01 |  48.15%|  19.27%
 14.9s|  2300 |   517 | 93738 |  27.4 |    48M |  30 | 387 |1533 |   0 |5960 |  0 |1185 |  73 | 2.700000e+01 | 4.000000e+01 |  48.15%|  23.52%
 15.1s|  2400 |   517 | 96227 |  27.3 |    49M |  30 | 387 |1502 |1168 |6385 |  1 |1216 |  73 | 2.700000e+01 | 4.000000e+01 |  48.15%|  26.59%
 15.2s|  2500 |   527 | 98632 |  27.2 |    49M |  30 | 387 |1512 |   0 |6823 |  0 |1246 |  73 | 2.700000e+01 | 4.000000e+01 |  48.15%|  28.79%
 time | node  | left  |LP iter|LP it/n|mem/heur|mdpt |vars |cons |rows |cuts |sepa|confs|strbr|  dualbound   | primalbound  |  gap   | compl. 
 15.3s|  2600 |   553 |100993 |  27.1 |    50M |  30 | 387 |1537 |   0 |7185 |  0 |1293 |  73 | 2.700000e+01 | 4.000000e+01 |  48.15%|  31.15%
 15.4s|  2700 |   554 |102254 |  26.7 |    50M |  30 | 387 |1549 |1214 |7289 |  1 |1317 |  73 | 2.700000e+01 | 4.000000e+01 |  48.15%|  32.07%
 15.6s|  2800 |   556 |103996 |  26.5 |    51M |  30 | 387 |1586 |1202 |7662 |  1 |1365 |  73 | 2.700000e+01 | 4.000000e+01 |  48.15%|  34.60%
 15.8s|  2900 |   609 |108625 |  27.0 |    53M |  30 | 387 |1588 |   0 |8835 |  0 |1378 |  73 | 2.700000e+01 | 4.000000e+01 |  48.15%|  35.10%
 16.0s|  3000 |   642 |112360 |  27.3 |    53M |  30 | 387 |1584 |1187 |9673 |  1 |1404 |  73 | 2.700000e+01 | 4.000000e+01 |  48.15%|  35.98%
 16.1s|  3100 |   659 |114510 |  27.1 |    54M |  30 | 387 |1576 |1215 |  10k|  1 |1407 |  73 | 2.700000e+01 | 4.000000e+01 |  48.15%|  36.15%
 16.3s|  3200 |   688 |117586 |  27.2 |    54M |  30 | 387 |1590 |   0 |  10k|  0 |1432 |  73 | 2.700000e+01 | 4.000000e+01 |  48.15%|  36.69%
 16.4s|  3300 |   714 |119196 |  26.9 |    55M |  30 | 387 |1613 |1206 |  10k|  1 |1462 |  73 | 2.700000e+01 | 4.000000e+01 |  48.15%|  36.70%
 16.4s|  3400 |   716 |120006 |  26.5 |    55M |  30 | 387 |1638 |   0 |  10k|  0 |1499 |  73 | 2.700000e+01 | 4.000000e+01 |  48.15%|  36.78%
 16.5s|  3500 |   706 |121100 |  26.2 |    55M |  30 | 387 |1659 |1181 |  10k|  1 |1534 |  73 | 2.700000e+01 | 4.000000e+01 |  48.15%|  37.55%
 16.7s|  3600 |   722 |123900 |  26.2 |    55M |  30 | 387 |1665 |   0 |  11k|  0 |1569 |  73 | 2.700000e+01 | 4.000000e+01 |  48.15%|  38.49%
 16.8s|  3700 |   740 |125056 |  25.9 |    55M |  30 | 387 |1659 |   0 |  11k|  0 |1580 |  73 | 2.700000e+01 | 4.000000e+01 |  48.15%|  38.62%
 16.9s|  3800 |   752 |126765 |  25.7 |    56M |  30 | 387 |1650 |   0 |  12k|  0 |1604 |  73 | 2.700000e+01 | 4.000000e+01 |  48.15%|  39.42%
 16.9s|  3900 |   751 |127827 |  25.4 |    56M |  30 | 387 |1652 |   0 |  12k|  0 |1618 |  73 | 2.700000e+01 | 4.000000e+01 |  48.15%|  40.72%
 17.1s|  4000 |   756 |129556 |  25.2 |    56M |  30 | 387 |1675 |1203 |  12k|  1 |1660 |  73 | 2.700000e+01 | 4.000000e+01 |  48.15%|  42.15%
 time | node  | left  |LP iter|LP it/n|mem/heur|mdpt |vars |cons |rows |cuts |sepa|confs|strbr|  dualbound   | primalbound  |  gap   | compl. 
 17.1s|  4100 |   755 |130258 |  24.9 |    56M |  30 | 387 |1678 |1203 |  12k|  1 |1671 |  73 | 2.700000e+01 | 4.000000e+01 |  48.15%|  42.40%
 17.2s|  4200 |   774 |131814 |  24.7 |    56M |  30 | 387 |1688 |1198 |  13k|  1 |1691 |  73 | 2.700000e+01 | 4.000000e+01 |  48.15%|  42.45%
 17.3s|  4300 |   799 |133725 |  24.6 |    56M |  30 | 387 |1703 |1199 |  13k|  1 |1715 |  73 | 2.700000e+01 | 4.000000e+01 |  48.15%|  42.57%
 17.4s|  4400 |   802 |134682 |  24.3 |    57M |  30 | 387 |1711 |1214 |  13k|  1 |1732 |  73 | 2.700000e+01 | 4.000000e+01 |  48.15%|  42.85%
 17.5s|  4500 |   823 |135979 |  24.1 |    57M |  30 | 387 |1709 |   0 |  14k|  0 |1738 |  73 | 2.700000e+01 | 4.000000e+01 |  48.15%|  43.03%
 17.7s|  4600 |   824 |138206 |  24.1 |    58M |  30 | 387 |1721 |   0 |  14k|  0 |1768 |  73 | 2.700000e+01 | 4.000000e+01 |  48.15%|  43.30%
 17.8s|  4700 |   840 |140164 |  24.0 |    58M |  30 | 387 |1719 |   0 |  14k|  0 |1788 |  73 | 2.700000e+01 | 4.000000e+01 |  48.15%|  43.54%
 18.0s|  4800 |   882 |143592 |  24.2 |    59M |  30 | 387 |1718 |   0 |  15k|  0 |1827 |  73 | 2.700000e+01 | 4.000000e+01 |  48.15%|  43.67%
 18.1s|  4900 |   908 |145500 |  24.1 |    59M |  30 | 387 |1742 |   0 |  15k|  0 |1869 |  73 | 2.700000e+01 | 4.000000e+01 |  48.15%|  43.87%
 18.2s|  5000 |   913 |146710 |  23.9 |    59M |  30 | 387 |1772 |   0 |  15k|  0 |1914 |  73 | 2.700000e+01 | 4.000000e+01 |  48.15%|  43.94%
 18.3s|  5100 |   911 |147653 |  23.7 |    59M |  30 | 387 |1776 |1217 |  15k|  1 |1946 |  73 | 2.700000e+01 | 4.000000e+01 |  48.15%|  44.50%
 18.4s|  5200 |   920 |149570 |  23.6 |    59M |  30 | 387 |1771 |   0 |  16k|  0 |1957 |  73 | 2.700000e+01 | 4.000000e+01 |  48.15%|  45.09%
 18.5s|  5300 |   936 |151479 |  23.5 |    59M |  30 | 387 |1771 |1251 |  16k|  1 |1990 |  73 | 2.700000e+01 | 4.000000e+01 |  48.15%|  46.54%
 18.6s|  5400 |   951 |153527 |  23.5 |    59M |  30 | 387 |1785 |   0 |  16k|  0 |2015 |  73 | 2.700000e+01 | 4.000000e+01 |  48.15%|  46.74%
 18.8s|  5500 |   950 |154575 |  23.3 |    59M |  30 | 387 |1778 |   0 |  17k|  0 |2025 |  73 | 2.700000e+01 | 4.000000e+01 |  48.15%|  47.11%
 time | node  | left  |LP iter|LP it/n|mem/heur|mdpt |vars |cons |rows |cuts |sepa|confs|strbr|  dualbound   | primalbound  |  gap   | compl. 
 18.9s|  5600 |   947 |156072 |  23.1 |    59M |  30 | 387 |1786 |   0 |  17k|  0 |2052 |  73 | 2.700000e+01 | 4.000000e+01 |  48.15%|  47.98%
 19.0s|  5700 |   971 |157970 |  23.1 |    60M |  30 | 387 |1775 |   0 |  18k|  0 |2075 |  73 | 2.700000e+01 | 4.000000e+01 |  48.15%|  48.48%
 19.1s|  5800 |   982 |159573 |  23.0 |    60M |  30 | 387 |1776 |1204 |  18k|  2 |2111 |  73 | 2.700000e+01 | 4.000000e+01 |  48.15%|  48.99%
 19.2s|  5900 |   985 |160720 |  22.8 |    60M |  30 | 387 |1789 |1228 |  18k|  1 |2139 |  73 | 2.700000e+01 | 4.000000e+01 |  48.15%|  49.48%
 19.3s|  6000 |   995 |162451 |  22.7 |    60M |  30 | 387 |1788 |   0 |  18k|  0 |2165 |  73 | 2.700000e+01 | 4.000000e+01 |  48.15%|  50.77%
 19.4s|  6100 |  1008 |163734 |  22.6 |    60M |  30 | 387 |1787 |1218 |  19k|  1 |2181 |  73 | 2.700000e+01 | 4.000000e+01 |  48.15%|  51.62%
 19.5s|  6200 |  1051 |164929 |  22.4 |    60M |  30 | 387 |1782 |1236 |  19k|  1 |2188 |  73 | 2.700000e+01 | 4.000000e+01 |  48.15%|  51.63%
 19.5s|  6300 |  1045 |165532 |  22.2 |    60M |  30 | 387 |1783 |1221 |  19k|  1 |2198 |  73 | 2.700000e+01 | 4.000000e+01 |  48.15%|  51.74%
 19.6s|  6400 |  1048 |166714 |  22.1 |    60M |  30 | 387 |1776 |1230 |  19k|  1 |2201 |  73 | 2.700000e+01 | 4.000000e+01 |  48.15%|  51.87%
 19.8s|  6500 |  1042 |167933 |  21.9 |    60M |  30 | 387 |1771 |1236 |  20k|  1 |2212 |  73 | 2.700000e+01 | 4.000000e+01 |  48.15%|  52.29%
 19.8s|  6600 |  1035 |168753 |  21.8 |    60M |  30 | 387 |1774 |   0 |  20k|  0 |2232 |  73 | 2.700000e+01 | 4.000000e+01 |  48.15%|  52.46%
 19.9s|  6700 |  1025 |170219 |  21.7 |    60M |  30 | 387 |1780 |1235 |  20k|  1 |2253 |  73 | 2.700000e+01 | 4.000000e+01 |  48.15%|  53.99%
 20.0s|  6800 |  1033 |172056 |  21.6 |    60M |  30 | 387 |1770 |1208 |  20k|  1 |2272 |  73 | 2.700000e+01 | 4.000000e+01 |  48.15%|  54.95%
 20.1s|  6900 |  1041 |173196 |  21.5 |    60M |  30 | 387 |1768 |   0 |  20k|  0 |2285 |  73 | 2.700000e+01 | 4.000000e+01 |  48.15%|  55.52%
 20.2s|  7000 |  1038 |173635 |  21.3 |    60M |  30 | 387 |1764 |   0 |  20k|  0 |2293 |  73 | 2.700000e+01 | 4.000000e+01 |  48.15%|  55.54%
 time | node  | left  |LP iter|LP it/n|mem/heur|mdpt |vars |cons |rows |cuts |sepa|confs|strbr|  dualbound   | primalbound  |  gap   | compl. 
 20.2s|  7100 |  1052 |174318 |  21.1 |    60M |  30 | 387 |1763 |1204 |  21k|  1 |2305 |  73 | 2.700000e+01 | 4.000000e+01 |  48.15%|  55.56%
 20.3s|  7200 |  1034 |175344 |  21.0 |    60M |  30 | 387 |1782 |   0 |  21k|  0 |2341 |  73 | 2.700000e+01 | 4.000000e+01 |  48.15%|  56.43%
 20.4s|  7300 |  1052 |177072 |  20.9 |    61M |  30 | 387 |1793 |1231 |  21k|  1 |2360 |  73 | 2.700000e+01 | 4.000000e+01 |  48.15%|  56.53%
 20.5s|  7400 |  1060 |179048 |  20.9 |    61M |  30 | 387 |1790 |1205 |  21k|  1 |2371 |  73 | 2.700000e+01 | 4.000000e+01 |  48.15%|  56.83%
 20.6s|  7500 |  1062 |180648 |  20.9 |    61M |  30 | 387 |1819 |1208 |  21k|  1 |2413 |  73 | 2.700000e+01 | 4.000000e+01 |  48.15%|  57.33%
 20.7s|  7600 |  1077 |181990 |  20.8 |    61M |  30 | 387 |1820 |   0 |  21k|  0 |2430 |  73 | 2.700000e+01 | 4.000000e+01 |  48.15%|  57.41%
 20.8s|  7700 |  1113 |183603 |  20.7 |    61M |  30 | 387 |1814 |   0 |  22k|  0 |2447 |  73 | 2.700000e+01 | 4.000000e+01 |  48.15%|  57.47%
 20.9s|  7800 |  1125 |184398 |  20.6 |    61M |  30 | 387 |1812 |   0 |  22k|  0 |2456 |  73 | 2.700000e+01 | 4.000000e+01 |  48.15%|  57.48%
 20.9s|  7900 |  1119 |185106 |  20.4 |    61M |  30 | 387 |1817 |   0 |  22k|  0 |2467 |  73 | 2.700000e+01 | 4.000000e+01 |  48.15%|  57.79%
 21.0s|  8000 |  1109 |185976 |  20.3 |    61M |  30 | 387 |1823 |   0 |  22k|  0 |2490 |  73 | 2.700000e+01 | 4.000000e+01 |  48.15%|  58.28%
 21.1s|  8100 |  1110 |187133 |  20.2 |    61M |  31 | 387 |1825 |1215 |  22k|  1 |2500 |  73 | 2.700000e+01 | 4.000000e+01 |  48.15%|  58.54%
 21.2s|  8200 |  1097 |188293 |  20.1 |    61M |  31 | 387 |1831 |   0 |  22k|  0 |2525 |  73 | 2.700000e+01 | 4.000000e+01 |  48.15%|  59.12%
 21.3s|  8300 |  1098 |189264 |  20.0 |    61M |  31 | 387 |1843 |1234 |  23k|  2 |2544 |  73 | 2.700000e+01 | 4.000000e+01 |  48.15%|  59.21%
 21.3s|  8400 |  1093 |190232 |  19.9 |    61M |  31 | 387 |1860 |1204 |  23k|  1 |2563 |  73 | 2.700000e+01 | 4.000000e+01 |  48.15%|  59.44%
 21.4s|  8500 |  1115 |191798 |  19.8 |    61M |  31 | 387 |1881 |   0 |  23k|  0 |2596 |  73 | 2.700000e+01 | 4.000000e+01 |  48.15%|  59.71%
 time | node  | left  |LP iter|LP it/n|mem/heur|mdpt |vars |cons |rows |cuts |sepa|confs|strbr|  dualbound   | primalbound  |  gap   | compl. 
 21.5s|  8600 |  1123 |192924 |  19.7 |    61M |  31 | 387 |1882 |1201 |  23k|  1 |2609 |  73 | 2.700000e+01 | 4.000000e+01 |  48.15%|  59.76%
 21.6s|  8700 |  1129 |194064 |  19.7 |    61M |  31 | 387 |1897 |1201 |  23k|  1 |2628 |  73 | 2.700000e+01 | 4.000000e+01 |  48.15%|  59.76%
 21.6s|  8800 |  1125 |194812 |  19.5 |    61M |  31 | 387 |1910 |   0 |  23k|  0 |2655 |  73 | 2.700000e+01 | 4.000000e+01 |  48.15%|  59.96%
 21.7s|  8900 |  1120 |195652 |  19.4 |    61M |  31 | 387 |1912 |   0 |  23k|  0 |2678 |  73 | 2.700000e+01 | 4.000000e+01 |  48.15%|  60.50%
 21.8s|  9000 |  1116 |196769 |  19.3 |    61M |  31 | 387 |1918 |1200 |  24k|  1 |2701 |  73 | 2.700000e+01 | 4.000000e+01 |  48.15%|  61.09%
 21.9s|  9100 |  1100 |197468 |  19.2 |    61M |  31 | 387 |1924 |1200 |  24k|  1 |2724 |  73 | 2.700000e+01 | 4.000000e+01 |  48.15%|  61.29%
 22.0s|  9200 |  1113 |199158 |  19.2 |    61M |  31 | 387 |1924 |   0 |  24k|  0 |2743 |  73 | 2.700000e+01 | 4.000000e+01 |  48.15%|  61.46%
 22.1s|  9300 |  1101 |200159 |  19.1 |    61M |  31 | 387 |1936 |1218 |  24k|  1 |2781 |  73 | 2.700000e+01 | 4.000000e+01 |  48.15%|  62.06%
 22.2s|  9400 |  1126 |201434 |  19.0 |    61M |  31 | 387 |1939 |1216 |  24k|  1 |2796 |  73 | 2.700000e+01 | 4.000000e+01 |  48.15%|  62.10%
 22.3s|  9500 |  1164 |203164 |  19.0 |    62M |  31 | 387 |1932 |   0 |  24k|  0 |2813 |  73 | 2.700000e+01 | 4.000000e+01 |  48.15%|  62.33%

SCIP Status        : solving was interrupted [termination signal received]
Solving Time (sec) : 22.28
Solving Nodes      : 9510 (total of 10504 nodes in 2 runs)
Primal Bound       : +4.00000000000000e+01 (8 solutions)
Dual Bound         : +2.70000000000000e+01
Gap                : 48.15 %

primal solution (original space):
=================================

objective value:                                   40
m_0_0                                               1 	(obj:0)
m_0_1                                               1 	(obj:0)
m_0_2                                               1 	(obj:0)
m_0_4                                               1 	(obj:0)
m_0_5                                               1 	(obj:0)
m_0_6                                               1 	(obj:0)
m_0_7                                               1 	(obj:0)
m_0_8                                               1 	(obj:0)
m_0_9                                               1 	(obj:0)
m_0_10                                              1 	(obj:0)
m_0_11                                              1 	(obj:0)
m_1_1                                               1 	(obj:0)
m_1_2                                               1 	(obj:0)
m_1_4                                               1 	(obj:0)
m_1_5                                               1 	(obj:0)
m_1_6                                               1 	(obj:0)
m_1_7                                               1 	(obj:0)
m_1_8                                               1 	(obj:0)
m_1_9                                               1 	(obj:0)
m_1_10                                              1 	(obj:0)
m_1_11                                              1 	(obj:0)
m_2_2                                               1 	(obj:0)
m_2_4                                               1 	(obj:0)
m_2_5                                               1 	(obj:0)
m_2_6                                               1 	(obj:0)
m_2_7                                               1 	(obj:0)
m_2_8                                               1 	(obj:0)
m_2_9                                               1 	(obj:0)
m_2_10                                              1 	(obj:0)
m_2_11                                              1 	(obj:0)
m_3_1                                               1 	(obj:0)
m_3_2                                               1 	(obj:0)
m_3_3                                               1 	(obj:0)
m_3_4                                               1 	(obj:0)
m_3_5                                               1 	(obj:0)
m_3_6                                               1 	(obj:0)
m_3_7                                               1 	(obj:0)
m_3_8                                               1 	(obj:0)
m_3_9                                               1 	(obj:0)
m_3_10                                              1 	(obj:0)
m_3_11                                              1 	(obj:0)
m_4_4                                               1 	(obj:0)
m_4_8                                               1 	(obj:0)
m_4_9                                               1 	(obj:0)
m_4_10                                              1 	(obj:0)
m_5_4                                               1 	(obj:0)
m_5_5                                               1 	(obj:0)
m_5_8                                               1 	(obj:0)
m_5_9                                               1 	(obj:0)
m_5_10                                              1 	(obj:0)
m_6_4                                               1 	(obj:0)
m_6_5                                               1 	(obj:0)
m_6_6                                               1 	(obj:0)
m_6_8                                               1 	(obj:0)
m_6_9                                               1 	(obj:0)
m_6_10                                              1 	(obj:0)
m_7_4                                               1 	(obj:0)
m_7_5                                               1 	(obj:0)
m_7_6                                               1 	(obj:0)
m_7_7                                               1 	(obj:0)
m_7_8                                               1 	(obj:0)
m_7_9                                               1 	(obj:0)
m_7_10                                              1 	(obj:0)
m_7_11                                              1 	(obj:0)
m_8_8                                               1 	(obj:0)
m_9_9                                               1 	(obj:0)
m_10_8                                              1 	(obj:0)
m_10_9                                              1 	(obj:0)
m_10_10                                             1 	(obj:0)
m_11_4                                              1 	(obj:0)
m_11_5                                              1 	(obj:0)
m_11_6                                              1 	(obj:0)
m_11_8                                              1 	(obj:0)
m_11_9                                              1 	(obj:0)
m_11_10                                             1 	(obj:0)
m_11_11                                             1 	(obj:0)
p_1_0                                               1 	(obj:0)
p_1_1                                               1 	(obj:0)
p_2_2                                               1 	(obj:0)
p_2_3                                               1 	(obj:0)
p_2_4                                               1 	(obj:0)
p_1_5                                               1 	(obj:0)
p_2_6                                               1 	(obj:0)
p_1_7                                               1 	(obj:0)
p_1_8                                               1 	(obj:0)
p_2_9                                               1 	(obj:0)
p_1_10                                              1 	(obj:0)
p_1_11                                              1 	(obj:0)
t_0_0                                               1 	(obj:0)
t_0_1                                               1 	(obj:0)
t_0_5                                               1 	(obj:0)
t_0_7                                               1 	(obj:0)
t_0_8                                               1 	(obj:0)
t_0_10                                              1 	(obj:0)
t_0_11                                              1 	(obj:0)
z_1_0                                               1 	(obj:0)
t_1_0                                               1 	(obj:0)
t_1_1                                               1 	(obj:0)
t_1_5                                               1 	(obj:0)
t_1_7                                               1 	(obj:0)
t_1_8                                               1 	(obj:0)
t_1_10                                              1 	(obj:0)
t_1_11                                              1 	(obj:0)
z_2_0                                               1 	(obj:0)
t_2_2                                               1 	(obj:0)
z_2_3                                               1 	(obj:0)
t_2_3                                               1 	(obj:0)
t_2_4                                               1 	(obj:0)
t_2_6                                               1 	(obj:0)
t_2_9                                               1 	(obj:0)
t_3_2                                               1 	(obj:0)
t_3_3                                               1 	(obj:0)
t_3_4                                               1 	(obj:0)
t_3_6                                               1 	(obj:0)
t_3_9                                               1 	(obj:0)
z_4_0                                               1 	(obj:0)
z_4_1                                               1 	(obj:0)
z_4_2                                               1 	(obj:0)
t_4_2                                               1 	(obj:0)
z_4_3                                               1 	(obj:0)
t_4_3                                               1 	(obj:0)
t_4_4                                               1 	(obj:0)
z_4_6                                               1 	(obj:0)
t_4_6                                               1 	(obj:0)
z_4_7                                               1 	(obj:0)
t_4_9                                               1 	(obj:0)
z_4_11                                              1 	(obj:0)
z_5_0                                               1 	(obj:0)
t_5_0                                               1 	(obj:0)
z_5_1                                               1 	(obj:0)
t_5_1                                               1 	(obj:0)
z_5_2                                               1 	(obj:0)
z_5_3                                               1 	(obj:0)
t_5_5                                               1 	(obj:0)
z_5_7                                               1 	(obj:0)
t_5_7                                               1 	(obj:0)
t_5_8                                               1 	(obj:0)
t_5_10                                              1 	(obj:0)
z_5_11                                              1 	(obj:0)
t_5_11                                              1 	(obj:0)
z_6_0                                               1 	(obj:0)
z_6_1                                               1 	(obj:0)
z_6_2                                               1 	(obj:0)
t_6_2                                               1 	(obj:0)
z_6_3                                               1 	(obj:0)
t_6_3                                               1 	(obj:0)
t_6_4                                               1 	(obj:0)
t_6_6                                               1 	(obj:0)
z_6_7                                               1 	(obj:0)
t_6_9                                               1 	(obj:0)
z_7_0                                               1 	(obj:0)
t_7_0                                               1 	(obj:0)
z_7_1                                               1 	(obj:0)
t_7_1                                               1 	(obj:0)
z_7_3                                               1 	(obj:0)
t_7_5                                               1 	(obj:0)
t_7_7                                               1 	(obj:0)
t_7_8                                               1 	(obj:0)
t_7_10                                              1 	(obj:0)
t_7_11                                              1 	(obj:0)
z_8_0                                               1 	(obj:0)
t_8_0                                               1 	(obj:0)
z_8_1                                               1 	(obj:0)
t_8_1                                               1 	(obj:0)
z_8_2                                               1 	(obj:0)
z_8_3                                               1 	(obj:0)
z_8_4                                               1 	(obj:0)
z_8_5                                               1 	(obj:0)
t_8_5                                               1 	(obj:0)
z_8_6                                               1 	(obj:0)
z_8_7                                               1 	(obj:0)
t_8_7                                               1 	(obj:0)
t_8_8                                               1 	(obj:0)
z_8_10                                              1 	(obj:0)
t_8_10                                              1 	(obj:0)
z_8_11                                              1 	(obj:0)
t_8_11                                              1 	(obj:0)
z_9_0                                               1 	(obj:0)
z_9_1                                               1 	(obj:0)
z_9_2                                               1 	(obj:0)
t_9_2                                               1 	(obj:0)
z_9_3                                               1 	(obj:0)
t_9_3                                               1 	(obj:0)
z_9_4                                               1 	(obj:0)
t_9_4                                               1 	(obj:0)
z_9_5                                               1 	(obj:0)
z_9_6                                               1 	(obj:0)
t_9_6                                               1 	(obj:0)
z_9_7                                               1 	(obj:0)
t_9_9                                               1 	(obj:0)
z_9_10                                              1 	(obj:0)
z_9_11                                              1 	(obj:0)
z_10_0                                              1 	(obj:0)
t_10_0                                              1 	(obj:0)
z_10_1                                              1 	(obj:0)
t_10_1                                              1 	(obj:0)
z_10_2                                              1 	(obj:0)
z_10_3                                              1 	(obj:0)
z_10_5                                              1 	(obj:0)
t_10_5                                              1 	(obj:0)
z_10_6                                              1 	(obj:0)
z_10_7                                              1 	(obj:0)
t_10_7                                              1 	(obj:0)
t_10_8                                              1 	(obj:0)
t_10_10                                             1 	(obj:0)
z_10_11                                             1 	(obj:0)
t_10_11                                             1 	(obj:0)
z_11_0                                              1 	(obj:0)
t_11_0                                              1 	(obj:0)
z_11_1                                              1 	(obj:0)
t_11_1                                              1 	(obj:0)
z_11_3                                              1 	(obj:0)
t_11_5                                              1 	(obj:0)
z_11_7                                              1 	(obj:0)
t_11_7                                              1 	(obj:0)
t_11_8                                              1 	(obj:0)
t_11_10                                             1 	(obj:0)
t_11_11                                             1 	(obj:0)
y_0_1_0                                             1 	(obj:0)
y_3_1_0                                             1 	(obj:0)
y_0_1_1                                             1 	(obj:0)
y_1_1_1                                             1 	(obj:0)
y_2_1_1                                             1 	(obj:0)
y_3_1_1                                             1 	(obj:0)
y_0_1_2                                             1 	(obj:0)
y_1_1_2                                             1 	(obj:0)
y_2_1_2                                             1 	(obj:0)
y_3_1_2                                             1 	(obj:0)
y_7_1_2                                             1 	(obj:0)
y_7_2_2                                             1 	(obj:0)
y_0_1_3                                             1 	(obj:0)
y_1_1_3                                             1 	(obj:0)
y_3_1_3                                             1 	(obj:0)
y_0_1_4                                             1 	(obj:0)
y_1_1_4                                             1 	(obj:0)
y_2_1_4                                             1 	(obj:0)
y_4_1_4                                             1 	(obj:0)
y_5_1_4                                             1 	(obj:0)
y_5_2_4                                             1 	(obj:0)
y_5_3_4                                             1 	(obj:0)
y_6_1_4                                             1 	(obj:0)
y_6_2_4                                             1 	(obj:0)
y_6_3_4                                             1 	(obj:0)
y_7_1_4                                             1 	(obj:0)
y_7_2_4                                             1 	(obj:0)
y_0_1_5                                             1 	(obj:0)
y_1_1_5                                             1 	(obj:0)
y_2_1_5                                             1 	(obj:0)
y_4_1_5                                             1 	(obj:0)
y_5_1_5                                             1 	(obj:0)
y_5_2_5                                             1 	(obj:0)
y_5_3_5                                             1 	(obj:0)
y_6_1_5                                             1 	(obj:0)
y_6_2_5                                             1 	(obj:0)
y_6_3_5                                             1 	(obj:0)
y_7_1_5                                             1 	(obj:0)
y_7_2_5                                             1 	(obj:0)
y_0_1_6                                             1 	(obj:0)
y_1_1_6                                             1 	(obj:0)
y_2_1_6                                             1 	(obj:0)
y_3_1_6                                             1 	(obj:0)
y_5_1_6                                             1 	(obj:0)
y_5_2_6                                             1 	(obj:0)
y_5_3_6                                             1 	(obj:0)
y_6_1_6                                             1 	(obj:0)
y_6_2_6                                             1 	(obj:0)
y_6_3_6                                             1 	(obj:0)
y_7_1_6                                             1 	(obj:0)
y_7_2_6                                             1 	(obj:0)
y_0_1_7                                             1 	(obj:0)
y_1_1_7                                             1 	(obj:0)
y_2_1_7                                             1 	(obj:0)
y_3_1_7                                             1 	(obj:0)
y_7_1_7                                             1 	(obj:0)
y_7_2_7                                             1 	(obj:0)
y_4_1_8                                             1 	(obj:0)
y_5_1_8                                             1 	(obj:0)
y_5_2_8                                             1 	(obj:0)
y_5_3_8                                             1 	(obj:0)
y_6_1_8                                             1 	(obj:0)
y_6_2_8                                             1 	(obj:0)
y_6_3_8                                             1 	(obj:0)
y_7_1_8                                             1 	(obj:0)
y_7_2_8                                             1 	(obj:0)
y_4_1_9                                             1 	(obj:0)
y_5_1_9                                             1 	(obj:0)
y_5_2_9                                             1 	(obj:0)
y_5_3_9                                             1 	(obj:0)
y_6_1_9                                             1 	(obj:0)
y_6_2_9                                             1 	(obj:0)
y_6_3_9                                             1 	(obj:0)
y_7_1_9                                             1 	(obj:0)
y_7_2_9                                             1 	(obj:0)
y_0_1_10                                            1 	(obj:0)
y_4_1_10                                            1 	(obj:0)
y_5_1_10                                            1 	(obj:0)
y_5_2_10                                            1 	(obj:0)
y_5_3_10                                            1 	(obj:0)
y_6_1_10                                            1 	(obj:0)
y_6_2_10                                            1 	(obj:0)
y_6_3_10                                            1 	(obj:0)
y_7_1_10                                            1 	(obj:0)
y_7_2_10                                            1 	(obj:0)
y_0_1_11                                            1 	(obj:0)
y_1_1_11                                            1 	(obj:0)
y_2_1_11                                            1 	(obj:0)
y_6_1_11                                            1 	(obj:0)
y_6_2_11                                            1 	(obj:0)
y_6_3_11                                            1 	(obj:0)
y_7_1_11                                            1 	(obj:0)
y_7_2_11                                            1 	(obj:0)
s_1                                                 5 	(obj:0)
s_2                                                10 	(obj:0)
s_4                                                25 	(obj:0)
s_5                                                22 	(obj:0)
s_6                                                18 	(obj:0)
s_7                                                12 	(obj:0)
s_8                                                35 	(obj:0)
s_9                                                35 	(obj:0)
s_10                                               30 	(obj:0)
s_11                                               17 	(obj:0)
l                                                  40 	(obj:1)

Statistics
==========

SCIP Status        : solving was interrupted [termination signal received]
Total Time         :      22.28
  solving          :      22.28
  presolving       :       0.68 (included in solving)
  reading          :       0.00
  copying          :       0.40 (116 #copies) (minimal 0.00, maximal 0.01, average 0.00)
Original Problem   :
  Problem name     : /Users/maxbig/SCIP/SCIPOptSuite-9.2.1-Linux/inputs/new_tr/order/layered_12_2_buf_times_P2_M11500_default_input.lp
  Variables        : 613 (600 binary, 13 integer, 0 continuous)
  Implied int vars : 0 (0 binary, 0 integer, 0 continuous)
  Constraints      : 1743 initial, 1743 maximal
  Objective        : minimize, 1 non-zeros (abs.min = 1, abs.max = 1)
Presolved Problem  :
  Problem name     : t_/Users/maxbig/SCIP/SCIPOptSuite-9.2.1-Linux/inputs/new_tr/order/layered_12_2_buf_times_P2_M11500_default_input.lp
  Variables        : 387 (374 binary, 13 integer, 0 continuous)
  Implied int vars : 0 (0 binary, 0 integer, 0 continuous)
  Constraints      : 1588 initial, 1946 maximal
  Objective        : minimize, 1 non-zeros (abs.min = 1, abs.max = 1)
  Nonzeros         : 6636 constraint, 20 clique table
Presolvers         :   ExecTime  SetupTime  Calls  FixedVars   AggrVars   ChgTypes  ChgBounds   AddHoles    DelCons    AddCons   ChgSides   ChgCoefs
  boundshift       :       0.00       0.00      0          0          0          0          0          0          0          0          0          0
  convertinttobin  :       0.00       0.00      0          0          0          0          0          0          0          0          0          0
  domcol           :       0.00       0.00      2          0          0          0          0          0          0          0          0          0
  dualagg          :       0.00       0.00      0          0          0          0          0          0          0          0          0          0
  dualcomp         :       0.00       0.00      0          0          0          0          0          0          0          0          0          0
  dualinfer        :       0.00       0.00      0          0          0          0          0          0          0          0          0          0
  dualsparsify     :       0.01       0.00      1          0          0          0          0          0          0          0          0          0
  gateextraction   :       0.00       0.00      5          0          0          0          0          0          0          0          0          0
  implics          :       0.00       0.00     11          0          0          0          0          0          0          0          0          0
  implint          :       0.00       0.00      0          0          0          0          0          0          0          0          0          0
  inttobinary      :       0.00       0.00     18          0          0          0          0          0          0          0          0          0
  milp             :       0.01       0.00      2          6          0          0          0          0          0          0          0          0
  qpkktref         :       0.00       0.00      0          0          0          0          0          0          0          0          0          0
  redvub           :       0.00       0.00      0          0          0          0          0          0          0          0          0          0
  sparsify         :       0.00       0.00      1          0          0          0          0          0          0          0          0          0
  stuffing         :       0.00       0.00      0          0          0          0          0          0          0          0          0          0
  trivial          :       0.00       0.00     18        164          0          0          0          0          0          0          0          0
  tworowbnd        :       0.00       0.00      0          0          0          0          0          0          0          0          0          0
  dualfix          :       0.00       0.00     18         14          0          0          0          0          0          0          0          0
  genvbounds       :       0.00       0.00      0          0          0          0          0          0          0          0          0          0
  probing          :       0.63       0.00      1          0          0          0          0          0          0          0          0          0
  pseudoobj        :       0.00       0.00      1          0          0          0          0          0          0          0          0          0
  symmetry         :       0.00       0.00      1          0          0          0          0          0          0          0          0          0
  vbounds          :       0.00       0.00      1          0          0          0          0          0          0          0          0          0
  varbound         :       0.00       0.00     23          0          0          0          0          0         20          0         16          0
  knapsack         :       0.00       0.00     30          0          0          0          0          0          1          1          5         16
  setppc           :       0.00       0.00     24          0          3          0          0          0          9          0          0          0
  linear           :       0.02       0.00     27          0         39          0         21          0        470          0        677        914
  logicor          :       0.00       0.00     26          0          0          0          0          0         11          0          0          1
  bounddisjunction :       0.00       0.00     12          0          0          0          0          0          7          2          0          0
  components       :       0.00       0.00      2          0          0          0          0          0          0          0          0          0
  root node        :          -          -      -        120          -          -        257          -          -          -          -          -
Constraints        :     Number  MaxNumber  #Separate #Propagate    #EnfoLP    #EnfoRelax  #EnfoPS    #Check   #ResProp    Cutoffs    DomReds       Cuts    Applied      Conss   Children
  integral         :          0          0          0          0       6284          0          0       2935          0          0          3          0          0          0      12562
  varbound         :         44         44         40      50525          0          0          0       2929         16          2         82          0          0          0          0
  knapsack         :         19         19         40      50507          1          0          0       2516        173         35       1449        127         25          0          0
  setppc           :         10         10         40      40949          0          0          0       1177         70          2       1517          0          0          0          0
  linear           :        575+       587         41      50643          0          0          0       1334      12134       4430     232644          1          1          0          0
  logicor          :        583+       599         40      19408          1          0          0          7       4109        331      92140         12          8          0          0
  bounddisjunction :        357+       757          0      25938          0          0          0          0       2369        275      16200          0          0          0          0
  fixedvar         :          0          0          0          0          1          0          0          8          0          0          0          0          0          0          0
  countsols        :          0          0          0          0          1          0          0          8          0          0          0          0          0          0          0
  components       :          0          0          0          0          0          0          0          0          0          0          0          0          0          0          0
Constraint Timings :  TotalTime  SetupTime   Separate  Propagate     EnfoLP     EnfoPS     EnfoRelax   Check    ResProp    SB-Prop
  integral         :       0.30       0.00       0.00       0.00       0.30       0.00       0.00       0.00       0.00       0.00
  varbound         :       0.18       0.00       0.00       0.17       0.00       0.00       0.00       0.01       0.00       0.00
  knapsack         :       0.03       0.00       0.00       0.02       0.00       0.00       0.00       0.01       0.00       0.00
  setppc           :       0.01       0.00       0.00       0.01       0.00       0.00       0.00       0.00       0.00       0.00
  linear           :       1.35       0.00       0.00       1.33       0.00       0.00       0.00       0.01       0.01       0.00
  logicor          :       0.23       0.00       0.00       0.22       0.00       0.00       0.00       0.00       0.00       0.00
  bounddisjunction :       0.34       0.00       0.00       0.34       0.00       0.00       0.00       0.00       0.00       0.00
  fixedvar         :       0.00       0.00       0.00       0.00       0.00       0.00       0.00       0.00       0.00       0.00
  countsols        :       0.00       0.00       0.00       0.00       0.00       0.00       0.00       0.00       0.00       0.00
  components       :       0.00       0.00       0.00       0.00       0.00       0.00       0.00       0.00       0.00       0.00
Propagators        : #Propagate   #ResProp    Cutoffs    DomReds
  dualfix          :          5          0          0          0
  genvbounds       :          0          0          0          0
  nlobbt           :          0          0          0          0
  obbt             :          0          0          0          0
  probing          :          0          0          0          0
  pseudoobj        :      42867          0          0          7
  redcost          :      15319          0          0         83
  rootredcost      :          9          0          0        124
  symmetry         :          0          0          0          0
  vbounds          :      29928       2798         90      34504
Propagator Timings :  TotalTime  SetupTime   Presolve  Propagate    ResProp    SB-Prop
  dualfix          :       0.00       0.00       0.00       0.00       0.00       0.00
  genvbounds       :       0.00       0.00       0.00       0.00       0.00       0.00
  nlobbt           :       0.00       0.00       0.00       0.00       0.00       0.00
  obbt             :       0.00       0.00       0.00       0.00       0.00       0.00
  probing          :       0.63       0.00       0.63       0.00       0.00       0.00
  pseudoobj        :       0.01       0.00       0.00       0.01       0.00       0.00
  redcost          :       0.09       0.00       0.00       0.09       0.00       0.00
  rootredcost      :       0.00       0.00       0.00       0.00       0.00       0.00
  symmetry         :       0.00       0.00       0.00       0.00       0.00       0.00
  vbounds          :       0.31       0.00       0.00       0.31       0.00       0.00
Conflict Analysis  :       Time      Calls    Success    DomReds  Conflicts   Literals    Reconvs ReconvLits   Dualrays   Nonzeros   LP Iters   (pool size: [10000,10000])
  propagation      :       0.02        996        990          -       3435       10.3        281        6.8          -          -          -
  infeasible LP    :       0.00         40         41          -         43        4.1          1        6.0         40        4.2          0
  bound exceed. LP :       0.00          6          7          -          6        3.8          0        0.0          6        3.8          0
  strong branching :       0.00          0          0          -          0        0.0          0        0.0          -          -          0
  pseudo solution  :       0.00          1          1          -          1        1.0          1       10.0          -          -          -
  applied globally :       0.01          -          -          2       2769        9.0          -          -         46          -          -
  applied locally  :          -          -          -          0          0        0.0          -          -          0          -          -
Gen. Resolution CA :       Time      Calls    Success  Conflicts  LargeCoef  LongConfs    Length
  propagation      :       0.00          0          0          0          0          0       0.0
Separators         :   ExecTime  SetupTime      Calls  RootCalls    Cutoffs    DomReds  FoundCuts ViaPoolAdd  DirectAdd    Applied ViaPoolApp  DirectApp      Conss
  cut pool         :       0.70          -       2615         78          -          -      17448     411184          -          -          -          -          -    (maximal pool size:       3377)
  aggregation      :       0.14       0.00        514         40          0          0       2052      15035       1562       4362       3979        383          0
  > cmir           :          -          -          -          -          -          -          -       6013       1058       1227       1007        220          -
  > flowcover      :          -          -          -          -          -          -          -       8048        412       2567       2439        128          -
  > knapsackcover  :          -          -          -          -          -          -          -        974         92        568        533         35          -
  cgmip            :       0.00       0.00          0          0          0          0          0          0          0          0          0          0          0
  clique           :       0.00       0.00         40         40          0          0          0          0          0          0          0          0          0
  closecuts        :       0.00       0.00          0          0          0          0          0          0          0          0          0          0          0
  convexproj       :       0.00       0.00          0          0          0          0          0          0          0          0          0          0          0
  disjunctive      :       0.00       0.00          0          0          0          0          0          0          0          0          0          0          0
  eccuts           :       0.00       0.00          0          0          0          0          0          0          0          0          0          0          0
  flower           :       0.00       0.00        510         40          0          0          0          0          0          0          0          0          0
  gauge            :       0.00       0.00          0          0          0          0          0          0          0          0          0          0          0
  gomory           :       1.49       0.00        490         20          0          0      24061     360664       8980      17366      16783        583          0
  > gomorymi       :          -          -          -          -          -          -          -     167295       4628      10694      10306        388          -
  > strongcg       :          -          -          -          -          -          -          -     193369       4352       6672       6477        195          -
  impliedbounds    :       0.01       0.00        532         40          0          0       1110       6492          0       2257       2257          0          0
  interminor       :       0.00       0.00          0          0          0          0          0          0          0          0          0          0          0
  intobj           :       0.00       0.00          0          0          0          0          0          0          0          0          0          0          0
  lagromory        :       0.00       0.00          0          0          0          0          0          0          0          0          0          0          0
  mcf              :       0.00       0.00          2          2          0          0          0          0          0          0          0          0          0
  minor            :       0.00       0.00          0          0          0          0          0          0          0          0          0          0          0
  mixing           :       0.00       0.00        532         40          0          0          0          0          0          0          0          0          0
  oddcycle         :       0.00       0.00          0          0          0          0          0          0          0          0          0          0          0
  rapidlearning    :       7.83       0.00        100          2          0       2576          0          0          0          0          0          0        118
  rlt              :       0.00       0.00         20         20          0          0          0          0          0          0          0          0          0
  zerohalf         :       0.16       0.00        484         33          0          0       1047      28993        315       6762       6565        197          0
Cutselectors       :   ExecTime  SetupTime      Calls  RootCalls   Selected     Forced   Filtered  RootSelec   RootForc   RootFilt 
  hybrid           :       0.17       0.00       2097         41      30694        100     390430        586          2       4995
  ensemble         :       0.00       0.00          0          0          0          0          0          0          0          0
  dynamic          :       0.00       0.00          0          0          0          0          0          0          0          0
Pricers            :   ExecTime  SetupTime      Calls       Vars
  problem variables:       0.00          -          0          0
Branching Rules    :   ExecTime  SetupTime   BranchLP  BranchExt   BranchPS    Cutoffs    DomReds       Cuts      Conss   Children
  allfullstrong    :       0.00       0.00          0          0          0          0          0          0          0          0
  cloud            :       0.00       0.00          0          0          0          0          0          0          0          0
  distribution     :       0.00       0.00          0          0          0          0          0          0          0          0
  fullstrong       :       0.00       0.00          0          0          0          0          0          0          0          0
  gomory           :       0.00       0.00          0          0          0          0          0          0          0          0
  inference        :       0.00       0.00          0          0          0          0          0          0          0          0
  leastinf         :       0.00       0.00          0          0          0          0          0          0          0          0
  lookahead        :       0.00       0.00          0          0          0          0          0          0          0          0
  mostinf          :       0.00       0.00          0          0          0          0          0          0          0          0
  multaggr         :       0.00       0.00          0          0          0          0          0          0          0          0
  nodereopt        :       0.00       0.00          0          0          0          0          0          0          0          0
  pscost           :       0.00       0.00          0          0          0          0          0          0          0          0
  random           :       0.00       0.00          0          0          0          0          0          0          0          0
  relpscost        :       0.29       0.00       6283          0          0          0          3          0          0      12562
  vanillafullstrong:       0.00       0.00          0          0          0          0          0          0          0          0
Primal Heuristics  :   ExecTime  SetupTime      Calls      Found       Best
  LP solutions     :       0.00          -          -          1          1
  relax solutions  :       0.00          -          -          0          0
  pseudo solutions :       0.00          -          -          0          0
  strong branching :       0.00          -          -          0          0
  actconsdiving    :       0.00       0.00          0          0          0
  adaptivediving   :       0.08       0.00         19          0          0
  alns             :       0.06       0.00          5          0          0
  bound            :       0.00       0.00          0          0          0
  clique           :       0.01       0.00          1          0          0
  coefdiving       :       0.00       0.00          0          0          0
  completesol      :       0.00       0.00          0          0          0
  conflictdiving   :       0.08       0.00         14          0          0
  crossover        :       0.01       0.00          1          0          0
  dins             :       0.00       0.00          0          0          0
  distributiondivin:       0.12       0.00         15          0          0
  dks              :       0.00       0.00          0          0          0
  dps              :       0.00       0.00          0          0          0
  dualval          :       0.00       0.00          0          0          0
  farkasdiving     :       0.00       0.00          0          0          0
  feaspump         :       0.07       0.00          6          0          0
  fixandinfer      :       0.00       0.00          0          0          0
  fracdiving       :       0.16       0.00         44          1          1
  gins             :       0.00       0.00          0          0          0
  guideddiving     :       0.13       0.00         49          1          1
  indicator        :       0.00       0.00          0          0          0
  indicatordiving  :       0.00       0.00          0          0          0
  intdiving        :       0.00       0.00          0          0          0
  intshifting      :       0.00       0.00          0          0          0
  linesearchdiving :       0.07       0.00         15          0          0
  localbranching   :       0.00       0.00          0          0          0
  locks            :       0.02       0.00          1          0          0
  lpface           :       0.00       0.00          0          0          0
  mpec             :       0.00       0.00          0          0          0
  multistart       :       0.00       0.00          0          0          0
  mutation         :       0.00       0.00          0          0          0
  nlpdiving        :       0.00       0.00          0          0          0
  objpscostdiving  :       0.10       0.00          5          0          0
  octane           :       0.00       0.00          0          0          0
  ofins            :       0.00       0.00          0          0          0
  oneopt           :       0.00       0.00          8          0          0
  padm             :       0.00       0.00          0          0          0
  proximity        :       0.00       0.00          0          0          0
  pscostdiving     :       0.07       0.00         10          0          0
  randrounding     :       0.20       0.00       2959          0          0
  rens             :       0.02       0.00          2          0          0
  reoptsols        :       0.00       0.00          0          0          0
  repair           :       0.00       0.00          0          0          0
  rins             :       0.09       0.00          8          0          0
  rootsoldiving    :       0.05       0.00          5          0          0
  rounding         :       0.03       0.00       1247          0          0
  scheduler        :       0.00       0.00          0          0          0
  shiftandpropagate:       0.01       0.00          1          0          0
  shifting         :       0.58       0.00        809          0          0
  simplerounding   :       0.00       0.00       8629          0          0
  subnlp           :       0.00       0.00          0          0          0
  trivial          :       0.00       0.00          4          0          0
  trivialnegation  :       0.00       0.00          0          0          0
  trustregion      :       0.00       0.00          0          0          0
  trysol           :       0.00       0.00          0          0          0
  twoopt           :       0.00       0.00          0          0          0
  undercover       :       0.00       0.00          0          0          0
  vbounds          :       0.00       0.00          0          0          0
  veclendiving     :       0.19       0.00         28          1          1
  zeroobj          :       0.00       0.00          0          0          0
  zirounding       :       0.05       0.00       1000          1          1
  other solutions  :          -          -          -          0          -
LNS (Scheduler)    :      Calls  SetupTime  SolveTime SolveNodes       Sols       Best       Exp3    Exp3-IX  EpsGreedy        UCB TgtFixRate  Opt  Inf Node Stal  Sol  Usr Othr Actv
  rens             :          0       0.00       0.00          0          0          0    0.00000    0.12500   -1.00000    1.00000      0.900    0    0    0    0    0    0    0    1
  rins             :          0       0.00       0.00          0          0          0    0.00000    0.12500   -1.00000    1.00000      0.900    0    0    0    0    0    0    0    1
  mutation         :          0       0.00       0.00          0          0          0    0.00000    0.12500   -1.00000    1.00000      0.900    0    0    0    0    0    0    0    1
  localbranching   :          0       0.00       0.00          0          0          0    0.00000    0.12500   -1.00000    1.00000      0.900    0    0    0    0    0    0    0    1
  crossover        :          0       0.00       0.00          0          0          0    0.00000    0.12500   -1.00000    1.00000      0.900    0    0    0    0    0    0    0    1
  proximity        :          0       0.00       0.00          0          0          0    0.00000    0.12500   -1.00000    1.00000      0.900    0    0    0    0    0    0    0    1
  zeroobjective    :          0       0.00       0.00          0          0          0    0.00000    0.12500   -1.00000    1.00000      0.900    0    0    0    0    0    0    0    1
  dins             :          0       0.00       0.00          0          0          0    0.00000    0.12500   -1.00000    1.00000      0.900    0    0    0    0    0    0    0    1
  trustregion      :          0       0.00       0.00          0          0          0    0.00000    0.00000   -1.00000    1.00000      0.900    0    0    0    0    0    0    0    0
LP                 :       Time      Calls Iterations  Iter/call   Iter/sec  Time-0-It Calls-0-It
  primal LP        :       0.18        953          0       0.00       0.00       0.18        953
  dual LP          :       4.01       8659     166371      19.52   41454.15       0.03        137
  lex dual LP      :       0.00          0          0       0.00          -
  barrier LP       :       0.00          0          0       0.00          -       0.00          0
  resolve instable :       0.00          0          0       0.00          -
  diving/probing LP:       0.71        601      36922      61.43   51650.94
  strong branching :       0.10         73       4050      55.48   40313.35          -          -          0
    (at root node) :          -         73       4050      55.48          -
  conflict analysis:       0.00          0          0       0.00          -
Relaxators         :       Time      Calls    Cutoffs ImprBounds   ImprTime ReducedDom  Separated AddedConss
  benders          :       0.00          0          0          0       0.00          0          0          0
B&B Tree           :
  number of runs   :          2
  nodes            :       9510 (5583 internal, 3927 leaves)
  feasible leaves  :          1
  infeas. leaves   :       3923
  objective leaves :          2
  nodes (total)    :      10504 (6281 internal, 4223 leaves)
  nodes left       :       1166
  max depth        :         31
  max depth (total):         31
  backtracks       :       2721 (28.6%)
  early backtracks :          0 (0.0%)
  nodes exc. ref.  :          0 (0.0%)
  delayed cutoffs  :        479
  repropagations   :       2894 (26486 domain reductions, 274 cutoffs)
  avg switch length:       5.69
  switching time   :       1.29
Root Node          :
  First LP value   : +2.10000000000000e+01
  First LP Iters   :        365 (72781.66 Iter/sec)
  First LP Time    :       0.01
  Final Dual Bound : +2.70000000000000e+01
  Final Root Iters :       3508
  Root LP Estimate : +4.92818642158123e+01
Solution           :
  Solutions found  :          8 (8 improvements)
  First Solution   : +5.10000000000000e+01   (in run 1, after 149 nodes, 8.08 seconds, depth 20, found by <relaxation>)
  Gap First Sol.   :      88.89 %
  Gap Last Sol.    :      48.15 %
  Primal Bound     : +4.00000000000000e+01   (in run 2, after 1658 nodes, 14.23 seconds, depth 16, found by <relaxation>)
  Dual Bound       : +2.70000000000000e+01
  Gap              :      48.15 %
Integrals          :      Total       Avg%
  primal-dual      :    1292.60      58.02
  primal-ref       :          -          - (not evaluated)
  dual-ref         :          -          - (not evaluated)
