SCIP version 10.0.0 [precision: 8 byte] [memory: block] [mode: optimized] [LP solver: SoPlex 8.0.0] [GitHash: 0c80fdd8e9]
Copyright (c) 2002-2025 Zuse Institute Berlin (ZIB)

External libraries: 
  Readline 8.3         GNU library for command line editing (gnu.org/s/readline)
  SoPlex 8.0.0         Linear programming solver developed at Zuse Institute Berlin (soplex.zib.de) [GitHash: 2207cfb2]
  CppAD 20180000.0     Algorithmic Differentiation of C++ algorithms developed by B. Bell (github.com/coin-or/CppAD)
  ZLIB 1.2.12          General purpose compression library by J. Gailly and M. Adler (zlib.net)
  MPFR 4.2.2           GNU Multiple Precision Floating-Point Reliable Library (mpfr.org)
  Boost 1.89.0         Boost C++ Libraries (boost.org)
  TinyCThread 1.2      small portable implementation of the C11 threads API (tinycthread.github.io)
  GMP 6.3.0            GNU Multiple Precision Arithmetic Library developed by T. Granlund (gmplib.org)
  AMPL/MP 4.0.3        AMPL .nl file reader library (github.com/ampl/mp)
  PaPILO 3.0.0         parallel presolve for integer and linear optimization (github.com/scipopt/papilo) (built with TBB)
  Nauty 2.8.8          Computing Graph Automorphism Groups by Brendan D. McKay (users.cecs.anu.edu.au/~bdm/nauty)
  sassy 2.0            Symmetry preprocessor by Markus Anders (github.com/markusa4/sassy)
  Ipopt 3.14.19        Interior Point Optimizer developed by A. Waechter et.al. (github.com/coin-or/Ipopt)

reading user parameter file </Users/maxbig/SCIP/SCIPOptSuite-9.2.1-Linux/only_time.set>

read problem </Users/maxbig/SCIP/SCIPOptSuite-9.2.1-Linux/inputs/new_tr/order/layered_12_2_buf_times_P3_M13500_default_input.lp>
============

original problem has 625 variables (612 bin, 13 int, 0 cont) and 2008 constraints

solve problem
=============

presolving:
(round 1, fast)       56 del vars, 48 del conss, 0 add conss, 18 chg bounds, 0 chg sides, 0 chg coeffs, 0 upgd conss, 0 impls, 12 clqs, 0 implints
   (0.0s) running MILP presolver
   (0.0s) MILP presolver (2 rounds): 0 aggregations, 0 fixings, 0 bound changes
(round 2, exhaustive) 56 del vars, 340 del conss, 0 add conss, 18 chg bounds, 9 chg sides, 0 chg coeffs, 0 upgd conss, 0 impls, 12 clqs, 0 implints
(round 3, fast)       60 del vars, 340 del conss, 0 add conss, 18 chg bounds, 9 chg sides, 0 chg coeffs, 0 upgd conss, 0 impls, 12 clqs, 0 implints
(round 4, exhaustive) 60 del vars, 344 del conss, 0 add conss, 18 chg bounds, 13 chg sides, 0 chg coeffs, 0 upgd conss, 0 impls, 12 clqs, 0 implints
(round 5, fast)       63 del vars, 344 del conss, 0 add conss, 18 chg bounds, 13 chg sides, 0 chg coeffs, 0 upgd conss, 0 impls, 12 clqs, 0 implints
(round 6, exhaustive) 63 del vars, 344 del conss, 0 add conss, 18 chg bounds, 13 chg sides, 0 chg coeffs, 842 upgd conss, 0 impls, 12 clqs, 0 implints
   (0.7s) probing cycle finished: starting next cycle
   (0.7s) symmetry computation started: requiring (bin +, int +, cont +), (fixed: bin -, int -, cont -)
   (0.7s) symmetry computation finished: 2 generators found (max: 1500, log10 of symmetry group size: 0.78) (symcode time: 0.00)
dynamic symmetry handling statistics:
   orbitopal reduction:       no components
   orbital reduction:         no components
   lexicographic reduction:   no permutations
handled 1 out of 1 symmetry components
(round 7, exhaustive) 67 del vars, 344 del conss, 1 add conss, 18 chg bounds, 13 chg sides, 0 chg coeffs, 842 upgd conss, 2406 impls, 11 clqs, 0 implints
(round 8, fast)       69 del vars, 454 del conss, 1 add conss, 18 chg bounds, 13 chg sides, 66 chg coeffs, 842 upgd conss, 2406 impls, 74 clqs, 0 implints
(round 9, medium)     81 del vars, 454 del conss, 1 add conss, 18 chg bounds, 13 chg sides, 66 chg coeffs, 842 upgd conss, 2406 impls, 50 clqs, 0 implints
(round 10, fast)       81 del vars, 478 del conss, 1 add conss, 18 chg bounds, 13 chg sides, 66 chg coeffs, 842 upgd conss, 2406 impls, 50 clqs, 0 implints
   (0.8s) probing cycle finished: starting next cycle
(round 11, exhaustive) 91 del vars, 478 del conss, 1 add conss, 18 chg bounds, 13 chg sides, 66 chg coeffs, 842 upgd conss, 2406 impls, 42 clqs, 0 implints
(round 12, fast)       91 del vars, 488 del conss, 1 add conss, 18 chg bounds, 13 chg sides, 66 chg coeffs, 842 upgd conss, 2406 impls, 42 clqs, 0 implints
   (0.8s) probing: 472/522 (90.4%) - 0 fixings, 10 aggregations, 2811 implications, 0 bound changes
   (0.8s) probing aborted: 50/50 successive totally useless probings
presolving (13 rounds: 13 fast, 7 medium, 6 exhaustive):
 91 deleted vars, 488 deleted constraints, 1 added constraints, 18 tightened bounds, 0 added holes, 13 changed sides, 66 changed coefficients
 2406 implications, 42 cliques, 0 implied integral variables (0 bin, 0 int, 0 cont)
presolved problem has 535 variables (522 bin, 13 int, 0 cont) and 1521 constraints
     38 constraints of type <varbound>
     10 constraints of type <setppc>
    822 constraints of type <linear>
      1 constraints of type <orbitope_pp>
    650 constraints of type <logicor>
transformed objective value is always integral (scale: 1)
Presolving Time: 0.83

 time | node  | left  |LP iter|LP it/n|mem/heur|mdpt |vars |cons |rows |cuts |sepa|confs|strbr|  dualbound   | primalbound  |  gap   | compl. 
p 0.9s|     1 |     0 |    12 |     - | vbounds|   0 | 535 |1521 |1520 |   0 |  0 |   2 |   0 | 2.000000e+01 | 7.500000e+01 | 275.00%| unknown
  0.9s|     1 |     0 |   326 |     - |    18M |   0 | 535 |1530 |1520 |   0 |  0 |  16 |   0 | 2.000000e+01 | 7.500000e+01 | 275.00%| unknown
  0.9s|     1 |     0 |   326 |     - |    18M |   0 | 535 |1531 |1462 |   0 |  0 |  17 |   0 | 2.000000e+01 | 7.500000e+01 | 275.00%| unknown
* 1.0s|     1 |     0 |   326 |     - |    LP  |   0 | 535 |1531 |1462 |   0 |  0 |  17 |   0 | 2.000000e+01 | 7.000000e+01 | 250.00%| unknown
  1.0s|     1 |     0 |   807 |     - |    20M |   0 | 535 |1574 |1661 | 199 |  1 |  17 |   0 | 2.000000e+01 | 7.000000e+01 | 250.00%| unknown
  1.0s|     1 |     0 |  1192 |     - |    20M |   0 | 535 |1574 |1711 | 249 |  2 |  17 |   0 | 2.000000e+01 | 7.000000e+01 | 250.00%| unknown
  1.1s|     1 |     0 |  1192 |     - |    20M |   0 | 535 |1574 |1709 | 249 |  2 |  17 |   0 | 2.000000e+01 | 7.000000e+01 | 250.00%| unknown
  1.1s|     1 |     0 |  1387 |     - |    21M |   0 | 535 |1574 |1737 | 277 |  3 |  17 |   0 | 2.000000e+01 | 7.000000e+01 | 250.00%| unknown
  1.1s|     1 |     0 |  1868 |     - |    21M |   0 | 535 |1576 |1751 | 291 |  4 |  19 |   0 | 2.000000e+01 | 7.000000e+01 | 250.00%| unknown
  1.1s|     1 |     0 |  2373 |     - |    22M |   0 | 535 |1579 |1762 | 302 |  5 |  22 |   0 | 2.000000e+01 | 7.000000e+01 | 250.00%| unknown
  1.1s|     1 |     0 |  2373 |     - |    22M |   0 | 535 |1579 |1760 | 302 |  5 |  22 |   0 | 2.000000e+01 | 7.000000e+01 | 250.00%| unknown
  1.1s|     1 |     0 |  2808 |     - |    23M |   0 | 535 |1579 |1771 | 313 |  6 |  22 |   0 | 2.000000e+01 | 7.000000e+01 | 250.00%| unknown
  1.1s|     1 |     0 |  2808 |     - |    23M |   0 | 535 |1580 |1769 | 313 |  6 |  23 |   0 | 2.000000e+01 | 7.000000e+01 | 250.00%| unknown
  1.2s|     1 |     0 |  3113 |     - |    24M |   0 | 535 |1580 |1774 | 318 |  7 |  23 |   0 | 2.000000e+01 | 7.000000e+01 | 250.00%| unknown
  1.2s|     1 |     0 |  3631 |     - |    25M |   0 | 535 |1580 |1776 | 320 |  8 |  23 |   0 | 2.000000e+01 | 7.000000e+01 | 250.00%| unknown
 time | node  | left  |LP iter|LP it/n|mem/heur|mdpt |vars |cons |rows |cuts |sepa|confs|strbr|  dualbound   | primalbound  |  gap   | compl. 
  1.2s|     1 |     0 |  4097 |     - |    25M |   0 | 535 |1582 |1781 | 325 |  9 |  25 |   0 | 2.000000e+01 | 7.000000e+01 | 250.00%| unknown
  1.2s|     1 |     0 |  4097 |     - |    25M |   0 | 535 |1582 |1775 | 325 |  9 |  25 |   0 | 2.000000e+01 | 7.000000e+01 | 250.00%| unknown
  1.2s|     1 |     0 |  4562 |     - |    27M |   0 | 535 |1582 |1781 | 331 | 10 |  25 |   0 | 2.000000e+01 | 7.000000e+01 | 250.00%| unknown
  1.2s|     1 |     0 |  5026 |     - |    27M |   0 | 535 |1583 |1784 | 334 | 11 |  26 |   0 | 2.000000e+01 | 7.000000e+01 | 250.00%| unknown
  1.3s|     1 |     0 |  5444 |     - |    27M |   0 | 535 |1584 |1790 | 340 | 12 |  27 |   0 | 2.000000e+01 | 7.000000e+01 | 250.00%| unknown
  1.3s|     1 |     0 |  5444 |     - |    27M |   0 | 535 |1585 |1788 | 340 | 12 |  28 |   0 | 2.000000e+01 | 7.000000e+01 | 250.00%| unknown
  1.3s|     1 |     0 |  6041 |     - |    28M |   0 | 535 |1585 |1790 | 342 | 13 |  28 |   0 | 2.000000e+01 | 7.000000e+01 | 250.00%| unknown
  1.3s|     1 |     0 |  6735 |     - |    28M |   0 | 535 |1586 |1797 | 349 | 14 |  29 |   0 | 2.000000e+01 | 7.000000e+01 | 250.00%| unknown
  1.3s|     1 |     0 |  6735 |     - |    28M |   0 | 535 |1587 |1791 | 349 | 14 |  30 |   0 | 2.000000e+01 | 7.000000e+01 | 250.00%| unknown
  1.3s|     1 |     0 |  7501 |     - |    28M |   0 | 535 |1587 |1795 | 353 | 15 |  30 |   0 | 2.000000e+01 | 7.000000e+01 | 250.00%| unknown
  1.3s|     1 |     0 |  7504 |     - |    28M |   0 | 535 |1589 |1643 | 355 | 16 |  32 |   0 | 2.000000e+01 | 7.000000e+01 | 250.00%| unknown
  1.3s|     1 |     0 |  7875 |     - |    28M |   0 | 535 |1590 |1646 | 358 | 17 |  33 |   0 | 2.000000e+01 | 7.000000e+01 | 250.00%| unknown
  1.4s|     1 |     0 |  8436 |     - |    28M |   0 | 535 |1590 |1654 | 366 | 18 |  33 |   0 | 2.000000e+01 | 7.000000e+01 | 250.00%| unknown
  1.4s|     1 |     0 |  8902 |     - |    29M |   0 | 535 |1592 |1662 | 374 | 19 |  35 |   0 | 2.000000e+01 | 7.000000e+01 | 250.00%| unknown
(run 1, node 1) restarting after 76 global fixings of integer variables

(restart) converted 210 cuts from the global cut pool into linear constraints

presolving:
(round 1, fast)       111 del vars, 52 del conss, 0 add conss, 35 chg bounds, 691 chg sides, 986 chg coeffs, 0 upgd conss, 2406 impls, 42 clqs, 0 implints
(round 2, fast)       111 del vars, 74 del conss, 0 add conss, 35 chg bounds, 726 chg sides, 986 chg coeffs, 0 upgd conss, 2406 impls, 42 clqs, 0 implints
(round 3, exhaustive) 111 del vars, 160 del conss, 0 add conss, 35 chg bounds, 726 chg sides, 986 chg coeffs, 0 upgd conss, 2406 impls, 42 clqs, 0 implints
(round 4, exhaustive) 111 del vars, 160 del conss, 0 add conss, 35 chg bounds, 726 chg sides, 986 chg coeffs, 121 upgd conss, 2406 impls, 42 clqs, 0 implints
(round 5, medium)     111 del vars, 179 del conss, 0 add conss, 35 chg bounds, 744 chg sides, 986 chg coeffs, 121 upgd conss, 2416 impls, 42 clqs, 0 implints
presolving (6 rounds: 6 fast, 4 medium, 3 exhaustive):
 111 deleted vars, 179 deleted constraints, 0 added constraints, 35 tightened bounds, 0 added holes, 744 changed sides, 986 changed coefficients
 2416 implications, 42 cliques, 0 implied integral variables (0 bin, 0 int, 0 cont)
presolved problem has 424 variables (411 bin, 13 int, 0 cont) and 1561 constraints
    108 constraints of type <varbound>
      6 constraints of type <knapsack>
     11 constraints of type <setppc>
    708 constraints of type <linear>
      1 constraints of type <orbitope_pp>
    691 constraints of type <logicor>
     36 constraints of type <bounddisjunction>
transformed objective value is always integral (scale: 1)
Presolving Time: 0.85

 time | node  | left  |LP iter|LP it/n|mem/heur|mdpt |vars |cons |rows |cuts |sepa|confs|strbr|  dualbound   | primalbound  |  gap   | compl. 
  1.5s|     1 |     0 | 11000 |     - |    28M |   0 | 424 |1561 |1501 |   0 |  0 |  41 |   0 | 2.000000e+01 | 7.000000e+01 | 250.00%| unknown
* 1.6s|     1 |     0 | 11000 |     - |    LP  |   0 | 424 |1561 |1501 |   0 |  0 |  41 |   0 | 2.000000e+01 | 6.800000e+01 | 240.00%| unknown
  1.6s|     1 |     0 | 11342 |     - |    28M |   0 | 424 |1595 |1571 |  70 |  1 |  41 |   0 | 2.000000e+01 | 6.800000e+01 | 240.00%| unknown
  1.6s|     1 |     0 | 11465 |     - |    28M |   0 | 424 |1595 |1571 |  70 |  1 |  41 |   0 | 2.000000e+01 | 6.800000e+01 | 240.00%| unknown
  1.6s|     1 |     0 | 11465 |     - |    28M |   0 | 424 |1595 |1567 |  70 |  1 |  41 |   0 | 2.000000e+01 | 6.800000e+01 | 240.00%| unknown
  1.6s|     1 |     0 | 11701 |     - |    28M |   0 | 424 |1595 |1574 |  77 |  2 |  41 |   0 | 2.002776e+01 | 6.800000e+01 | 239.53%| unknown
  1.6s|     1 |     0 | 12208 |     - |    28M |   0 | 424 |1596 |1572 |  77 |  2 |  42 |   0 | 2.100000e+01 | 6.800000e+01 | 223.81%| unknown
  1.6s|     1 |     0 | 12733 |     - |    29M |   0 | 424 |1596 |1600 | 105 |  3 |  42 |   0 | 2.100000e+01 | 6.800000e+01 | 223.81%| unknown
  1.6s|     1 |     0 | 13377 |     - |    29M |   0 | 424 |1598 |1631 | 136 |  4 |  44 |   0 | 2.100000e+01 | 6.800000e+01 | 223.81%| unknown
  1.7s|     1 |     0 | 13779 |     - |    29M |   0 | 424 |1599 |1640 | 145 |  5 |  45 |   0 | 2.100000e+01 | 6.800000e+01 | 223.81%| unknown
  1.7s|     1 |     0 | 14604 |     - |    29M |   0 | 424 |1602 |1649 | 154 |  6 |  48 |   0 | 2.100000e+01 | 6.800000e+01 | 223.81%| unknown
  1.7s|     1 |     0 | 15306 |     - |    29M |   0 | 424 |1602 |1665 | 170 |  7 |  48 |   0 | 2.100000e+01 | 6.800000e+01 | 223.81%| unknown
  1.8s|     1 |     0 | 16036 |     - |    31M |   0 | 424 |1605 |1674 | 179 |  8 |  51 |   0 | 2.100000e+01 | 6.800000e+01 | 223.81%| unknown
  1.8s|     1 |     0 | 16708 |     - |    31M |   0 | 424 |1605 |1565 | 200 |  9 |  51 |   0 | 2.100000e+01 | 6.800000e+01 | 223.81%| unknown
  1.8s|     1 |     0 | 17147 |     - |    32M |   0 | 424 |1606 |1578 | 213 | 10 |  52 |   0 | 2.100000e+01 | 6.800000e+01 | 223.81%| unknown
 time | node  | left  |LP iter|LP it/n|mem/heur|mdpt |vars |cons |rows |cuts |sepa|confs|strbr|  dualbound   | primalbound  |  gap   | compl. 
  1.8s|     1 |     0 | 17761 |     - |    32M |   0 | 424 |1607 |1586 | 221 | 11 |  53 |   0 | 2.100000e+01 | 6.800000e+01 | 223.81%| unknown
  1.9s|     1 |     0 | 18828 |     - |    32M |   0 | 424 |1609 |1600 | 235 | 12 |  55 |   0 | 2.100000e+01 | 6.800000e+01 | 223.81%| unknown
  1.9s|     1 |     0 | 19812 |     - |    32M |   0 | 424 |1612 |1611 | 246 | 13 |  58 |   0 | 2.100000e+01 | 6.800000e+01 | 223.81%| unknown
  2.4s|     1 |     0 | 21105 |     - |    32M |   0 | 424 |1612 |1611 | 246 | 13 |  66 |  21 | 2.100000e+01 | 6.800000e+01 | 223.81%| unknown
  2.5s|     1 |     0 | 21664 |     - |    32M |   0 | 424 |1614 |1615 | 250 | 14 |  68 |  21 | 2.100000e+01 | 6.800000e+01 | 223.81%| unknown
  2.5s|     1 |     0 | 21958 |     - |    32M |   0 | 424 |1615 |1620 | 255 | 15 |  69 |  21 | 2.100000e+01 | 6.800000e+01 | 223.81%| unknown
  2.5s|     1 |     2 | 22030 |     - |    32M |   0 | 424 |1616 |1620 | 255 | 15 |  70 |  22 | 2.100000e+01 | 6.800000e+01 | 223.81%| unknown
* 2.6s|     6 |     5 | 22543 | 608.7 |    LP  |   5 | 424 |1616 |1344 | 255 |  0 |  70 |  22 | 2.100000e+01 | 6.300000e+01 | 200.00%| unknown
* 2.7s|    11 |    10 | 23654 | 433.0 |    LP  |   5 | 424 |1622 |1344 | 255 |  0 |  76 |  22 | 2.100000e+01 | 6.200000e+01 | 195.24%| unknown

SCIP Status        : solving was interrupted [termination signal received]
Solving Time (sec) : 2.77
Solving Nodes      : 13 (total of 14 nodes in 2 runs)
Primal Bound       : +6.20000000000000e+01 (5 solutions)
Dual Bound         : +2.10000000000000e+01
Gap                : 195.24 %

primal solution (original space):
=================================

objective value:                                   62
m_0_0                                               1 	(obj:0)
m_0_4                                               1 	(obj:0)
m_0_5                                               1 	(obj:0)
m_0_6                                               1 	(obj:0)
m_0_7                                               1 	(obj:0)
m_0_8                                               1 	(obj:0)
m_0_9                                               1 	(obj:0)
m_0_10                                              1 	(obj:0)
m_0_11                                              1 	(obj:0)
m_1_0                                               1 	(obj:0)
m_1_1                                               1 	(obj:0)
m_1_3                                               1 	(obj:0)
m_1_4                                               1 	(obj:0)
m_1_5                                               1 	(obj:0)
m_1_6                                               1 	(obj:0)
m_1_7                                               1 	(obj:0)
m_1_8                                               1 	(obj:0)
m_1_9                                               1 	(obj:0)
m_1_10                                              1 	(obj:0)
m_1_11                                              1 	(obj:0)
m_2_0                                               1 	(obj:0)
m_2_2                                               1 	(obj:0)
m_2_3                                               1 	(obj:0)
m_2_4                                               1 	(obj:0)
m_2_5                                               1 	(obj:0)
m_2_6                                               1 	(obj:0)
m_2_7                                               1 	(obj:0)
m_2_8                                               1 	(obj:0)
m_2_9                                               1 	(obj:0)
m_2_10                                              1 	(obj:0)
m_2_11                                              1 	(obj:0)
m_3_0                                               1 	(obj:0)
m_3_3                                               1 	(obj:0)
m_3_4                                               1 	(obj:0)
m_3_5                                               1 	(obj:0)
m_3_6                                               1 	(obj:0)
m_3_7                                               1 	(obj:0)
m_3_8                                               1 	(obj:0)
m_3_9                                               1 	(obj:0)
m_3_10                                              1 	(obj:0)
m_3_11                                              1 	(obj:0)
m_4_4                                               1 	(obj:0)
m_4_5                                               1 	(obj:0)
m_4_6                                               1 	(obj:0)
m_4_7                                               1 	(obj:0)
m_4_8                                               1 	(obj:0)
m_4_9                                               1 	(obj:0)
m_4_10                                              1 	(obj:0)
m_4_11                                              1 	(obj:0)
m_5_5                                               1 	(obj:0)
m_5_6                                               1 	(obj:0)
m_5_7                                               1 	(obj:0)
m_5_8                                               1 	(obj:0)
m_5_9                                               1 	(obj:0)
m_5_10                                              1 	(obj:0)
m_5_11                                              1 	(obj:0)
m_6_6                                               1 	(obj:0)
m_6_7                                               1 	(obj:0)
m_6_8                                               1 	(obj:0)
m_6_9                                               1 	(obj:0)
m_6_10                                              1 	(obj:0)
m_6_11                                              1 	(obj:0)
m_7_7                                               1 	(obj:0)
m_7_8                                               1 	(obj:0)
m_7_9                                               1 	(obj:0)
m_7_10                                              1 	(obj:0)
m_7_11                                              1 	(obj:0)
m_8_8                                               1 	(obj:0)
m_8_9                                               1 	(obj:0)
m_8_10                                              1 	(obj:0)
m_8_11                                              1 	(obj:0)
m_9_9                                               1 	(obj:0)
m_10_9                                              1 	(obj:0)
m_10_10                                             1 	(obj:0)
m_11_9                                              1 	(obj:0)
m_11_11                                             1 	(obj:0)
p_1_0                                               1 	(obj:0)
p_2_1                                               1 	(obj:0)
p_1_2                                               1 	(obj:0)
p_3_3                                               1 	(obj:0)
p_3_4                                               1 	(obj:0)
p_3_5                                               1 	(obj:0)
p_3_6                                               1 	(obj:0)
p_3_7                                               1 	(obj:0)
p_3_8                                               1 	(obj:0)
p_3_9                                               1 	(obj:0)
p_1_10                                              1 	(obj:0)
p_3_11                                              1 	(obj:0)
t_0_0                                               1 	(obj:0)
z_0_1                                               1 	(obj:0)
z_0_2                                               1 	(obj:0)
t_0_2                                               1 	(obj:0)
t_0_10                                              1 	(obj:0)
t_1_1                                               1 	(obj:0)
t_2_0                                               1 	(obj:0)
t_2_2                                               1 	(obj:0)
t_2_10                                              1 	(obj:0)
z_3_1                                               1 	(obj:0)
t_3_3                                               1 	(obj:0)
t_3_4                                               1 	(obj:0)
t_3_5                                               1 	(obj:0)
t_3_6                                               1 	(obj:0)
t_3_7                                               1 	(obj:0)
t_3_8                                               1 	(obj:0)
t_3_9                                               1 	(obj:0)
t_3_11                                              1 	(obj:0)
z_4_0                                               1 	(obj:0)
z_4_1                                               1 	(obj:0)
z_4_2                                               1 	(obj:0)
z_4_3                                               1 	(obj:0)
t_4_3                                               1 	(obj:0)
t_4_4                                               1 	(obj:0)
t_4_5                                               1 	(obj:0)
t_4_6                                               1 	(obj:0)
t_4_7                                               1 	(obj:0)
t_4_8                                               1 	(obj:0)
t_4_9                                               1 	(obj:0)
t_4_11                                              1 	(obj:0)
z_5_0                                               1 	(obj:0)
z_5_1                                               1 	(obj:0)
z_5_2                                               1 	(obj:0)
z_5_3                                               1 	(obj:0)
t_5_3                                               1 	(obj:0)
z_5_4                                               1 	(obj:0)
t_5_4                                               1 	(obj:0)
t_5_5                                               1 	(obj:0)
t_5_6                                               1 	(obj:0)
t_5_7                                               1 	(obj:0)
t_5_8                                               1 	(obj:0)
t_5_9                                               1 	(obj:0)
t_5_11                                              1 	(obj:0)
z_6_0                                               1 	(obj:0)
z_6_1                                               1 	(obj:0)
z_6_2                                               1 	(obj:0)
z_6_3                                               1 	(obj:0)
t_6_3                                               1 	(obj:0)
z_6_4                                               1 	(obj:0)
t_6_4                                               1 	(obj:0)
z_6_5                                               1 	(obj:0)
t_6_5                                               1 	(obj:0)
t_6_6                                               1 	(obj:0)
t_6_7                                               1 	(obj:0)
t_6_8                                               1 	(obj:0)
t_6_9                                               1 	(obj:0)
t_6_11                                              1 	(obj:0)
z_7_0                                               1 	(obj:0)
z_7_1                                               1 	(obj:0)
z_7_2                                               1 	(obj:0)
z_7_3                                               1 	(obj:0)
t_7_3                                               1 	(obj:0)
z_7_4                                               1 	(obj:0)
t_7_4                                               1 	(obj:0)
z_7_5                                               1 	(obj:0)
t_7_5                                               1 	(obj:0)
z_7_6                                               1 	(obj:0)
t_7_6                                               1 	(obj:0)
t_7_7                                               1 	(obj:0)
t_7_8                                               1 	(obj:0)
t_7_9                                               1 	(obj:0)
t_7_11                                              1 	(obj:0)
z_8_0                                               1 	(obj:0)
z_8_1                                               1 	(obj:0)
z_8_2                                               1 	(obj:0)
z_8_3                                               1 	(obj:0)
t_8_3                                               1 	(obj:0)
z_8_4                                               1 	(obj:0)
t_8_4                                               1 	(obj:0)
z_8_5                                               1 	(obj:0)
t_8_5                                               1 	(obj:0)
z_8_6                                               1 	(obj:0)
t_8_6                                               1 	(obj:0)
z_8_7                                               1 	(obj:0)
t_8_7                                               1 	(obj:0)
t_8_8                                               1 	(obj:0)
t_8_9                                               1 	(obj:0)
t_8_11                                              1 	(obj:0)
z_9_0                                               1 	(obj:0)
z_9_1                                               1 	(obj:0)
z_9_2                                               1 	(obj:0)
z_9_3                                               1 	(obj:0)
t_9_3                                               1 	(obj:0)
z_9_4                                               1 	(obj:0)
t_9_4                                               1 	(obj:0)
z_9_5                                               1 	(obj:0)
t_9_5                                               1 	(obj:0)
z_9_6                                               1 	(obj:0)
t_9_6                                               1 	(obj:0)
z_9_7                                               1 	(obj:0)
t_9_7                                               1 	(obj:0)
z_9_8                                               1 	(obj:0)
t_9_8                                               1 	(obj:0)
t_9_9                                               1 	(obj:0)
z_9_10                                              1 	(obj:0)
z_9_11                                              1 	(obj:0)
t_9_11                                              1 	(obj:0)
z_10_0                                              1 	(obj:0)
t_10_0                                              1 	(obj:0)
z_10_1                                              1 	(obj:0)
z_10_2                                              1 	(obj:0)
t_10_2                                              1 	(obj:0)
z_10_3                                              1 	(obj:0)
z_10_4                                              1 	(obj:0)
z_10_5                                              1 	(obj:0)
z_10_6                                              1 	(obj:0)
z_10_7                                              1 	(obj:0)
z_10_8                                              1 	(obj:0)
t_10_10                                             1 	(obj:0)
z_11_0                                              1 	(obj:0)
z_11_1                                              1 	(obj:0)
z_11_2                                              1 	(obj:0)
z_11_3                                              1 	(obj:0)
t_11_3                                              1 	(obj:0)
z_11_4                                              1 	(obj:0)
t_11_4                                              1 	(obj:0)
z_11_5                                              1 	(obj:0)
t_11_5                                              1 	(obj:0)
z_11_6                                              1 	(obj:0)
t_11_6                                              1 	(obj:0)
z_11_7                                              1 	(obj:0)
t_11_7                                              1 	(obj:0)
z_11_8                                              1 	(obj:0)
t_11_8                                              1 	(obj:0)
t_11_9                                              1 	(obj:0)
t_11_11                                             1 	(obj:0)
y_0_1_0                                             1 	(obj:0)
y_1_1_0                                             1 	(obj:0)
y_2_1_0                                             1 	(obj:0)
y_3_1_0                                             1 	(obj:0)
y_1_1_1                                             1 	(obj:0)
y_2_1_1                                             1 	(obj:0)
y_1_1_2                                             1 	(obj:0)
y_2_1_2                                             1 	(obj:0)
y_3_1_2                                             1 	(obj:0)
y_0_1_3                                             1 	(obj:0)
y_1_1_3                                             1 	(obj:0)
y_2_1_3                                             1 	(obj:0)
y_3_1_3                                             1 	(obj:0)
y_0_1_4                                             1 	(obj:0)
y_1_1_4                                             1 	(obj:0)
y_2_1_4                                             1 	(obj:0)
y_3_1_4                                             1 	(obj:0)
y_4_1_4                                             1 	(obj:0)
y_0_1_5                                             1 	(obj:0)
y_1_1_5                                             1 	(obj:0)
y_2_1_5                                             1 	(obj:0)
y_3_1_5                                             1 	(obj:0)
y_4_1_5                                             1 	(obj:0)
y_5_1_5                                             1 	(obj:0)
y_5_2_5                                             1 	(obj:0)
y_5_3_5                                             1 	(obj:0)
y_0_1_6                                             1 	(obj:0)
y_1_1_6                                             1 	(obj:0)
y_2_1_6                                             1 	(obj:0)
y_3_1_6                                             1 	(obj:0)
y_4_1_6                                             1 	(obj:0)
y_5_1_6                                             1 	(obj:0)
y_5_2_6                                             1 	(obj:0)
y_5_3_6                                             1 	(obj:0)
y_6_1_6                                             1 	(obj:0)
y_6_2_6                                             1 	(obj:0)
y_6_3_6                                             1 	(obj:0)
y_0_1_7                                             1 	(obj:0)
y_3_1_7                                             1 	(obj:0)
y_4_1_7                                             1 	(obj:0)
y_5_1_7                                             1 	(obj:0)
y_5_2_7                                             1 	(obj:0)
y_5_3_7                                             1 	(obj:0)
y_6_1_7                                             1 	(obj:0)
y_6_2_7                                             1 	(obj:0)
y_6_3_7                                             1 	(obj:0)
y_7_1_7                                             1 	(obj:0)
y_7_2_7                                             1 	(obj:0)
y_4_1_8                                             1 	(obj:0)
y_5_1_8                                             1 	(obj:0)
y_5_2_8                                             1 	(obj:0)
y_5_3_8                                             1 	(obj:0)
y_6_1_8                                             1 	(obj:0)
y_6_2_8                                             1 	(obj:0)
y_6_3_8                                             1 	(obj:0)
y_7_1_8                                             1 	(obj:0)
y_7_2_8                                             1 	(obj:0)
y_5_2_9                                             1 	(obj:0)
y_6_2_9                                             1 	(obj:0)
y_7_1_9                                             1 	(obj:0)
y_5_2_10                                            1 	(obj:0)
y_5_3_10                                            1 	(obj:0)
y_6_2_10                                            1 	(obj:0)
y_6_3_10                                            1 	(obj:0)
y_7_1_10                                            1 	(obj:0)
y_7_2_10                                            1 	(obj:0)
y_5_2_11                                            1 	(obj:0)
y_5_3_11                                            1 	(obj:0)
y_6_2_11                                            1 	(obj:0)
y_6_3_11                                            1 	(obj:0)
y_7_1_11                                            1 	(obj:0)
y_7_2_11                                            1 	(obj:0)
s_0                                                 8 	(obj:0)
s_3                                                 7 	(obj:0)
s_4                                                17 	(obj:0)
s_5                                                27 	(obj:0)
s_6                                                35 	(obj:0)
s_7                                                42 	(obj:0)
s_8                                                47 	(obj:0)
s_9                                                57 	(obj:0)
s_10                                               52 	(obj:0)
s_11                                               52 	(obj:0)
l                                                  62 	(obj:1)

Statistics
==========

SCIP Status        : solving was interrupted [termination signal received]
Total Time         :       2.78
  solving          :       2.77
  presolving       :       0.85 (included in solving)
  reading          :       0.00
  copying          :       0.03 (8 #copies) (minimal 0.00, maximal 0.01, average 0.00)
Original Problem   :
  Problem name     : /Users/maxbig/SCIP/SCIPOptSuite-9.2.1-Linux/inputs/new_tr/order/layered_12_2_buf_times_P3_M13500_default_input.lp
  Variables        : 625 (612 binary, 13 integer, 0 continuous)
  Implied int vars : 0 (0 binary, 0 integer, 0 continuous)
  Constraints      : 2008 initial, 2008 maximal
  Objective        : minimize, 1 non-zeros (abs.min = 1, abs.max = 1)
Presolved Problem  :
  Problem name     : t_/Users/maxbig/SCIP/SCIPOptSuite-9.2.1-Linux/inputs/new_tr/order/layered_12_2_buf_times_P3_M13500_default_input.lp
  Variables        : 424 (411 binary, 13 integer, 0 continuous)
  Implied int vars : 0 (0 binary, 0 integer, 0 continuous)
  Constraints      : 1561 initial, 1625 maximal
  Objective        : minimize, 1 non-zeros (abs.min = 1, abs.max = 1)
  Nonzeros         : 5347 constraint, 98 clique table
Presolvers         :   ExecTime  SetupTime  Calls  FixedVars   AggrVars   ChgTypes  ChgBounds   AddHoles    DelCons    AddCons   ChgSides   ChgCoefs
  boundshift       :       0.00       0.00      0          0          0          0          0          0          0          0          0          0
  convertinttobin  :       0.00       0.00      0          0          0          0          0          0          0          0          0          0
  domcol           :       0.00       0.00      4          0          0          0          0          0          0          0          0          0
  dualagg          :       0.00       0.00      0          0          0          0          0          0          0          0          0          0
  dualcomp         :       0.00       0.00      0          0          0          0          0          0          0          0          0          0
  dualinfer        :       0.00       0.00      0          0          0          0          0          0          0          0          0          0
  dualsparsify     :       0.01       0.00      1          0          0          0          0          0          0          0          0          0
  gateextraction   :       0.00       0.00      6          0          0          0          0          0          0          0          0          0
  implics          :       0.00       0.00     11          0          0          0          0          0          0          0          0          0
  implint          :       0.00       0.00      0          0          0          0          0          0          0          0          0          0
  inttobinary      :       0.00       0.00     19          0          0          0          0          0          0          0          0          0
  milp             :       0.00       0.00      1          0          0          0          0          0          0          0          0          0
  qpkktref         :       0.00       0.00      0          0          0          0          0          0          0          0          0          0
  redvub           :       0.00       0.00      0          0          0          0          0          0          0          0          0          0
  sparsify         :       0.00       0.00      2          0          0          0          0          0          0          0          0          0
  stuffing         :       0.00       0.00      0          0          0          0          0          0          0          0          0          0
  trivial          :       0.00       0.00     19        121          0          0          0          0          0          0          0          0
  tworowbnd        :       0.00       0.00      0          0          0          0          0          0          0          0          0          0
  dualfix          :       0.00       0.00     19         19          0          0          0          0          0          0          0          0
  genvbounds       :       0.00       0.00      0          0          0          0          0          0          0          0          0          0
  probing          :       0.78       0.00      3          0         10          0          0          0          0          0          0          0
  pseudoobj        :       0.00       0.00      1          0          0          0          0          0          0          0          0          0
  symmetry         :       0.00       0.00      1          3          0          0          0          0          0          1          0          0
  vbounds          :       0.00       0.00      3          0         12          0          0          0          0          0          0          0
  varbound         :       0.00       0.00     21          0          0          0          0          0         19          0         18          0
  knapsack         :       0.00       0.00      5          0          0          0          0          0          0          0          0          0
  setppc           :       0.00       0.00     27          0          1          0          0          0          4          0          0          0
  linear           :       0.04       0.00     28         35          0          0         53          0        486          0        739        986
  orbitope_pp      :       0.00       0.00      7          0          0          0          0          0          0          0          0          0
  logicor          :       0.01       0.00     25          0          0          0          0          0        143          0          0         66
  bounddisjunction :       0.00       0.00      6          0          0          0          0          0         15          0          0          0
  components       :       0.00       0.00      2          0          0          0          0          0          0          0          0          0
  root node        :          -          -      -         78          -          -        148          -          -          -          -          -
Constraints        :     Number  MaxNumber  #Separate #Propagate    #EnfoLP    #EnfoRelax  #EnfoPS    #Check   #ResProp    Cutoffs    DomReds       Cuts    Applied      Conss   Children
  integral         :          0          0          0          0         13          0          0         26          0          0          0          0          0          0         24
  varbound         :        108        108         34      10058          0          0          0         19          5          0          2          6          0          0          0
  knapsack         :          6          6         14        605          0          0          0          0          0          0          0          1          1          0          0
  setppc           :         11+        14         34       8857          0          0          0         15         47          7          0          5          0          0          0
  linear           :        708        708         34      10051          0          0          0          9        269         32         47          5          3          0          0
  orbitope_pp      :          1          1          0       4478          0          0          0          5          1          1          0          0          0          0          0
  logicor          :        691+       717         34       1552          0          0          0          5         85         22          4          6          2          0          0
  bounddisjunction :         36+        86          0        411          0          0          0          0          4          0          0          0          0          0          0
  fixedvar         :          0          0          0          0          0          0          0          6          0          0          0          0          0          0          0
  countsols        :          0          0          0          0          0          0          0          6          0          0          0          0          0          0          0
  components       :          0          0          0          0          0          0          0          0          0          0          0          0          0          0          0
Constraint Timings :  TotalTime  SetupTime   Separate  Propagate     EnfoLP     EnfoPS     EnfoRelax   Check    ResProp    SB-Prop
  integral         :       0.51       0.00       0.00       0.00       0.51       0.00       0.00       0.00       0.00       0.00
  varbound         :       0.14       0.00       0.00       0.13       0.00       0.00       0.00       0.00       0.00       0.00
  knapsack         :       0.00       0.00       0.00       0.00       0.00       0.00       0.00       0.00       0.00       0.00
  setppc           :       0.00       0.00       0.00       0.00       0.00       0.00       0.00       0.00       0.00       0.00
  linear           :       0.46       0.00       0.00       0.46       0.00       0.00       0.00       0.00       0.00       0.00
  orbitope_pp      :       0.00       0.00       0.00       0.00       0.00       0.00       0.00       0.00       0.00       0.00
  logicor          :       0.01       0.00       0.00       0.01       0.00       0.00       0.00       0.00       0.00       0.00
  bounddisjunction :       0.00       0.00       0.00       0.00       0.00       0.00       0.00       0.00       0.00       0.00
  fixedvar         :       0.00       0.00       0.00       0.00       0.00       0.00       0.00       0.00       0.00       0.00
  countsols        :       0.00       0.00       0.00       0.00       0.00       0.00       0.00       0.00       0.00       0.00
  components       :       0.00       0.00       0.00       0.00       0.00       0.00       0.00       0.00       0.00       0.00
Propagators        : #Propagate   #ResProp    Cutoffs    DomReds
  dualfix          :          6          0          0          0
  genvbounds       :          0          0          0          0
  nlobbt           :          0          0          0          0
  obbt             :          0          0          0          0
  probing          :          0          0          0          0
  pseudoobj        :        114          0          0          1
  redcost          :         83          0          0         80
  rootredcost      :          3          0          0          1
  symmetry         :          0          0          0          0
  vbounds          :       1344         71          8         37
Propagator Timings :  TotalTime  SetupTime   Presolve  Propagate    ResProp    SB-Prop
  dualfix          :       0.00       0.00       0.00       0.00       0.00       0.00
  genvbounds       :       0.00       0.00       0.00       0.00       0.00       0.00
  nlobbt           :       0.00       0.00       0.00       0.00       0.00       0.00
  obbt             :       0.00       0.00       0.00       0.00       0.00       0.00
  probing          :       0.78       0.00       0.78       0.00       0.00       0.00
  pseudoobj        :       0.00       0.00       0.00       0.00       0.00       0.00
  redcost          :       0.00       0.00       0.00       0.00       0.00       0.00
  rootredcost      :       0.00       0.00       0.00       0.00       0.00       0.00
  symmetry         :       0.00       0.00       0.00       0.00       0.00       0.00
  vbounds          :       0.02       0.00       0.00       0.02       0.00       0.00
Symmetry           :
  #affected vars   :         36 (36 bin, 0 int, 0 cont)
  orbitopal red.   :          0 reductions applied,          0 cutoffs
  orbital reduction:          0 reductions applied,          0 cutoffs
  lexicographic red:          0 reductions applied,          0 cutoffs
  shadow tree time :       0.00 s
Conflict Analysis  :       Time      Calls    Success    DomReds  Conflicts   Literals    Reconvs ReconvLits   Dualrays   Nonzeros   LP Iters   (pool size: [10000,10000])
  propagation      :       0.00         44         42          -         67        4.2          1        2.0          -          -          -
  infeasible LP    :       0.00          6          7          -          6        2.5          1        4.0          6        2.5          0
  bound exceed. LP :       0.00          1          2          -          1        1.0          1        3.0          1        1.0         10
  strong branching :       0.00          0          0          -          0        0.0          0        0.0          -          -          0
  pseudo solution  :       0.00          0          0          -          0        0.0          0        0.0          -          -          -
  applied globally :       0.00          -          -          2         72        3.8          -          -          7          -          -
  applied locally  :          -          -          -          0          0        0.0          -          -          0          -          -
Gen. Resolution CA :       Time      Calls    Success  Conflicts  LargeCoef  LongConfs    Length
  propagation      :       0.00          0          0          0          0          0       0.0
Separators         :   ExecTime  SetupTime      Calls  RootCalls    Cutoffs    DomReds  FoundCuts ViaPoolAdd  DirectAdd    Applied ViaPoolApp  DirectApp      Conss
  cut pool         :       0.01          -         65         65          -          -       6247       7961          -          -          -          -          -    (maximal pool size:       3704)
  aggregation      :       0.03       0.00         33         33          0          0        263        321          0        117        117          0          0
  > cmir           :          -          -          -          -          -          -          -          6          0          0          0          0          -
  > flowcover      :          -          -          -          -          -          -          -        315          0        117        117          0          -
  > knapsackcover  :          -          -          -          -          -          -          -          0          0          0          0          0          -
  cgmip            :       0.00       0.00          0          0          0          0          0          0          0          0          0          0          0
  clique           :       0.00       0.00         33         33          0          0          0          0          0          0          0          0          0
  closecuts        :       0.00       0.00          0          0          0          0          0          0          0          0          0          0          0
  convexproj       :       0.00       0.00          0          0          0          0          0          0          0          0          0          0          0
  disjunctive      :       0.00       0.00          0          0          0          0          0          0          0          0          0          0          0
  eccuts           :       0.00       0.00          0          0          0          0          0          0          0          0          0          0          0
  flower           :       0.00       0.00         39         33          0          0          0          0          0          0          0          0          0
  gauge            :       0.00       0.00          0          0          0          0          0          0          0          0          0          0          0
  gomory           :       0.10       0.00         20         20          0          0       4011       5405          0        110        110          0          0
  > gomorymi       :          -          -          -          -          -          -          -       3019          0         50         50          0          -
  > strongcg       :          -          -          -          -          -          -          -       2386          0         60         60          0          -
  impliedbounds    :       0.00       0.00         33         33          0          0       1756       1970          0        309        309          0          0
  interminor       :       0.00       0.00          0          0          0          0          0          0          0          0          0          0          0
  intobj           :       0.00       0.00          0          0          0          0          0          0          0          0          0          0          0
  lagromory        :       0.00       0.00          0          0          0          0          0          0          0          0          0          0          0
  mcf              :       0.00       0.00          2          2          0          0          0          0          0          0          0          0          0
  minor            :       0.00       0.00          0          0          0          0          0          0          0          0          0          0          0
  mixing           :       0.00       0.00         33         33          0          0          0          0          0          0          0          0          0
  oddcycle         :       0.00       0.00          0          0          0          0          0          0          0          0          0          0          0
  rapidlearning    :       0.37       0.00          5          2          0         30          0          0          0          0          0          0         97
  rlt              :       0.00       0.00         20         20          0          0          0          0          0          0          0          0          0
  zerohalf         :       0.02       0.00         33         33          0          0        215        265          0         87         87          0          0
Cutselectors       :   ExecTime  SetupTime      Calls  RootCalls   Selected     Forced   Filtered  RootSelec   RootForc   RootFilt 
  hybrid           :       0.01       0.00         34         34        629          0       7355        629          0       7355
  ensemble         :       0.00       0.00          0          0          0          0          0          0          0          0
  dynamic          :       0.00       0.00          0          0          0          0          0          0          0          0
Pricers            :   ExecTime  SetupTime      Calls       Vars
  problem variables:       0.00          -          0          0
Branching Rules    :   ExecTime  SetupTime   BranchLP  BranchExt   BranchPS    Cutoffs    DomReds       Cuts      Conss   Children
  allfullstrong    :       0.00       0.00          0          0          0          0          0          0          0          0
  cloud            :       0.00       0.00          0          0          0          0          0          0          0          0
  distribution     :       0.00       0.00          0          0          0          0          0          0          0          0
  fullstrong       :       0.00       0.00          0          0          0          0          0          0          0          0
  gomory           :       0.00       0.00          0          0          0          0          0          0          0          0
  inference        :       0.00       0.00          0          0          0          0          0          0          0          0
  leastinf         :       0.00       0.00          0          0          0          0          0          0          0          0
  lookahead        :       0.00       0.00          0          0          0          0          0          0          0          0
  mostinf          :       0.00       0.00          0          0          0          0          0          0          0          0
  multaggr         :       0.00       0.00          0          0          0          0          0          0          0          0
  nodereopt        :       0.00       0.00          0          0          0          0          0          0          0          0
  pscost           :       0.00       0.00          0          0          0          0          0          0          0          0
  random           :       0.00       0.00          0          0          0          0          0          0          0          0
  relpscost        :       0.51       0.00         13          0          0          0          0          0          0         24
  vanillafullstrong:       0.00       0.00          0          0          0          0          0          0          0          0
Primal Heuristics  :   ExecTime  SetupTime      Calls      Found       Best
  LP solutions     :       0.00          -          -          0          0
  relax solutions  :       0.00          -          -          0          0
  pseudo solutions :       0.00          -          -          0          0
  strong branching :       0.00          -          -          0          0
  actconsdiving    :       0.00       0.00          0          0          0
  adaptivediving   :       0.02       0.00          1          0          0
  alns             :       0.00       0.00          1          0          0
  bound            :       0.00       0.00          0          0          0
  clique           :       0.00       0.00          1          0          0
  coefdiving       :       0.00       0.00          0          0          0
  completesol      :       0.00       0.00          0          0          0
  conflictdiving   :       0.07       0.00          2          0          0
  crossover        :       0.00       0.00          0          0          0
  dins             :       0.00       0.00          0          0          0
  distributiondivin:       0.00       0.00          0          0          0
  dks              :       0.00       0.00          0          0          0
  dps              :       0.00       0.00          0          0          0
  dualval          :       0.00       0.00          0          0          0
  farkasdiving     :       0.00       0.00          0          0          0
  feaspump         :       0.04       0.00          1          0          0
  fixandinfer      :       0.00       0.00          0          0          0
  fracdiving       :       0.00       0.00          0          0          0
  gins             :       0.00       0.00          0          0          0
  guideddiving     :       0.00       0.00          0          0          0
  indicator        :       0.00       0.00          0          0          0
  indicatordiving  :       0.00       0.00          0          0          0
  intdiving        :       0.00       0.00          0          0          0
  intshifting      :       0.00       0.00          0          0          0
  linesearchdiving :       0.00       0.00          0          0          0
  localbranching   :       0.00       0.00          0          0          0
  locks            :       0.02       0.00          1          0          0
  lpface           :       0.00       0.00          0          0          0
  mpec             :       0.00       0.00          0          0          0
  multistart       :       0.00       0.00          0          0          0
  mutation         :       0.00       0.00          0          0          0
  nlpdiving        :       0.00       0.00          0          0          0
  objpscostdiving  :       0.00       0.00          0          0          0
  octane           :       0.00       0.00          0          0          0
  ofins            :       0.00       0.00          0          0          0
  oneopt           :       0.00       0.00          5          0          0
  padm             :       0.00       0.00          0          0          0
  proximity        :       0.00       0.00          0          0          0
  pscostdiving     :       0.02       0.00          1          0          0
  randrounding     :       0.03       0.00         38          0          0
  rens             :       0.02       0.00          2          0          0
  reoptsols        :       0.00       0.00          0          0          0
  repair           :       0.00       0.00          0          0          0
  rins             :       0.00       0.00          0          0          0
  rootsoldiving    :       0.00       0.00          0          0          0
  rounding         :       0.00       0.00         49          0          0
  scheduler        :       0.00       0.00          0          0          0
  shiftandpropagate:       0.00       0.00          0          0          0
  shifting         :       0.03       0.00         40          0          0
  simplerounding   :       0.00       0.00         65          0          0
  subnlp           :       0.00       0.00          0          0          0
  trivial          :       0.00       0.00          4          0          0
  trivialnegation  :       0.00       0.00          0          0          0
  trustregion      :       0.00       0.00          0          0          0
  trysol           :       0.00       0.00          0          0          0
  twoopt           :       0.00       0.00          0          0          0
  undercover       :       0.00       0.00          0          0          0
  vbounds          :       0.03       0.00          1          1          1
  veclendiving     :       0.00       0.00          0          0          0
  zeroobj          :       0.00       0.00          0          0          0
  zirounding       :       0.00       0.00         13          0          0
  other solutions  :          -          -          -          0          -
LNS (Scheduler)    :      Calls  SetupTime  SolveTime SolveNodes       Sols       Best       Exp3    Exp3-IX  EpsGreedy        UCB TgtFixRate  Opt  Inf Node Stal  Sol  Usr Othr Actv
  rens             :          0       0.00       0.00          0          0          0    0.00000    0.12500   -1.00000    1.00000      0.900    0    0    0    0    0    0    0    1
  rins             :          0       0.00       0.00          0          0          0    0.00000    0.12500   -1.00000    1.00000      0.900    0    0    0    0    0    0    0    1
  mutation         :          0       0.00       0.00          0          0          0    0.00000    0.12500   -1.00000    1.00000      0.900    0    0    0    0    0    0    0    1
  localbranching   :          0       0.00       0.00          0          0          0    0.00000    0.12500   -1.00000    1.00000      0.900    0    0    0    0    0    0    0    1
  crossover        :          0       0.00       0.00          0          0          0    0.00000    0.12500   -1.00000    1.00000      0.900    0    0    0    0    0    0    0    1
  proximity        :          0       0.00       0.00          0          0          0    0.00000    0.12500   -1.00000    1.00000      0.900    0    0    0    0    0    0    0    1
  zeroobjective    :          0       0.00       0.00          0          0          0    0.00000    0.12500   -1.00000    1.00000      0.900    0    0    0    0    0    0    0    1
  dins             :          0       0.00       0.00          0          0          0    0.00000    0.12500   -1.00000    1.00000      0.900    0    0    0    0    0    0    0    1
  trustregion      :          0       0.00       0.00          0          0          0    0.00000    0.00000   -1.00000    1.00000      0.900    0    0    0    0    0    0    0    0
LP                 :       Time      Calls Iterations  Iter/call   Iter/sec  Time-0-It Calls-0-It
  primal LP        :       0.00          3          0       0.00          -       0.00          3
  dual LP          :       0.56         66      19653     401.08   35237.48       0.00         17
  lex dual LP      :       0.00          0          0       0.00          -
  barrier LP       :       0.00          0          0       0.00          -       0.00          0
  resolve instable :       0.00          0          0       0.00          -
  diving/probing LP:       0.13         38       4586     120.68   34450.90
  strong branching :       0.49         22      14593     663.32   29607.31          -          -         27
    (at root node) :          -         22      14593     663.32          -
  conflict analysis:       0.00          1         10      10.00          -
Relaxators         :       Time      Calls    Cutoffs ImprBounds   ImprTime ReducedDom  Separated AddedConss
  benders          :       0.00          0          0          0       0.00          0          0          0
B&B Tree           :
  number of runs   :          2
  nodes            :         13 (12 internal, 1 leaves)
  feasible leaves  :          0
  infeas. leaves   :          0
  objective leaves :          0
  nodes (total)    :         14 (12 internal, 2 leaves)
  nodes left       :         13
  max depth        :          5
  max depth (total):          5
  backtracks       :          2 (15.4%)
  early backtracks :          0 (0.0%)
  nodes exc. ref.  :          0 (0.0%)
  delayed cutoffs  :          0
  repropagations   :          4 (4 domain reductions, 0 cutoffs)
  avg switch length:       2.00
  switching time   :       0.00
Root Node          :
  First LP value   : +2.00000000000000e+01
  First LP Iters   :        314 (217451.52 Iter/sec)
  First LP Time    :       0.00
  Final Dual Bound : +2.10000000000000e+01
  Final Root Iters :      18891
  Root LP Estimate : +2.19250123639763e+01
Solution           :
  Solutions found  :          5 (5 improvements)
  First Solution   : +7.50000000000000e+01   (in run 1, after 1 nodes, 0.86 seconds, depth 170, found by <vbounds>)
  Gap First Sol.   :     275.00 %
  Gap Last Sol.    :     195.24 %
  Primal Bound     : +6.20000000000000e+01   (in run 2, after 11 nodes, 2.72 seconds, depth 5, found by <relaxation>)
  Dual Bound       : +2.10000000000000e+01
  Gap              :     195.24 %
Integrals          :      Total       Avg%
  primal-dual      :     219.67      79.26
  primal-ref       :          -          - (not evaluated)
  dual-ref         :          -          - (not evaluated)
