SCIP version 10.0.0 [precision: 8 byte] [memory: block] [mode: optimized] [LP solver: SoPlex 8.0.0] [GitHash: 0c80fdd8e9]
Copyright (c) 2002-2025 Zuse Institute Berlin (ZIB)

External libraries: 
  Readline 8.3         GNU library for command line editing (gnu.org/s/readline)
  SoPlex 8.0.0         Linear programming solver developed at Zuse Institute Berlin (soplex.zib.de) [GitHash: 2207cfb2]
  CppAD 20180000.0     Algorithmic Differentiation of C++ algorithms developed by B. Bell (github.com/coin-or/CppAD)
  ZLIB 1.2.12          General purpose compression library by J. Gailly and M. Adler (zlib.net)
  MPFR 4.2.2           GNU Multiple Precision Floating-Point Reliable Library (mpfr.org)
  Boost 1.89.0         Boost C++ Libraries (boost.org)
  TinyCThread 1.2      small portable implementation of the C11 threads API (tinycthread.github.io)
  GMP 6.3.0            GNU Multiple Precision Arithmetic Library developed by T. Granlund (gmplib.org)
  AMPL/MP 4.0.3        AMPL .nl file reader library (github.com/ampl/mp)
  PaPILO 3.0.0         parallel presolve for integer and linear optimization (github.com/scipopt/papilo) (built with TBB)
  Nauty 2.8.8          Computing Graph Automorphism Groups by Brendan D. McKay (users.cecs.anu.edu.au/~bdm/nauty)
  sassy 2.0            Symmetry preprocessor by Markus Anders (github.com/markusa4/sassy)
  Ipopt 3.14.19        Interior Point Optimizer developed by A. Waechter et.al. (github.com/coin-or/Ipopt)

reading user parameter file </Users/maxbig/SCIP/SCIPOptSuite-9.2.1-Linux/only_time.set>

read problem </Users/maxbig/SCIP/SCIPOptSuite-9.2.1-Linux/inputs/new_tr/order/layered_12_2_buf_times_P2_M11500_up_right_input.lp>
============

original problem has 613 variables (600 bin, 13 int, 0 cont) and 1743 constraints

solve problem
=============

presolving:
(round 1, fast)       69 del vars, 36 del conss, 0 add conss, 20 chg bounds, 0 chg sides, 0 chg coeffs, 0 upgd conss, 0 impls, 0 clqs, 0 implints
(round 2, fast)       69 del vars, 36 del conss, 0 add conss, 28 chg bounds, 0 chg sides, 0 chg coeffs, 0 upgd conss, 0 impls, 0 clqs, 0 implints
   (0.0s) running MILP presolver
   (0.0s) MILP presolver (2 rounds): 0 aggregations, 0 fixings, 1 bound changes
(round 3, exhaustive) 69 del vars, 320 del conss, 0 add conss, 29 chg bounds, 0 chg sides, 0 chg coeffs, 0 upgd conss, 0 impls, 0 clqs, 0 implints
(round 4, exhaustive) 69 del vars, 361 del conss, 0 add conss, 29 chg bounds, 61 chg sides, 0 chg coeffs, 0 upgd conss, 0 impls, 0 clqs, 0 implints
(round 5, fast)       89 del vars, 364 del conss, 0 add conss, 29 chg bounds, 61 chg sides, 0 chg coeffs, 0 upgd conss, 0 impls, 0 clqs, 0 implints
(round 6, exhaustive) 89 del vars, 374 del conss, 0 add conss, 29 chg bounds, 61 chg sides, 0 chg coeffs, 0 upgd conss, 0 impls, 0 clqs, 0 implints
(round 7, exhaustive) 89 del vars, 374 del conss, 0 add conss, 29 chg bounds, 61 chg sides, 0 chg coeffs, 579 upgd conss, 0 impls, 0 clqs, 0 implints
   (0.6s) probing cycle finished: starting next cycle
   (0.6s) symmetry computation started: requiring (bin +, int +, cont +), (fixed: bin -, int -, cont -)
   (0.6s) no symmetry present (symcode time: 0.00)
presolving (8 rounds: 8 fast, 5 medium, 5 exhaustive):
 89 deleted vars, 374 deleted constraints, 0 added constraints, 29 tightened bounds, 0 added holes, 61 changed sides, 0 changed coefficients
 2306 implications, 0 cliques, 0 implied integral variables (0 bin, 0 int, 0 cont)
presolved problem has 524 variables (511 bin, 13 int, 0 cont) and 1369 constraints
     42 constraints of type <varbound>
      9 constraints of type <knapsack>
    790 constraints of type <linear>
    528 constraints of type <logicor>
transformed objective value is always integral (scale: 1)
Presolving Time: 0.59

 time | node  | left  |LP iter|LP it/n|mem/heur|mdpt |vars |cons |rows |cuts |sepa|confs|strbr|  dualbound   | primalbound  |  gap   | compl. 
  0.6s|     1 |     0 |   345 |     - |    13M |   0 | 524 |1375 |1369 |   0 |  0 |   6 |   0 | 2.100000e+01 |      --      |    Inf | unknown
  2.8s|     1 |     0 |  1031 |     - |    14M |   0 | 524 |1376 |1451 |  82 |  1 |   7 |   0 | 2.100000e+01 |      --      |    Inf | unknown
  2.8s|     1 |     0 |  1158 |     - |    15M |   0 | 524 |1377 |1463 |  94 |  2 |   8 |   0 | 2.100000e+01 |      --      |    Inf | unknown
  2.8s|     1 |     0 |  1211 |     - |    15M |   0 | 524 |1377 |1477 | 108 |  3 |   8 |   0 | 2.100000e+01 |      --      |    Inf | unknown
  2.8s|     1 |     0 |  1282 |     - |    15M |   0 | 524 |1377 |1490 | 121 |  4 |   8 |   0 | 2.100000e+01 |      --      |    Inf | unknown
  2.8s|     1 |     0 |  1407 |     - |    15M |   0 | 524 |1377 |1509 | 140 |  5 |   8 |   0 | 2.132619e+01 |      --      |    Inf | unknown
  2.8s|     1 |     0 |  1467 |     - |    15M |   0 | 524 |1377 |1508 | 140 |  5 |   8 |   0 | 2.200000e+01 |      --      |    Inf | unknown
  2.8s|     1 |     0 |  1538 |     - |    15M |   0 | 524 |1377 |1525 | 157 |  6 |   8 |   0 | 2.223001e+01 |      --      |    Inf | unknown
  2.8s|     1 |     0 |  1573 |     - |    15M |   0 | 524 |1377 |1523 | 157 |  6 |   8 |   0 | 2.300000e+01 |      --      |    Inf | unknown
  2.8s|     1 |     0 |  1740 |     - |    15M |   0 | 524 |1377 |1542 | 176 |  7 |   8 |   0 | 2.320087e+01 |      --      |    Inf | unknown
  2.8s|     1 |     0 |  1798 |     - |    16M |   0 | 524 |1378 |1542 | 176 |  7 |   9 |   0 | 2.400000e+01 |      --      |    Inf | unknown
  2.8s|     1 |     0 |  1861 |     - |    16M |   0 | 524 |1378 |1559 | 193 |  8 |   9 |   0 | 2.400000e+01 |      --      |    Inf | unknown
  2.9s|     1 |     0 |  1918 |     - |    16M |   0 | 524 |1378 |1493 | 210 |  9 |   9 |   0 | 2.400000e+01 |      --      |    Inf | unknown
  2.9s|     1 |     0 |  1997 |     - |    17M |   0 | 524 |1378 |1507 | 224 | 10 |   9 |   0 | 2.400166e+01 |      --      |    Inf | unknown
  2.9s|     1 |     0 |  2032 |     - |    17M |   0 | 524 |1379 |1505 | 224 | 10 |  10 |   0 | 2.500000e+01 |      --      |    Inf | unknown
 time | node  | left  |LP iter|LP it/n|mem/heur|mdpt |vars |cons |rows |cuts |sepa|confs|strbr|  dualbound   | primalbound  |  gap   | compl. 
  2.9s|     1 |     0 |  2056 |     - |    17M |   0 | 524 |1382 |1521 | 240 | 11 |  13 |   0 | 2.500000e+01 |      --      |    Inf | unknown
  2.9s|     1 |     0 |  2101 |     - |    17M |   0 | 524 |1383 |1527 | 246 | 12 |  14 |   0 | 2.500000e+01 |      --      |    Inf | unknown
  2.9s|     1 |     0 |  2140 |     - |    18M |   0 | 524 |1384 |1536 | 255 | 13 |  15 |   0 | 2.512364e+01 |      --      |    Inf | unknown
  2.9s|     1 |     0 |  2168 |     - |    18M |   0 | 524 |1386 |1533 | 255 | 13 |  17 |   0 | 2.600000e+01 |      --      |    Inf | unknown
  2.9s|     1 |     0 |  2180 |     - |    18M |   0 | 524 |1388 |1474 | 258 | 14 |  19 |   0 | 2.600000e+01 |      --      |    Inf | unknown
  2.9s|     1 |     0 |  2199 |     - |    18M |   0 | 524 |1391 |1481 | 265 | 15 |  22 |   0 | 2.600000e+01 |      --      |    Inf | unknown
  2.9s|     1 |     0 |  2235 |     - |    19M |   0 | 524 |1393 |1486 | 270 | 16 |  24 |   0 | 2.600000e+01 |      --      |    Inf | unknown
  2.9s|     1 |     0 |  2250 |     - |    19M |   0 | 524 |1395 |1462 | 274 | 17 |  26 |   0 | 2.604562e+01 |      --      |    Inf | unknown
  2.9s|     1 |     0 |  2266 |     - |    19M |   0 | 524 |1395 |1458 | 274 | 17 |  26 |   0 | 2.700000e+01 |      --      |    Inf | unknown
  2.9s|     1 |     0 |  2278 |     - |    19M |   0 | 524 |1397 |1462 | 278 | 18 |  28 |   0 | 2.700000e+01 |      --      |    Inf | unknown
  3.0s|     1 |     0 |  2305 |     - |    19M |   0 | 524 |1398 |1466 | 282 | 19 |  29 |   0 | 2.700000e+01 |      --      |    Inf | unknown
  3.0s|     1 |     0 |  2315 |     - |    19M |   0 | 524 |1398 |1470 | 286 | 20 |  29 |   0 | 2.700000e+01 |      --      |    Inf | unknown
  3.0s|     1 |     0 |  2324 |     - |    19M |   0 | 524 |1398 |1473 | 289 | 21 |  29 |   0 | 2.700000e+01 |      --      |    Inf | unknown
  3.0s|     1 |     2 |  2718 |     - |    19M |   0 | 524 |1404 |1473 | 289 | 22 |  35 |  19 | 2.700000e+01 |      --      |    Inf | unknown
d 6.0s|    41 |    36 |  5591 |  82.1 |distribu|  13 | 524 |1430 |1477 |   0 |  3 |  61 |  19 | 2.700000e+01 | 5.000000e+01 |  85.19%|   0.90%
 time | node  | left  |LP iter|LP it/n|mem/heur|mdpt |vars |cons |rows |cuts |sepa|confs|strbr|  dualbound   | primalbound  |  gap   | compl. 
* 6.4s|    74 |    61 |  9942 | 104.6 |    LP  |  13 | 524 |1421 |1415 | 996 |  0 |  69 |  19 | 2.700000e+01 | 4.100000e+01 |  51.85%|   0.88%
  6.7s|   100 |    83 | 13476 | 112.8 |    27M |  13 | 524 |1393 |1406 |1348 |  1 |  85 |  19 | 2.700000e+01 | 4.100000e+01 |  51.85%|   2.31%
* 6.8s|   106 |    87 | 14226 | 113.5 |    LP  |  13 | 524 |1393 |1406 |1507 |  0 |  85 |  19 | 2.700000e+01 | 4.000000e+01 |  48.15%|   2.31%
  7.4s|   200 |   148 | 23369 | 105.8 |    31M |  16 | 524 |1424 |1461 |2464 |  1 | 163 |  19 | 2.700000e+01 | 4.000000e+01 |  48.15%|  11.62%
  8.1s|   300 |   199 | 29299 |  90.3 |    33M |  16 | 524 |1468 |1408 |3481 |  1 | 212 |  19 | 2.700000e+01 | 4.000000e+01 |  48.15%|  20.19%
  8.7s|   400 |   252 | 35246 |  82.6 |    35M |  16 | 524 |1487 |1427 |4834 |  2 | 234 |  19 | 2.700000e+01 | 4.000000e+01 |  48.15%|  29.30%
  9.1s|   500 |   296 | 41921 |  79.4 |    38M |  16 | 524 |1514 |1410 |6371 |  1 | 268 |  19 | 2.700000e+01 | 4.000000e+01 |  48.15%|  34.30%
  9.6s|   600 |   336 | 47378 |  75.2 |    40M |  20 | 524 |1525 |1459 |7620 |  1 | 281 |  19 | 2.700000e+01 | 4.000000e+01 |  48.15%|  37.78%
  9.9s|   700 |   360 | 51721 |  70.7 |    41M |  20 | 524 |1548 |1459 |8196 |  1 | 305 |  19 | 2.700000e+01 | 4.000000e+01 |  48.15%|  37.92%
 10.4s|   800 |   410 | 55672 |  66.8 |    41M |  20 | 524 |1559 |1510 |9080 |  5 | 322 |  19 | 2.700000e+01 | 4.000000e+01 |  48.15%|  39.46%
 10.7s|   900 |   460 | 59679 |  63.8 |    41M |  20 | 524 |1595 |1513 |9907 |  4 | 360 |  19 | 2.700000e+01 | 4.000000e+01 |  48.15%|  39.79%
 11.1s|  1000 |   501 | 64142 |  61.9 |    42M |  20 | 524 |1621 |   0 |  11k|  0 | 387 |  19 | 2.700000e+01 | 4.000000e+01 |  48.15%|  44.05%
 11.3s|  1100 |   537 | 67307 |  59.1 |    43M |  20 | 524 |1648 |   0 |  11k|  0 | 420 |  19 | 2.700000e+01 | 4.000000e+01 |  48.15%|  44.89%
 11.7s|  1200 |   549 | 71063 |  57.3 |    45M |  20 | 524 |1658 |   0 |  12k|  0 | 437 |  19 | 2.700000e+01 | 4.000000e+01 |  48.15%|  46.84%
 12.2s|  1300 |   572 | 76222 |  56.9 |    46M |  20 | 524 |1680 |1449 |  13k|  1 | 461 |  20 | 2.700000e+01 | 4.000000e+01 |  48.15%|  50.89%
 time | node  | left  |LP iter|LP it/n|mem/heur|mdpt |vars |cons |rows |cuts |sepa|confs|strbr|  dualbound   | primalbound  |  gap   | compl. 
 12.5s|  1400 |   592 | 79522 |  55.2 |    46M |  20 | 524 |1726 |1436 |  13k|  1 | 511 |  20 | 2.700000e+01 | 4.000000e+01 |  48.15%|  51.40%
 12.7s|  1500 |   617 | 82307 |  53.4 |    46M |  20 | 524 |1743 |1432 |  14k|  1 | 532 |  20 | 2.700000e+01 | 4.000000e+01 |  48.15%|  53.09%
 12.9s|  1600 |   638 | 84538 |  51.4 |    47M |  20 | 524 |1782 |1432 |  14k|  1 | 579 |  20 | 2.700000e+01 | 4.000000e+01 |  48.15%|  53.82%
 13.3s|  1700 |   680 | 87208 |  50.0 |    47M |  20 | 524 |1807 |1443 |  14k|  1 | 611 |  20 | 2.700000e+01 | 4.000000e+01 |  48.15%|  54.10%
 13.4s|  1800 |   697 | 89206 |  48.3 |    47M |  20 | 524 |1816 |1429 |  15k|  1 | 632 |  20 | 2.700000e+01 | 4.000000e+01 |  48.15%|  54.48%
 13.6s|  1900 |   737 | 91536 |  47.0 |    47M |  20 | 524 |1826 |1437 |  15k|  1 | 645 |  20 | 2.700000e+01 | 4.000000e+01 |  48.15%|  56.23%
 13.7s|  2000 |   762 | 93228 |  45.5 |    47M |  20 | 524 |1830 |1437 |  15k|  2 | 650 |  20 | 2.700000e+01 | 4.000000e+01 |  48.15%|  56.46%
 13.9s|  2100 |   801 | 95740 |  44.5 |    47M |  25 | 524 |1840 |1468 |  16k|  1 | 672 |  20 | 2.700000e+01 | 4.000000e+01 |  48.15%|  56.65%
 14.0s|  2200 |   799 | 97339 |  43.2 |    47M |  26 | 524 |1845 |   0 |  16k|  0 | 694 |  20 | 2.700000e+01 | 4.000000e+01 |  48.15%|  56.78%
 14.2s|  2300 |   819 |100287 |  42.6 |    48M |  26 | 524 |1868 |   0 |  17k|  0 | 730 |  20 | 2.700000e+01 | 4.000000e+01 |  48.15%|  57.31%
 14.3s|  2400 |   824 |101487 |  41.3 |    48M |  26 | 524 |1857 |   0 |  17k|  0 | 740 |  20 | 2.700000e+01 | 4.000000e+01 |  48.15%|  57.94%
 14.4s|  2500 |   840 |102727 |  40.2 |    48M |  26 | 524 |1862 |1423 |  17k|  1 | 755 |  20 | 2.700000e+01 | 4.000000e+01 |  48.15%|  59.74%
 14.5s|  2600 |   854 |104620 |  39.4 |    48M |  26 | 524 |1879 |   0 |  17k|  0 | 780 |  20 | 2.700000e+01 | 4.000000e+01 |  48.15%|  59.87%
 14.6s|  2700 |   839 |105621 |  38.3 |    48M |  26 | 524 |1893 |1428 |  17k|  1 | 818 |  20 | 2.700000e+01 | 4.000000e+01 |  48.15%|  61.21%
 14.7s|  2800 |   856 |106827 |  37.3 |    49M |  26 | 524 |1903 |1450 |  18k|  1 | 848 |  20 | 2.700000e+01 | 4.000000e+01 |  48.15%|  63.18%
 time | node  | left  |LP iter|LP it/n|mem/heur|mdpt |vars |cons |rows |cuts |sepa|confs|strbr|  dualbound   | primalbound  |  gap   | compl. 
 14.9s|  2900 |   864 |108281 |  36.6 |    49M |  26 | 524 |1898 |1439 |  18k|  1 | 871 |  20 | 2.700000e+01 | 4.000000e+01 |  48.15%|  63.27%
 14.9s|  3000 |   862 |109298 |  35.7 |    49M |  26 | 524 |1901 |1443 |  18k|  1 | 907 |  20 | 2.700000e+01 | 4.000000e+01 |  48.15%|  64.80%
 15.1s|  3100 |   857 |110764 |  35.0 |    49M |  26 | 524 |1916 |   0 |  18k|  0 | 951 |  20 | 2.800000e+01 | 4.000000e+01 |  42.86%|  65.70%
 15.2s|  3200 |   870 |112749 |  34.5 |    49M |  26 | 524 |1900 |   0 |  19k|  0 | 973 |  20 | 2.800000e+01 | 4.000000e+01 |  42.86%|  65.78%
 15.3s|  3300 |   899 |114604 |  34.0 |    49M |  26 | 524 |1904 |1444 |  19k|  1 | 999 |  20 | 2.800000e+01 | 4.000000e+01 |  42.86%|  66.21%
 15.4s|  3400 |   911 |116355 |  33.6 |    49M |  26 | 524 |1926 |1483 |  19k|  1 |1047 |  20 | 2.800000e+01 | 4.000000e+01 |  42.86%|  66.28%
 15.5s|  3500 |   920 |117769 |  33.0 |    49M |  26 | 524 |1921 |1468 |  19k|  1 |1067 |  20 | 2.800000e+01 | 4.000000e+01 |  42.86%|  66.31%
 15.6s|  3600 |   912 |119100 |  32.5 |    49M |  26 | 524 |1901 |   0 |  19k|  0 |1095 |  20 | 2.800000e+01 | 4.000000e+01 |  42.86%|  66.37%
 15.7s|  3700 |   896 |119944 |  31.8 |    49M |  26 | 524 |1853 |   0 |  20k|  0 |1117 |  20 | 2.800000e+01 | 4.000000e+01 |  42.86%|  69.03%
 15.8s|  3800 |   882 |121163 |  31.3 |    50M |  26 | 524 |1869 |   0 |  20k|  0 |1163 |  20 | 2.800000e+01 | 4.000000e+01 |  42.86%|  70.69%
 15.9s|  3900 |   884 |122881 |  30.9 |    50M |  26 | 524 |1896 |1433 |  20k|  1 |1214 |  20 | 2.800000e+01 | 4.000000e+01 |  42.86%|  71.21%
 16.1s|  4000 |   885 |124184 |  30.5 |    50M |  26 | 524 |1901 |1426 |  20k|  1 |1248 |  20 | 2.800000e+01 | 4.000000e+01 |  42.86%|  72.14%
 16.2s|  4100 |   877 |125798 |  30.1 |    50M |  26 | 524 |1915 |1443 |  20k|  1 |1289 |  20 | 2.800000e+01 | 4.000000e+01 |  42.86%|  72.41%
 16.3s|  4200 |   896 |127134 |  29.7 |    50M |  26 | 524 |1914 |   0 |  21k|  0 |1301 |  20 | 2.800000e+01 | 4.000000e+01 |  42.86%|  72.48%
 16.4s|  4300 |   901 |128348 |  29.3 |    50M |  26 | 524 |1922 |1463 |  21k|  1 |1342 |  20 | 2.800000e+01 | 4.000000e+01 |  42.86%|  72.58%
 time | node  | left  |LP iter|LP it/n|mem/heur|mdpt |vars |cons |rows |cuts |sepa|confs|strbr|  dualbound   | primalbound  |  gap   | compl. 
 16.4s|  4400 |   898 |129247 |  28.9 |    50M |  26 | 524 |1927 |1440 |  21k|  1 |1365 |  20 | 2.800000e+01 | 4.000000e+01 |  42.86%|  72.73%
 16.5s|  4500 |   899 |130837 |  28.6 |    51M |  26 | 524 |1967 |   0 |  21k|  0 |1432 |  20 | 2.800000e+01 | 4.000000e+01 |  42.86%|  72.85%
 16.7s|  4600 |   912 |132422 |  28.3 |    51M |  26 | 524 |1977 |1441 |  21k|  1 |1470 |  20 | 2.800000e+01 | 4.000000e+01 |  42.86%|  72.89%
 16.8s|  4700 |   928 |133805 |  28.0 |    51M |  26 | 524 |1988 |1461 |  22k|  1 |1505 |  20 | 2.800000e+01 | 4.000000e+01 |  42.86%|  73.07%
 16.9s|  4800 |   924 |135022 |  27.7 |    51M |  28 | 524 |1961 |   0 |  22k|  0 |1514 |  20 | 2.800000e+01 | 4.000000e+01 |  42.86%|  73.18%
 17.0s|  4900 |   927 |136241 |  27.3 |    51M |  28 | 524 |1974 |1441 |  22k|  1 |1537 |  20 | 2.800000e+01 | 4.000000e+01 |  42.86%|  73.25%
 17.1s|  5000 |   953 |137398 |  27.0 |    51M |  28 | 524 |1972 |1444 |  22k|  1 |1547 |  20 | 2.800000e+01 | 4.000000e+01 |  42.86%|  73.41%
 17.2s|  5100 |   969 |138921 |  26.8 |    51M |  28 | 524 |1969 |1466 |  22k|  2 |1559 |  20 | 2.800000e+01 | 4.000000e+01 |  42.86%|  73.46%
 17.3s|  5200 |   948 |139837 |  26.5 |    51M |  28 | 524 |1978 |1467 |  23k|  2 |1586 |  20 | 2.831250e+01 | 4.000000e+01 |  41.28%|  73.60%
 17.3s|  5300 |   944 |140938 |  26.2 |    52M |  28 | 524 |1968 |1443 |  23k|  1 |1605 |  20 | 2.900000e+01 | 4.000000e+01 |  37.93%|  74.78%
 17.4s|  5400 |   943 |142142 |  25.9 |    52M |  28 | 524 |1997 |1459 |  23k|  2 |1658 |  20 | 2.900000e+01 | 4.000000e+01 |  37.93%|  75.04%
 17.5s|  5500 |   931 |143059 |  25.6 |    52M |  28 | 524 |2012 |1441 |  23k|  1 |1696 |  20 | 2.900000e+01 | 4.000000e+01 |  37.93%|  75.37%
 17.6s|  5600 |   934 |143927 |  25.3 |    52M |  28 | 524 |2005 |1440 |  23k|  1 |1723 |  20 | 2.900000e+01 | 4.000000e+01 |  37.93%|  75.76%
 17.7s|  5700 |   921 |144900 |  25.0 |    52M |  28 | 524 |2014 |1437 |  23k|  1 |1759 |  20 | 2.900000e+01 | 4.000000e+01 |  37.93%|  76.50%
 17.8s|  5800 |   926 |145902 |  24.8 |    52M |  28 | 524 |2024 |   0 |  23k|  0 |1781 |  20 | 2.900000e+01 | 4.000000e+01 |  37.93%|  76.53%
 time | node  | left  |LP iter|LP it/n|mem/heur|mdpt |vars |cons |rows |cuts |sepa|confs|strbr|  dualbound   | primalbound  |  gap   | compl. 
 17.9s|  5900 |   932 |146907 |  24.5 |    52M |  28 | 524 |2037 |   0 |  23k|  0 |1809 |  20 | 2.900000e+01 | 4.000000e+01 |  37.93%|  76.57%
 17.9s|  6000 |   929 |147737 |  24.2 |    52M |  28 | 524 |2058 |1434 |  24k|  1 |1855 |  20 | 2.900000e+01 | 4.000000e+01 |  37.93%|  76.87%
 18.0s|  6100 |   932 |148681 |  24.0 |    52M |  28 | 524 |2071 |1469 |  24k|  1 |1890 |  20 | 2.900000e+01 | 4.000000e+01 |  37.93%|  76.91%
 18.1s|  6200 |   923 |149524 |  23.7 |    52M |  28 | 524 |2066 |   0 |  24k|  0 |1919 |  20 | 2.900000e+01 | 4.000000e+01 |  37.93%|  77.30%
 18.2s|  6300 |   919 |150183 |  23.5 |    52M |  28 | 524 |2088 |1443 |  24k|  1 |1959 |  20 | 2.900000e+01 | 4.000000e+01 |  37.93%|  77.35%
 18.3s|  6400 |   924 |151147 |  23.3 |    52M |  28 | 524 |2100 |1457 |  24k|  1 |1991 |  20 | 2.900000e+01 | 4.000000e+01 |  37.93%|  77.41%
 18.3s|  6500 |   920 |151955 |  23.0 |    52M |  28 | 524 |2106 |   0 |  24k|  0 |2015 |  20 | 2.900000e+01 | 4.000000e+01 |  37.93%|  77.43%
 18.4s|  6600 |   923 |152724 |  22.8 |    52M |  28 | 524 |2120 |   0 |  24k|  0 |2036 |  20 | 2.900000e+01 | 4.000000e+01 |  37.93%|  77.44%
 18.5s|  6700 |   923 |154071 |  22.7 |    52M |  28 | 524 |2121 |   0 |  24k|  0 |2069 |  20 | 2.900000e+01 | 4.000000e+01 |  37.93%|  77.48%
 18.6s|  6800 |   917 |155361 |  22.5 |    52M |  28 | 524 |2129 |   0 |  24k|  0 |2096 |  20 | 2.900000e+01 | 4.000000e+01 |  37.93%|  77.53%
 18.7s|  6900 |   904 |156121 |  22.3 |    52M |  28 | 524 |2113 |   0 |  24k|  0 |2125 |  20 | 2.900000e+01 | 4.000000e+01 |  37.93%|  78.12%
 18.8s|  7000 |   897 |157162 |  22.1 |    52M |  28 | 524 |2151 |   0 |  24k|  0 |2179 |  20 | 2.900000e+01 | 4.000000e+01 |  37.93%|  78.16%
 18.8s|  7100 |   892 |158546 |  22.0 |    53M |  28 | 524 |2127 |1439 |  24k|  2 |2197 |  20 | 2.900000e+01 | 4.000000e+01 |  37.93%|  78.33%
 18.9s|  7200 |   882 |159543 |  21.8 |    53M |  28 | 524 |2102 |   0 |  24k|  0 |2218 |  20 | 2.907212e+01 | 4.000000e+01 |  37.59%|  78.90%
 19.0s|  7300 |   825 |160264 |  21.6 |    53M |  28 | 524 |1999 |   0 |  24k|  0 |2300 |  20 | 2.924444e+01 | 4.000000e+01 |  36.78%|  79.75%
 time | node  | left  |LP iter|LP it/n|mem/heur|mdpt |vars |cons |rows |cuts |sepa|confs|strbr|  dualbound   | primalbound  |  gap   | compl. 
 19.1s|  7400 |   792 |161204 |  21.5 |    53M |  28 | 524 |1903 |1445 |  25k|  1 |2342 |  20 | 2.931250e+01 | 4.000000e+01 |  36.46%|  80.57%
 19.2s|  7500 |   782 |162400 |  21.3 |    53M |  28 | 524 |1875 |   0 |  25k|  0 |2365 |  20 | 3.000000e+01 | 4.000000e+01 |  33.33%|  80.73%
 19.3s|  7600 |   789 |163041 |  21.2 |    53M |  28 | 524 |1877 |   0 |  25k|  0 |2375 |  20 | 3.000000e+01 | 4.000000e+01 |  33.33%|  80.75%
 19.4s|  7700 |   780 |163746 |  21.0 |    53M |  29 | 524 |1897 |1443 |  25k|  1 |2420 |  20 | 3.000000e+01 | 4.000000e+01 |  33.33%|  81.42%
 19.5s|  7800 |   769 |164518 |  20.8 |    53M |  29 | 524 |1896 |1439 |  25k|  1 |2452 |  20 | 3.000000e+01 | 4.000000e+01 |  33.33%|  81.51%
 19.6s|  7900 |   762 |165228 |  20.6 |    53M |  29 | 524 |1908 |1447 |  25k|  1 |2479 |  20 | 3.000000e+01 | 4.000000e+01 |  33.33%|  82.12%
 19.6s|  8000 |   777 |166513 |  20.5 |    53M |  29 | 524 |1917 |   0 |  25k|  0 |2496 |  20 | 3.000000e+01 | 4.000000e+01 |  33.33%|  82.13%
 19.7s|  8100 |   757 |167268 |  20.4 |    54M |  29 | 524 |1887 |   0 |  25k|  0 |2528 |  20 | 3.000000e+01 | 4.000000e+01 |  33.33%|  82.30%
 19.8s|  8200 |   757 |168388 |  20.3 |    54M |  29 | 524 |1898 |1444 |  25k|  1 |2565 |  20 | 3.000000e+01 | 4.000000e+01 |  33.33%|  82.43%
 19.9s|  8300 |   752 |169255 |  20.1 |    54M |  29 | 524 |1903 |   0 |  25k|  0 |2584 |  20 | 3.000000e+01 | 4.000000e+01 |  33.33%|  82.48%
 20.0s|  8400 |   738 |170429 |  20.0 |    54M |  29 | 524 |1891 |1435 |  26k|  1 |2621 |  20 | 3.000000e+01 | 4.000000e+01 |  33.33%|  82.86%
 20.1s|  8500 |   695 |171283 |  19.9 |    54M |  29 | 524 |1892 |   0 |  26k|  0 |2677 |  20 | 3.000000e+01 | 4.000000e+01 |  33.33%|  83.55%
 20.2s|  8600 |   669 |172181 |  19.8 |    54M |  29 | 524 |1888 |1439 |  26k|  1 |2719 |  20 | 3.000000e+01 | 4.000000e+01 |  33.33%|  83.77%
 20.2s|  8700 |   666 |173024 |  19.6 |    54M |  29 | 524 |1897 |   0 |  26k|  0 |2745 |  20 | 3.000000e+01 | 4.000000e+01 |  33.33%|  83.79%
 20.3s|  8800 |   618 |173992 |  19.5 |    54M |  29 | 524 |1909 |   0 |  26k|  0 |2792 |  20 | 3.000000e+01 | 4.000000e+01 |  33.33%|  84.26%
 time | node  | left  |LP iter|LP it/n|mem/heur|mdpt |vars |cons |rows |cuts |sepa|confs|strbr|  dualbound   | primalbound  |  gap   | compl. 
 20.4s|  8900 |   595 |174888 |  19.4 |    54M |  29 | 524 |1911 |1436 |  26k|  1 |2812 |  20 | 3.000000e+01 | 4.000000e+01 |  33.33%|  84.54%
 20.5s|  9000 |   598 |176061 |  19.3 |    54M |  29 | 524 |1914 |   0 |  26k|  0 |2837 |  20 | 3.000000e+01 | 4.000000e+01 |  33.33%|  84.65%
 20.6s|  9100 |   578 |176872 |  19.2 |    54M |  29 | 524 |1952 |   0 |  26k|  0 |2897 |  20 | 3.000000e+01 | 4.000000e+01 |  33.33%|  84.88%
 20.7s|  9200 |   570 |177819 |  19.1 |    54M |  29 | 524 |1985 |1430 |  26k|  1 |2947 |  20 | 3.000000e+01 | 4.000000e+01 |  33.33%|  84.94%
 20.7s|  9300 |   559 |178419 |  18.9 |    54M |  29 | 524 |1990 |   0 |  26k|  0 |2959 |  20 | 3.000000e+01 | 4.000000e+01 |  33.33%|  84.95%
 20.8s|  9400 |   520 |179262 |  18.8 |    54M |  29 | 524 |2018 |1437 |  26k|  1 |3017 |  20 | 3.000000e+01 | 4.000000e+01 |  33.33%|  85.67%
 20.9s|  9500 |   505 |180438 |  18.8 |    54M |  29 | 524 |2027 |1432 |  27k|  1 |3047 |  20 | 3.000000e+01 | 4.000000e+01 |  33.33%|  85.99%
 21.0s|  9600 |   476 |181142 |  18.6 |    54M |  29 | 524 |2054 |   0 |  27k|  0 |3100 |  20 | 3.000000e+01 | 4.000000e+01 |  33.33%|  86.16%
 21.1s|  9700 |   424 |181910 |  18.5 |    54M |  29 | 524 |2086 |   0 |  27k|  0 |3171 |  20 | 3.000000e+01 | 4.000000e+01 |  33.33%|  87.32%
 21.2s|  9800 |   364 |182729 |  18.4 |    54M |  29 | 524 |2077 |   0 |  27k|  0 |3193 |  20 | 3.000000e+01 | 4.000000e+01 |  33.33%|  88.12%
 21.3s|  9900 |   319 |183465 |  18.3 |    54M |  29 | 524 |2094 |1434 |  27k|  1 |3243 |  20 | 3.018182e+01 | 4.000000e+01 |  32.53%|  88.50%
 21.4s| 10000 |   276 |184541 |  18.2 |    54M |  29 | 524 |2102 |1441 |  27k|  1 |3287 |  20 | 3.022222e+01 | 4.000000e+01 |  32.35%|  89.80%
 21.4s| 10100 |   228 |185301 |  18.1 |    54M |  29 | 524 |2131 |1430 |  27k|  1 |3348 |  20 | 3.100000e+01 | 4.000000e+01 |  29.03%|  90.55%
 21.5s| 10200 |   188 |186392 |  18.0 |    55M |  29 | 524 |2166 |1463 |  27k|  1 |3420 |  20 | 3.100000e+01 | 4.000000e+01 |  29.03%|  90.95%
 21.6s| 10300 |   166 |187111 |  17.9 |    55M |  29 | 524 |2162 |1446 |  27k|  1 |3435 |  20 | 3.200000e+01 | 4.000000e+01 |  25.00%|  91.59%
 time | node  | left  |LP iter|LP it/n|mem/heur|mdpt |vars |cons |rows |cuts |sepa|confs|strbr|  dualbound   | primalbound  |  gap   | compl. 
 21.7s| 10400 |   143 |188326 |  17.9 |    55M |  29 | 524 |2168 |1450 |  27k|  1 |3464 |  20 | 3.200000e+01 | 4.000000e+01 |  25.00%|  92.26%
 21.8s| 10500 |   130 |189374 |  17.8 |    55M |  29 | 524 |2189 |1436 |  27k|  1 |3497 |  20 | 3.200000e+01 | 4.000000e+01 |  25.00%|  92.85%
 21.9s| 10600 |   126 |190342 |  17.7 |    55M |  29 | 524 |2203 |1479 |  27k|  1 |3530 |  20 | 3.200000e+01 | 4.000000e+01 |  25.00%|  92.90%
 21.9s| 10700 |    86 |190987 |  17.6 |    55M |  29 | 524 |2238 |1438 |  27k|  1 |3584 |  20 | 3.200000e+01 | 4.000000e+01 |  25.00%|  93.40%
 22.0s| 10800 |    62 |191803 |  17.5 |    55M |  29 | 524 |2257 |   0 |  27k|  0 |3621 |  20 | 3.300000e+01 | 4.000000e+01 |  21.21%|  95.34%
 22.1s| 10900 |    48 |192495 |  17.5 |    55M |  29 | 524 |2243 |1455 |  27k|  1 |3630 |  20 | 3.400000e+01 | 4.000000e+01 |  17.65%|  96.00%
 22.1s| 11000 |    29 |193273 |  17.4 |    55M |  29 | 524 |2258 |   0 |  27k|  0 |3674 |  20 | 3.500000e+01 | 4.000000e+01 |  14.29%|  97.52%
 22.2s| 11100 |    13 |194081 |  17.3 |    55M |  29 | 524 |2291 |   0 |  27k|  0 |3715 |  20 | 3.500000e+01 | 4.000000e+01 |  14.29%|  98.66%

SCIP Status        : problem is solved [optimal solution found]
Solving Time (sec) : 22.23
Solving Nodes      : 11161
Primal Bound       : +4.00000000000000e+01 (3 solutions)
Dual Bound         : +4.00000000000000e+01
Gap                : 0.00 %

primal solution (original space):
=================================

objective value:                                   40
m_11_11                                             1 	(obj:0)
m_11_10                                             1 	(obj:0)
m_11_9                                              1 	(obj:0)
m_11_8                                              1 	(obj:0)
m_10_10                                             1 	(obj:0)
m_10_9                                              1 	(obj:0)
m_10_8                                              1 	(obj:0)
m_9_9                                               1 	(obj:0)
m_8_8                                               1 	(obj:0)
m_7_11                                              1 	(obj:0)
m_7_10                                              1 	(obj:0)
m_7_9                                               1 	(obj:0)
m_7_8                                               1 	(obj:0)
m_7_7                                               1 	(obj:0)
m_7_4                                               1 	(obj:0)
m_6_11                                              1 	(obj:0)
m_6_10                                              1 	(obj:0)
m_6_9                                               1 	(obj:0)
m_6_8                                               1 	(obj:0)
m_6_7                                               1 	(obj:0)
m_6_6                                               1 	(obj:0)
m_6_5                                               1 	(obj:0)
m_6_4                                               1 	(obj:0)
m_5_11                                              1 	(obj:0)
m_5_10                                              1 	(obj:0)
m_5_9                                               1 	(obj:0)
m_5_8                                               1 	(obj:0)
m_5_7                                               1 	(obj:0)
m_5_5                                               1 	(obj:0)
m_5_4                                               1 	(obj:0)
m_4_10                                              1 	(obj:0)
m_4_9                                               1 	(obj:0)
m_4_8                                               1 	(obj:0)
m_4_4                                               1 	(obj:0)
m_3_11                                              1 	(obj:0)
m_3_10                                              1 	(obj:0)
m_3_9                                               1 	(obj:0)
m_3_8                                               1 	(obj:0)
m_3_7                                               1 	(obj:0)
m_3_6                                               1 	(obj:0)
m_3_5                                               1 	(obj:0)
m_3_4                                               1 	(obj:0)
m_3_3                                               1 	(obj:0)
m_2_11                                              1 	(obj:0)
m_2_10                                              1 	(obj:0)
m_2_9                                               1 	(obj:0)
m_2_8                                               1 	(obj:0)
m_2_7                                               1 	(obj:0)
m_2_6                                               1 	(obj:0)
m_2_5                                               1 	(obj:0)
m_2_4                                               1 	(obj:0)
m_2_3                                               1 	(obj:0)
m_2_2                                               1 	(obj:0)
m_1_11                                              1 	(obj:0)
m_1_10                                              1 	(obj:0)
m_1_9                                               1 	(obj:0)
m_1_8                                               1 	(obj:0)
m_1_7                                               1 	(obj:0)
m_1_6                                               1 	(obj:0)
m_1_5                                               1 	(obj:0)
m_1_4                                               1 	(obj:0)
m_1_3                                               1 	(obj:0)
m_1_2                                               1 	(obj:0)
m_1_1                                               1 	(obj:0)
m_0_11                                              1 	(obj:0)
m_0_10                                              1 	(obj:0)
m_0_9                                               1 	(obj:0)
m_0_8                                               1 	(obj:0)
m_0_7                                               1 	(obj:0)
m_0_6                                               1 	(obj:0)
m_0_5                                               1 	(obj:0)
m_0_4                                               1 	(obj:0)
m_0_3                                               1 	(obj:0)
m_0_2                                               1 	(obj:0)
m_0_0                                               1 	(obj:0)
p_1_11                                              1 	(obj:0)
p_1_10                                              1 	(obj:0)
p_2_9                                               1 	(obj:0)
p_1_8                                               1 	(obj:0)
p_2_7                                               1 	(obj:0)
p_2_6                                               1 	(obj:0)
p_1_5                                               1 	(obj:0)
p_2_4                                               1 	(obj:0)
p_1_3                                               1 	(obj:0)
p_2_2                                               1 	(obj:0)
p_1_1                                               1 	(obj:0)
p_2_0                                               1 	(obj:0)
t_11_11                                             1 	(obj:0)
t_11_10                                             1 	(obj:0)
t_11_8                                              1 	(obj:0)
z_11_7                                              1 	(obj:0)
z_11_6                                              1 	(obj:0)
z_11_5                                              1 	(obj:0)
t_11_5                                              1 	(obj:0)
z_11_3                                              1 	(obj:0)
t_11_3                                              1 	(obj:0)
z_11_2                                              1 	(obj:0)
z_11_1                                              1 	(obj:0)
t_11_1                                              1 	(obj:0)
z_11_0                                              1 	(obj:0)
z_10_11                                             1 	(obj:0)
t_10_11                                             1 	(obj:0)
t_10_10                                             1 	(obj:0)
t_10_8                                              1 	(obj:0)
z_10_7                                              1 	(obj:0)
z_10_6                                              1 	(obj:0)
z_10_5                                              1 	(obj:0)
t_10_5                                              1 	(obj:0)
z_10_3                                              1 	(obj:0)
t_10_3                                              1 	(obj:0)
z_10_2                                              1 	(obj:0)
z_10_1                                              1 	(obj:0)
t_10_1                                              1 	(obj:0)
z_10_0                                              1 	(obj:0)
z_9_11                                              1 	(obj:0)
z_9_10                                              1 	(obj:0)
t_9_9                                               1 	(obj:0)
z_9_7                                               1 	(obj:0)
t_9_7                                               1 	(obj:0)
z_9_6                                               1 	(obj:0)
t_9_6                                               1 	(obj:0)
z_9_5                                               1 	(obj:0)
z_9_4                                               1 	(obj:0)
t_9_4                                               1 	(obj:0)
z_9_3                                               1 	(obj:0)
z_9_2                                               1 	(obj:0)
t_9_2                                               1 	(obj:0)
z_9_1                                               1 	(obj:0)
z_9_0                                               1 	(obj:0)
t_9_0                                               1 	(obj:0)
z_8_11                                              1 	(obj:0)
t_8_11                                              1 	(obj:0)
z_8_10                                              1 	(obj:0)
t_8_10                                              1 	(obj:0)
t_8_8                                               1 	(obj:0)
z_8_7                                               1 	(obj:0)
z_8_6                                               1 	(obj:0)
z_8_5                                               1 	(obj:0)
t_8_5                                               1 	(obj:0)
z_8_4                                               1 	(obj:0)
z_8_3                                               1 	(obj:0)
t_8_3                                               1 	(obj:0)
z_8_2                                               1 	(obj:0)
z_8_1                                               1 	(obj:0)
t_8_1                                               1 	(obj:0)
z_8_0                                               1 	(obj:0)
t_7_9                                               1 	(obj:0)
t_7_7                                               1 	(obj:0)
z_7_6                                               1 	(obj:0)
t_7_6                                               1 	(obj:0)
t_7_4                                               1 	(obj:0)
z_7_3                                               1 	(obj:0)
z_7_2                                               1 	(obj:0)
t_7_2                                               1 	(obj:0)
z_7_1                                               1 	(obj:0)
z_7_0                                               1 	(obj:0)
t_7_0                                               1 	(obj:0)
t_6_9                                               1 	(obj:0)
t_6_7                                               1 	(obj:0)
t_6_6                                               1 	(obj:0)
t_6_4                                               1 	(obj:0)
z_6_2                                               1 	(obj:0)
t_6_2                                               1 	(obj:0)
z_6_1                                               1 	(obj:0)
z_6_0                                               1 	(obj:0)
t_6_0                                               1 	(obj:0)
t_5_11                                              1 	(obj:0)
t_5_10                                              1 	(obj:0)
t_5_8                                               1 	(obj:0)
t_5_5                                               1 	(obj:0)
z_5_3                                               1 	(obj:0)
t_5_3                                               1 	(obj:0)
z_5_2                                               1 	(obj:0)
z_5_1                                               1 	(obj:0)
t_5_1                                               1 	(obj:0)
z_5_0                                               1 	(obj:0)
t_4_9                                               1 	(obj:0)
z_4_7                                               1 	(obj:0)
t_4_7                                               1 	(obj:0)
z_4_6                                               1 	(obj:0)
t_4_6                                               1 	(obj:0)
z_4_5                                               1 	(obj:0)
t_4_4                                               1 	(obj:0)
z_4_3                                               1 	(obj:0)
z_4_2                                               1 	(obj:0)
t_4_2                                               1 	(obj:0)
z_4_1                                               1 	(obj:0)
z_4_0                                               1 	(obj:0)
t_4_0                                               1 	(obj:0)
t_3_11                                              1 	(obj:0)
t_3_10                                              1 	(obj:0)
t_3_8                                               1 	(obj:0)
t_3_5                                               1 	(obj:0)
t_3_3                                               1 	(obj:0)
z_3_1                                               1 	(obj:0)
t_3_1                                               1 	(obj:0)
z_3_0                                               1 	(obj:0)
t_2_9                                               1 	(obj:0)
t_2_7                                               1 	(obj:0)
t_2_6                                               1 	(obj:0)
t_2_4                                               1 	(obj:0)
t_2_2                                               1 	(obj:0)
z_2_0                                               1 	(obj:0)
t_2_0                                               1 	(obj:0)
t_1_11                                              1 	(obj:0)
t_1_10                                              1 	(obj:0)
t_1_8                                               1 	(obj:0)
t_1_5                                               1 	(obj:0)
t_1_3                                               1 	(obj:0)
t_1_1                                               1 	(obj:0)
t_0_9                                               1 	(obj:0)
t_0_7                                               1 	(obj:0)
t_0_6                                               1 	(obj:0)
t_0_4                                               1 	(obj:0)
t_0_2                                               1 	(obj:0)
t_0_0                                               1 	(obj:0)
y_7_1_11                                            1 	(obj:0)
y_7_2_11                                            1 	(obj:0)
y_6_1_11                                            1 	(obj:0)
y_6_2_11                                            1 	(obj:0)
y_6_3_11                                            1 	(obj:0)
y_5_1_11                                            1 	(obj:0)
y_5_2_11                                            1 	(obj:0)
y_5_3_11                                            1 	(obj:0)
y_4_1_11                                            1 	(obj:0)
y_0_1_11                                            1 	(obj:0)
y_7_1_10                                            1 	(obj:0)
y_7_2_10                                            1 	(obj:0)
y_6_1_10                                            1 	(obj:0)
y_6_2_10                                            1 	(obj:0)
y_6_3_10                                            1 	(obj:0)
y_5_1_10                                            1 	(obj:0)
y_5_2_10                                            1 	(obj:0)
y_5_3_10                                            1 	(obj:0)
y_4_1_10                                            1 	(obj:0)
y_0_1_10                                            1 	(obj:0)
y_7_1_9                                             1 	(obj:0)
y_6_1_9                                             1 	(obj:0)
y_6_2_9                                             1 	(obj:0)
y_5_1_9                                             1 	(obj:0)
y_5_2_9                                             1 	(obj:0)
y_4_1_9                                             1 	(obj:0)
y_7_1_8                                             1 	(obj:0)
y_6_1_8                                             1 	(obj:0)
y_6_2_8                                             1 	(obj:0)
y_5_1_8                                             1 	(obj:0)
y_5_2_8                                             1 	(obj:0)
y_4_1_8                                             1 	(obj:0)
y_7_1_7                                             1 	(obj:0)
y_7_2_7                                             1 	(obj:0)
y_6_1_7                                             1 	(obj:0)
y_6_2_7                                             1 	(obj:0)
y_6_3_7                                             1 	(obj:0)
y_5_1_7                                             1 	(obj:0)
y_5_2_7                                             1 	(obj:0)
y_5_3_7                                             1 	(obj:0)
y_3_1_7                                             1 	(obj:0)
y_2_1_7                                             1 	(obj:0)
y_1_1_7                                             1 	(obj:0)
y_0_1_7                                             1 	(obj:0)
y_6_1_6                                             1 	(obj:0)
y_6_2_6                                             1 	(obj:0)
y_6_3_6                                             1 	(obj:0)
y_5_1_6                                             1 	(obj:0)
y_5_2_6                                             1 	(obj:0)
y_5_3_6                                             1 	(obj:0)
y_3_1_6                                             1 	(obj:0)
y_2_1_6                                             1 	(obj:0)
y_1_1_6                                             1 	(obj:0)
y_0_1_6                                             1 	(obj:0)
y_7_1_5                                             1 	(obj:0)
y_7_2_5                                             1 	(obj:0)
y_6_1_5                                             1 	(obj:0)
y_6_2_5                                             1 	(obj:0)
y_6_3_5                                             1 	(obj:0)
y_5_1_5                                             1 	(obj:0)
y_5_2_5                                             1 	(obj:0)
y_5_3_5                                             1 	(obj:0)
y_3_1_5                                             1 	(obj:0)
y_2_1_5                                             1 	(obj:0)
y_1_1_5                                             1 	(obj:0)
y_0_1_5                                             1 	(obj:0)
y_7_1_4                                             1 	(obj:0)
y_7_2_4                                             1 	(obj:0)
y_6_1_4                                             1 	(obj:0)
y_6_2_4                                             1 	(obj:0)
y_6_3_4                                             1 	(obj:0)
y_5_1_4                                             1 	(obj:0)
y_5_2_4                                             1 	(obj:0)
y_5_3_4                                             1 	(obj:0)
y_4_1_4                                             1 	(obj:0)
y_0_1_4                                             1 	(obj:0)
y_6_1_3                                             1 	(obj:0)
y_6_2_3                                             1 	(obj:0)
y_6_3_3                                             1 	(obj:0)
y_3_1_3                                             1 	(obj:0)
y_2_1_3                                             1 	(obj:0)
y_1_1_3                                             1 	(obj:0)
y_0_1_3                                             1 	(obj:0)
y_3_1_2                                             1 	(obj:0)
y_2_1_2                                             1 	(obj:0)
y_1_1_2                                             1 	(obj:0)
y_0_1_2                                             1 	(obj:0)
y_2_1_1                                             1 	(obj:0)
y_1_1_1                                             1 	(obj:0)
y_0_1_1                                             1 	(obj:0)
y_1_1_0                                             1 	(obj:0)
y_0_1_0                                             1 	(obj:0)
s_10                                               30 	(obj:0)
s_9                                                35 	(obj:0)
s_8                                                35 	(obj:0)
s_7                                                20 	(obj:0)
s_6                                                13 	(obj:0)
s_5                                                17 	(obj:0)
s_4                                                25 	(obj:0)
s_3                                                 7 	(obj:0)
s_2                                                 5 	(obj:0)
l                                                  40 	(obj:1)
s_11                                               25 	(obj:0)

Statistics
==========

SCIP Status        : problem is solved [optimal solution found]
Total Time         :      22.24
  solving          :      22.23
  presolving       :       0.59 (included in solving)
  reading          :       0.00
  copying          :       0.40 (116 #copies) (minimal 0.00, maximal 0.01, average 0.00)
Original Problem   :
  Problem name     : /Users/maxbig/SCIP/SCIPOptSuite-9.2.1-Linux/inputs/new_tr/order/layered_12_2_buf_times_P2_M11500_up_right_input.lp
  Variables        : 613 (600 binary, 13 integer, 0 continuous)
  Implied int vars : 0 (0 binary, 0 integer, 0 continuous)
  Constraints      : 1743 initial, 1743 maximal
  Objective        : minimize, 1 non-zeros (abs.min = 1, abs.max = 1)
Presolved Problem  :
  Problem name     : t_/Users/maxbig/SCIP/SCIPOptSuite-9.2.1-Linux/inputs/new_tr/order/layered_12_2_buf_times_P2_M11500_up_right_input.lp
  Variables        : 524 (511 binary, 13 integer, 0 continuous)
  Implied int vars : 0 (0 binary, 0 integer, 0 continuous)
  Constraints      : 1369 initial, 2313 maximal
  Objective        : minimize, 1 non-zeros (abs.min = 1, abs.max = 1)
  Nonzeros         : 4551 constraint, 6 clique table
Presolvers         :   ExecTime  SetupTime  Calls  FixedVars   AggrVars   ChgTypes  ChgBounds   AddHoles    DelCons    AddCons   ChgSides   ChgCoefs
  boundshift       :       0.00       0.00      0          0          0          0          0          0          0          0          0          0
  convertinttobin  :       0.00       0.00      0          0          0          0          0          0          0          0          0          0
  domcol           :       0.00       0.00      1          0          0          0          0          0          0          0          0          0
  dualagg          :       0.00       0.00      0          0          0          0          0          0          0          0          0          0
  dualcomp         :       0.00       0.00      0          0          0          0          0          0          0          0          0          0
  dualinfer        :       0.00       0.00      0          0          0          0          0          0          0          0          0          0
  dualsparsify     :       0.01       0.00      1          0          0          0          0          0          0          0          0          0
  gateextraction   :       0.00       0.00      0          0          0          0          0          0          0          0          0          0
  implics          :       0.00       0.00      5          0          0          0          0          0          0          0          0          0
  implint          :       0.00       0.00      0          0          0          0          0          0          0          0          0          0
  inttobinary      :       0.00       0.00      8          0          0          0          0          0          0          0          0          0
  milp             :       0.01       0.00      1          0          0          0          1          0          0          0          0          0
  qpkktref         :       0.00       0.00      0          0          0          0          0          0          0          0          0          0
  redvub           :       0.00       0.00      0          0          0          0          0          0          0          0          0          0
  sparsify         :       0.00       0.00      1          0          0          0          0          0          0          0          0          0
  stuffing         :       0.00       0.00      0          0          0          0          0          0          0          0          0          0
  trivial          :       0.00       0.00      8         45          0          0          0          0          0          0          0          0
  tworowbnd        :       0.00       0.00      0          0          0          0          0          0          0          0          0          0
  dualfix          :       0.00       0.00      8         32          0          0          0          0          0          0          0          0
  genvbounds       :       0.00       0.00      0          0          0          0          0          0          0          0          0          0
  probing          :       0.55       0.00      1          0          0          0          0          0          0          0          0          0
  pseudoobj        :       0.00       0.00      0          0          0          0          0          0          0          0          0          0
  symmetry         :       0.00       0.00      1          0          0          0          0          0          0          0          0          0
  vbounds          :       0.00       0.00      0          0          0          0          0          0          0          0          0          0
  varbound         :       0.00       0.00      2          0          0          0          0          0          0          0          0          0
  knapsack         :       0.00       0.00      3          0          0          0          0          0          0          0          0          0
  setppc           :       0.00       0.00      0          0          0          0          0          0          0          0          0          0
  linear           :       0.02       0.00     13          0         12          0         28          0        374          0         61          0
  logicor          :       0.00       0.00      3          0          0          0          0          0          0          0          0          0
  bounddisjunction :       0.00       0.00      0          0          0          0          0          0          0          0          0          0
  components       :       0.00       0.00      1          0          0          0          0          0          0          0          0          0
  root node        :          -          -      -        380          -          -        502          -          -          -          -          -
Constraints        :     Number  MaxNumber  #Separate #Propagate    #EnfoLP    #EnfoRelax  #EnfoPS    #Check   #ResProp    Cutoffs    DomReds       Cuts    Applied      Conss   Children
  integral         :          0          0          0          0       6182          0          0       2561          0          0         33          0          0          2      12362
  varbound         :         42         42         22      53400          0          0          0       2556         20          0        601          0          0          0          0
  knapsack         :          9          9         22      53296          0          0          0       2185        265         38       1307         74         14          0          0
  setppc           :          0+         6         22      34184          0          0          0          0        120          2        233          0          0          0          0
  linear           :        790        790         22      53715          0          0          0       1773      15730       5054     281082          0          0          0          0
  logicor          :        528+       595         22      23289          0          0          0          3       4794        444     141305          0          0          0          0
  bounddisjunction :          0+       991          0      28221          0          0          0          0       4475        461      21801          0          0          0          0
  fixedvar         :          0          0          0          0          0          0          0          4          0          0          0          0          0          0          0
  countsols        :          0          0          0          0          0          0          0          4          0          0          0          0          0          0          0
  components       :          0          0          0          0          0          0          0          0          0          0          0          0          0          0          0
Constraint Timings :  TotalTime  SetupTime   Separate  Propagate     EnfoLP     EnfoPS     EnfoRelax   Check    ResProp    SB-Prop
  integral         :       0.20       0.00       0.00       0.00       0.20       0.00       0.00       0.00       0.00       0.00
  varbound         :       0.17       0.00       0.00       0.16       0.00       0.00       0.00       0.01       0.00       0.00
  knapsack         :       0.02       0.00       0.00       0.01       0.00       0.00       0.00       0.01       0.00       0.00
  setppc           :       0.00       0.00       0.00       0.00       0.00       0.00       0.00       0.00       0.00       0.00
  linear           :       1.32       0.00       0.00       1.30       0.00       0.00       0.00       0.01       0.01       0.00
  logicor          :       0.32       0.00       0.00       0.32       0.00       0.00       0.00       0.00       0.00       0.00
  bounddisjunction :       0.48       0.00       0.00       0.48       0.00       0.00       0.00       0.00       0.00       0.00
  fixedvar         :       0.00       0.00       0.00       0.00       0.00       0.00       0.00       0.00       0.00       0.00
  countsols        :       0.00       0.00       0.00       0.00       0.00       0.00       0.00       0.00       0.00       0.00
  components       :       0.00       0.00       0.00       0.00       0.00       0.00       0.00       0.00       0.00       0.00
Propagators        : #Propagate   #ResProp    Cutoffs    DomReds
  dualfix          :          2          0          0          0
  genvbounds       :          0          0          0          0
  nlobbt           :          0          0          0          0
  obbt             :          0          0          0          0
  probing          :          0          0          0          0
  pseudoobj        :      48857          0          0         14
  redcost          :      15077          0          0        173
  rootredcost      :          3          0          0        114
  symmetry         :          0          0          0          0
  vbounds          :      34241       4160         75      33154
Propagator Timings :  TotalTime  SetupTime   Presolve  Propagate    ResProp    SB-Prop
  dualfix          :       0.00       0.00       0.00       0.00       0.00       0.00
  genvbounds       :       0.00       0.00       0.00       0.00       0.00       0.00
  nlobbt           :       0.00       0.00       0.00       0.00       0.00       0.00
  obbt             :       0.00       0.00       0.00       0.00       0.00       0.00
  probing          :       0.55       0.00       0.55       0.00       0.00       0.00
  pseudoobj        :       0.01       0.00       0.00       0.01       0.00       0.00
  redcost          :       0.03       0.00       0.00       0.03       0.00       0.00
  rootredcost      :       0.00       0.00       0.00       0.00       0.00       0.00
  symmetry         :       0.01       0.00       0.00       0.00       0.00       0.00
  vbounds          :       0.35       0.00       0.00       0.35       0.00       0.00
Conflict Analysis  :       Time      Calls    Success    DomReds  Conflicts   Literals    Reconvs ReconvLits   Dualrays   Nonzeros   LP Iters   (pool size: [10000,10000])
  propagation      :       0.02       1294       1286          -       4518       11.4        434        6.3          -          -          -
  infeasible LP    :       0.00         21         21          -         26        4.6          1        8.0         21        4.5          0
  bound exceed. LP :       0.00         10         10          -         12        4.3          3       10.0         10        5.8         10
  strong branching :       0.00          0          0          -          0        0.0          0        0.0          -          -          0
  pseudo solution  :       0.00          0          0          -          0        0.0          0        0.0          -          -          -
  applied globally :       0.01          -          -          0       3711        9.8          -          -         31          -          -
  applied locally  :          -          -          -          0          4        7.8          -          -          0          -          -
Gen. Resolution CA :       Time      Calls    Success  Conflicts  LargeCoef  LongConfs    Length
  propagation      :       0.00          0          0          0          0          0       0.0
Separators         :   ExecTime  SetupTime      Calls  RootCalls    Cutoffs    DomReds  FoundCuts ViaPoolAdd  DirectAdd    Applied ViaPoolApp  DirectApp      Conss
  cut pool         :       0.84          -       2230         41          -          -      15000     386753          -          -          -          -          -    (maximal pool size:       4319)
  aggregation      :       0.10       0.00        356         22          0          0        945      21686        430       5815       5700        115          0
  > cmir           :          -          -          -          -          -          -          -      14732        275       3007       2935         72          -
  > flowcover      :          -          -          -          -          -          -          -       5094        129       2081       2046         35          -
  > knapsackcover  :          -          -          -          -          -          -          -       1860         26        727        719          8          -
  cgmip            :       0.00       0.00          0          0          0          0          0          0          0          0          0          0          0
  clique           :       0.00       0.00         22         22          0          0          0          0          0          0          0          0          0
  closecuts        :       0.00       0.00          0          0          0          0          0          0          0          0          0          0          0
  convexproj       :       0.00       0.00          0          0          0          0          0          0          0          0          0          0          0
  disjunctive      :       0.00       0.00          0          0          0          0          0          0          0          0          0          0          0
  eccuts           :       0.00       0.00          0          0          0          0          0          0          0          0          0          0          0
  flower           :       0.00       0.00        664         22          0          0          0          0          0          0          0          0          0
  gauge            :       0.00       0.00          0          0          0          0          0          0          0          0          0          0          0
  gomory           :       1.29       0.00        339         10          0          0      15394     338996       2141      15149      15044        105          0
  > gomorymi       :          -          -          -          -          -          -          -     172885       1270       8639       8571         68          -
  > strongcg       :          -          -          -          -          -          -          -     166111        871       6510       6473         37          -
  impliedbounds    :       0.01       0.00        364         22          0          0        632       3951          0       1383       1383          0          0
  interminor       :       0.00       0.00          0          0          0          0          0          0          0          0          0          0          0
  intobj           :       0.00       0.00          0          0          0          0          0          0          0          0          0          0          0
  lagromory        :       0.00       0.00          0          0          0          0          0          0          0          0          0          0          0
  mcf              :       0.00       0.00          1          1          0          0          0          0          0          0          0          0          0
  minor            :       0.00       0.00          0          0          0          0          0          0          0          0          0          0          0
  mixing           :       0.00       0.00        364         22          0          0          0          0          0          0          0          0          0
  oddcycle         :       0.00       0.00          0          0          0          0          0          0          0          0          0          0          0
  rapidlearning    :       6.93       0.00        100          1          0       1799          0          0          0          0          0          0        105
  rlt              :       0.00       0.00         10         10          0          0          0          0          0          0          0          0          0
  zerohalf         :       0.12       0.00        340         20          0          0        652      22120         69       5253       5216         37          0
Cutselectors       :   ExecTime  SetupTime      Calls  RootCalls   Selected     Forced   Filtered  RootSelec   RootForc   RootFilt 
  hybrid           :       0.18       0.00       1823         21      27604         18     359688        289          0       2055
  ensemble         :       0.00       0.00          0          0          0          0          0          0          0          0
  dynamic          :       0.00       0.00          0          0          0          0          0          0          0          0
Pricers            :   ExecTime  SetupTime      Calls       Vars
  problem variables:       0.00          -          0          0
Branching Rules    :   ExecTime  SetupTime   BranchLP  BranchExt   BranchPS    Cutoffs    DomReds       Cuts      Conss   Children
  allfullstrong    :       0.00       0.00          0          0          0          0          0          0          0          0
  cloud            :       0.00       0.00          0          0          0          0          0          0          0          0
  distribution     :       0.00       0.00          0          0          0          0          0          0          0          0
  fullstrong       :       0.00       0.00          0          0          0          0          0          0          0          0
  gomory           :       0.00       0.00          0          0          0          0          0          0          0          0
  inference        :       0.00       0.00          0          0          0          0          0          0          0          0
  leastinf         :       0.00       0.00          0          0          0          0          0          0          0          0
  lookahead        :       0.00       0.00          0          0          0          0          0          0          0          0
  mostinf          :       0.00       0.00          0          0          0          0          0          0          0          0
  multaggr         :       0.00       0.00          0          0          0          0          0          0          0          0
  nodereopt        :       0.00       0.00          0          0          0          0          0          0          0          0
  pscost           :       0.00       0.00          0          0          0          0          0          0          0          0
  random           :       0.00       0.00          0          0          0          0          0          0          0          0
  relpscost        :       0.19       0.00       6182          0          0          0         33          0          2      12362
  vanillafullstrong:       0.00       0.00          0          0          0          0          0          0          0          0
Primal Heuristics  :   ExecTime  SetupTime      Calls      Found       Best
  LP solutions     :       0.00          -          -          0          0
  relax solutions  :       0.00          -          -          0          0
  pseudo solutions :       0.00          -          -          0          0
  strong branching :       0.00          -          -          0          0
  actconsdiving    :       0.00       0.00          0          0          0
  adaptivediving   :       0.09       0.00         29          0          0
  alns             :       0.04       0.00          6          0          0
  bound            :       0.00       0.00          0          0          0
  clique           :       0.00       0.00          0          0          0
  coefdiving       :       0.00       0.00          0          0          0
  completesol      :       0.00       0.00          0          0          0
  conflictdiving   :       0.06       0.00         21          0          0
  crossover        :       0.00       0.00          0          0          0
  dins             :       0.00       0.00          0          0          0
  distributiondivin:       0.32       0.00         43          1          1
  dks              :       0.00       0.00          0          0          0
  dps              :       0.00       0.00          0          0          0
  dualval          :       0.00       0.00          0          0          0
  farkasdiving     :       0.00       0.00          0          0          0
  feaspump         :       0.06       0.00          5          0          0
  fixandinfer      :       0.00       0.00          0          0          0
  fracdiving       :       0.08       0.00         27          0          0
  gins             :       0.00       0.00          0          0          0
  guideddiving     :       0.09       0.00         28          0          0
  indicator        :       0.00       0.00          0          0          0
  indicatordiving  :       0.00       0.00          0          0          0
  intdiving        :       0.00       0.00          0          0          0
  intshifting      :       0.00       0.00          0          0          0
  linesearchdiving :       0.06       0.00         13          0          0
  localbranching   :       0.00       0.00          0          0          0
  locks            :       0.02       0.00          1          0          0
  lpface           :       0.00       0.00          0          0          0
  mpec             :       0.00       0.00          0          0          0
  multistart       :       0.00       0.00          0          0          0
  mutation         :       0.00       0.00          0          0          0
  nlpdiving        :       0.00       0.00          0          0          0
  objpscostdiving  :       0.11       0.00          4          0          0
  octane           :       0.00       0.00          0          0          0
  ofins            :       0.00       0.00          0          0          0
  oneopt           :       0.00       0.00          3          0          0
  padm             :       0.00       0.00          0          0          0
  proximity        :       0.00       0.00          0          0          0
  pscostdiving     :       0.09       0.00         14          0          0
  randrounding     :       0.15       0.00       2575          0          0
  rens             :       0.00       0.00          1          0          0
  reoptsols        :       0.00       0.00          0          0          0
  repair           :       0.00       0.00          0          0          0
  rins             :       0.10       0.00          9          0          0
  rootsoldiving    :       0.04       0.00          3          0          0
  rounding         :       0.03       0.00       1221          0          0
  scheduler        :       0.00       0.00          0          0          0
  shiftandpropagate:       0.01       0.00          1          0          0
  shifting         :       0.62       0.00        743          0          0
  simplerounding   :       0.00       0.00       8400          0          0
  subnlp           :       0.00       0.00          0          0          0
  trivial          :       0.00       0.00          2          0          0
  trivialnegation  :       0.00       0.00          0          0          0
  trustregion      :       0.00       0.00          0          0          0
  trysol           :       0.00       0.00          0          0          0
  twoopt           :       0.00       0.00          0          0          0
  undercover       :       0.00       0.00          0          0          0
  vbounds          :       0.00       0.00          0          0          0
  veclendiving     :       0.06       0.00         19          0          0
  zeroobj          :       0.00       0.00          0          0          0
  zirounding       :       0.05       0.00       1000          0          0
  other solutions  :          -          -          -          0          -
LNS (Scheduler)    :      Calls  SetupTime  SolveTime SolveNodes       Sols       Best       Exp3    Exp3-IX  EpsGreedy        UCB TgtFixRate  Opt  Inf Node Stal  Sol  Usr Othr Actv
  rens             :          0       0.00       0.00          0          0          0    0.00000    0.12500   -1.00000    1.00000      0.900    0    0    0    0    0    0    0    1
  rins             :          0       0.00       0.00          0          0          0    0.00000    0.12500   -1.00000    1.00000      0.900    0    0    0    0    0    0    0    1
  mutation         :          0       0.00       0.00          0          0          0    0.00000    0.12500   -1.00000    1.00000      0.900    0    0    0    0    0    0    0    1
  localbranching   :          0       0.00       0.00          0          0          0    0.00000    0.12500   -1.00000    1.00000      0.900    0    0    0    0    0    0    0    1
  crossover        :          0       0.00       0.00          0          0          0    0.00000    0.12500   -1.00000    1.00000      0.900    0    0    0    0    0    0    0    1
  proximity        :          0       0.00       0.00          0          0          0    0.00000    0.12500   -1.00000    1.00000      0.900    0    0    0    0    0    0    0    1
  zeroobjective    :          0       0.00       0.00          0          0          0    0.00000    0.12500   -1.00000    1.00000      0.900    0    0    0    0    0    0    0    1
  dins             :          0       0.00       0.00          0          0          0    0.00000    0.12500   -1.00000    1.00000      0.900    0    0    0    0    0    0    0    1
  trustregion      :          0       0.00       0.00          0          0          0    0.00000    0.00000   -1.00000    1.00000      0.900    0    0    0    0    0    0    0    0
LP                 :       Time      Calls Iterations  Iter/call   Iter/sec  Time-0-It Calls-0-It
  primal LP        :       0.20        914          0       0.00       0.00       0.20        914
  dual LP          :       4.49       8438     166211      20.24   37007.34       0.06        227
  lex dual LP      :       0.00          0          0       0.00          -
  barrier LP       :       0.00          0          0       0.00          -       0.00          0
  resolve instable :       0.00          0          0       0.00          -
  diving/probing LP:       0.62        492      28441      57.81   45645.24
  strong branching :       0.03         20       1415      70.75   50339.75          -          -          0
    (at root node) :          -         19       1398      73.58          -
  conflict analysis:       0.00          1         10      10.00          -
Relaxators         :       Time      Calls    Cutoffs ImprBounds   ImprTime ReducedDom  Separated AddedConss
  benders          :       0.00          0          0          0       0.00          0          0          0
B&B Tree           :
  number of runs   :          1
  nodes            :      11161 (6181 internal, 4980 leaves)
  feasible leaves  :          0
  infeas. leaves   :       4968
  objective leaves :         12
  nodes (total)    :      11161 (6181 internal, 4980 leaves)
  nodes left       :          0
  max depth        :         29
  max depth (total):         29
  backtracks       :       4032 (36.1%)
  early backtracks :          0 (0.0%)
  nodes exc. ref.  :          0 (0.0%)
  delayed cutoffs  :       1200
  repropagations   :       4047 (59778 domain reductions, 590 cutoffs)
  avg switch length:       6.89
  switching time   :       1.69
Root Node          :
  First LP value   : +2.10000000000000e+01
  First LP Iters   :        321 (52009.07 Iter/sec)
  First LP Time    :       0.01
  Final Dual Bound : +2.70000000000000e+01
  Final Root Iters :       2306
  Root LP Estimate : +4.25626203165024e+01
Solution           :
  Solutions found  :          3 (3 improvements)
  First Solution   : +5.00000000000000e+01   (in run 1, after 41 nodes, 5.99 seconds, depth 28, found by <distributiondiving>)
  Gap First Sol.   :      85.19 %
  Gap Last Sol.    :      48.15 %
  Primal Bound     : +4.00000000000000e+01   (in run 1, after 106 nodes, 6.84 seconds, depth 5, found by <relaxation>)
  Dual Bound       : +4.00000000000000e+01
  Gap              :       0.00 %
Integrals          :      Total       Avg%
  primal-dual      :    1089.67      49.01
  primal-ref       :          -          - (not evaluated)
  dual-ref         :          -          - (not evaluated)
