SCIP version 10.0.0 [precision: 8 byte] [memory: block] [mode: optimized] [LP solver: SoPlex 8.0.0] [GitHash: 0c80fdd8e9]
Copyright (c) 2002-2025 Zuse Institute Berlin (ZIB)

External libraries: 
  Readline 8.3         GNU library for command line editing (gnu.org/s/readline)
  SoPlex 8.0.0         Linear programming solver developed at Zuse Institute Berlin (soplex.zib.de) [GitHash: 2207cfb2]
  CppAD 20180000.0     Algorithmic Differentiation of C++ algorithms developed by B. Bell (github.com/coin-or/CppAD)
  ZLIB 1.2.12          General purpose compression library by J. Gailly and M. Adler (zlib.net)
  MPFR 4.2.2           GNU Multiple Precision Floating-Point Reliable Library (mpfr.org)
  Boost 1.89.0         Boost C++ Libraries (boost.org)
  TinyCThread 1.2      small portable implementation of the C11 threads API (tinycthread.github.io)
  GMP 6.3.0            GNU Multiple Precision Arithmetic Library developed by T. Granlund (gmplib.org)
  AMPL/MP 4.0.3        AMPL .nl file reader library (github.com/ampl/mp)
  PaPILO 3.0.0         parallel presolve for integer and linear optimization (github.com/scipopt/papilo) (built with TBB)
  Nauty 2.8.8          Computing Graph Automorphism Groups by Brendan D. McKay (users.cecs.anu.edu.au/~bdm/nauty)
  sassy 2.0            Symmetry preprocessor by Markus Anders (github.com/markusa4/sassy)
  Ipopt 3.14.19        Interior Point Optimizer developed by A. Waechter et.al. (github.com/coin-or/Ipopt)

reading user parameter file </Users/maxbig/Coursework_multiprocessing/Coursework/SCIP/SCIPOptSuite-9.2.1-Linux/only_time.set>

read problem </Users/maxbig/Coursework_multiprocessing/Coursework/SCIP/SCIPOptSuite-9.2.1-Linux/inputs/new_tr/order/layered_15_buf_times_P3_M1350_default_input.lp>
============

original problem has 886 variables (870 bin, 16 int, 0 cont) and 2918 constraints

solve problem
=============

presolving:
(round 1, fast)       64 del vars, 47 del conss, 0 add conss, 28 chg bounds, 12 chg sides, 12 chg coeffs, 0 upgd conss, 0 impls, 36 clqs, 0 implints
   (0.0s) running MILP presolver
   (0.0s) MILP presolver (2 rounds): 0 aggregations, 0 fixings, 0 bound changes
(round 2, exhaustive) 64 del vars, 481 del conss, 0 add conss, 28 chg bounds, 12 chg sides, 12 chg coeffs, 0 upgd conss, 0 impls, 36 clqs, 0 implints
(round 3, exhaustive) 64 del vars, 481 del conss, 0 add conss, 28 chg bounds, 12 chg sides, 12 chg coeffs, 1323 upgd conss, 0 impls, 36 clqs, 0 implints
(round 4, medium)     64 del vars, 481 del conss, 7 add conss, 28 chg bounds, 19 chg sides, 26 chg coeffs, 1323 upgd conss, 0 impls, 36 clqs, 0 implints
   (0.6s) probing: 588/806 (73.0%) - 0 fixings, 0 aggregations, 2429 implications, 0 bound changes
   (0.6s) probing aborted: 50/50 successive totally useless probings
   (0.6s) symmetry computation started: requiring (bin +, int +, cont +), (fixed: bin -, int -, cont -)
   (0.6s) symmetry computation finished: 2 generators found (max: 1500, log10 of symmetry group size: 0.78) (symcode time: 0.00)
dynamic symmetry handling statistics:
   orbitopal reduction:       no components
   orbital reduction:         no components
   lexicographic reduction:   no permutations
handled 1 out of 1 symmetry components
(round 5, exhaustive) 68 del vars, 481 del conss, 8 add conss, 28 chg bounds, 19 chg sides, 26 chg coeffs, 1323 upgd conss, 2479 impls, 35 clqs, 0 implints
(round 6, fast)       70 del vars, 621 del conss, 8 add conss, 28 chg bounds, 19 chg sides, 110 chg coeffs, 1323 upgd conss, 2479 impls, 116 clqs, 0 implints
(round 7, medium)     85 del vars, 621 del conss, 8 add conss, 28 chg bounds, 19 chg sides, 110 chg coeffs, 1323 upgd conss, 2479 impls, 86 clqs, 0 implints
(round 8, fast)       85 del vars, 651 del conss, 8 add conss, 28 chg bounds, 19 chg sides, 110 chg coeffs, 1323 upgd conss, 2479 impls, 86 clqs, 0 implints
   (0.6s) probing: 649/806 (80.5%) - 0 fixings, 11 aggregations, 2429 implications, 0 bound changes
   (0.6s) probing aborted: 50/50 successive totally useless probings
(round 9, exhaustive) 96 del vars, 651 del conss, 8 add conss, 28 chg bounds, 19 chg sides, 110 chg coeffs, 1323 upgd conss, 2479 impls, 75 clqs, 0 implints
(round 10, fast)       96 del vars, 662 del conss, 8 add conss, 28 chg bounds, 19 chg sides, 110 chg coeffs, 1323 upgd conss, 2479 impls, 75 clqs, 0 implints
   (0.6s) probing: 654/806 (81.1%) - 0 fixings, 11 aggregations, 2429 implications, 0 bound changes
   (0.6s) probing aborted: 50/50 successive totally useless probings
presolving (11 rounds: 11 fast, 7 medium, 5 exhaustive):
 96 deleted vars, 662 deleted constraints, 8 added constraints, 28 tightened bounds, 0 added holes, 19 changed sides, 110 changed coefficients
 2479 implications, 75 cliques, 0 implied integral variables (0 bin, 0 int, 0 cont)
presolved problem has 791 variables (775 bin, 16 int, 0 cont) and 2264 constraints
     35 constraints of type <varbound>
     13 constraints of type <knapsack>
     20 constraints of type <setppc>
   1114 constraints of type <linear>
      1 constraints of type <orbitope_pp>
   1081 constraints of type <logicor>
transformed objective value is always integral (scale: 1)
Presolving Time: 0.64

 time | node  | left  |LP iter|LP it/n|mem/heur|mdpt |vars |cons |rows |cuts |sepa|confs|strbr|  dualbound   | primalbound  |  gap   | compl. 
  0.8s|     1 |     0 |   443 |     - |    25M |   0 | 791 |2279 |2263 |   0 |  0 |  19 |   0 | 4.000000e+01 |      --      |    Inf | unknown
  2.6s|     1 |     0 |  1412 |     - |    26M |   0 | 791 |2279 |2338 |  75 |  1 |  19 |   0 | 4.000000e+01 |      --      |    Inf | unknown
  2.6s|     1 |     0 |  1539 |     - |    27M |   0 | 791 |2279 |2366 | 103 |  2 |  19 |   0 | 4.000000e+01 |      --      |    Inf | unknown
  2.6s|     1 |     0 |  1670 |     - |    27M |   0 | 791 |2280 |2373 | 110 |  3 |  20 |   0 | 4.000000e+01 |      --      |    Inf | unknown
  2.7s|     1 |     0 |  1729 |     - |    29M |   0 | 791 |2281 |2377 | 114 |  4 |  21 |   0 | 4.000000e+01 |      --      |    Inf | unknown
  2.7s|     1 |     0 |  1793 |     - |    30M |   0 | 791 |2282 |2381 | 118 |  5 |  22 |   0 | 4.000000e+01 |      --      |    Inf | unknown
  2.7s|     1 |     0 |  1878 |     - |    30M |   0 | 791 |2283 |2384 | 121 |  6 |  23 |   0 | 4.000000e+01 |      --      |    Inf | unknown
  2.7s|     1 |     0 |  1921 |     - |    31M |   0 | 791 |2283 |2387 | 124 |  7 |  23 |   0 | 4.000000e+01 |      --      |    Inf | unknown
  2.8s|     1 |     0 |  1948 |     - |    32M |   0 | 791 |2284 |2389 | 126 |  8 |  24 |   0 | 4.000000e+01 |      --      |    Inf | unknown
  2.8s|     1 |     0 |  1989 |     - |    34M |   0 | 791 |2286 |2391 | 128 |  9 |  26 |   0 | 4.000000e+01 |      --      |    Inf | unknown
  2.8s|     1 |     0 |  2033 |     - |    35M |   0 | 791 |2288 |2395 | 132 | 10 |  28 |   0 | 4.000000e+01 |      --      |    Inf | unknown
  2.8s|     1 |     0 |  2075 |     - |    35M |   0 | 791 |2290 |2325 | 135 | 11 |  30 |   0 | 4.000000e+01 |      --      |    Inf | unknown
  2.9s|     1 |     0 |  2089 |     - |    35M |   0 | 791 |2291 |2330 | 140 | 12 |  31 |   0 | 4.000000e+01 |      --      |    Inf | unknown
  2.9s|     1 |     0 |  2134 |     - |    36M |   0 | 791 |2292 |2333 | 143 | 13 |  32 |   0 | 4.000000e+01 |      --      |    Inf | unknown
  2.9s|     1 |     0 |  2154 |     - |    36M |   0 | 791 |2292 |2296 | 145 | 14 |  32 |   0 | 4.000000e+01 |      --      |    Inf | unknown
 time | node  | left  |LP iter|LP it/n|mem/heur|mdpt |vars |cons |rows |cuts |sepa|confs|strbr|  dualbound   | primalbound  |  gap   | compl. 
  3.0s|     1 |     2 |  2766 |     - |    36M |   0 | 791 |2300 |2296 | 145 | 14 |  40 |  15 | 4.000000e+01 |      --      |    Inf | unknown
d 4.7s|     6 |     7 |  3643 | 303.6 |pscostdi|   5 | 791 |2314 |2276 |   0 |  2 |  54 |  15 | 4.000000e+01 | 9.000000e+01 | 125.00%| unknown
* 4.8s|    11 |    10 |  3819 | 169.4 |    LP  |   5 | 791 |2314 |2276 | 145 |  0 |  54 |  15 | 4.000000e+01 | 8.900000e+01 | 122.50%| unknown
d 5.0s|    28 |    29 |  5903 | 139.9 |distribu|  13 | 791 |2249 |2289 |   0 |  1 |  61 |  15 | 4.000000e+01 | 6.100000e+01 |  52.50%| unknown
o 5.4s|    42 |    43 |  7737 | 136.9 |objpscos|  13 | 791 |2250 |2303 | 324 |  2 |  62 |  15 | 4.000000e+01 | 5.900000e+01 |  47.50%| unknown
* 5.5s|    47 |    44 |  9659 | 163.8 |    LP  |  13 | 791 |2248 |2276 | 324 |  0 |  62 |  15 | 4.000000e+01 | 5.200000e+01 |  30.00%| unknown
* 5.6s|    49 |    46 |  9947 | 163.0 |    LP  |  13 | 791 |1953 |2276 | 324 |  0 |  62 |  15 | 4.000000e+01 | 5.000000e+01 |  25.00%| unknown
  6.0s|   100 |    72 | 15002 | 130.1 |    42M |  19 | 791 |1968 |2280 | 465 |  1 |  77 |  15 | 4.000000e+01 | 5.000000e+01 |  25.00%|  22.73%

SCIP Status        : solving was interrupted [termination signal received]
Solving Time (sec) : 6.55
Solving Nodes      : 158
Primal Bound       : +5.00000000000000e+01 (6 solutions)
Dual Bound         : +4.00000000000000e+01
Gap                : 25.00 %

primal solution (original space):
=================================

objective value:                                   50
m_0_0                                               1 	(obj:0)
m_0_1                                               1 	(obj:0)
m_0_2                                               1 	(obj:0)
m_0_9                                               1 	(obj:0)
m_0_11                                              1 	(obj:0)
m_0_12                                              1 	(obj:0)
m_0_13                                              1 	(obj:0)
m_0_14                                              1 	(obj:0)
m_1_1                                               1 	(obj:0)
m_1_2                                               1 	(obj:0)
m_1_11                                              1 	(obj:0)
m_1_12                                              1 	(obj:0)
m_1_13                                              1 	(obj:0)
m_1_14                                              1 	(obj:0)
m_2_2                                               1 	(obj:0)
m_2_13                                              1 	(obj:0)
m_2_14                                              1 	(obj:0)
m_3_0                                               1 	(obj:0)
m_3_1                                               1 	(obj:0)
m_3_2                                               1 	(obj:0)
m_3_3                                               1 	(obj:0)
m_3_6                                               1 	(obj:0)
m_3_7                                               1 	(obj:0)
m_3_8                                               1 	(obj:0)
m_3_9                                               1 	(obj:0)
m_3_10                                              1 	(obj:0)
m_3_11                                              1 	(obj:0)
m_3_12                                              1 	(obj:0)
m_3_13                                              1 	(obj:0)
m_3_14                                              1 	(obj:0)
m_4_0                                               1 	(obj:0)
m_4_1                                               1 	(obj:0)
m_4_2                                               1 	(obj:0)
m_4_4                                               1 	(obj:0)
m_4_6                                               1 	(obj:0)
m_4_7                                               1 	(obj:0)
m_4_8                                               1 	(obj:0)
m_4_9                                               1 	(obj:0)
m_4_10                                              1 	(obj:0)
m_4_11                                              1 	(obj:0)
m_4_12                                              1 	(obj:0)
m_4_13                                              1 	(obj:0)
m_4_14                                              1 	(obj:0)
m_5_0                                               1 	(obj:0)
m_5_1                                               1 	(obj:0)
m_5_2                                               1 	(obj:0)
m_5_5                                               1 	(obj:0)
m_5_6                                               1 	(obj:0)
m_5_7                                               1 	(obj:0)
m_5_8                                               1 	(obj:0)
m_5_9                                               1 	(obj:0)
m_5_10                                              1 	(obj:0)
m_5_11                                              1 	(obj:0)
m_5_12                                              1 	(obj:0)
m_5_13                                              1 	(obj:0)
m_5_14                                              1 	(obj:0)
m_6_0                                               1 	(obj:0)
m_6_1                                               1 	(obj:0)
m_6_2                                               1 	(obj:0)
m_6_6                                               1 	(obj:0)
m_6_9                                               1 	(obj:0)
m_6_10                                              1 	(obj:0)
m_6_11                                              1 	(obj:0)
m_6_12                                              1 	(obj:0)
m_6_13                                              1 	(obj:0)
m_6_14                                              1 	(obj:0)
m_7_0                                               1 	(obj:0)
m_7_1                                               1 	(obj:0)
m_7_2                                               1 	(obj:0)
m_7_7                                               1 	(obj:0)
m_7_9                                               1 	(obj:0)
m_7_10                                              1 	(obj:0)
m_7_11                                              1 	(obj:0)
m_7_12                                              1 	(obj:0)
m_7_13                                              1 	(obj:0)
m_7_14                                              1 	(obj:0)
m_8_0                                               1 	(obj:0)
m_8_1                                               1 	(obj:0)
m_8_2                                               1 	(obj:0)
m_8_8                                               1 	(obj:0)
m_8_9                                               1 	(obj:0)
m_8_10                                              1 	(obj:0)
m_8_11                                              1 	(obj:0)
m_8_12                                              1 	(obj:0)
m_8_13                                              1 	(obj:0)
m_8_14                                              1 	(obj:0)
m_9_2                                               1 	(obj:0)
m_9_9                                               1 	(obj:0)
m_9_11                                              1 	(obj:0)
m_9_12                                              1 	(obj:0)
m_9_13                                              1 	(obj:0)
m_9_14                                              1 	(obj:0)
m_10_1                                              1 	(obj:0)
m_10_2                                              1 	(obj:0)
m_10_9                                              1 	(obj:0)
m_10_10                                             1 	(obj:0)
m_10_11                                             1 	(obj:0)
m_10_12                                             1 	(obj:0)
m_10_13                                             1 	(obj:0)
m_10_14                                             1 	(obj:0)
m_11_2                                              1 	(obj:0)
m_11_11                                             1 	(obj:0)
m_11_12                                             1 	(obj:0)
m_11_13                                             1 	(obj:0)
m_11_14                                             1 	(obj:0)
m_12_12                                             1 	(obj:0)
m_12_13                                             1 	(obj:0)
m_12_14                                             1 	(obj:0)
m_13_13                                             1 	(obj:0)
m_14_14                                             1 	(obj:0)
p_1_0                                               1 	(obj:0)
p_2_1                                               1 	(obj:0)
p_2_2                                               1 	(obj:0)
p_1_3                                               1 	(obj:0)
p_2_4                                               1 	(obj:0)
p_3_5                                               1 	(obj:0)
p_3_6                                               1 	(obj:0)
p_1_7                                               1 	(obj:0)
p_2_8                                               1 	(obj:0)
p_1_9                                               1 	(obj:0)
p_3_10                                              1 	(obj:0)
p_3_11                                              1 	(obj:0)
p_1_12                                              1 	(obj:0)
p_3_13                                              1 	(obj:0)
p_2_14                                              1 	(obj:0)
t_0_0                                               1 	(obj:0)
z_0_3                                               1 	(obj:0)
t_0_3                                               1 	(obj:0)
z_0_4                                               1 	(obj:0)
z_0_5                                               1 	(obj:0)
z_0_6                                               1 	(obj:0)
z_0_7                                               1 	(obj:0)
t_0_7                                               1 	(obj:0)
z_0_8                                               1 	(obj:0)
t_0_9                                               1 	(obj:0)
t_0_12                                              1 	(obj:0)
z_1_0                                               1 	(obj:0)
t_1_1                                               1 	(obj:0)
t_1_2                                               1 	(obj:0)
z_1_3                                               1 	(obj:0)
z_1_4                                               1 	(obj:0)
t_1_4                                               1 	(obj:0)
z_1_5                                               1 	(obj:0)
z_1_6                                               1 	(obj:0)
z_1_7                                               1 	(obj:0)
z_1_8                                               1 	(obj:0)
t_1_8                                               1 	(obj:0)
t_1_14                                              1 	(obj:0)
z_2_0                                               1 	(obj:0)
z_2_1                                               1 	(obj:0)
t_2_1                                               1 	(obj:0)
t_2_2                                               1 	(obj:0)
z_2_3                                               1 	(obj:0)
z_2_4                                               1 	(obj:0)
t_2_4                                               1 	(obj:0)
z_2_5                                               1 	(obj:0)
z_2_6                                               1 	(obj:0)
z_2_7                                               1 	(obj:0)
z_2_8                                               1 	(obj:0)
t_2_8                                               1 	(obj:0)
z_2_9                                               1 	(obj:0)
z_2_10                                              1 	(obj:0)
t_2_14                                              1 	(obj:0)
t_3_0                                               1 	(obj:0)
t_3_3                                               1 	(obj:0)
t_3_7                                               1 	(obj:0)
t_3_9                                               1 	(obj:0)
t_3_12                                              1 	(obj:0)
t_4_1                                               1 	(obj:0)
t_4_2                                               1 	(obj:0)
t_4_4                                               1 	(obj:0)
t_4_8                                               1 	(obj:0)
t_4_14                                              1 	(obj:0)
t_5_5                                               1 	(obj:0)
t_5_6                                               1 	(obj:0)
t_5_10                                              1 	(obj:0)
t_5_11                                              1 	(obj:0)
t_5_13                                              1 	(obj:0)
z_6_3                                               1 	(obj:0)
z_6_4                                               1 	(obj:0)
z_6_5                                               1 	(obj:0)
t_6_5                                               1 	(obj:0)
t_6_6                                               1 	(obj:0)
t_6_10                                              1 	(obj:0)
t_6_11                                              1 	(obj:0)
t_6_13                                              1 	(obj:0)
t_7_0                                               1 	(obj:0)
z_7_3                                               1 	(obj:0)
t_7_3                                               1 	(obj:0)
z_7_4                                               1 	(obj:0)
z_7_5                                               1 	(obj:0)
t_7_7                                               1 	(obj:0)
t_7_9                                               1 	(obj:0)
t_7_12                                              1 	(obj:0)
t_8_1                                               1 	(obj:0)
t_8_2                                               1 	(obj:0)
z_8_3                                               1 	(obj:0)
z_8_4                                               1 	(obj:0)
t_8_4                                               1 	(obj:0)
z_8_5                                               1 	(obj:0)
t_8_8                                               1 	(obj:0)
t_8_14                                              1 	(obj:0)
z_9_0                                               1 	(obj:0)
t_9_0                                               1 	(obj:0)
z_9_3                                               1 	(obj:0)
t_9_3                                               1 	(obj:0)
z_9_4                                               1 	(obj:0)
z_9_5                                               1 	(obj:0)
z_9_6                                               1 	(obj:0)
z_9_7                                               1 	(obj:0)
t_9_7                                               1 	(obj:0)
z_9_8                                               1 	(obj:0)
t_9_9                                               1 	(obj:0)
t_9_12                                              1 	(obj:0)
z_10_3                                              1 	(obj:0)
z_10_4                                              1 	(obj:0)
z_10_5                                              1 	(obj:0)
t_10_5                                              1 	(obj:0)
z_10_6                                              1 	(obj:0)
t_10_6                                              1 	(obj:0)
z_10_7                                              1 	(obj:0)
z_10_8                                              1 	(obj:0)
t_10_10                                             1 	(obj:0)
t_10_11                                             1 	(obj:0)
t_10_13                                             1 	(obj:0)
z_11_0                                              1 	(obj:0)
z_11_3                                              1 	(obj:0)
z_11_4                                              1 	(obj:0)
z_11_5                                              1 	(obj:0)
t_11_5                                              1 	(obj:0)
z_11_6                                              1 	(obj:0)
t_11_6                                              1 	(obj:0)
z_11_7                                              1 	(obj:0)
z_11_8                                              1 	(obj:0)
z_11_10                                             1 	(obj:0)
t_11_10                                             1 	(obj:0)
t_11_11                                             1 	(obj:0)
t_11_13                                             1 	(obj:0)
z_12_0                                              1 	(obj:0)
t_12_0                                              1 	(obj:0)
z_12_1                                              1 	(obj:0)
z_12_3                                              1 	(obj:0)
t_12_3                                              1 	(obj:0)
z_12_4                                              1 	(obj:0)
z_12_5                                              1 	(obj:0)
z_12_6                                              1 	(obj:0)
z_12_7                                              1 	(obj:0)
t_12_7                                              1 	(obj:0)
z_12_8                                              1 	(obj:0)
z_12_9                                              1 	(obj:0)
t_12_9                                              1 	(obj:0)
z_12_10                                             1 	(obj:0)
t_12_12                                             1 	(obj:0)
z_13_0                                              1 	(obj:0)
z_13_1                                              1 	(obj:0)
z_13_2                                              1 	(obj:0)
z_13_3                                              1 	(obj:0)
z_13_4                                              1 	(obj:0)
z_13_5                                              1 	(obj:0)
t_13_5                                              1 	(obj:0)
z_13_6                                              1 	(obj:0)
t_13_6                                              1 	(obj:0)
z_13_7                                              1 	(obj:0)
z_13_8                                              1 	(obj:0)
z_13_9                                              1 	(obj:0)
z_13_10                                             1 	(obj:0)
t_13_10                                             1 	(obj:0)
z_13_11                                             1 	(obj:0)
t_13_11                                             1 	(obj:0)
t_13_13                                             1 	(obj:0)
z_14_0                                              1 	(obj:0)
z_14_1                                              1 	(obj:0)
t_14_1                                              1 	(obj:0)
z_14_2                                              1 	(obj:0)
t_14_2                                              1 	(obj:0)
z_14_3                                              1 	(obj:0)
z_14_4                                              1 	(obj:0)
t_14_4                                              1 	(obj:0)
z_14_5                                              1 	(obj:0)
z_14_6                                              1 	(obj:0)
z_14_7                                              1 	(obj:0)
z_14_8                                              1 	(obj:0)
t_14_8                                              1 	(obj:0)
z_14_9                                              1 	(obj:0)
z_14_10                                             1 	(obj:0)
z_14_11                                             1 	(obj:0)
t_14_14                                             1 	(obj:0)
y_0_1_0                                             1 	(obj:0)
y_6_1_0                                             1 	(obj:0)
y_7_1_0                                             1 	(obj:0)
y_8_1_0                                             1 	(obj:0)
y_10_1_0                                            1 	(obj:0)
y_0_1_1                                             1 	(obj:0)
y_1_1_1                                             1 	(obj:0)
y_6_1_1                                             1 	(obj:0)
y_7_1_1                                             1 	(obj:0)
y_8_1_1                                             1 	(obj:0)
y_9_1_1                                             1 	(obj:0)
y_10_1_1                                            1 	(obj:0)
y_11_1_1                                            1 	(obj:0)
y_1_1_2                                             1 	(obj:0)
y_8_1_2                                             1 	(obj:0)
y_9_1_2                                             1 	(obj:0)
y_10_1_2                                            1 	(obj:0)
y_11_1_2                                            1 	(obj:0)
y_3_1_3                                             1 	(obj:0)
y_4_1_3                                             1 	(obj:0)
y_5_1_3                                             1 	(obj:0)
y_3_1_4                                             1 	(obj:0)
y_4_1_4                                             1 	(obj:0)
y_5_1_4                                             1 	(obj:0)
y_3_1_5                                             1 	(obj:0)
y_4_1_5                                             1 	(obj:0)
y_5_1_5                                             1 	(obj:0)
y_3_1_6                                             1 	(obj:0)
y_4_1_6                                             1 	(obj:0)
y_5_1_6                                             1 	(obj:0)
y_6_1_6                                             1 	(obj:0)
y_7_1_6                                             1 	(obj:0)
y_8_1_6                                             1 	(obj:0)
y_3_1_7                                             1 	(obj:0)
y_4_1_7                                             1 	(obj:0)
y_5_1_7                                             1 	(obj:0)
y_6_1_7                                             1 	(obj:0)
y_7_1_7                                             1 	(obj:0)
y_8_1_7                                             1 	(obj:0)
y_3_1_8                                             1 	(obj:0)
y_4_1_8                                             1 	(obj:0)
y_5_1_8                                             1 	(obj:0)
y_6_1_8                                             1 	(obj:0)
y_7_1_8                                             1 	(obj:0)
y_8_1_8                                             1 	(obj:0)
y_0_1_9                                             1 	(obj:0)
y_1_1_9                                             1 	(obj:0)
y_6_1_9                                             1 	(obj:0)
y_7_1_9                                             1 	(obj:0)
y_8_1_9                                             1 	(obj:0)
y_9_1_9                                             1 	(obj:0)
y_10_1_9                                            1 	(obj:0)
y_11_1_9                                            1 	(obj:0)
y_0_1_10                                            1 	(obj:0)
y_1_1_10                                            1 	(obj:0)
y_6_1_10                                            1 	(obj:0)
y_7_1_10                                            1 	(obj:0)
y_8_1_10                                            1 	(obj:0)
y_9_1_10                                            1 	(obj:0)
y_10_1_10                                           1 	(obj:0)
y_0_1_11                                            1 	(obj:0)
y_1_1_11                                            1 	(obj:0)
y_6_1_11                                            1 	(obj:0)
y_8_1_11                                            1 	(obj:0)
y_9_1_11                                            1 	(obj:0)
y_10_1_11                                           1 	(obj:0)
y_11_1_11                                           1 	(obj:0)
y_1_1_12                                            1 	(obj:0)
y_8_1_12                                            1 	(obj:0)
y_9_1_12                                            1 	(obj:0)
y_10_1_12                                           1 	(obj:0)
y_11_1_12                                           1 	(obj:0)
y_9_1_13                                            1 	(obj:0)
y_10_1_13                                           1 	(obj:0)
y_11_1_13                                           1 	(obj:0)
y_9_1_14                                            1 	(obj:0)
y_10_1_14                                           1 	(obj:0)
y_11_1_14                                           1 	(obj:0)
s_6                                                10 	(obj:0)
s_7                                                10 	(obj:0)
s_8                                                10 	(obj:0)
s_9                                                21 	(obj:0)
s_10                                               20 	(obj:0)
s_11                                               30 	(obj:0)
s_12                                               39 	(obj:0)
s_13                                               40 	(obj:0)
s_14                                               40 	(obj:0)
l                                                  50 	(obj:1)
s_0                                                20 	(obj:0)
s_1                                                21 	(obj:0)
s_2                                                39 	(obj:0)

Statistics
==========

SCIP Status        : solving was interrupted [termination signal received]
Total Time         :       6.56
  solving          :       6.55
  presolving       :       0.64 (included in solving)
  reading          :       0.01
  copying          :       0.09 (16 #copies) (minimal 0.00, maximal 0.01, average 0.01)
Original Problem   :
  Problem name     : /Users/maxbig/Coursework_multiprocessing/Coursework/SCIP/SCIPOptSuite-9.2.1-Linux/inputs/new_tr/order/layered_15_buf_times_P3_M1350_default_input.lp
  Variables        : 886 (870 binary, 16 integer, 0 continuous)
  Implied int vars : 0 (0 binary, 0 integer, 0 continuous)
  Constraints      : 2918 initial, 2918 maximal
  Objective        : minimize, 1 non-zeros (abs.min = 1, abs.max = 1)
Presolved Problem  :
  Problem name     : t_/Users/maxbig/Coursework_multiprocessing/Coursework/SCIP/SCIPOptSuite-9.2.1-Linux/inputs/new_tr/order/layered_15_buf_times_P3_M1350_default_input.lp
  Variables        : 791 (775 binary, 16 integer, 0 continuous)
  Implied int vars : 0 (0 binary, 0 integer, 0 continuous)
  Constraints      : 2264 initial, 2317 maximal
  Objective        : minimize, 1 non-zeros (abs.min = 1, abs.max = 1)
  Nonzeros         : 7345 constraint, 167 clique table
Presolvers         :   ExecTime  SetupTime  Calls  FixedVars   AggrVars   ChgTypes  ChgBounds   AddHoles    DelCons    AddCons   ChgSides   ChgCoefs
  boundshift       :       0.00       0.00      0          0          0          0          0          0          0          0          0          0
  convertinttobin  :       0.00       0.00      0          0          0          0          0          0          0          0          0          0
  domcol           :       0.00       0.00      3          0          0          0          0          0          0          0          0          0
  dualagg          :       0.00       0.00      0          0          0          0          0          0          0          0          0          0
  dualcomp         :       0.00       0.00      0          0          0          0          0          0          0          0          0          0
  dualinfer        :       0.00       0.00      0          0          0          0          0          0          0          0          0          0
  dualsparsify     :       0.01       0.00      1          0          0          0          0          0          0          0          0          0
  gateextraction   :       0.00       0.00      3          0          0          0          0          0          0          0          0          0
  implics          :       0.00       0.00      7          0          0          0          0          0          0          0          0          0
  implint          :       0.00       0.00      0          0          0          0          0          0          0          0          0          0
  inttobinary      :       0.00       0.00     11          0          0          0          0          0          0          0          0          0
  milp             :       0.00       0.00      1          0          0          0          0          0          0          0          0          0
  qpkktref         :       0.00       0.00      0          0          0          0          0          0          0          0          0          0
  redvub           :       0.00       0.00      0          0          0          0          0          0          0          0          0          0
  sparsify         :       0.00       0.00      1          0          0          0          0          0          0          0          0          0
  stuffing         :       0.00       0.00      0          0          0          0          0          0          0          0          0          0
  trivial          :       0.00       0.00     11         38          0          0          0          0          0          0          0          0
  tworowbnd        :       0.00       0.00      0          0          0          0          0          0          0          0          0          0
  dualfix          :       0.00       0.00     11         15          0          0          0          0          0          0          0          0
  genvbounds       :       0.00       0.00      0          0          0          0          0          0          0          0          0          0
  probing          :       0.59       0.00      3          0         11          0          0          0          0          0          0          0
  pseudoobj        :       0.00       0.00      0          0          0          0          0          0          0          0          0          0
  symmetry         :       0.00       0.00      1          3          0          0          0          0          0          1          0          0
  vbounds          :       0.00       0.00      2          0         15          0          0          0          0          0          0          0
  varbound         :       0.00       0.00     13          0          0          0          0          0          0          0          0          0
  knapsack         :       0.00       0.00     16          0          0          0          0          0          0          7          7         14
  setppc           :       0.00       0.00     16          0          1          0          0          0          2          0          0          0
  linear           :       0.02       0.00     16         12          0          0         28          0        481          0         12         12
  orbitope_pp      :       0.00       0.00      3          0          0          0          0          0          0          0          0          0
  logicor          :       0.01       0.00     16          0          0          0          0          0        179          0          0         84
  bounddisjunction :       0.00       0.00      0          0          0          0          0          0          0          0          0          0
  components       :       0.00       0.00      1          0          0          0          0          0          0          0          0          0
  root node        :          -          -      -        226          -          -        352          -          -          -          -          -
Constraints        :     Number  MaxNumber  #Separate #Propagate    #EnfoLP    #EnfoRelax  #EnfoPS    #Check   #ResProp    Cutoffs    DomReds       Cuts    Applied      Conss   Children
  integral         :          0          0          0          0        127          0          0         98          0          0          0          0          0          0        254
  varbound         :         35         35         14      10893          0          0          0         93          0          0         34          0          0          0          0
  knapsack         :         13         13         14      10715          0          0          0         80          0          0        244          0          0          0          0
  setppc           :         20+        27         14       9241          0          0          0         80         46         10        182          0          0          0          0
  linear           :       1114       1114         14      10883          0          0          0         27        137        179       3647          0          0          0          0
  orbitope_pp      :          1          1          0       5508          0          0          0          6          2          0          2          0          0          0          0
  logicor          :       1081+      1122         14       1964          0          0          0          6         94         12       1499          0          0          0          0
  bounddisjunction :          0+        27          0        828          0          0          0          0          6          0         27          0          0          0          0
  fixedvar         :          0          0          0          0          0          0          0          7          0          0          0          0          0          0          0
  countsols        :          0          0          0          0          0          0          0          7          0          0          0          0          0          0          0
  components       :          0          0          0          0          0          0          0          0          0          0          0          0          0          0          0
Constraint Timings :  TotalTime  SetupTime   Separate  Propagate     EnfoLP     EnfoPS     EnfoRelax   Check    ResProp    SB-Prop
  integral         :       0.07       0.00       0.00       0.00       0.07       0.00       0.00       0.00       0.00       0.00
  varbound         :       0.10       0.00       0.00       0.10       0.00       0.00       0.00       0.00       0.00       0.00
  knapsack         :       0.00       0.00       0.00       0.00       0.00       0.00       0.00       0.00       0.00       0.00
  setppc           :       0.00       0.00       0.00       0.00       0.00       0.00       0.00       0.00       0.00       0.00
  linear           :       0.49       0.00       0.00       0.49       0.00       0.00       0.00       0.00       0.00       0.00
  orbitope_pp      :       0.00       0.00       0.00       0.00       0.00       0.00       0.00       0.00       0.00       0.00
  logicor          :       0.02       0.00       0.00       0.02       0.00       0.00       0.00       0.00       0.00       0.00
  bounddisjunction :       0.00       0.00       0.00       0.00       0.00       0.00       0.00       0.00       0.00       0.00
  fixedvar         :       0.00       0.00       0.00       0.00       0.00       0.00       0.00       0.00       0.00       0.00
  countsols        :       0.00       0.00       0.00       0.00       0.00       0.00       0.00       0.00       0.00       0.00
  components       :       0.00       0.00       0.00       0.00       0.00       0.00       0.00       0.00       0.00       0.00
Propagators        : #Propagate   #ResProp    Cutoffs    DomReds
  dualfix          :          1          0          0          0
  genvbounds       :          0          0          0          0
  nlobbt           :          0          0          0          0
  obbt             :          0          0          0          0
  probing          :          0          0          0          0
  pseudoobj        :        669          0          0          5
  redcost          :        339          0          0          1
  rootredcost      :          6          0          0        110
  symmetry         :          0          0          0          0
  vbounds          :       3063         84          1        319
Propagator Timings :  TotalTime  SetupTime   Presolve  Propagate    ResProp    SB-Prop
  dualfix          :       0.00       0.00       0.00       0.00       0.00       0.00
  genvbounds       :       0.00       0.00       0.00       0.00       0.00       0.00
  nlobbt           :       0.00       0.00       0.00       0.00       0.00       0.00
  obbt             :       0.00       0.00       0.00       0.00       0.00       0.00
  probing          :       0.59       0.00       0.59       0.00       0.00       0.00
  pseudoobj        :       0.00       0.00       0.00       0.00       0.00       0.00
  redcost          :       0.00       0.00       0.00       0.00       0.00       0.00
  rootredcost      :       0.00       0.00       0.00       0.00       0.00       0.00
  symmetry         :       0.00       0.00       0.00       0.00       0.00       0.00
  vbounds          :       0.04       0.00       0.00       0.04       0.00       0.00
Symmetry           :
  #affected vars   :         45 (45 bin, 0 int, 0 cont)
  orbitopal red.   :          0 reductions applied,          0 cutoffs
  orbital reduction:          0 reductions applied,          0 cutoffs
  lexicographic red:          0 reductions applied,          0 cutoffs
  shadow tree time :       0.00 s
Conflict Analysis  :       Time      Calls    Success    DomReds  Conflicts   Literals    Reconvs ReconvLits   Dualrays   Nonzeros   LP Iters   (pool size: [10000,10000])
  propagation      :       0.00         40         40          -         52        4.2          6        3.2          -          -          -
  infeasible LP    :       0.00         14         16          -         18        3.8          0        0.0         14        3.2          0
  bound exceed. LP :       0.00          2          3          -          2        2.5          0        0.0          2        2.5          0
  strong branching :       0.00          0          0          -          0        0.0          0        0.0          -          -          0
  pseudo solution  :       0.00          0          0          -          0        0.0          0        0.0          -          -          -
  applied globally :       0.00          -          -          3         74        3.8          -          -         16          -          -
  applied locally  :          -          -          -          0          0        0.0          -          -          0          -          -
Gen. Resolution CA :       Time      Calls    Success  Conflicts  LargeCoef  LongConfs    Length
  propagation      :       0.00          0          0          0          0          0       0.0
Separators         :   ExecTime  SetupTime      Calls  RootCalls    Cutoffs    DomReds  FoundCuts ViaPoolAdd  DirectAdd    Applied ViaPoolApp  DirectApp      Conss
  cut pool         :       0.02          -        136         27          -          -       4431      12947          -          -          -          -          -    (maximal pool size:       4429)
  aggregation      :       0.03       0.00         61         14          0          0         87        427          0        148        148          0          0
  > cmir           :          -          -          -          -          -          -          -        214          0         69         69          0          -
  > flowcover      :          -          -          -          -          -          -          -        110          0         31         31          0          -
  > knapsackcover  :          -          -          -          -          -          -          -        103          0         48         48          0          -
  cgmip            :       0.00       0.00          0          0          0          0          0          0          0          0          0          0          0
  clique           :       0.00       0.00         14         14          0          0          0          0          0          0          0          0          0
  closecuts        :       0.00       0.00          0          0          0          0          0          0          0          0          0          0          0
  convexproj       :       0.00       0.00          0          0          0          0          0          0          0          0          0          0          0
  disjunctive      :       0.00       0.00          0          0          0          0          0          0          0          0          0          0          0
  eccuts           :       0.00       0.00          0          0          0          0          0          0          0          0          0          0          0
  flower           :       0.00       0.00         25         14          0          0          0          0          0          0          0          0          0
  gauge            :       0.00       0.00          0          0          0          0          0          0          0          0          0          0          0
  gomory           :       0.40       0.00         58         10          0          0       4032      11690         32        518        489         29          0
  > gomorymi       :          -          -          -          -          -          -          -       4539         16        223        208         15          -
  > strongcg       :          -          -          -          -          -          -          -       7151         16        295        281         14          -
  impliedbounds    :       0.00       0.00         63         14          0          0        249        395          0        108        108          0          0
  interminor       :       0.00       0.00          0          0          0          0          0          0          0          0          0          0          0
  intobj           :       0.00       0.00          0          0          0          0          0          0          0          0          0          0          0
  lagromory        :       0.00       0.00          0          0          0          0          0          0          0          0          0          0          0
  mcf              :       0.00       0.00          1          1          0          0          0          0          0          0          0          0          0
  minor            :       0.00       0.00          0          0          0          0          0          0          0          0          0          0          0
  mixing           :       0.00       0.00         63         14          0          0          0          0          0          0          0          0          0
  oddcycle         :       0.00       0.00          0          0          0          0          0          0          0          0          0          0          0
  rapidlearning    :       3.94       0.00         13          1          0       1175          0          0          0          0          0          0         40
  rlt              :       0.00       0.00         10         10          0          0          0          0          0          0          0          0          0
  zerohalf         :       0.03       0.00         61         14          0          0        103        435          8        176        172          4          0
Cutselectors       :   ExecTime  SetupTime      Calls  RootCalls   Selected     Forced   Filtered  RootSelec   RootForc   RootFilt 
  hybrid           :       0.01       0.00         75         14        920         32      12067        145          0       2550
  ensemble         :       0.00       0.00          0          0          0          0          0          0          0          0
  dynamic          :       0.00       0.00          0          0          0          0          0          0          0          0
Pricers            :   ExecTime  SetupTime      Calls       Vars
  problem variables:       0.00          -          0          0
Branching Rules    :   ExecTime  SetupTime   BranchLP  BranchExt   BranchPS    Cutoffs    DomReds       Cuts      Conss   Children
  allfullstrong    :       0.00       0.00          0          0          0          0          0          0          0          0
  cloud            :       0.00       0.00          0          0          0          0          0          0          0          0
  distribution     :       0.00       0.00          0          0          0          0          0          0          0          0
  fullstrong       :       0.00       0.00          0          0          0          0          0          0          0          0
  gomory           :       0.00       0.00          0          0          0          0          0          0          0          0
  inference        :       0.00       0.00          0          0          0          0          0          0          0          0
  leastinf         :       0.00       0.00          0          0          0          0          0          0          0          0
  lookahead        :       0.00       0.00          0          0          0          0          0          0          0          0
  mostinf          :       0.00       0.00          0          0          0          0          0          0          0          0
  multaggr         :       0.00       0.00          0          0          0          0          0          0          0          0
  nodereopt        :       0.00       0.00          0          0          0          0          0          0          0          0
  pscost           :       0.00       0.00          0          0          0          0          0          0          0          0
  random           :       0.00       0.00          0          0          0          0          0          0          0          0
  relpscost        :       0.07       0.00        127          0          0          0          0          0          0        254
  vanillafullstrong:       0.00       0.00          0          0          0          0          0          0          0          0
Primal Heuristics  :   ExecTime  SetupTime      Calls      Found       Best
  LP solutions     :       0.00          -          -          0          0
  relax solutions  :       0.00          -          -          0          0
  pseudo solutions :       0.00          -          -          0          0
  strong branching :       0.00          -          -          0          0
  actconsdiving    :       0.00       0.00          0          0          0
  adaptivediving   :       0.06       0.00         10          0          0
  alns             :       0.01       0.00          1          0          0
  bound            :       0.00       0.00          0          0          0
  clique           :       0.00       0.00          1          0          0
  coefdiving       :       0.00       0.00          0          0          0
  completesol      :       0.00       0.00          0          0          0
  conflictdiving   :       0.07       0.00          7          0          0
  crossover        :       0.00       0.00          0          0          0
  dins             :       0.00       0.00          0          0          0
  distributiondivin:       0.05       0.00          2          1          1
  dks              :       0.00       0.00          0          0          0
  dps              :       0.00       0.00          0          0          0
  dualval          :       0.00       0.00          0          0          0
  farkasdiving     :       0.00       0.00          0          0          0
  feaspump         :       0.01       0.00          1          0          0
  fixandinfer      :       0.00       0.00          0          0          0
  fracdiving       :       0.02       0.00          5          0          0
  gins             :       0.02       0.00          1          0          0
  guideddiving     :       0.01       0.00          7          0          0
  indicator        :       0.00       0.00          0          0          0
  indicatordiving  :       0.00       0.00          0          0          0
  intdiving        :       0.00       0.00          0          0          0
  intshifting      :       0.00       0.00          0          0          0
  linesearchdiving :       0.01       0.00          5          0          0
  localbranching   :       0.00       0.00          0          0          0
  locks            :       0.02       0.00          1          0          0
  lpface           :       0.00       0.00          0          0          0
  mpec             :       0.00       0.00          0          0          0
  multistart       :       0.00       0.00          0          0          0
  mutation         :       0.00       0.00          0          0          0
  nlpdiving        :       0.00       0.00          0          0          0
  objpscostdiving  :       0.11       0.00          2          1          1
  octane           :       0.00       0.00          0          0          0
  ofins            :       0.00       0.00          0          0          0
  oneopt           :       0.00       0.00          6          0          0
  padm             :       0.00       0.00          0          0          0
  proximity        :       0.00       0.00          0          0          0
  pscostdiving     :       0.10       0.00          4          1          1
  randrounding     :       0.13       0.00         94          0          0
  rens             :       0.01       0.00          1          0          0
  reoptsols        :       0.00       0.00          0          0          0
  repair           :       0.00       0.00          0          0          0
  rins             :       0.00       0.00          0          0          0
  rootsoldiving    :       0.09       0.00          1          0          0
  rounding         :       0.01       0.00        164          0          0
  scheduler        :       0.00       0.00          0          0          0
  shiftandpropagate:       0.02       0.00          1          0          0
  shifting         :       0.09       0.00        106          0          0
  simplerounding   :       0.00       0.00        219          0          0
  subnlp           :       0.00       0.00          0          0          0
  trivial          :       0.00       0.00          2          0          0
  trivialnegation  :       0.00       0.00          0          0          0
  trustregion      :       0.00       0.00          0          0          0
  trysol           :       0.00       0.00          0          0          0
  twoopt           :       0.00       0.00          0          0          0
  undercover       :       0.00       0.00          0          0          0
  vbounds          :       0.10       0.00          1          0          0
  veclendiving     :       0.02       0.00          3          0          0
  zeroobj          :       0.00       0.00          0          0          0
  zirounding       :       0.00       0.00        127          0          0
  other solutions  :          -          -          -          0          -
LNS (Scheduler)    :      Calls  SetupTime  SolveTime SolveNodes       Sols       Best       Exp3    Exp3-IX  EpsGreedy        UCB TgtFixRate  Opt  Inf Node Stal  Sol  Usr Othr Actv
  rens             :          0       0.00       0.00          0          0          0    0.00000    0.12500   -1.00000    1.00000      0.900    0    0    0    0    0    0    0    1
  rins             :          0       0.00       0.00          0          0          0    0.00000    0.12500   -1.00000    1.00000      0.900    0    0    0    0    0    0    0    1
  mutation         :          0       0.00       0.00          0          0          0    0.00000    0.12500   -1.00000    1.00000      0.900    0    0    0    0    0    0    0    1
  localbranching   :          0       0.00       0.00          0          0          0    0.00000    0.12500   -1.00000    1.00000      0.900    0    0    0    0    0    0    0    1
  crossover        :          0       0.00       0.00          0          0          0    0.00000    0.12500   -1.00000    1.00000      0.900    0    0    0    0    0    0    0    1
  proximity        :          0       0.00       0.00          0          0          0    0.00000    0.12500   -1.00000    1.00000      0.900    0    0    0    0    0    0    0    1
  zeroobjective    :          0       0.00       0.00          0          0          0    0.00000    0.12500   -1.00000    1.00000      0.900    0    0    0    0    0    0    0    1
  dins             :          0       0.00       0.00          0          0          0    0.00000    0.12500   -1.00000    1.00000      0.900    0    0    0    0    0    0    0    1
  trustregion      :          0       0.00       0.00          0          0          0    0.00000    0.00000   -1.00000    1.00000      0.900    0    0    0    0    0    0    0    0
LP                 :       Time      Calls Iterations  Iter/call   Iter/sec  Time-0-It Calls-0-It
  primal LP        :       0.01         28          0       0.00       0.00       0.01         28
  dual LP          :       0.32        224       9793      44.72   30259.58       0.00          5
  lex dual LP      :       0.00          0          0       0.00          -
  barrier LP       :       0.00          0          0       0.00          -       0.00          0
  resolve instable :       0.00          0          0       0.00          -
  diving/probing LP:       0.45        174       9952      57.20   22063.83
  strong branching :       0.05         15       1162      77.47   21577.66          -          -          0
    (at root node) :          -         15       1162      77.47          -
  conflict analysis:       0.00          0          0       0.00          -
Relaxators         :       Time      Calls    Cutoffs ImprBounds   ImprTime ReducedDom  Separated AddedConss
  benders          :       0.00          0          0          0       0.00          0          0          0
B&B Tree           :
  number of runs   :          1
  nodes            :        158 (127 internal, 31 leaves)
  feasible leaves  :          0
  infeas. leaves   :         29
  objective leaves :          1
  nodes (total)    :        158 (127 internal, 31 leaves)
  nodes left       :         85
  max depth        :         19
  max depth (total):         19
  backtracks       :         64 (40.5%)
  early backtracks :          0 (0.0%)
  nodes exc. ref.  :          0 (0.0%)
  delayed cutoffs  :         11
  repropagations   :         58 (1064 domain reductions, 4 cutoffs)
  avg switch length:       4.94
  switching time   :       0.03
Root Node          :
  First LP value   : +4.00000000000000e+01
  First LP Iters   :        414 (45887.83 Iter/sec)
  First LP Time    :       0.01
  Final Dual Bound : +4.00000000000000e+01
  Final Root Iters :       2125
  Root LP Estimate : +4.29178918953043e+01
Solution           :
  Solutions found  :          6 (6 improvements)
  First Solution   : +9.00000000000000e+01   (in run 1, after 6 nodes, 4.69 seconds, depth 46, found by <pscostdiving>)
  Gap First Sol.   :     125.00 %
  Gap Last Sol.    :      25.00 %
  Primal Bound     : +5.00000000000000e+01   (in run 1, after 49 nodes, 5.62 seconds, depth 5, found by <relaxation>)
  Dual Bound       : +4.00000000000000e+01
  Gap              :      25.00 %
Integrals          :      Total       Avg%
  primal-dual      :     524.75      80.08
  primal-ref       :          -          - (not evaluated)
  dual-ref         :          -          - (not evaluated)
