SCIP version 10.0.0 [precision: 8 byte] [memory: block] [mode: optimized] [LP solver: SoPlex 8.0.0] [GitHash: 0c80fdd8e9]
Copyright (c) 2002-2025 Zuse Institute Berlin (ZIB)

External libraries: 
  Readline 8.3         GNU library for command line editing (gnu.org/s/readline)
  SoPlex 8.0.0         Linear programming solver developed at Zuse Institute Berlin (soplex.zib.de) [GitHash: 2207cfb2]
  CppAD 20180000.0     Algorithmic Differentiation of C++ algorithms developed by B. Bell (github.com/coin-or/CppAD)
  ZLIB 1.2.12          General purpose compression library by J. Gailly and M. Adler (zlib.net)
  MPFR 4.2.2           GNU Multiple Precision Floating-Point Reliable Library (mpfr.org)
  Boost 1.89.0         Boost C++ Libraries (boost.org)
  TinyCThread 1.2      small portable implementation of the C11 threads API (tinycthread.github.io)
  GMP 6.3.0            GNU Multiple Precision Arithmetic Library developed by T. Granlund (gmplib.org)
  AMPL/MP 4.0.3        AMPL .nl file reader library (github.com/ampl/mp)
  PaPILO 3.0.0         parallel presolve for integer and linear optimization (github.com/scipopt/papilo) (built with TBB)
  Nauty 2.8.8          Computing Graph Automorphism Groups by Brendan D. McKay (users.cecs.anu.edu.au/~bdm/nauty)
  sassy 2.0            Symmetry preprocessor by Markus Anders (github.com/markusa4/sassy)
  Ipopt 3.14.19        Interior Point Optimizer developed by A. Waechter et.al. (github.com/coin-or/Ipopt)

reading user parameter file </Users/maxbig/SCIP/SCIPOptSuite-9.2.1-Linux/only_time.set>

read problem </Users/maxbig/SCIP/SCIPOptSuite-9.2.1-Linux/inputs/new_tr/order/layered_12_2_buf_times_P2_M9500_down_left_input.lp>
============

original problem has 613 variables (600 bin, 13 int, 0 cont) and 1743 constraints

solve problem
=============

presolving:
(round 1, fast)       69 del vars, 36 del conss, 0 add conss, 21 chg bounds, 0 chg sides, 0 chg coeffs, 0 upgd conss, 0 impls, 0 clqs, 0 implints
   (0.0s) running MILP presolver
   (0.0s) MILP presolver (2 rounds): 0 aggregations, 0 fixings, 0 bound changes
(round 2, exhaustive) 69 del vars, 322 del conss, 0 add conss, 21 chg bounds, 2 chg sides, 0 chg coeffs, 0 upgd conss, 0 impls, 0 clqs, 0 implints
(round 3, fast)       70 del vars, 322 del conss, 0 add conss, 21 chg bounds, 2 chg sides, 0 chg coeffs, 0 upgd conss, 0 impls, 0 clqs, 0 implints
(round 4, exhaustive) 70 del vars, 322 del conss, 0 add conss, 21 chg bounds, 2 chg sides, 0 chg coeffs, 573 upgd conss, 0 impls, 0 clqs, 0 implints
(round 5, exhaustive) 70 del vars, 326 del conss, 0 add conss, 21 chg bounds, 6 chg sides, 0 chg coeffs, 573 upgd conss, 0 impls, 0 clqs, 0 implints
   (0.7s) probing cycle finished: starting next cycle
   (0.7s) symmetry computation started: requiring (bin +, int +, cont +), (fixed: bin -, int -, cont -)
   (0.7s) no symmetry present (symcode time: 0.00)
presolving (6 rounds: 6 fast, 4 medium, 4 exhaustive):
 70 deleted vars, 326 deleted constraints, 0 added constraints, 21 tightened bounds, 0 added holes, 6 changed sides, 0 changed coefficients
 2433 implications, 0 cliques, 0 implied integral variables (0 bin, 0 int, 0 cont)
presolved problem has 543 variables (530 bin, 13 int, 0 cont) and 1417 constraints
     33 constraints of type <varbound>
     12 constraints of type <knapsack>
    844 constraints of type <linear>
    528 constraints of type <logicor>
transformed objective value is always integral (scale: 1)
Presolving Time: 0.68

 time | node  | left  |LP iter|LP it/n|mem/heur|mdpt |vars |cons |rows |cuts |sepa|confs|strbr|  dualbound   | primalbound  |  gap   | compl. 
  0.7s|     1 |     0 |   377 |     - |    13M |   0 | 543 |1423 |1417 |   0 |  0 |   6 |   0 | 2.100000e+01 |      --      |    Inf | unknown
  0.8s|     1 |     0 |  1007 |     - |    14M |   0 | 543 |1424 |1496 |  81 |  1 |   7 |   0 | 2.100000e+01 |      --      |    Inf | unknown
  0.8s|     1 |     0 |  1155 |     - |    15M |   0 | 543 |1424 |1539 | 124 |  2 |   7 |   0 | 2.112115e+01 |      --      |    Inf | unknown
  0.8s|     1 |     0 |  1184 |     - |    15M |   0 | 543 |1424 |1539 | 124 |  2 |   7 |   0 | 2.200000e+01 |      --      |    Inf | unknown
  0.8s|     1 |     0 |  1240 |     - |    15M |   0 | 543 |1424 |1574 | 159 |  3 |   7 |   0 | 2.400000e+01 |      --      |    Inf | unknown
  0.8s|     1 |     0 |  1308 |     - |    15M |   0 | 543 |1424 |1572 | 159 |  3 |   7 |   0 | 2.400000e+01 |      --      |    Inf | unknown
  0.9s|     1 |     0 |  1371 |     - |    15M |   0 | 543 |1424 |1591 | 178 |  4 |   7 |   0 | 2.491304e+01 |      --      |    Inf | unknown
  0.9s|     1 |     0 |  1391 |     - |    15M |   0 | 543 |1424 |1581 | 178 |  4 |   7 |   0 | 2.500000e+01 |      --      |    Inf | unknown
  0.9s|     1 |     0 |  1439 |     - |    16M |   0 | 543 |1424 |1598 | 195 |  5 |   7 |   0 | 2.612195e+01 |      --      |    Inf | unknown
  0.9s|     1 |     0 |  1479 |     - |    16M |   0 | 543 |1425 |1590 | 195 |  5 |   8 |   0 | 2.700000e+01 |      --      |    Inf | unknown
  0.9s|     1 |     0 |  1637 |     - |    16M |   0 | 543 |1425 |1609 | 214 |  6 |   8 |   0 | 2.700000e+01 |      --      |    Inf | unknown
  0.9s|     1 |     0 |  1849 |     - |    16M |   0 | 543 |1427 |1628 | 233 |  7 |  10 |   0 | 2.726471e+01 |      --      |    Inf | unknown
  0.9s|     1 |     0 |  1896 |     - |    16M |   0 | 543 |1427 |1622 | 233 |  7 |  10 |   0 | 2.800000e+01 |      --      |    Inf | unknown
  0.9s|     1 |     0 |  1976 |     - |    17M |   0 | 543 |1429 |1644 | 255 |  8 |  12 |   0 | 2.800000e+01 |      --      |    Inf | unknown
  0.9s|     1 |     0 |  2065 |     - |    18M |   0 | 543 |1430 |1560 | 267 |  9 |  13 |   0 | 2.800000e+01 |      --      |    Inf | unknown
 time | node  | left  |LP iter|LP it/n|mem/heur|mdpt |vars |cons |rows |cuts |sepa|confs|strbr|  dualbound   | primalbound  |  gap   | compl. 
  1.0s|     1 |     0 |  2161 |     - |    18M |   0 | 543 |1430 |1575 | 282 | 10 |  13 |   0 | 2.800000e+01 |      --      |    Inf | unknown
  1.0s|     1 |     0 |  2213 |     - |    19M |   0 | 543 |1431 |1586 | 293 | 11 |  14 |   0 | 2.800000e+01 |      --      |    Inf | unknown
  1.0s|     1 |     0 |  2288 |     - |    19M |   0 | 543 |1432 |1559 | 302 | 12 |  15 |   0 | 2.800000e+01 |      --      |    Inf | unknown
  1.0s|     1 |     0 |  2363 |     - |    19M |   0 | 543 |1432 |1567 | 310 | 13 |  15 |   0 | 2.802506e+01 |      --      |    Inf | unknown
  1.0s|     1 |     0 |  2403 |     - |    19M |   0 | 543 |1435 |1566 | 310 | 13 |  18 |   0 | 2.900000e+01 |      --      |    Inf | unknown
  1.0s|     1 |     0 |  2424 |     - |    19M |   0 | 543 |1436 |1579 | 323 | 14 |  19 |   0 | 2.900000e+01 |      --      |    Inf | unknown
  1.0s|     1 |     0 |  2468 |     - |    19M |   0 | 543 |1436 |1585 | 329 | 15 |  19 |   0 | 2.900000e+01 |      --      |    Inf | unknown
  1.0s|     1 |     0 |  2495 |     - |    20M |   0 | 543 |1436 |1590 | 334 | 16 |  19 |   0 | 2.900000e+01 |      --      |    Inf | unknown
  1.0s|     1 |     0 |  2525 |     - |    20M |   0 | 543 |1438 |1594 | 338 | 17 |  21 |   0 | 2.900000e+01 |      --      |    Inf | unknown
  1.0s|     1 |     0 |  2579 |     - |    20M |   0 | 543 |1439 |1598 | 342 | 18 |  22 |   0 | 2.900000e+01 |      --      |    Inf | unknown
  1.0s|     1 |     0 |  2616 |     - |    20M |   0 | 543 |1439 |1603 | 347 | 19 |  23 |   0 | 2.900000e+01 |      --      |    Inf | unknown
  1.1s|     1 |     0 |  2630 |     - |    20M |   0 | 543 |1440 |1607 | 351 | 20 |  24 |   0 | 2.900000e+01 |      --      |    Inf | unknown
  1.1s|     1 |     0 |  2634 |     - |    20M |   0 | 543 |1440 |1608 | 352 | 21 |  24 |   0 | 2.900000e+01 |      --      |    Inf | unknown
  1.1s|     1 |     0 |  2682 |     - |    20M |   0 | 543 |1440 |1614 | 358 | 22 |  25 |   0 | 2.900000e+01 |      --      |    Inf | unknown
  1.1s|     1 |     0 |  2698 |     - |    20M |   0 | 543 |1441 |1616 | 360 | 23 |  26 |   0 | 2.900000e+01 |      --      |    Inf | unknown
 time | node  | left  |LP iter|LP it/n|mem/heur|mdpt |vars |cons |rows |cuts |sepa|confs|strbr|  dualbound   | primalbound  |  gap   | compl. 
  1.1s|     1 |     0 |  2705 |     - |    20M |   0 | 543 |1441 |1617 | 361 | 24 |  26 |   0 | 2.900000e+01 |      --      |    Inf | unknown
  1.2s|     1 |     0 |  3167 |     - |    20M |   0 | 543 |1453 |1617 | 361 | 24 |  38 |  52 | 3.000000e+01 |      --      |    Inf | unknown
  1.2s|     1 |     0 |  3177 |     - |    20M |   0 | 543 |1454 |1620 | 364 | 25 |  39 |  52 | 3.000000e+01 |      --      |    Inf | unknown
  1.3s|     1 |     2 |  3178 |     - |    20M |   0 | 543 |1456 |1620 | 364 | 26 |  41 |  80 | 3.000000e+01 |      --      |    Inf | unknown
* 3.5s|    21 |    20 |  3646 |  45.9 |    LP  |  20 | 543 |1456 |1506 | 414 |  0 |  41 |  80 | 3.000000e+01 | 5.600000e+01 |  86.67%| unknown
* 3.7s|    36 |    22 |  5153 |  69.3 |    LP  |  20 | 543 |1455 |1490 | 533 |  0 |  64 |  80 | 3.000000e+01 | 5.000000e+01 |  66.67%|   6.58%
* 3.9s|    53 |    29 |  7317 |  88.2 |    LP  |  20 | 543 |1418 |1490 | 625 |  0 |  66 |  80 | 3.000000e+01 | 4.300000e+01 |  43.33%|  12.54%
* 3.9s|    55 |    28 |  7577 |  89.8 |    LP  |  20 | 543 |1401 |1490 | 625 |  0 |  66 |  80 | 3.000000e+01 | 4.100000e+01 |  36.67%|  14.25%
  4.2s|   100 |    30 | 10240 |  75.9 |    26M |  20 | 543 |1415 |   0 | 870 |  0 |  80 |  80 | 3.000000e+01 | 4.100000e+01 |  36.67%|  50.74%

SCIP Status        : solving was interrupted [termination signal received]
Solving Time (sec) : 4.33
Solving Nodes      : 192
Primal Bound       : +4.10000000000000e+01 (4 solutions)
Dual Bound         : +3.80000000000000e+01
Gap                : 7.89 %

primal solution (original space):
=================================

objective value:                                   41
m_0_0                                               1 	(obj:0)
m_0_2                                               1 	(obj:0)
m_0_4                                               1 	(obj:0)
m_0_5                                               1 	(obj:0)
m_0_6                                               1 	(obj:0)
m_0_7                                               1 	(obj:0)
m_0_8                                               1 	(obj:0)
m_0_9                                               1 	(obj:0)
m_0_10                                              1 	(obj:0)
m_0_11                                              1 	(obj:0)
m_1_0                                               1 	(obj:0)
m_1_1                                               1 	(obj:0)
m_1_2                                               1 	(obj:0)
m_1_4                                               1 	(obj:0)
m_1_5                                               1 	(obj:0)
m_1_6                                               1 	(obj:0)
m_1_7                                               1 	(obj:0)
m_1_8                                               1 	(obj:0)
m_1_9                                               1 	(obj:0)
m_1_10                                              1 	(obj:0)
m_1_11                                              1 	(obj:0)
m_2_2                                               1 	(obj:0)
m_2_4                                               1 	(obj:0)
m_2_5                                               1 	(obj:0)
m_2_6                                               1 	(obj:0)
m_2_7                                               1 	(obj:0)
m_2_8                                               1 	(obj:0)
m_2_9                                               1 	(obj:0)
m_2_10                                              1 	(obj:0)
m_2_11                                              1 	(obj:0)
m_3_0                                               1 	(obj:0)
m_3_2                                               1 	(obj:0)
m_3_3                                               1 	(obj:0)
m_3_4                                               1 	(obj:0)
m_3_5                                               1 	(obj:0)
m_3_6                                               1 	(obj:0)
m_3_7                                               1 	(obj:0)
m_3_8                                               1 	(obj:0)
m_3_9                                               1 	(obj:0)
m_3_10                                              1 	(obj:0)
m_3_11                                              1 	(obj:0)
m_4_4                                               1 	(obj:0)
m_4_8                                               1 	(obj:0)
m_4_9                                               1 	(obj:0)
m_4_10                                              1 	(obj:0)
m_5_4                                               1 	(obj:0)
m_5_5                                               1 	(obj:0)
m_5_8                                               1 	(obj:0)
m_5_9                                               1 	(obj:0)
m_5_10                                              1 	(obj:0)
m_5_11                                              1 	(obj:0)
m_6_4                                               1 	(obj:0)
m_6_6                                               1 	(obj:0)
m_6_8                                               1 	(obj:0)
m_6_9                                               1 	(obj:0)
m_6_10                                              1 	(obj:0)
m_6_11                                              1 	(obj:0)
m_7_4                                               1 	(obj:0)
m_7_5                                               1 	(obj:0)
m_7_6                                               1 	(obj:0)
m_7_7                                               1 	(obj:0)
m_7_8                                               1 	(obj:0)
m_7_9                                               1 	(obj:0)
m_7_10                                              1 	(obj:0)
m_7_11                                              1 	(obj:0)
m_8_8                                               1 	(obj:0)
m_9_9                                               1 	(obj:0)
m_10_8                                              1 	(obj:0)
m_10_9                                              1 	(obj:0)
m_10_10                                             1 	(obj:0)
m_11_8                                              1 	(obj:0)
m_11_9                                              1 	(obj:0)
m_11_10                                             1 	(obj:0)
m_11_11                                             1 	(obj:0)
p_1_0                                               1 	(obj:0)
p_1_1                                               1 	(obj:0)
p_2_2                                               1 	(obj:0)
p_2_3                                               1 	(obj:0)
p_1_4                                               1 	(obj:0)
p_1_5                                               1 	(obj:0)
p_2_6                                               1 	(obj:0)
p_1_7                                               1 	(obj:0)
p_1_8                                               1 	(obj:0)
p_2_9                                               1 	(obj:0)
p_2_10                                              1 	(obj:0)
p_2_11                                              1 	(obj:0)
t_0_0                                               1 	(obj:0)
z_0_1                                               1 	(obj:0)
t_0_1                                               1 	(obj:0)
t_0_4                                               1 	(obj:0)
t_0_5                                               1 	(obj:0)
t_0_7                                               1 	(obj:0)
t_0_8                                               1 	(obj:0)
t_1_0                                               1 	(obj:0)
t_1_1                                               1 	(obj:0)
t_1_4                                               1 	(obj:0)
t_1_5                                               1 	(obj:0)
t_1_7                                               1 	(obj:0)
t_1_8                                               1 	(obj:0)
z_2_1                                               1 	(obj:0)
t_2_2                                               1 	(obj:0)
z_2_3                                               1 	(obj:0)
t_2_3                                               1 	(obj:0)
t_2_6                                               1 	(obj:0)
t_2_9                                               1 	(obj:0)
t_2_10                                              1 	(obj:0)
t_2_11                                              1 	(obj:0)
t_3_2                                               1 	(obj:0)
t_3_3                                               1 	(obj:0)
t_3_6                                               1 	(obj:0)
t_3_9                                               1 	(obj:0)
t_3_10                                              1 	(obj:0)
t_3_11                                              1 	(obj:0)
z_4_0                                               1 	(obj:0)
t_4_0                                               1 	(obj:0)
z_4_1                                               1 	(obj:0)
t_4_1                                               1 	(obj:0)
z_4_2                                               1 	(obj:0)
z_4_3                                               1 	(obj:0)
t_4_4                                               1 	(obj:0)
z_4_5                                               1 	(obj:0)
t_4_5                                               1 	(obj:0)
z_4_6                                               1 	(obj:0)
z_4_7                                               1 	(obj:0)
t_4_7                                               1 	(obj:0)
t_4_8                                               1 	(obj:0)
z_5_0                                               1 	(obj:0)
t_5_0                                               1 	(obj:0)
z_5_1                                               1 	(obj:0)
t_5_1                                               1 	(obj:0)
z_5_2                                               1 	(obj:0)
z_5_3                                               1 	(obj:0)
t_5_4                                               1 	(obj:0)
t_5_5                                               1 	(obj:0)
z_5_7                                               1 	(obj:0)
t_5_7                                               1 	(obj:0)
t_5_8                                               1 	(obj:0)
z_6_0                                               1 	(obj:0)
z_6_1                                               1 	(obj:0)
z_6_2                                               1 	(obj:0)
t_6_2                                               1 	(obj:0)
z_6_3                                               1 	(obj:0)
t_6_3                                               1 	(obj:0)
t_6_6                                               1 	(obj:0)
z_6_7                                               1 	(obj:0)
t_6_9                                               1 	(obj:0)
t_6_10                                              1 	(obj:0)
t_6_11                                              1 	(obj:0)
z_7_0                                               1 	(obj:0)
t_7_0                                               1 	(obj:0)
z_7_1                                               1 	(obj:0)
t_7_1                                               1 	(obj:0)
z_7_3                                               1 	(obj:0)
t_7_4                                               1 	(obj:0)
t_7_5                                               1 	(obj:0)
t_7_7                                               1 	(obj:0)
t_7_8                                               1 	(obj:0)
z_8_0                                               1 	(obj:0)
t_8_0                                               1 	(obj:0)
z_8_1                                               1 	(obj:0)
t_8_1                                               1 	(obj:0)
z_8_2                                               1 	(obj:0)
z_8_3                                               1 	(obj:0)
z_8_4                                               1 	(obj:0)
t_8_4                                               1 	(obj:0)
z_8_5                                               1 	(obj:0)
t_8_5                                               1 	(obj:0)
z_8_6                                               1 	(obj:0)
z_8_7                                               1 	(obj:0)
t_8_7                                               1 	(obj:0)
t_8_8                                               1 	(obj:0)
z_8_10                                              1 	(obj:0)
z_8_11                                              1 	(obj:0)
z_9_0                                               1 	(obj:0)
z_9_1                                               1 	(obj:0)
z_9_2                                               1 	(obj:0)
t_9_2                                               1 	(obj:0)
z_9_3                                               1 	(obj:0)
t_9_3                                               1 	(obj:0)
z_9_4                                               1 	(obj:0)
z_9_5                                               1 	(obj:0)
z_9_6                                               1 	(obj:0)
t_9_6                                               1 	(obj:0)
z_9_7                                               1 	(obj:0)
t_9_9                                               1 	(obj:0)
z_9_10                                              1 	(obj:0)
t_9_10                                              1 	(obj:0)
z_9_11                                              1 	(obj:0)
t_9_11                                              1 	(obj:0)
z_10_0                                              1 	(obj:0)
z_10_1                                              1 	(obj:0)
z_10_2                                              1 	(obj:0)
t_10_2                                              1 	(obj:0)
z_10_3                                              1 	(obj:0)
t_10_3                                              1 	(obj:0)
z_10_5                                              1 	(obj:0)
z_10_6                                              1 	(obj:0)
t_10_6                                              1 	(obj:0)
z_10_7                                              1 	(obj:0)
t_10_9                                              1 	(obj:0)
t_10_10                                             1 	(obj:0)
z_10_11                                             1 	(obj:0)
t_10_11                                             1 	(obj:0)
z_11_0                                              1 	(obj:0)
z_11_1                                              1 	(obj:0)
z_11_2                                              1 	(obj:0)
t_11_2                                              1 	(obj:0)
z_11_3                                              1 	(obj:0)
t_11_3                                              1 	(obj:0)
z_11_5                                              1 	(obj:0)
z_11_6                                              1 	(obj:0)
t_11_6                                              1 	(obj:0)
z_11_7                                              1 	(obj:0)
t_11_9                                              1 	(obj:0)
t_11_10                                             1 	(obj:0)
t_11_11                                             1 	(obj:0)
y_0_1_0                                             1 	(obj:0)
y_1_1_0                                             1 	(obj:0)
y_2_1_0                                             1 	(obj:0)
y_3_1_0                                             1 	(obj:0)
y_1_1_1                                             1 	(obj:0)
y_3_1_1                                             1 	(obj:0)
y_0_1_2                                             1 	(obj:0)
y_1_1_2                                             1 	(obj:0)
y_2_1_2                                             1 	(obj:0)
y_3_1_2                                             1 	(obj:0)
y_7_1_2                                             1 	(obj:0)
y_7_2_2                                             1 	(obj:0)
y_0_1_3                                             1 	(obj:0)
y_1_1_3                                             1 	(obj:0)
y_3_1_3                                             1 	(obj:0)
y_0_1_4                                             1 	(obj:0)
y_4_1_4                                             1 	(obj:0)
y_5_1_4                                             1 	(obj:0)
y_5_2_4                                             1 	(obj:0)
y_5_3_4                                             1 	(obj:0)
y_6_1_4                                             1 	(obj:0)
y_6_2_4                                             1 	(obj:0)
y_6_3_4                                             1 	(obj:0)
y_7_1_4                                             1 	(obj:0)
y_7_2_4                                             1 	(obj:0)
y_0_1_5                                             1 	(obj:0)
y_1_1_5                                             1 	(obj:0)
y_2_1_5                                             1 	(obj:0)
y_5_1_5                                             1 	(obj:0)
y_5_2_5                                             1 	(obj:0)
y_5_3_5                                             1 	(obj:0)
y_6_1_5                                             1 	(obj:0)
y_6_2_5                                             1 	(obj:0)
y_6_3_5                                             1 	(obj:0)
y_7_1_5                                             1 	(obj:0)
y_7_2_5                                             1 	(obj:0)
y_0_1_6                                             1 	(obj:0)
y_1_1_6                                             1 	(obj:0)
y_2_1_6                                             1 	(obj:0)
y_5_1_6                                             1 	(obj:0)
y_5_2_6                                             1 	(obj:0)
y_5_3_6                                             1 	(obj:0)
y_6_1_6                                             1 	(obj:0)
y_6_2_6                                             1 	(obj:0)
y_6_3_6                                             1 	(obj:0)
y_7_1_6                                             1 	(obj:0)
y_7_2_6                                             1 	(obj:0)
y_0_1_7                                             1 	(obj:0)
y_1_1_7                                             1 	(obj:0)
y_2_1_7                                             1 	(obj:0)
y_3_1_7                                             1 	(obj:0)
y_7_1_7                                             1 	(obj:0)
y_7_2_7                                             1 	(obj:0)
y_4_1_8                                             1 	(obj:0)
y_5_1_8                                             1 	(obj:0)
y_5_2_8                                             1 	(obj:0)
y_6_1_8                                             1 	(obj:0)
y_6_2_8                                             1 	(obj:0)
y_7_1_8                                             1 	(obj:0)
y_4_1_9                                             1 	(obj:0)
y_5_1_9                                             1 	(obj:0)
y_5_2_9                                             1 	(obj:0)
y_6_1_9                                             1 	(obj:0)
y_6_2_9                                             1 	(obj:0)
y_7_1_9                                             1 	(obj:0)
y_0_1_10                                            1 	(obj:0)
y_4_1_10                                            1 	(obj:0)
y_5_1_10                                            1 	(obj:0)
y_5_2_10                                            1 	(obj:0)
y_5_3_10                                            1 	(obj:0)
y_6_1_10                                            1 	(obj:0)
y_6_2_10                                            1 	(obj:0)
y_6_3_10                                            1 	(obj:0)
y_7_1_10                                            1 	(obj:0)
y_7_2_10                                            1 	(obj:0)
y_0_1_11                                            1 	(obj:0)
y_4_1_11                                            1 	(obj:0)
y_5_1_11                                            1 	(obj:0)
y_5_2_11                                            1 	(obj:0)
y_5_3_11                                            1 	(obj:0)
y_6_1_11                                            1 	(obj:0)
y_6_2_11                                            1 	(obj:0)
y_6_3_11                                            1 	(obj:0)
y_7_1_11                                            1 	(obj:0)
y_7_2_11                                            1 	(obj:0)
s_2                                                10 	(obj:0)
s_4                                                26 	(obj:0)
s_5                                                18 	(obj:0)
s_6                                                18 	(obj:0)
s_7                                                12 	(obj:0)
s_8                                                36 	(obj:0)
s_9                                                36 	(obj:0)
s_10                                               31 	(obj:0)
s_11                                               26 	(obj:0)
l                                                  41 	(obj:1)
s_0                                                 7 	(obj:0)

Statistics
==========

SCIP Status        : solving was interrupted [termination signal received]
Total Time         :       4.33
  solving          :       4.33
  presolving       :       0.68 (included in solving)
  reading          :       0.00
  copying          :       0.06 (17 #copies) (minimal 0.00, maximal 0.01, average 0.00)
Original Problem   :
  Problem name     : /Users/maxbig/SCIP/SCIPOptSuite-9.2.1-Linux/inputs/new_tr/order/layered_12_2_buf_times_P2_M9500_down_left_input.lp
  Variables        : 613 (600 binary, 13 integer, 0 continuous)
  Implied int vars : 0 (0 binary, 0 integer, 0 continuous)
  Constraints      : 1743 initial, 1743 maximal
  Objective        : minimize, 1 non-zeros (abs.min = 1, abs.max = 1)
Presolved Problem  :
  Problem name     : t_/Users/maxbig/SCIP/SCIPOptSuite-9.2.1-Linux/inputs/new_tr/order/layered_12_2_buf_times_P2_M9500_down_left_input.lp
  Variables        : 543 (530 binary, 13 integer, 0 continuous)
  Implied int vars : 0 (0 binary, 0 integer, 0 continuous)
  Constraints      : 1417 initial, 1456 maximal
  Objective        : minimize, 1 non-zeros (abs.min = 1, abs.max = 1)
  Nonzeros         : 4746 constraint, 6 clique table
Presolvers         :   ExecTime  SetupTime  Calls  FixedVars   AggrVars   ChgTypes  ChgBounds   AddHoles    DelCons    AddCons   ChgSides   ChgCoefs
  boundshift       :       0.00       0.00      0          0          0          0          0          0          0          0          0          0
  convertinttobin  :       0.00       0.00      0          0          0          0          0          0          0          0          0          0
  domcol           :       0.00       0.00      1          0          0          0          0          0          0          0          0          0
  dualagg          :       0.00       0.00      0          0          0          0          0          0          0          0          0          0
  dualcomp         :       0.00       0.00      0          0          0          0          0          0          0          0          0          0
  dualinfer        :       0.00       0.00      0          0          0          0          0          0          0          0          0          0
  dualsparsify     :       0.01       0.00      1          0          0          0          0          0          0          0          0          0
  gateextraction   :       0.00       0.00      0          0          0          0          0          0          0          0          0          0
  implics          :       0.00       0.00      4          0          0          0          0          0          0          0          0          0
  implint          :       0.00       0.00      0          0          0          0          0          0          0          0          0          0
  inttobinary      :       0.00       0.00      6          0          0          0          0          0          0          0          0          0
  milp             :       0.00       0.00      1          0          0          0          0          0          0          0          0          0
  qpkktref         :       0.00       0.00      0          0          0          0          0          0          0          0          0          0
  redvub           :       0.00       0.00      0          0          0          0          0          0          0          0          0          0
  sparsify         :       0.00       0.00      1          0          0          0          0          0          0          0          0          0
  stuffing         :       0.00       0.00      0          0          0          0          0          0          0          0          0          0
  trivial          :       0.00       0.00      6         45          0          0          0          0          0          0          0          0
  tworowbnd        :       0.00       0.00      0          0          0          0          0          0          0          0          0          0
  dualfix          :       0.00       0.00      6         13          0          0          0          0          0          0          0          0
  genvbounds       :       0.00       0.00      0          0          0          0          0          0          0          0          0          0
  probing          :       0.65       0.00      1          0          0          0          0          0          0          0          0          0
  pseudoobj        :       0.00       0.00      0          0          0          0          0          0          0          0          0          0
  symmetry         :       0.00       0.00      1          0          0          0          0          0          0          0          0          0
  vbounds          :       0.00       0.00      0          0          0          0          0          0          0          0          0          0
  varbound         :       0.00       0.00      4          0          0          0          0          0          0          0          0          0
  knapsack         :       0.00       0.00      6          0          0          0          0          0          0          0          0          0
  setppc           :       0.00       0.00      0          0          0          0          0          0          0          0          0          0
  linear           :       0.01       0.00     10          0         12          0         21          0        326          0          6          0
  logicor          :       0.00       0.00      5          0          0          0          0          0          0          0          0          0
  bounddisjunction :       0.00       0.00      0          0          0          0          0          0          0          0          0          0
  components       :       0.00       0.00      1          0          0          0          0          0          0          0          0          0
  root node        :          -          -      -        283          -          -        385          -          -          -          -          -
Constraints        :     Number  MaxNumber  #Separate #Propagate    #EnfoLP    #EnfoRelax  #EnfoPS    #Check   #ResProp    Cutoffs    DomReds       Cuts    Applied      Conss   Children
  integral         :          0          0          0          0        116          0          0         86          0          0          1          0          0          0        230
  varbound         :         33         33         25       8805          0          0          0         81          0          0          3          0          0          0          0
  knapsack         :         12+        13         25       8666          0          0          0         51         18          8         80        108         26          0          0
  setppc           :          0+         7         25       1237          0          0          0          0          1          1         14          0          0          0          0
  linear           :        844        844         25       8799          0          0          0         43        281        131       3168          0          0          0          0
  logicor          :        528+       557         25       1234          0          0          0          4         73         19       1563          1          1          0          0
  bounddisjunction :          0+        50          0        606          0          0          0          0         12          1         37          0          0          0          0
  fixedvar         :          0          0          0          0          0          0          0          5          0          0          0          0          0          0          0
  countsols        :          0          0          0          0          0          0          0          5          0          0          0          0          0          0          0
  components       :          0          0          0          0          0          0          0          0          0          0          0          0          0          0          0
Constraint Timings :  TotalTime  SetupTime   Separate  Propagate     EnfoLP     EnfoPS     EnfoRelax   Check    ResProp    SB-Prop
  integral         :       0.16       0.00       0.00       0.00       0.16       0.00       0.00       0.00       0.00       0.00
  varbound         :       0.13       0.00       0.00       0.13       0.00       0.00       0.00       0.00       0.00       0.00
  knapsack         :       0.00       0.00       0.00       0.00       0.00       0.00       0.00       0.00       0.00       0.00
  setppc           :       0.00       0.00       0.00       0.00       0.00       0.00       0.00       0.00       0.00       0.00
  linear           :       0.43       0.00       0.00       0.42       0.00       0.00       0.00       0.00       0.00       0.00
  logicor          :       0.01       0.00       0.00       0.01       0.00       0.00       0.00       0.00       0.00       0.00
  bounddisjunction :       0.00       0.00       0.00       0.00       0.00       0.00       0.00       0.00       0.00       0.00
  fixedvar         :       0.00       0.00       0.00       0.00       0.00       0.00       0.00       0.00       0.00       0.00
  countsols        :       0.00       0.00       0.00       0.00       0.00       0.00       0.00       0.00       0.00       0.00
  components       :       0.00       0.00       0.00       0.00       0.00       0.00       0.00       0.00       0.00       0.00
Propagators        : #Propagate   #ResProp    Cutoffs    DomReds
  dualfix          :          4          0          0          0
  genvbounds       :          0          0          0          0
  nlobbt           :          0          0          0          0
  obbt             :          0          0          0          0
  probing          :          0          0          0          0
  pseudoobj        :        802          0          0          9
  redcost          :        274          0          0          2
  rootredcost      :          4          0          0        122
  symmetry         :          0          0          0          0
  vbounds          :       1483         64          4        430
Propagator Timings :  TotalTime  SetupTime   Presolve  Propagate    ResProp    SB-Prop
  dualfix          :       0.00       0.00       0.00       0.00       0.00       0.00
  genvbounds       :       0.00       0.00       0.00       0.00       0.00       0.00
  nlobbt           :       0.00       0.00       0.00       0.00       0.00       0.00
  obbt             :       0.00       0.00       0.00       0.00       0.00       0.00
  probing          :       0.65       0.00       0.65       0.00       0.00       0.00
  pseudoobj        :       0.00       0.00       0.00       0.00       0.00       0.00
  redcost          :       0.00       0.00       0.00       0.00       0.00       0.00
  rootredcost      :       0.00       0.00       0.00       0.00       0.00       0.00
  symmetry         :       0.00       0.00       0.00       0.00       0.00       0.00
  vbounds          :       0.02       0.00       0.00       0.02       0.00       0.00
Conflict Analysis  :       Time      Calls    Success    DomReds  Conflicts   Literals    Reconvs ReconvLits   Dualrays   Nonzeros   LP Iters   (pool size: [10000,10000])
  propagation      :       0.00         41         41          -         69        6.1          6        3.3          -          -          -
  infeasible LP    :       0.00          8          8          -         10        3.4          0        0.0          8        3.4          0
  bound exceed. LP :       0.00          2          3          -          3        4.7          0        0.0          2        4.0          0
  strong branching :       0.00          0          0          -          0        0.0          0        0.0          -          -          0
  pseudo solution  :       0.00          0          0          -          0        0.0          0        0.0          -          -          -
  applied globally :       0.00          -          -          1         78        5.2          -          -         10          -          -
  applied locally  :          -          -          -          0          0        0.0          -          -          0          -          -
Gen. Resolution CA :       Time      Calls    Success  Conflicts  LargeCoef  LongConfs    Length
  propagation      :       0.00          0          0          0          0          0       0.0
Separators         :   ExecTime  SetupTime      Calls  RootCalls    Cutoffs    DomReds  FoundCuts ViaPoolAdd  DirectAdd    Applied ViaPoolApp  DirectApp      Conss
  cut pool         :       0.01          -        147         48          -          -       3751       8937          -          -          -          -          -    (maximal pool size:       3692)
  aggregation      :       0.03       0.00         72         25          0          0        341        524        139        258        225         33          0
  > cmir           :          -          -          -          -          -          -          -        290         58        129        120          9          -
  > flowcover      :          -          -          -          -          -          -          -        193         78        114         91         23          -
  > knapsackcover  :          -          -          -          -          -          -          -         41          3         15         14          1          -
  cgmip            :       0.00       0.00          0          0          0          0          0          0          0          0          0          0          0
  clique           :       0.00       0.00         25         25          0          0          0          0          0          0          0          0          0
  closecuts        :       0.00       0.00          0          0          0          0          0          0          0          0          0          0          0
  convexproj       :       0.00       0.00          0          0          0          0          0          0          0          0          0          0          0
  disjunctive      :       0.00       0.00          0          0          0          0          0          0          0          0          0          0          0
  eccuts           :       0.00       0.00          0          0          0          0          0          0          0          0          0          0          0
  flower           :       0.00       0.00         43         25          0          0          0          0          0          0          0          0          0
  gauge            :       0.00       0.00          0          0          0          0          0          0          0          0          0          0          0
  gomory           :       0.22       0.00         53         10          0          0       3555       7444        583        428        402         26          0
  > gomorymi       :          -          -          -          -          -          -          -       3582        361        282        263         19          -
  > strongcg       :          -          -          -          -          -          -          -       3862        222        146        139          7          -
  impliedbounds    :       0.00       0.00         72         25          0          0        414        636          0        130        130          0          0
  interminor       :       0.00       0.00          0          0          0          0          0          0          0          0          0          0          0
  intobj           :       0.00       0.00          0          0          0          0          0          0          0          0          0          0          0
  lagromory        :       0.00       0.00          0          0          0          0          0          0          0          0          0          0          0
  mcf              :       0.00       0.00          1          1          0          0          0          0          0          0          0          0          0
  minor            :       0.00       0.00          0          0          0          0          0          0          0          0          0          0          0
  mixing           :       0.00       0.00         72         25          0          0          0          0          0          0          0          0          0
  oddcycle         :       0.00       0.00          0          0          0          0          0          0          0          0          0          0          0
  rapidlearning    :       2.48       0.00         16          1          0        969          0          0          0          0          0          0         30
  rlt              :       0.01       0.00         10         10          0          0          0          0          0          0          0          0          0
  zerohalf         :       0.02       0.00         63         20          0          0        169        333         13        103         96          7          0
Cutselectors       :   ExecTime  SetupTime      Calls  RootCalls   Selected     Forced   Filtered  RootSelec   RootForc   RootFilt 
  hybrid           :       0.00       0.00         78         25        945          2       8390        362          2       2449
  ensemble         :       0.00       0.00          0          0          0          0          0          0          0          0
  dynamic          :       0.00       0.00          0          0          0          0          0          0          0          0
Pricers            :   ExecTime  SetupTime      Calls       Vars
  problem variables:       0.00          -          0          0
Branching Rules    :   ExecTime  SetupTime   BranchLP  BranchExt   BranchPS    Cutoffs    DomReds       Cuts      Conss   Children
  allfullstrong    :       0.00       0.00          0          0          0          0          0          0          0          0
  cloud            :       0.00       0.00          0          0          0          0          0          0          0          0
  distribution     :       0.00       0.00          0          0          0          0          0          0          0          0
  fullstrong       :       0.00       0.00          0          0          0          0          0          0          0          0
  gomory           :       0.00       0.00          0          0          0          0          0          0          0          0
  inference        :       0.00       0.00          0          0          0          0          0          0          0          0
  leastinf         :       0.00       0.00          0          0          0          0          0          0          0          0
  lookahead        :       0.00       0.00          0          0          0          0          0          0          0          0
  mostinf          :       0.00       0.00          0          0          0          0          0          0          0          0
  multaggr         :       0.00       0.00          0          0          0          0          0          0          0          0
  nodereopt        :       0.00       0.00          0          0          0          0          0          0          0          0
  pscost           :       0.00       0.00          0          0          0          0          0          0          0          0
  random           :       0.00       0.00          0          0          0          0          0          0          0          0
  relpscost        :       0.16       0.00        116          0          0          0          1          0          0        230
  vanillafullstrong:       0.00       0.00          0          0          0          0          0          0          0          0
Primal Heuristics  :   ExecTime  SetupTime      Calls      Found       Best
  LP solutions     :       0.00          -          -          0          0
  relax solutions  :       0.00          -          -          0          0
  pseudo solutions :       0.00          -          -          0          0
  strong branching :       0.00          -          -          0          0
  actconsdiving    :       0.00       0.00          0          0          0
  adaptivediving   :       0.01       0.00          5          0          0
  alns             :       0.00       0.00          0          0          0
  bound            :       0.00       0.00          0          0          0
  clique           :       0.00       0.00          0          0          0
  coefdiving       :       0.00       0.00          0          0          0
  completesol      :       0.00       0.00          0          0          0
  conflictdiving   :       0.04       0.00          3          0          0
  crossover        :       0.00       0.00          0          0          0
  dins             :       0.00       0.00          0          0          0
  distributiondivin:       0.02       0.00          2          0          0
  dks              :       0.00       0.00          0          0          0
  dps              :       0.00       0.00          0          0          0
  dualval          :       0.00       0.00          0          0          0
  farkasdiving     :       0.00       0.00          0          0          0
  feaspump         :       0.01       0.00          1          0          0
  fixandinfer      :       0.00       0.00          0          0          0
  fracdiving       :       0.00       0.00          3          0          0
  gins             :       0.00       0.00          0          0          0
  guideddiving     :       0.00       0.00          3          0          0
  indicator        :       0.00       0.00          0          0          0
  indicatordiving  :       0.00       0.00          0          0          0
  intdiving        :       0.00       0.00          0          0          0
  intshifting      :       0.00       0.00          0          0          0
  linesearchdiving :       0.00       0.00          1          0          0
  localbranching   :       0.00       0.00          0          0          0
  locks            :       0.02       0.00          1          0          0
  lpface           :       0.00       0.00          0          0          0
  mpec             :       0.00       0.00          0          0          0
  multistart       :       0.00       0.00          0          0          0
  mutation         :       0.00       0.00          0          0          0
  nlpdiving        :       0.00       0.00          0          0          0
  objpscostdiving  :       0.05       0.00          3          0          0
  octane           :       0.00       0.00          0          0          0
  ofins            :       0.00       0.00          0          0          0
  oneopt           :       0.00       0.00          4          0          0
  padm             :       0.00       0.00          0          0          0
  proximity        :       0.00       0.00          0          0          0
  pscostdiving     :       0.01       0.00          3          0          0
  randrounding     :       0.15       0.00        103          0          0
  rens             :       0.01       0.00          1          0          0
  reoptsols        :       0.00       0.00          0          0          0
  repair           :       0.00       0.00          0          0          0
  rins             :       0.00       0.00          0          0          0
  rootsoldiving    :       0.03       0.00          2          0          0
  rounding         :       0.00       0.00        160          0          0
  scheduler        :       0.00       0.00          0          0          0
  shiftandpropagate:       0.01       0.00          1          0          0
  shifting         :       0.09       0.00        110          0          0
  simplerounding   :       0.00       0.00        225          0          0
  subnlp           :       0.00       0.00          0          0          0
  trivial          :       0.00       0.00          2          0          0
  trivialnegation  :       0.00       0.00          0          0          0
  trustregion      :       0.00       0.00          0          0          0
  trysol           :       0.00       0.00          0          0          0
  twoopt           :       0.00       0.00          0          0          0
  undercover       :       0.00       0.00          0          0          0
  vbounds          :       0.00       0.00          0          0          0
  veclendiving     :       0.00       0.00          3          0          0
  zeroobj          :       0.00       0.00          0          0          0
  zirounding       :       0.01       0.00        115          0          0
  other solutions  :          -          -          -          0          -
LNS (Scheduler)    :      Calls  SetupTime  SolveTime SolveNodes       Sols       Best       Exp3    Exp3-IX  EpsGreedy        UCB TgtFixRate  Opt  Inf Node Stal  Sol  Usr Othr Actv
  rens             :          0       0.00       0.00          0          0          0    0.00000    0.12500   -1.00000    1.00000      0.900    0    0    0    0    0    0    0    1
  rins             :          0       0.00       0.00          0          0          0    0.00000    0.12500   -1.00000    1.00000      0.900    0    0    0    0    0    0    0    1
  mutation         :          0       0.00       0.00          0          0          0    0.00000    0.12500   -1.00000    1.00000      0.900    0    0    0    0    0    0    0    1
  localbranching   :          0       0.00       0.00          0          0          0    0.00000    0.12500   -1.00000    1.00000      0.900    0    0    0    0    0    0    0    1
  crossover        :          0       0.00       0.00          0          0          0    0.00000    0.12500   -1.00000    1.00000      0.900    0    0    0    0    0    0    0    1
  proximity        :          0       0.00       0.00          0          0          0    0.00000    0.12500   -1.00000    1.00000      0.900    0    0    0    0    0    0    0    1
  zeroobjective    :          0       0.00       0.00          0          0          0    0.00000    0.12500   -1.00000    1.00000      0.900    0    0    0    0    0    0    0    1
  dins             :          0       0.00       0.00          0          0          0    0.00000    0.12500   -1.00000    1.00000      0.900    0    0    0    0    0    0    0    1
  trustregion      :          0       0.00       0.00          0          0          0    0.00000    0.00000   -1.00000    1.00000      0.900    0    0    0    0    0    0    0    0
LP                 :       Time      Calls Iterations  Iter/call   Iter/sec  Time-0-It Calls-0-It
  primal LP        :       0.00         19          0       0.00          -       0.00         19
  dual LP          :       0.15        229       6745      30.38   43901.33       0.00          7
  lex dual LP      :       0.00          0          0       0.00          -
  barrier LP       :       0.00          0          0       0.00          -       0.00          0
  resolve instable :       0.00          0          0       0.00          -
  diving/probing LP:       0.20        123       4834      39.30   24309.29
  strong branching :       0.13         80       4837      60.46   38470.10          -          -          0
    (at root node) :          -         80       4837      60.46          -
  conflict analysis:       0.00          0          0       0.00          -
Relaxators         :       Time      Calls    Cutoffs ImprBounds   ImprTime ReducedDom  Separated AddedConss
  benders          :       0.00          0          0          0       0.00          0          0          0
B&B Tree           :
  number of runs   :          1
  nodes            :        192 (115 internal, 77 leaves)
  feasible leaves  :          0
  infeas. leaves   :         74
  objective leaves :          2
  nodes (total)    :        192 (115 internal, 77 leaves)
  nodes left       :          4
  max depth        :         20
  max depth (total):         20
  backtracks       :         67 (34.9%)
  early backtracks :          0 (0.0%)
  nodes exc. ref.  :          0 (0.0%)
  delayed cutoffs  :         24
  repropagations   :         94 (1337 domain reductions, 7 cutoffs)
  avg switch length:       4.35
  switching time   :       0.02
Root Node          :
  First LP value   : +2.10000000000000e+01
  First LP Iters   :        365 (57380.91 Iter/sec)
  First LP Time    :       0.01
  Final Dual Bound : +3.00000000000000e+01
  Final Root Iters :       2729
  Root LP Estimate : +3.08404447447762e+01
Solution           :
  Solutions found  :          4 (4 improvements)
  First Solution   : +5.60000000000000e+01   (in run 1, after 21 nodes, 3.47 seconds, depth 20, found by <relaxation>)
  Gap First Sol.   :      86.67 %
  Gap Last Sol.    :      36.67 %
  Primal Bound     : +4.10000000000000e+01   (in run 1, after 55 nodes, 3.94 seconds, depth 5, found by <relaxation>)
  Dual Bound       : +3.80000000000000e+01
  Gap              :       7.89 %
Integrals          :      Total       Avg%
  primal-dual      :     376.95      87.06
  primal-ref       :          -          - (not evaluated)
  dual-ref         :          -          - (not evaluated)
