SCIP version 10.0.0 [precision: 8 byte] [memory: block] [mode: optimized] [LP solver: SoPlex 8.0.0] [GitHash: 0c80fdd8e9]
Copyright (c) 2002-2025 Zuse Institute Berlin (ZIB)

External libraries: 
  Readline 8.3         GNU library for command line editing (gnu.org/s/readline)
  SoPlex 8.0.0         Linear programming solver developed at Zuse Institute Berlin (soplex.zib.de) [GitHash: 2207cfb2]
  CppAD 20180000.0     Algorithmic Differentiation of C++ algorithms developed by B. Bell (github.com/coin-or/CppAD)
  ZLIB 1.2.12          General purpose compression library by J. Gailly and M. Adler (zlib.net)
  MPFR 4.2.2           GNU Multiple Precision Floating-Point Reliable Library (mpfr.org)
  Boost 1.89.0         Boost C++ Libraries (boost.org)
  TinyCThread 1.2      small portable implementation of the C11 threads API (tinycthread.github.io)
  GMP 6.3.0            GNU Multiple Precision Arithmetic Library developed by T. Granlund (gmplib.org)
  AMPL/MP 4.0.3        AMPL .nl file reader library (github.com/ampl/mp)
  PaPILO 3.0.0         parallel presolve for integer and linear optimization (github.com/scipopt/papilo) (built with TBB)
  Nauty 2.8.8          Computing Graph Automorphism Groups by Brendan D. McKay (users.cecs.anu.edu.au/~bdm/nauty)
  sassy 2.0            Symmetry preprocessor by Markus Anders (github.com/markusa4/sassy)
  Ipopt 3.14.19        Interior Point Optimizer developed by A. Waechter et.al. (github.com/coin-or/Ipopt)

reading user parameter file </Users/maxbig/Coursework_multiprocessing/Coursework/SCIP/SCIPOptSuite-9.2.1-Linux/only_time.set>

read problem </Users/maxbig/Coursework_multiprocessing/Coursework/SCIP/SCIPOptSuite-9.2.1-Linux/inputs/new_tr/order/layered_15_buf_times_P3_M1050_tiers_input.lp>
============

original problem has 886 variables (870 bin, 16 int, 0 cont) and 2918 constraints

solve problem
=============

presolving:
(round 1, fast)       73 del vars, 46 del conss, 0 add conss, 38 chg bounds, 0 chg sides, 0 chg coeffs, 0 upgd conss, 0 impls, 58 clqs, 0 implints
   (0.0s) running MILP presolver
   (0.0s) MILP presolver (2 rounds): 0 aggregations, 0 fixings, 0 bound changes
(round 2, exhaustive) 73 del vars, 480 del conss, 0 add conss, 38 chg bounds, 0 chg sides, 0 chg coeffs, 0 upgd conss, 0 impls, 58 clqs, 0 implints
(round 3, exhaustive) 73 del vars, 480 del conss, 0 add conss, 38 chg bounds, 0 chg sides, 0 chg coeffs, 1333 upgd conss, 0 impls, 58 clqs, 0 implints
(round 4, medium)     73 del vars, 480 del conss, 6 add conss, 38 chg bounds, 6 chg sides, 12 chg coeffs, 1333 upgd conss, 0 impls, 58 clqs, 0 implints
   (0.8s) probing: 581/797 (72.9%) - 0 fixings, 0 aggregations, 2362 implications, 1 bound changes
   (0.8s) probing aborted: 50/50 successive totally useless probings
   (0.8s) symmetry computation started: requiring (bin +, int +, cont +), (fixed: bin -, int -, cont -)
   (0.8s) symmetry computation finished: 4 generators found (max: 1500, log10 of symmetry group size: 1.56) (symcode time: 0.00)
dynamic symmetry handling statistics:
   orbitopal reduction:       no components
   orbital reduction:          1 components of sizes 10
   lexicographic reduction:   10 permutations with support sizes 30, 30, 640, 640, 30, 654, 654, 654, 654, 640
handled 1 out of 1 symmetry components
presolving (5 rounds: 5 fast, 4 medium, 3 exhaustive):
 73 deleted vars, 480 deleted constraints, 6 added constraints, 39 tightened bounds, 0 added holes, 6 changed sides, 12 changed coefficients
 2453 implications, 58 cliques, 0 implied integral variables (0 bin, 0 int, 0 cont)
presolved problem has 813 variables (797 bin, 16 int, 0 cont) and 2444 constraints
     44 constraints of type <varbound>
     13 constraints of type <knapsack>
     22 constraints of type <setppc>
   1105 constraints of type <linear>
   1260 constraints of type <logicor>
transformed objective value is always integral (scale: 1)
Presolving Time: 0.82

 time | node  | left  |LP iter|LP it/n|mem/heur|mdpt |vars |cons |rows |cuts |sepa|confs|strbr|  dualbound   | primalbound  |  gap   | compl. 
  1.1s|     1 |     0 |   589 |     - |    26M |   0 | 813 |2465 |2444 |   0 |  0 |  23 |   0 | 4.800000e+01 |      --      |    Inf | unknown
  1.2s|     1 |     0 |  1784 |     - |    27M |   0 | 813 |2465 |2562 | 118 |  1 |  23 |   0 | 4.800000e+01 |      --      |    Inf | unknown
  1.2s|     1 |     0 |  2057 |     - |    28M |   0 | 813 |2466 |2615 | 171 |  2 |  24 |   0 | 4.859783e+01 |      --      |    Inf | unknown
  1.2s|     1 |     0 |  2145 |     - |    28M |   0 | 813 |2466 |2615 | 171 |  2 |  24 |   0 | 4.900000e+01 |      --      |    Inf | unknown
  1.2s|     1 |     0 |  2200 |     - |    29M |   0 | 813 |2466 |2627 | 183 |  3 |  24 |   0 | 5.107692e+01 |      --      |    Inf | unknown
  1.3s|     1 |     0 |  2213 |     - |    29M |   0 | 813 |2466 |2625 | 183 |  3 |  24 |   0 | 5.200000e+01 |      --      |    Inf | unknown
  1.3s|     1 |     0 |  2302 |     - |    29M |   0 | 813 |2468 |2639 | 197 |  4 |  26 |   0 | 5.220630e+01 |      --      |    Inf | unknown
  1.3s|     1 |     0 |  2374 |     - |    29M |   0 | 813 |2468 |2638 | 197 |  4 |  26 |   0 | 5.300000e+01 |      --      |    Inf | unknown
  1.3s|     1 |     0 |  2480 |     - |    30M |   0 | 813 |2468 |2655 | 214 |  5 |  26 |   0 | 5.318237e+01 |      --      |    Inf | unknown
  1.4s|     1 |     0 |  2534 |     - |    30M |   0 | 813 |2468 |2655 | 214 |  5 |  26 |   0 | 5.400000e+01 |      --      |    Inf | unknown
  1.4s|     1 |     0 |  2581 |     - |    31M |   0 | 813 |2470 |2664 | 223 |  6 |  28 |   0 | 5.400000e+01 |      --      |    Inf | unknown
  1.4s|     1 |     0 |  2887 |     - |    32M |   0 | 813 |2470 |2676 | 235 |  7 |  28 |   0 | 5.411101e+01 |      --      |    Inf | unknown
  1.4s|     1 |     0 |  2962 |     - |    32M |   0 | 813 |2470 |2527 | 235 |  7 |  28 |   0 | 5.500000e+01 |      --      |    Inf | unknown
  1.5s|     1 |     0 |  3033 |     - |    33M |   0 | 813 |2471 |2542 | 250 |  8 |  29 |   0 | 5.508382e+01 |      --      |    Inf | unknown
  1.5s|     1 |     0 |  3104 |     - |    33M |   0 | 813 |2472 |2538 | 250 |  8 |  30 |   0 | 5.600000e+01 |      --      |    Inf | unknown
 time | node  | left  |LP iter|LP it/n|mem/heur|mdpt |vars |cons |rows |cuts |sepa|confs|strbr|  dualbound   | primalbound  |  gap   | compl. 
  1.5s|     1 |     0 |  3151 |     - |    34M |   0 | 813 |2474 |2522 | 260 |  9 |  32 |   0 | 5.600000e+01 |      --      |    Inf | unknown
  1.6s|     1 |     0 |  3236 |     - |    35M |   0 | 813 |2475 |2533 | 271 | 10 |  33 |   0 | 5.600000e+01 |      --      |    Inf | unknown
  1.6s|     1 |     0 |  3348 |     - |    35M |   0 | 813 |2475 |2555 | 293 | 11 |  33 |   0 | 5.608186e+01 |      --      |    Inf | unknown
  1.6s|     1 |     0 |  3406 |     - |    35M |   0 | 813 |2477 |2554 | 293 | 11 |  35 |   0 | 5.700000e+01 |      --      |    Inf | unknown
  1.6s|     1 |     0 |  3473 |     - |    36M |   0 | 813 |2478 |2563 | 302 | 12 |  36 |   0 | 5.700000e+01 |      --      |    Inf | unknown
  1.6s|     1 |     0 |  3586 |     - |    36M |   0 | 813 |2479 |2574 | 313 | 13 |  37 |   0 | 5.700000e+01 |      --      |    Inf | unknown
  1.7s|     1 |     0 |  3644 |     - |    36M |   0 | 813 |2481 |2577 | 316 | 14 |  39 |   0 | 5.700000e+01 |      --      |    Inf | unknown
  1.7s|     1 |     0 |  3742 |     - |    36M |   0 | 813 |2481 |2582 | 321 | 15 |  39 |   0 | 5.701733e+01 |      --      |    Inf | unknown
  1.7s|     1 |     0 |  3780 |     - |    36M |   0 | 813 |2481 |2570 | 321 | 15 |  39 |   0 | 5.800000e+01 |      --      |    Inf | unknown
  1.7s|     1 |     0 |  3800 |     - |    37M |   0 | 813 |2483 |2575 | 326 | 16 |  41 |   0 | 5.800000e+01 |      --      |    Inf | unknown
  1.7s|     1 |     0 |  3878 |     - |    37M |   0 | 813 |2483 |2525 | 330 | 17 |  41 |   0 | 5.800000e+01 |      --      |    Inf | unknown
  1.7s|     1 |     0 |  3934 |     - |    37M |   0 | 813 |2484 |2530 | 335 | 18 |  42 |   0 | 5.800000e+01 |      --      |    Inf | unknown
  1.8s|     1 |     0 |  3958 |     - |    37M |   0 | 813 |2485 |2535 | 340 | 19 |  43 |   0 | 5.800000e+01 |      --      |    Inf | unknown
  1.8s|     1 |     0 |  4017 |     - |    38M |   0 | 813 |2485 |2517 | 346 | 20 |  43 |   0 | 5.800000e+01 |      --      |    Inf | unknown
  1.8s|     1 |     0 |  4048 |     - |    38M |   0 | 813 |2486 |2522 | 351 | 21 |  44 |   0 | 5.800000e+01 |      --      |    Inf | unknown
 time | node  | left  |LP iter|LP it/n|mem/heur|mdpt |vars |cons |rows |cuts |sepa|confs|strbr|  dualbound   | primalbound  |  gap   | compl. 
  1.8s|     1 |     0 |  4053 |     - |    38M |   0 | 813 |2486 |2524 | 353 | 22 |  44 |   0 | 5.800000e+01 |      --      |    Inf | unknown
  2.0s|     1 |     2 |  4563 |     - |    38M |   0 | 813 |2499 |2524 | 353 | 23 |  57 |  28 | 5.850000e+01 |      --      |    Inf | unknown
WARNING: Orbital fixing symmetry for 0x12482c938 broken before symmetry. Requires fixing 3/789 affected variables.

SCIP Status        : solving was interrupted [termination signal received]
Solving Time (sec) : 6.18
Solving Nodes      : 31
Primal Bound       : +1.00000000000000e+20 (0 solutions)
Dual Bound         : +5.90000000000000e+01
Gap                : infinite

primal solution (original space):
=================================

no solution available

Statistics
==========

SCIP Status        : solving was interrupted [termination signal received]
Total Time         :       6.19
  solving          :       6.18
  presolving       :       0.82 (included in solving)
  reading          :       0.01
  copying          :       0.03 (5 #copies) (minimal 0.00, maximal 0.01, average 0.01)
Original Problem   :
  Problem name     : /Users/maxbig/Coursework_multiprocessing/Coursework/SCIP/SCIPOptSuite-9.2.1-Linux/inputs/new_tr/order/layered_15_buf_times_P3_M1050_tiers_input.lp
  Variables        : 886 (870 binary, 16 integer, 0 continuous)
  Implied int vars : 0 (0 binary, 0 integer, 0 continuous)
  Constraints      : 2918 initial, 2918 maximal
  Objective        : minimize, 1 non-zeros (abs.min = 1, abs.max = 1)
Presolved Problem  :
  Problem name     : t_/Users/maxbig/Coursework_multiprocessing/Coursework/SCIP/SCIPOptSuite-9.2.1-Linux/inputs/new_tr/order/layered_15_buf_times_P3_M1050_tiers_input.lp
  Variables        : 813 (797 binary, 16 integer, 0 continuous)
  Implied int vars : 0 (0 binary, 0 integer, 0 continuous)
  Constraints      : 2444 initial, 2521 maximal
  Objective        : minimize, 1 non-zeros (abs.min = 1, abs.max = 1)
  Nonzeros         : 7904 constraint, 156 clique table
Presolvers         :   ExecTime  SetupTime  Calls  FixedVars   AggrVars   ChgTypes  ChgBounds   AddHoles    DelCons    AddCons   ChgSides   ChgCoefs
  boundshift       :       0.00       0.00      0          0          0          0          0          0          0          0          0          0
  convertinttobin  :       0.00       0.00      0          0          0          0          0          0          0          0          0          0
  domcol           :       0.00       0.00      1          0          0          0          0          0          0          0          0          0
  dualagg          :       0.00       0.00      0          0          0          0          0          0          0          0          0          0
  dualcomp         :       0.00       0.00      0          0          0          0          0          0          0          0          0          0
  dualinfer        :       0.00       0.00      0          0          0          0          0          0          0          0          0          0
  dualsparsify     :       0.02       0.00      1          0          0          0          0          0          0          0          0          0
  gateextraction   :       0.00       0.00      1          0          0          0          0          0          0          0          0          0
  implics          :       0.00       0.00      4          0          0          0          0          0          0          0          0          0
  implint          :       0.00       0.00      0          0          0          0          0          0          0          0          0          0
  inttobinary      :       0.00       0.00      5          0          0          0          0          0          0          0          0          0
  milp             :       0.00       0.00      1          0          0          0          0          0          0          0          0          0
  qpkktref         :       0.00       0.00      0          0          0          0          0          0          0          0          0          0
  redvub           :       0.00       0.00      0          0          0          0          0          0          0          0          0          0
  sparsify         :       0.00       0.00      1          0          0          0          0          0          0          0          0          0
  stuffing         :       0.00       0.00      0          0          0          0          0          0          0          0          0          0
  trivial          :       0.00       0.00      5         37          0          0          0          0          0          0          0          0
  tworowbnd        :       0.00       0.00      0          0          0          0          0          0          0          0          0          0
  dualfix          :       0.00       0.00      5         15          0          0          0          0          0          0          0          0
  genvbounds       :       0.00       0.00      0          0          0          0          0          0          0          0          0          0
  probing          :       0.78       0.00      1          0          0          0          1          0          0          0          0          0
  pseudoobj        :       0.00       0.00      0          0          0          0          0          0          0          0          0          0
  symmetry         :       0.01       0.00      1          0          0          0          0          0          0          0          0          0
  vbounds          :       0.00       0.00      1          0          0          0          0          0          0          0          0          0
  varbound         :       0.00       0.00      4          0          0          0          0          0          0          0          0          0
  knapsack         :       0.00       0.00      5          0          0          0          0          0          0          6          6         12
  setppc           :       0.00       0.00      5          0          0          0          0          0          0          0          0          0
  linear           :       0.01       0.00      8         21          0          0         38          0        480          0          0          0
  logicor          :       0.00       0.00      5          0          0          0          0          0          0          0          0          0
  bounddisjunction :       0.00       0.00      0          0          0          0          0          0          0          0          0          0
  components       :       0.00       0.00      1          0          0          0          0          0          0          0          0          0
  root node        :          -          -      -          1          -          -         10          -          -          -          -          -
Constraints        :     Number  MaxNumber  #Separate #Propagate    #EnfoLP    #EnfoRelax  #EnfoPS    #Check   #ResProp    Cutoffs    DomReds       Cuts    Applied      Conss   Children
  integral         :          0          0          0          0         28          0          0         18          0          0          0          0          0          0         56
  varbound         :         44         44         23      10294          0          0          0         14          0          0          0          0          0          0          0
  knapsack         :         13         13         23      10100          0          0          0         11          0          0          9         60          1          0          0
  setppc           :         22+        42         23       8529          0          0          0         11         32          9         38          0          0          0          0
  linear           :       1105       1105         23      10285          0          0          0         11         25         61        457          0          0          0          0
  logicor          :       1260+      1302         23       1047          0          0          0          0         56          9         80          2          1          0          0
  bounddisjunction :          0+        15          0       1169          0          0          0          0          0          0          0          0          0          0          0
  fixedvar         :          0          0          0          0          0          0          0          0          0          0          0          0          0          0          0
  countsols        :          0          0          0          0          0          0          0          0          0          0          0          0          0          0          0
  components       :          0          0          0          0          0          0          0          0          0          0          0          0          0          0          0
Constraint Timings :  TotalTime  SetupTime   Separate  Propagate     EnfoLP     EnfoPS     EnfoRelax   Check    ResProp    SB-Prop
  integral         :       0.13       0.00       0.00       0.00       0.13       0.00       0.00       0.00       0.00       0.00
  varbound         :       0.14       0.00       0.00       0.14       0.00       0.00       0.00       0.00       0.00       0.00
  knapsack         :       0.00       0.00       0.00       0.00       0.00       0.00       0.00       0.00       0.00       0.00
  setppc           :       0.00       0.00       0.00       0.00       0.00       0.00       0.00       0.00       0.00       0.00
  linear           :       0.70       0.00       0.00       0.70       0.00       0.00       0.00       0.00       0.00       0.00
  logicor          :       0.02       0.00       0.01       0.01       0.00       0.00       0.00       0.00       0.00       0.00
  bounddisjunction :       0.00       0.00       0.00       0.00       0.00       0.00       0.00       0.00       0.00       0.00
  fixedvar         :       0.00       0.00       0.00       0.00       0.00       0.00       0.00       0.00       0.00       0.00
  countsols        :       0.00       0.00       0.00       0.00       0.00       0.00       0.00       0.00       0.00       0.00
  components       :       0.00       0.00       0.00       0.00       0.00       0.00       0.00       0.00       0.00       0.00
Propagators        : #Propagate   #ResProp    Cutoffs    DomReds
  dualfix          :          2          0          0          0
  genvbounds       :          0          0          0          0
  nlobbt           :          0          0          0          0
  obbt             :          0          0          0          0
  probing          :          0          0          0          0
  pseudoobj        :          9          0          0          9
  redcost          :          0          0          0          0
  rootredcost      :          0          0          0          0
  symmetry         :        632          0          0         13
  vbounds          :       3060         56          0         74
Propagator Timings :  TotalTime  SetupTime   Presolve  Propagate    ResProp    SB-Prop
  dualfix          :       0.00       0.00       0.00       0.00       0.00       0.00
  genvbounds       :       0.00       0.00       0.00       0.00       0.00       0.00
  nlobbt           :       0.00       0.00       0.00       0.00       0.00       0.00
  obbt             :       0.00       0.00       0.00       0.00       0.00       0.00
  probing          :       0.78       0.00       0.78       0.00       0.00       0.00
  pseudoobj        :       0.00       0.00       0.00       0.00       0.00       0.00
  redcost          :       0.00       0.00       0.00       0.00       0.00       0.00
  rootredcost      :       0.00       0.00       0.00       0.00       0.00       0.00
  symmetry         :       0.02       0.00       0.01       0.01       0.00       0.00
  vbounds          :       0.08       0.00       0.00       0.08       0.00       0.00
Symmetry           :
  #affected vars   :        789 (777 bin, 12 int, 0 cont)
  orbitopal red.   :          0 reductions applied,          0 cutoffs
  orbital reduction:          8 reductions applied,          0 cutoffs
  lexicographic red:          5 reductions applied,          0 cutoffs
  shadow tree time :       0.00 s
Conflict Analysis  :       Time      Calls    Success    DomReds  Conflicts   Literals    Reconvs ReconvLits   Dualrays   Nonzeros   LP Iters   (pool size: [10000,10000])
  propagation      :       0.00         34         31          -         39        3.9          0        0.0          -          -          -
  infeasible LP    :       0.00         20         21          -         20        2.8          0        0.0         20        2.8          0
  bound exceed. LP :       0.00          0          0          -          0        0.0          0        0.0          0        0.0          0
  strong branching :       0.00          0          0          -          0        0.0          0        0.0          -          -          0
  pseudo solution  :       0.00          0          0          -          0        0.0          0        0.0          -          -          -
  applied globally :       0.00          -          -          1         59        3.5          -          -         20          -          -
  applied locally  :          -          -          -          0          0        0.0          -          -          0          -          -
Gen. Resolution CA :       Time      Calls    Success  Conflicts  LargeCoef  LongConfs    Length
  propagation      :       0.00          0          0          0          0          0       0.0
Separators         :   ExecTime  SetupTime      Calls  RootCalls    Cutoffs    DomReds  FoundCuts ViaPoolAdd  DirectAdd    Applied ViaPoolApp  DirectApp      Conss
  cut pool         :       0.01          -         51         42          -          -       2421       2927          -          -          -          -          -    (maximal pool size:       2405)
  aggregation      :       0.04       0.00         31         23          0          0        308         77        235        143         41        102          0
  > cmir           :          -          -          -          -          -          -          -         76         78         58         41         17          -
  > flowcover      :          -          -          -          -          -          -          -          1        154         85          0         85          -
  > knapsackcover  :          -          -          -          -          -          -          -          0          3          0          0          0          -
  cgmip            :       0.00       0.00          0          0          0          0          0          0          0          0          0          0          0
  clique           :       0.00       0.00         23         23          0          0          0          0          0          0          0          0          0
  closecuts        :       0.00       0.00          0          0          0          0          0          0          0          0          0          0          0
  convexproj       :       0.00       0.00          0          0          0          0          0          0          0          0          0          0          0
  disjunctive      :       0.00       0.00          0          0          0          0          0          0          0          0          0          0          0
  eccuts           :       0.00       0.00          0          0          0          0          0          0          0          0          0          0          0
  flower           :       0.00       0.00         28         23          0          0          0          0          0          0          0          0          0
  gauge            :       0.00       0.00          0          0          0          0          0          0          0          0          0          0          0
  gomory           :       0.12       0.00         18         10          0          0       2255       2144        377        166        135         31          0
  > gomorymi       :          -          -          -          -          -          -          -       1002        191         65         42         23          -
  > strongcg       :          -          -          -          -          -          -          -       1142        186        101         93          8          -
  impliedbounds    :       0.00       0.00         31         23          0          0        371        612          0        126        126          0          0
  interminor       :       0.00       0.00          0          0          0          0          0          0          0          0          0          0          0
  intobj           :       0.00       0.00          0          0          0          0          0          0          0          0          0          0          0
  lagromory        :       0.00       0.00          0          0          0          0          0          0          0          0          0          0          0
  mcf              :       0.00       0.00          1          1          0          0          0          0          0          0          0          0          0
  minor            :       0.00       0.00          0          0          0          0          0          0          0          0          0          0          0
  mixing           :       0.00       0.00         31         23          0          0          0          0          0          0          0          0          0
  oddcycle         :       0.00       0.00          0          0          0          0          0          0          0          0          0          0          0
  rapidlearning    :       3.79       0.00          3          1          0          0          0          0          0          0          0          0          0
  rlt              :       0.00       0.00         10         10          0          0          0          0          0          0          0          0          0
  zerohalf         :       0.03       0.00         28         20          0          0        119         94         36         65         57          8          0
Cutselectors       :   ExecTime  SetupTime      Calls  RootCalls   Selected     Forced   Filtered  RootSelec   RootForc   RootFilt 
  hybrid           :       0.00       0.00         30         22        502          0       3135        353          0       2578
  ensemble         :       0.00       0.00          0          0          0          0          0          0          0          0
  dynamic          :       0.00       0.00          0          0          0          0          0          0          0          0
Pricers            :   ExecTime  SetupTime      Calls       Vars
  problem variables:       0.00          -          0          0
Branching Rules    :   ExecTime  SetupTime   BranchLP  BranchExt   BranchPS    Cutoffs    DomReds       Cuts      Conss   Children
  allfullstrong    :       0.00       0.00          0          0          0          0          0          0          0          0
  cloud            :       0.00       0.00          0          0          0          0          0          0          0          0
  distribution     :       0.00       0.00          0          0          0          0          0          0          0          0
  fullstrong       :       0.00       0.00          0          0          0          0          0          0          0          0
  gomory           :       0.00       0.00          0          0          0          0          0          0          0          0
  inference        :       0.00       0.00          0          0          0          0          0          0          0          0
  leastinf         :       0.00       0.00          0          0          0          0          0          0          0          0
  lookahead        :       0.00       0.00          0          0          0          0          0          0          0          0
  mostinf          :       0.00       0.00          0          0          0          0          0          0          0          0
  multaggr         :       0.00       0.00          0          0          0          0          0          0          0          0
  nodereopt        :       0.00       0.00          0          0          0          0          0          0          0          0
  pscost           :       0.00       0.00          0          0          0          0          0          0          0          0
  random           :       0.00       0.00          0          0          0          0          0          0          0          0
  relpscost        :       0.13       0.00         28          0          0          0          0          0          0         56
  vanillafullstrong:       0.00       0.00          0          0          0          0          0          0          0          0
Primal Heuristics  :   ExecTime  SetupTime      Calls      Found       Best
  LP solutions     :       0.00          -          -          0          0
  relax solutions  :       0.00          -          -          0          0
  pseudo solutions :       0.00          -          -          0          0
  strong branching :       0.00          -          -          0          0
  actconsdiving    :       0.00       0.00          0          0          0
  adaptivediving   :       0.16       0.00          1          0          0
  alns             :       0.01       0.00          1          0          0
  bound            :       0.00       0.00          0          0          0
  clique           :       0.01       0.00          1          0          0
  coefdiving       :       0.00       0.00          0          0          0
  completesol      :       0.00       0.00          0          0          0
  conflictdiving   :       0.06       0.00          1          0          0
  crossover        :       0.00       0.00          0          0          0
  dins             :       0.00       0.00          0          0          0
  distributiondivin:       0.02       0.00          1          0          0
  dks              :       0.00       0.00          0          0          0
  dps              :       0.00       0.00          0          0          0
  dualval          :       0.00       0.00          0          0          0
  farkasdiving     :       0.00       0.00          0          0          0
  feaspump         :       0.01       0.00          1          0          0
  fixandinfer      :       0.00       0.00          0          0          0
  fracdiving       :       0.01       0.00          1          0          0
  gins             :       0.00       0.00          0          0          0
  guideddiving     :       0.00       0.00          0          0          0
  indicator        :       0.00       0.00          0          0          0
  indicatordiving  :       0.00       0.00          0          0          0
  intdiving        :       0.00       0.00          0          0          0
  intshifting      :       0.00       0.00          0          0          0
  linesearchdiving :       0.00       0.00          0          0          0
  localbranching   :       0.00       0.00          0          0          0
  locks            :       0.03       0.00          1          0          0
  lpface           :       0.00       0.00          0          0          0
  mpec             :       0.00       0.00          0          0          0
  multistart       :       0.00       0.00          0          0          0
  mutation         :       0.00       0.00          0          0          0
  nlpdiving        :       0.00       0.00          0          0          0
  objpscostdiving  :       0.00       0.00          0          0          0
  octane           :       0.00       0.00          0          0          0
  ofins            :       0.00       0.00          0          0          0
  oneopt           :       0.00       0.00          0          0          0
  padm             :       0.00       0.00          0          0          0
  proximity        :       0.00       0.00          0          0          0
  pscostdiving     :       0.07       0.00          1          0          0
  randrounding     :       0.35       0.00         41          0          0
  rens             :       0.02       0.00          1          0          0
  reoptsols        :       0.00       0.00          0          0          0
  repair           :       0.00       0.00          0          0          0
  rins             :       0.00       0.00          0          0          0
  rootsoldiving    :       0.00       0.00          0          0          0
  rounding         :       0.01       0.00         62          0          0
  scheduler        :       0.00       0.00          0          0          0
  shiftandpropagate:       0.04       0.00          1          0          0
  shifting         :       0.08       0.00         38          0          0
  simplerounding   :       0.00       0.00         67          0          0
  subnlp           :       0.00       0.00          0          0          0
  trivial          :       0.00       0.00          2          0          0
  trivialnegation  :       0.00       0.00          0          0          0
  trustregion      :       0.00       0.00          0          0          0
  trysol           :       0.00       0.00          0          0          0
  twoopt           :       0.00       0.00          0          0          0
  undercover       :       0.00       0.00          0          0          0
  vbounds          :       0.14       0.00          1          0          0
  veclendiving     :       0.00       0.00          0          0          0
  zeroobj          :       0.00       0.00          0          0          0
  zirounding       :       0.00       0.00         28          0          0
  other solutions  :          -          -          -          0          -
LNS (Scheduler)    :      Calls  SetupTime  SolveTime SolveNodes       Sols       Best       Exp3    Exp3-IX  EpsGreedy        UCB TgtFixRate  Opt  Inf Node Stal  Sol  Usr Othr Actv
  rens             :          0       0.00       0.00          0          0          0    0.00000    0.12500   -1.00000    1.00000      0.900    0    0    0    0    0    0    0    1
  rins             :          0       0.00       0.00          0          0          0    0.00000    0.12500   -1.00000    1.00000      0.900    0    0    0    0    0    0    0    1
  mutation         :          0       0.00       0.00          0          0          0    0.00000    0.12500   -1.00000    1.00000      0.900    0    0    0    0    0    0    0    1
  localbranching   :          0       0.00       0.00          0          0          0    0.00000    0.12500   -1.00000    1.00000      0.900    0    0    0    0    0    0    0    1
  crossover        :          0       0.00       0.00          0          0          0    0.00000    0.12500   -1.00000    1.00000      0.900    0    0    0    0    0    0    0    1
  proximity        :          0       0.00       0.00          0          0          0    0.00000    0.12500   -1.00000    1.00000      0.900    0    0    0    0    0    0    0    1
  zeroobjective    :          0       0.00       0.00          0          0          0    0.00000    0.12500   -1.00000    1.00000      0.900    0    0    0    0    0    0    0    1
  dins             :          0       0.00       0.00          0          0          0    0.00000    0.12500   -1.00000    1.00000      0.900    0    0    0    0    0    0    0    1
  trustregion      :          0       0.00       0.00          0          0          0    0.00000    0.00000   -1.00000    1.00000      0.900    0    0    0    0    0    0    0    0
LP                 :       Time      Calls Iterations  Iter/call   Iter/sec  Time-0-It Calls-0-It
  primal LP        :       0.00          7          0       0.00          -       0.00          7
  dual LP          :       0.14         67       3774      56.33   26338.93       0.00          0
  lex dual LP      :       0.00          0          0       0.00          -
  barrier LP       :       0.00          0          0       0.00          -       0.00          0
  resolve instable :       0.00          0          0       0.00          -
  diving/probing LP:       0.35         72       4184      58.11   11821.18
  strong branching :       0.09         28       2090      74.64   22937.29          -          -          0
    (at root node) :          -         28       2090      74.64          -
  conflict analysis:       0.00          0          0       0.00          -
Relaxators         :       Time      Calls    Cutoffs ImprBounds   ImprTime ReducedDom  Separated AddedConss
  benders          :       0.00          0          0          0       0.00          0          0          0
B&B Tree           :
  number of runs   :          1
  nodes            :         31 (28 internal, 3 leaves)
  feasible leaves  :          0
  infeas. leaves   :          2
  objective leaves :          0
  nodes (total)    :         31 (28 internal, 3 leaves)
  nodes left       :         27
  max depth        :         13
  max depth (total):         13
  backtracks       :          4 (12.9%)
  early backtracks :          0 (0.0%)
  nodes exc. ref.  :          0 (0.0%)
  delayed cutoffs  :          0
  repropagations   :          6 (4 domain reductions, 0 cutoffs)
  avg switch length:       2.19
  switching time   :       0.01
Root Node          :
  First LP value   : +4.80000000000000e+01
  First LP Iters   :        521 (67391.02 Iter/sec)
  First LP Time    :       0.01
  Final Dual Bound : +5.85000000000000e+01
  Final Root Iters :       3985
  Root LP Estimate : +5.92533915720392e+01
Solution           :
  Solutions found  :          0 (0 improvements)
  Primal Bound     :          -
  Dual Bound       : +5.90000000000000e+01
  Gap              :   infinite
Integrals          :      Total       Avg%
  primal-dual      :     618.01     100.00
  primal-ref       :          -          - (not evaluated)
  dual-ref         :          -          - (not evaluated)
