SCIP version 10.0.0 [precision: 8 byte] [memory: block] [mode: optimized] [LP solver: SoPlex 8.0.0] [GitHash: 0c80fdd8e9]
Copyright (c) 2002-2025 Zuse Institute Berlin (ZIB)

External libraries: 
  Readline 8.3         GNU library for command line editing (gnu.org/s/readline)
  SoPlex 8.0.0         Linear programming solver developed at Zuse Institute Berlin (soplex.zib.de) [GitHash: 2207cfb2]
  CppAD 20180000.0     Algorithmic Differentiation of C++ algorithms developed by B. Bell (github.com/coin-or/CppAD)
  ZLIB 1.2.12          General purpose compression library by J. Gailly and M. Adler (zlib.net)
  MPFR 4.2.2           GNU Multiple Precision Floating-Point Reliable Library (mpfr.org)
  Boost 1.89.0         Boost C++ Libraries (boost.org)
  TinyCThread 1.2      small portable implementation of the C11 threads API (tinycthread.github.io)
  GMP 6.3.0            GNU Multiple Precision Arithmetic Library developed by T. Granlund (gmplib.org)
  AMPL/MP 4.0.3        AMPL .nl file reader library (github.com/ampl/mp)
  PaPILO 3.0.0         parallel presolve for integer and linear optimization (github.com/scipopt/papilo) (built with TBB)
  Nauty 2.8.8          Computing Graph Automorphism Groups by Brendan D. McKay (users.cecs.anu.edu.au/~bdm/nauty)
  sassy 2.0            Symmetry preprocessor by Markus Anders (github.com/markusa4/sassy)
  Ipopt 3.14.19        Interior Point Optimizer developed by A. Waechter et.al. (github.com/coin-or/Ipopt)

reading user parameter file </Users/maxbig/SCIP/SCIPOptSuite-9.2.1-Linux/only_time.set>

read problem </Users/maxbig/SCIP/SCIPOptSuite-9.2.1-Linux/inputs/new_no_tr/order/layered_12_2_buf_times_P3_M13500_up_right_input.lp>
============

original problem has 625 variables (612 bin, 13 int, 0 cont) and 2008 constraints

solve problem
=============

presolving:
(round 1, fast)       56 del vars, 48 del conss, 0 add conss, 19 chg bounds, 0 chg sides, 0 chg coeffs, 0 upgd conss, 0 impls, 12 clqs, 0 implints
(round 2, fast)       56 del vars, 48 del conss, 0 add conss, 24 chg bounds, 0 chg sides, 0 chg coeffs, 0 upgd conss, 0 impls, 12 clqs, 0 implints
   (0.0s) running MILP presolver
   (0.0s) MILP presolver (2 rounds): 0 aggregations, 0 fixings, 0 bound changes
(round 3, exhaustive) 56 del vars, 331 del conss, 0 add conss, 24 chg bounds, 0 chg sides, 0 chg coeffs, 0 upgd conss, 0 impls, 12 clqs, 0 implints
(round 4, exhaustive) 56 del vars, 370 del conss, 0 add conss, 24 chg bounds, 58 chg sides, 0 chg coeffs, 0 upgd conss, 0 impls, 12 clqs, 0 implints
(round 5, fast)       76 del vars, 370 del conss, 0 add conss, 24 chg bounds, 58 chg sides, 0 chg coeffs, 0 upgd conss, 0 impls, 12 clqs, 0 implints
(round 6, exhaustive) 76 del vars, 379 del conss, 0 add conss, 24 chg bounds, 58 chg sides, 0 chg coeffs, 0 upgd conss, 0 impls, 12 clqs, 0 implints
(round 7, exhaustive) 76 del vars, 379 del conss, 0 add conss, 24 chg bounds, 58 chg sides, 0 chg coeffs, 846 upgd conss, 0 impls, 12 clqs, 0 implints
   (0.6s) probing cycle finished: starting next cycle
   (0.6s) probing: 1/536 (0.2%) - 0 fixings, 0 aggregations, 2271 implications, 0 bound changes
   (0.6s) probing aborted: 50/50 successive totally useless probings
   (0.6s) symmetry computation started: requiring (bin +, int +, cont +), (fixed: bin -, int -, cont -)
   (0.6s) symmetry computation finished: 2 generators found (max: 1500, log10 of symmetry group size: 0.78) (symcode time: 0.00)
dynamic symmetry handling statistics:
   orbitopal reduction:       no components
   orbital reduction:         no components
   lexicographic reduction:   no permutations
handled 1 out of 1 symmetry components
(round 8, exhaustive) 80 del vars, 379 del conss, 1 add conss, 24 chg bounds, 58 chg sides, 0 chg coeffs, 846 upgd conss, 2302 impls, 11 clqs, 0 implints
(round 9, fast)       82 del vars, 489 del conss, 1 add conss, 24 chg bounds, 58 chg sides, 66 chg coeffs, 846 upgd conss, 2302 impls, 74 clqs, 0 implints
(round 10, medium)     94 del vars, 489 del conss, 1 add conss, 24 chg bounds, 58 chg sides, 66 chg coeffs, 846 upgd conss, 2302 impls, 50 clqs, 0 implints
(round 11, fast)       94 del vars, 513 del conss, 1 add conss, 24 chg bounds, 58 chg sides, 66 chg coeffs, 846 upgd conss, 2302 impls, 50 clqs, 0 implints
   (0.7s) probing cycle finished: starting next cycle
(round 12, exhaustive) 104 del vars, 513 del conss, 1 add conss, 24 chg bounds, 58 chg sides, 66 chg coeffs, 846 upgd conss, 2302 impls, 42 clqs, 0 implints
(round 13, fast)       104 del vars, 523 del conss, 1 add conss, 24 chg bounds, 58 chg sides, 66 chg coeffs, 846 upgd conss, 2302 impls, 42 clqs, 0 implints
   (0.7s) probing: 209/509 (41.1%) - 0 fixings, 10 aggregations, 2696 implications, 0 bound changes
   (0.7s) probing aborted: 50/50 successive totally useless probings
presolving (14 rounds: 14 fast, 8 medium, 7 exhaustive):
 104 deleted vars, 523 deleted constraints, 1 added constraints, 24 tightened bounds, 0 added holes, 58 changed sides, 66 changed coefficients
 2302 implications, 42 cliques, 0 implied integral variables (0 bin, 0 int, 0 cont)
presolved problem has 522 variables (509 bin, 13 int, 0 cont) and 1486 constraints
     42 constraints of type <varbound>
     10 constraints of type <setppc>
    783 constraints of type <linear>
      1 constraints of type <orbitope_pp>
    650 constraints of type <logicor>
transformed objective value is always integral (scale: 1)
Presolving Time: 0.73

 time | node  | left  |LP iter|LP it/n|mem/heur|mdpt |vars |cons |rows |cuts |sepa|confs|strbr|  dualbound   | primalbound  |  gap   | compl. 
  0.9s|     1 |     0 |   314 |     - |    18M |   0 | 522 |1506 |1485 |   0 |  0 |  20 |   0 | 2.000000e+01 |      --      |    Inf | unknown
  0.9s|     1 |     0 |   896 |     - |    19M |   0 | 522 |1506 |1571 |  86 |  1 |  20 |   0 | 2.000000e+01 |      --      |    Inf | unknown
  0.9s|     1 |     0 |  1049 |     - |    19M |   0 | 522 |1508 |1617 | 132 |  2 |  22 |   0 | 2.000000e+01 |      --      |    Inf | unknown
  0.9s|     1 |     0 |  1209 |     - |    19M |   0 | 522 |1509 |1619 | 134 |  3 |  23 |   0 | 2.000000e+01 |      --      |    Inf | unknown
  0.9s|     1 |     0 |  1303 |     - |    20M |   0 | 522 |1511 |1625 | 140 |  4 |  25 |   0 | 2.000000e+01 |      --      |    Inf | unknown
  1.0s|     1 |     0 |  1386 |     - |    20M |   0 | 522 |1511 |1632 | 147 |  5 |  25 |   0 | 2.000000e+01 |      --      |    Inf | unknown
  1.0s|     1 |     0 |  1419 |     - |    21M |   0 | 522 |1512 |1636 | 151 |  6 |  26 |   0 | 2.000000e+01 |      --      |    Inf | unknown
  1.0s|     1 |     0 |  1503 |     - |    21M |   0 | 522 |1513 |1639 | 154 |  7 |  27 |   0 | 2.000000e+01 |      --      |    Inf | unknown
  1.0s|     1 |     0 |  1568 |     - |    23M |   0 | 522 |1514 |1642 | 157 |  8 |  28 |   0 | 2.000000e+01 |      --      |    Inf | unknown
  1.0s|     1 |     0 |  1603 |     - |    24M |   0 | 522 |1518 |1644 | 159 |  9 |  32 |   0 | 2.000000e+01 |      --      |    Inf | unknown
  1.1s|     1 |     0 |  1619 |     - |    25M |   0 | 522 |1519 |1647 | 162 | 10 |  33 |   0 | 2.000000e+01 |      --      |    Inf | unknown
  1.1s|     1 |     0 |  1687 |     - |    25M |   0 | 522 |1520 |1650 | 165 | 11 |  34 |   0 | 2.000000e+01 |      --      |    Inf | unknown
  1.1s|     1 |     0 |  1750 |     - |    26M |   0 | 522 |1521 |1653 | 168 | 12 |  35 |   0 | 2.000000e+01 |      --      |    Inf | unknown
  1.1s|     1 |     0 |  1785 |     - |    26M |   0 | 522 |1522 |1655 | 170 | 13 |  36 |   0 | 2.000000e+01 |      --      |    Inf | unknown
d 1.1s|     1 |     0 |  2183 |     - |conflict|   0 | 522 |1535 |1655 |   0 | 13 |  49 |   0 | 2.000000e+01 | 4.200000e+01 | 110.00%| unknown
 time | node  | left  |LP iter|LP it/n|mem/heur|mdpt |vars |cons |rows |cuts |sepa|confs|strbr|  dualbound   | primalbound  |  gap   | compl. 
  1.1s|     1 |     0 |  2185 |     - |    26M |   0 | 522 |1507 |1655 | 170 | 13 |  49 |   0 | 2.000000e+01 | 4.200000e+01 | 110.00%| unknown
  1.1s|     1 |     0 |  2185 |     - |    26M |   0 | 522 |1508 |1565 | 170 | 13 |  50 |   0 | 2.000000e+01 | 4.200000e+01 | 110.00%| unknown
  1.1s|     1 |     0 |  2277 |     - |    26M |   0 | 522 |1506 |1452 | 176 | 14 |  50 |   0 | 2.000000e+01 | 4.200000e+01 | 110.00%| unknown
(run 1, node 1) restarting after 104 global fixings of integer variables

(restart) converted 55 cuts from the global cut pool into linear constraints

presolving:
(round 1, fast)       104 del vars, 4 del conss, 0 add conss, 0 chg bounds, 631 chg sides, 865 chg coeffs, 0 upgd conss, 2302 impls, 43 clqs, 0 implints
(round 2, exhaustive) 104 del vars, 68 del conss, 0 add conss, 0 chg bounds, 631 chg sides, 865 chg coeffs, 0 upgd conss, 2302 impls, 43 clqs, 0 implints
(round 3, exhaustive) 104 del vars, 68 del conss, 0 add conss, 0 chg bounds, 631 chg sides, 865 chg coeffs, 67 upgd conss, 2302 impls, 43 clqs, 0 implints
(round 4, medium)     104 del vars, 87 del conss, 0 add conss, 0 chg bounds, 650 chg sides, 865 chg coeffs, 67 upgd conss, 2302 impls, 43 clqs, 0 implints
presolving (5 rounds: 5 fast, 4 medium, 3 exhaustive):
 104 deleted vars, 87 deleted constraints, 0 added constraints, 0 tightened bounds, 0 added holes, 650 changed sides, 865 changed coefficients
 2302 implications, 43 cliques, 0 implied integral variables (0 bin, 0 int, 0 cont)
presolved problem has 418 variables (405 bin, 13 int, 0 cont) and 1396 constraints
     52 constraints of type <varbound>
     17 constraints of type <knapsack>
     11 constraints of type <setppc>
    628 constraints of type <linear>
      1 constraints of type <orbitope_pp>
    686 constraints of type <logicor>
      1 constraints of type <bounddisjunction>
transformed objective value is always integral (scale: 1)
Presolving Time: 0.74

 time | node  | left  |LP iter|LP it/n|mem/heur|mdpt |vars |cons |rows |cuts |sepa|confs|strbr|  dualbound   | primalbound  |  gap   | compl. 
  1.1s|     1 |     0 |  2629 |     - |    26M |   0 | 418 |1396 |1367 |   0 |  0 |  50 |   0 | 2.000000e+01 | 4.200000e+01 | 110.00%| unknown
  1.2s|     1 |     0 |  2763 |     - |    26M |   0 | 418 |1396 |1478 | 111 |  1 |  50 |   0 | 2.000000e+01 | 4.200000e+01 | 110.00%| unknown
  1.2s|     1 |     0 |  2831 |     - |    26M |   0 | 418 |1396 |1518 | 151 |  2 |  50 |   0 | 2.000000e+01 | 4.200000e+01 | 110.00%| unknown
  1.2s|     1 |     0 |  2859 |     - |    26M |   0 | 418 |1396 |1533 | 166 |  3 |  50 |   0 | 2.000000e+01 | 4.200000e+01 | 110.00%| unknown
  1.2s|     1 |     0 |  2875 |     - |    27M |   0 | 418 |1397 |1541 | 174 |  4 |  51 |   0 | 2.000000e+01 | 4.200000e+01 | 110.00%| unknown
  1.2s|     1 |     0 |  2919 |     - |    27M |   0 | 418 |1398 |1554 | 187 |  5 |  52 |   0 | 2.000000e+01 | 4.200000e+01 | 110.00%| unknown
  1.2s|     1 |     0 |  2949 |     - |    27M |   0 | 418 |1399 |1558 | 191 |  6 |  53 |   0 | 2.000000e+01 | 4.200000e+01 | 110.00%| unknown
  1.3s|     1 |     0 |  2975 |     - |    27M |   0 | 418 |1400 |1560 | 193 |  7 |  54 |   0 | 2.000000e+01 | 4.200000e+01 | 110.00%| unknown
  1.3s|     1 |     0 |  3014 |     - |    29M |   0 | 418 |1401 |1564 | 197 |  8 |  55 |   0 | 2.000000e+01 | 4.200000e+01 | 110.00%| unknown
  1.3s|     1 |     0 |  3063 |     - |    30M |   0 | 418 |1403 |1570 | 203 |  9 |  57 |   0 | 2.000000e+01 | 4.200000e+01 | 110.00%| unknown
  1.3s|     1 |     0 |  3094 |     - |    33M |   0 | 418 |1405 |1574 | 207 | 10 |  59 |   0 | 2.000000e+01 | 4.200000e+01 | 110.00%| unknown
  1.3s|     1 |     0 |  3108 |     - |    33M |   0 | 418 |1407 |1505 | 210 | 11 |  61 |   0 | 2.000000e+01 | 4.200000e+01 | 110.00%| unknown
  1.4s|     1 |     2 |  3795 |     - |    33M |   0 | 418 |1407 |1505 | 210 | 11 |  61 |  17 | 2.000000e+01 | 4.200000e+01 | 110.00%| unknown
* 1.5s|     6 |     5 |  3942 | 206.7 |    LP  |   5 | 418 |1407 |1331 | 210 |  0 |  61 |  17 | 2.000000e+01 | 3.600000e+01 |  80.00%| unknown
d 1.5s|     6 |     7 |  4230 | 254.7 |pscostdi|   5 | 418 |1407 |1331 |   0 |  3 |  61 |  17 | 2.000000e+01 | 3.500000e+01 |  75.00%| unknown
 time | node  | left  |LP iter|LP it/n|mem/heur|mdpt |vars |cons |rows |cuts |sepa|confs|strbr|  dualbound   | primalbound  |  gap   | compl. 
* 1.6s|    16 |    15 |  4710 | 125.5 |    LP  |   6 | 418 |1355 |1331 | 210 |  0 |  61 |  17 | 2.000000e+01 | 2.900000e+01 |  45.00%| unknown
* 1.8s|    26 |    25 |  6519 | 146.8 |    LP  |   7 | 418 |1366 |1331 | 210 |  0 |  73 |  17 | 2.000000e+01 | 2.800000e+01 |  40.00%| unknown
* 2.1s|    43 |    30 |  9892 | 167.2 |    LP  |   9 | 418 |1388 |1331 | 210 |  0 |  98 |  17 | 2.000000e+01 | 2.700000e+01 |  35.00%|  14.85%
  2.5s|   100 |    48 | 12418 |  97.2 |    37M |  11 | 418 |1181 |   0 | 411 |  0 | 139 |  17 | 2.000000e+01 | 2.700000e+01 |  35.00%|  39.93%

SCIP Status        : problem is solved [optimal solution found]
Solving Time (sec) : 2.72
Solving Nodes      : 177 (total of 178 nodes in 2 runs)
Primal Bound       : +2.70000000000000e+01 (6 solutions)
Dual Bound         : +2.70000000000000e+01
Gap                : 0.00 %

primal solution (original space):
=================================

objective value:                                   27
m_11_11                                             1 	(obj:0)
m_11_10                                             1 	(obj:0)
m_11_9                                              1 	(obj:0)
m_11_8                                              1 	(obj:0)
m_10_10                                             1 	(obj:0)
m_9_9                                               1 	(obj:0)
m_8_8                                               1 	(obj:0)
m_7_11                                              1 	(obj:0)
m_7_10                                              1 	(obj:0)
m_7_9                                               1 	(obj:0)
m_7_8                                               1 	(obj:0)
m_7_7                                               1 	(obj:0)
m_7_6                                               1 	(obj:0)
m_7_5                                               1 	(obj:0)
m_6_11                                              1 	(obj:0)
m_6_10                                              1 	(obj:0)
m_6_9                                               1 	(obj:0)
m_6_8                                               1 	(obj:0)
m_6_6                                               1 	(obj:0)
m_5_11                                              1 	(obj:0)
m_5_10                                              1 	(obj:0)
m_5_9                                               1 	(obj:0)
m_5_8                                               1 	(obj:0)
m_5_6                                               1 	(obj:0)
m_5_5                                               1 	(obj:0)
m_4_11                                              1 	(obj:0)
m_4_10                                              1 	(obj:0)
m_4_9                                               1 	(obj:0)
m_4_8                                               1 	(obj:0)
m_4_7                                               1 	(obj:0)
m_4_6                                               1 	(obj:0)
m_4_5                                               1 	(obj:0)
m_4_4                                               1 	(obj:0)
m_3_11                                              1 	(obj:0)
m_3_10                                              1 	(obj:0)
m_3_9                                               1 	(obj:0)
m_3_8                                               1 	(obj:0)
m_3_7                                               1 	(obj:0)
m_3_6                                               1 	(obj:0)
m_3_5                                               1 	(obj:0)
m_3_4                                               1 	(obj:0)
m_3_3                                               1 	(obj:0)
m_3_2                                               1 	(obj:0)
m_2_11                                              1 	(obj:0)
m_2_10                                              1 	(obj:0)
m_2_9                                               1 	(obj:0)
m_2_8                                               1 	(obj:0)
m_2_7                                               1 	(obj:0)
m_2_6                                               1 	(obj:0)
m_2_5                                               1 	(obj:0)
m_2_4                                               1 	(obj:0)
m_2_2                                               1 	(obj:0)
m_1_11                                              1 	(obj:0)
m_1_10                                              1 	(obj:0)
m_1_9                                               1 	(obj:0)
m_1_8                                               1 	(obj:0)
m_1_7                                               1 	(obj:0)
m_1_6                                               1 	(obj:0)
m_1_5                                               1 	(obj:0)
m_1_4                                               1 	(obj:0)
m_1_2                                               1 	(obj:0)
m_1_1                                               1 	(obj:0)
m_0_11                                              1 	(obj:0)
m_0_10                                              1 	(obj:0)
m_0_9                                               1 	(obj:0)
m_0_8                                               1 	(obj:0)
m_0_7                                               1 	(obj:0)
m_0_6                                               1 	(obj:0)
m_0_5                                               1 	(obj:0)
m_0_4                                               1 	(obj:0)
m_0_2                                               1 	(obj:0)
m_0_0                                               1 	(obj:0)
p_1_11                                              1 	(obj:0)
p_1_10                                              1 	(obj:0)
p_2_9                                               1 	(obj:0)
p_3_8                                               1 	(obj:0)
p_3_7                                               1 	(obj:0)
p_3_6                                               1 	(obj:0)
p_2_5                                               1 	(obj:0)
p_1_4                                               1 	(obj:0)
p_3_3                                               1 	(obj:0)
p_2_2                                               1 	(obj:0)
p_1_1                                               1 	(obj:0)
p_2_0                                               1 	(obj:0)
t_11_11                                             1 	(obj:0)
t_11_10                                             1 	(obj:0)
z_11_7                                              1 	(obj:0)
z_11_4                                              1 	(obj:0)
t_11_4                                              1 	(obj:0)
z_11_3                                              1 	(obj:0)
z_11_2                                              1 	(obj:0)
z_11_1                                              1 	(obj:0)
t_11_1                                              1 	(obj:0)
z_11_0                                              1 	(obj:0)
z_10_11                                             1 	(obj:0)
t_10_11                                             1 	(obj:0)
t_10_10                                             1 	(obj:0)
z_10_7                                              1 	(obj:0)
z_10_6                                              1 	(obj:0)
z_10_5                                              1 	(obj:0)
z_10_4                                              1 	(obj:0)
t_10_4                                              1 	(obj:0)
z_10_3                                              1 	(obj:0)
z_10_2                                              1 	(obj:0)
z_10_1                                              1 	(obj:0)
t_10_1                                              1 	(obj:0)
z_10_0                                              1 	(obj:0)
z_9_11                                              1 	(obj:0)
t_9_9                                               1 	(obj:0)
z_9_7                                               1 	(obj:0)
z_9_6                                               1 	(obj:0)
z_9_5                                               1 	(obj:0)
t_9_5                                               1 	(obj:0)
z_9_4                                               1 	(obj:0)
z_9_3                                               1 	(obj:0)
z_9_2                                               1 	(obj:0)
t_9_2                                               1 	(obj:0)
z_9_1                                               1 	(obj:0)
z_9_0                                               1 	(obj:0)
t_9_0                                               1 	(obj:0)
z_8_11                                              1 	(obj:0)
t_8_8                                               1 	(obj:0)
z_8_7                                               1 	(obj:0)
t_8_7                                               1 	(obj:0)
z_8_6                                               1 	(obj:0)
t_8_6                                               1 	(obj:0)
z_8_5                                               1 	(obj:0)
z_8_4                                               1 	(obj:0)
z_8_3                                               1 	(obj:0)
t_8_3                                               1 	(obj:0)
z_8_2                                               1 	(obj:0)
z_8_1                                               1 	(obj:0)
z_8_0                                               1 	(obj:0)
t_7_8                                               1 	(obj:0)
t_7_7                                               1 	(obj:0)
t_7_6                                               1 	(obj:0)
z_7_3                                               1 	(obj:0)
t_7_3                                               1 	(obj:0)
z_7_1                                               1 	(obj:0)
z_7_0                                               1 	(obj:0)
t_6_8                                               1 	(obj:0)
z_6_7                                               1 	(obj:0)
t_6_7                                               1 	(obj:0)
t_6_6                                               1 	(obj:0)
z_6_3                                               1 	(obj:0)
t_6_3                                               1 	(obj:0)
z_6_2                                               1 	(obj:0)
z_6_1                                               1 	(obj:0)
z_6_0                                               1 	(obj:0)
t_5_9                                               1 	(obj:0)
t_5_5                                               1 	(obj:0)
z_5_3                                               1 	(obj:0)
z_5_2                                               1 	(obj:0)
t_5_2                                               1 	(obj:0)
z_5_1                                               1 	(obj:0)
z_5_0                                               1 	(obj:0)
t_5_0                                               1 	(obj:0)
t_4_11                                              1 	(obj:0)
t_4_10                                              1 	(obj:0)
t_4_4                                               1 	(obj:0)
z_4_1                                               1 	(obj:0)
t_4_1                                               1 	(obj:0)
z_4_0                                               1 	(obj:0)
t_3_8                                               1 	(obj:0)
t_3_7                                               1 	(obj:0)
t_3_6                                               1 	(obj:0)
t_3_3                                               1 	(obj:0)
t_2_9                                               1 	(obj:0)
t_2_5                                               1 	(obj:0)
t_2_2                                               1 	(obj:0)
z_2_0                                               1 	(obj:0)
t_2_0                                               1 	(obj:0)
t_1_11                                              1 	(obj:0)
t_1_10                                              1 	(obj:0)
t_1_4                                               1 	(obj:0)
t_1_1                                               1 	(obj:0)
t_0_9                                               1 	(obj:0)
t_0_5                                               1 	(obj:0)
t_0_2                                               1 	(obj:0)
t_0_0                                               1 	(obj:0)
y_7_1_11                                            1 	(obj:0)
y_7_2_11                                            1 	(obj:0)
y_6_1_11                                            1 	(obj:0)
y_6_2_11                                            1 	(obj:0)
y_6_3_11                                            1 	(obj:0)
y_5_1_11                                            1 	(obj:0)
y_5_2_11                                            1 	(obj:0)
y_5_3_11                                            1 	(obj:0)
y_4_1_11                                            1 	(obj:0)
y_2_1_11                                            1 	(obj:0)
y_1_1_11                                            1 	(obj:0)
y_0_1_11                                            1 	(obj:0)
y_7_1_10                                            1 	(obj:0)
y_7_2_10                                            1 	(obj:0)
y_6_1_10                                            1 	(obj:0)
y_6_2_10                                            1 	(obj:0)
y_6_3_10                                            1 	(obj:0)
y_5_1_10                                            1 	(obj:0)
y_5_2_10                                            1 	(obj:0)
y_5_3_10                                            1 	(obj:0)
y_4_1_10                                            1 	(obj:0)
y_7_1_9                                             1 	(obj:0)
y_7_2_9                                             1 	(obj:0)
y_6_1_9                                             1 	(obj:0)
y_6_2_9                                             1 	(obj:0)
y_6_3_9                                             1 	(obj:0)
y_5_1_9                                             1 	(obj:0)
y_5_2_9                                             1 	(obj:0)
y_5_3_9                                             1 	(obj:0)
y_4_1_9                                             1 	(obj:0)
y_7_1_8                                             1 	(obj:0)
y_7_2_8                                             1 	(obj:0)
y_6_1_8                                             1 	(obj:0)
y_6_2_8                                             1 	(obj:0)
y_6_3_8                                             1 	(obj:0)
y_5_1_8                                             1 	(obj:0)
y_5_2_8                                             1 	(obj:0)
y_5_3_8                                             1 	(obj:0)
y_4_1_8                                             1 	(obj:0)
y_7_1_7                                             1 	(obj:0)
y_7_2_7                                             1 	(obj:0)
y_5_1_7                                             1 	(obj:0)
y_5_2_7                                             1 	(obj:0)
y_5_3_7                                             1 	(obj:0)
y_4_1_7                                             1 	(obj:0)
y_3_1_7                                             1 	(obj:0)
y_2_1_7                                             1 	(obj:0)
y_1_1_7                                             1 	(obj:0)
y_0_1_7                                             1 	(obj:0)
y_7_1_6                                             1 	(obj:0)
y_7_2_6                                             1 	(obj:0)
y_6_1_6                                             1 	(obj:0)
y_6_2_6                                             1 	(obj:0)
y_6_3_6                                             1 	(obj:0)
y_5_1_6                                             1 	(obj:0)
y_5_2_6                                             1 	(obj:0)
y_5_3_6                                             1 	(obj:0)
y_4_1_6                                             1 	(obj:0)
y_2_1_6                                             1 	(obj:0)
y_1_1_6                                             1 	(obj:0)
y_0_1_6                                             1 	(obj:0)
y_7_1_5                                             1 	(obj:0)
y_7_2_5                                             1 	(obj:0)
y_6_1_5                                             1 	(obj:0)
y_6_2_5                                             1 	(obj:0)
y_6_3_5                                             1 	(obj:0)
y_5_1_5                                             1 	(obj:0)
y_5_2_5                                             1 	(obj:0)
y_5_3_5                                             1 	(obj:0)
y_4_1_5                                             1 	(obj:0)
y_3_1_5                                             1 	(obj:0)
y_2_1_5                                             1 	(obj:0)
y_1_1_5                                             1 	(obj:0)
y_0_1_5                                             1 	(obj:0)
y_7_1_4                                             1 	(obj:0)
y_7_2_4                                             1 	(obj:0)
y_6_1_4                                             1 	(obj:0)
y_6_2_4                                             1 	(obj:0)
y_6_3_4                                             1 	(obj:0)
y_5_1_4                                             1 	(obj:0)
y_5_2_4                                             1 	(obj:0)
y_5_3_4                                             1 	(obj:0)
y_4_1_4                                             1 	(obj:0)
y_3_1_4                                             1 	(obj:0)
y_2_1_4                                             1 	(obj:0)
y_1_1_4                                             1 	(obj:0)
y_0_1_4                                             1 	(obj:0)
y_4_1_3                                             1 	(obj:0)
y_3_1_3                                             1 	(obj:0)
y_2_1_3                                             1 	(obj:0)
y_1_1_3                                             1 	(obj:0)
y_0_1_3                                             1 	(obj:0)
y_7_1_2                                             1 	(obj:0)
y_7_2_2                                             1 	(obj:0)
y_4_1_2                                             1 	(obj:0)
y_3_1_2                                             1 	(obj:0)
y_2_1_2                                             1 	(obj:0)
y_1_1_2                                             1 	(obj:0)
y_0_1_2                                             1 	(obj:0)
y_3_1_1                                             1 	(obj:0)
y_2_1_1                                             1 	(obj:0)
y_1_1_1                                             1 	(obj:0)
y_0_1_1                                             1 	(obj:0)
y_3_1_0                                             1 	(obj:0)
y_1_1_0                                             1 	(obj:0)
y_0_1_0                                             1 	(obj:0)
s_11                                               17 	(obj:0)
s_10                                               22 	(obj:0)
s_9                                                22 	(obj:0)
s_8                                                22 	(obj:0)
s_7                                                10 	(obj:0)
s_6                                                15 	(obj:0)
s_5                                                13 	(obj:0)
s_4                                                 7 	(obj:0)
s_2                                                 5 	(obj:0)
l                                                  27 	(obj:1)

Statistics
==========

SCIP Status        : problem is solved [optimal solution found]
Total Time         :       2.72
  solving          :       2.72
  presolving       :       0.74 (included in solving)
  reading          :       0.00
  copying          :       0.13 (35 #copies) (minimal 0.00, maximal 0.01, average 0.00)
Original Problem   :
  Problem name     : /Users/maxbig/SCIP/SCIPOptSuite-9.2.1-Linux/inputs/new_no_tr/order/layered_12_2_buf_times_P3_M13500_up_right_input.lp
  Variables        : 625 (612 binary, 13 integer, 0 continuous)
  Implied int vars : 0 (0 binary, 0 integer, 0 continuous)
  Constraints      : 2008 initial, 2008 maximal
  Objective        : minimize, 1 non-zeros (abs.min = 1, abs.max = 1)
Presolved Problem  :
  Problem name     : t_/Users/maxbig/SCIP/SCIPOptSuite-9.2.1-Linux/inputs/new_no_tr/order/layered_12_2_buf_times_P3_M13500_up_right_input.lp
  Variables        : 418 (405 binary, 13 integer, 0 continuous)
  Implied int vars : 0 (0 binary, 0 integer, 0 continuous)
  Constraints      : 1396 initial, 1407 maximal
  Objective        : minimize, 1 non-zeros (abs.min = 1, abs.max = 1)
  Nonzeros         : 4604 constraint, 100 clique table
Presolvers         :   ExecTime  SetupTime  Calls  FixedVars   AggrVars   ChgTypes  ChgBounds   AddHoles    DelCons    AddCons   ChgSides   ChgCoefs
  boundshift       :       0.00       0.00      0          0          0          0          0          0          0          0          0          0
  convertinttobin  :       0.00       0.00      0          0          0          0          0          0          0          0          0          0
  domcol           :       0.00       0.00      4          0          0          0          0          0          0          0          0          0
  dualagg          :       0.00       0.00      0          0          0          0          0          0          0          0          0          0
  dualcomp         :       0.00       0.00      0          0          0          0          0          0          0          0          0          0
  dualinfer        :       0.00       0.00      0          0          0          0          0          0          0          0          0          0
  dualsparsify     :       0.01       0.00      1          0          0          0          0          0          0          0          0          0
  gateextraction   :       0.00       0.00      6          0          0          0          0          0          0          0          0          0
  implics          :       0.00       0.00     12          0          0          0          0          0          0          0          0          0
  implint          :       0.00       0.00      0          0          0          0          0          0          0          0          0          0
  inttobinary      :       0.00       0.00     19          0          0          0          0          0          0          0          0          0
  milp             :       0.00       0.00      1          0          0          0          0          0          0          0          0          0
  qpkktref         :       0.00       0.00      0          0          0          0          0          0          0          0          0          0
  redvub           :       0.00       0.00      0          0          0          0          0          0          0          0          0          0
  sparsify         :       0.00       0.00      2          0          0          0          0          0          0          0          0          0
  stuffing         :       0.00       0.00      0          0          0          0          0          0          0          0          0          0
  trivial          :       0.00       0.00     19        149          0          0          0          0          0          0          0          0
  tworowbnd        :       0.00       0.00      0          0          0          0          0          0          0          0          0          0
  dualfix          :       0.00       0.00     19         32          0          0          0          0          0          0          0          0
  genvbounds       :       0.00       0.00      0          0          0          0          0          0          0          0          0          0
  probing          :       0.69       0.00      3          0         10          0          0          0          0          0          0          0
  pseudoobj        :       0.00       0.00      1          0          0          0          0          0          0          0          0          0
  symmetry         :       0.00       0.00      1          3          0          0          0          0          0          1          0          0
  vbounds          :       0.00       0.00      3          0         12          0          0          0          0          0          0          0
  varbound         :       0.00       0.00     20          0          0          0          0          0         19          0         28          0
  knapsack         :       0.00       0.00      5          0          0          0          0          0          0          0          0          0
  setppc           :       0.00       0.00     26          0          1          0          0          0          2          0          0          0
  linear           :       0.04       0.00     29          0          0          0         24          0        443          0        680        865
  orbitope_pp      :       0.00       0.00      7          0          0          0          0          0          0          0          0          0
  logicor          :       0.00       0.00     24          0          0          0          0          0        146          0          0         66
  bounddisjunction :       0.00       0.00      5          0          0          0          0          0          0          0          0          0
  components       :       0.00       0.00      2          0          0          0          0          0          0          0          0          0
  root node        :          -          -      -        332          -          -        439          -          -          -          -          -
Constraints        :     Number  MaxNumber  #Separate #Propagate    #EnfoLP    #EnfoRelax  #EnfoPS    #Check   #ResProp    Cutoffs    DomReds       Cuts    Applied      Conss   Children
  integral         :          0          0          0          0        103          0          0         72          0          0          0          0          0          0        206
  varbound         :         52         52         25      11437          0          0          0         65          0          0         20          0          0          0          0
  knapsack         :         17         17         11       1879          0          0          0          0          2          1          6          0          0          0          0
  setppc           :         11+        13         25       9677          0          0          0         46        135         34        260          0          0          0          0
  linear           :        628+       630         25      11402          0          0          0         13        255        183       3148          0          0          0          0
  orbitope_pp      :          1          1          0       5939          0          0          0          6          4          0          1          0          0          0          0
  logicor          :        686+       726         25       2408          0          0          0          6        237         23       2194          4          4          0          0
  bounddisjunction :          1+        71          0        844          0          0          0          0         86         12        153          0          0          0          0
  fixedvar         :          0          0          0          0          0          0          0          7          0          0          0          0          0          0          0
  countsols        :          0          0          0          0          0          0          0          7          0          0          0          0          0          0          0
  components       :          0          0          0          0          0          0          0          0          0          0          0          0          0          0          0
Constraint Timings :  TotalTime  SetupTime   Separate  Propagate     EnfoLP     EnfoPS     EnfoRelax   Check    ResProp    SB-Prop
  integral         :       0.07       0.00       0.00       0.00       0.07       0.00       0.00       0.00       0.00       0.00
  varbound         :       0.14       0.00       0.00       0.14       0.00       0.00       0.00       0.00       0.00       0.00
  knapsack         :       0.00       0.00       0.00       0.00       0.00       0.00       0.00       0.00       0.00       0.00
  setppc           :       0.00       0.00       0.00       0.00       0.00       0.00       0.00       0.00       0.00       0.00
  linear           :       0.45       0.00       0.00       0.44       0.00       0.00       0.00       0.00       0.00       0.00
  orbitope_pp      :       0.00       0.00       0.00       0.00       0.00       0.00       0.00       0.00       0.00       0.00
  logicor          :       0.02       0.00       0.00       0.02       0.00       0.00       0.00       0.00       0.00       0.00
  bounddisjunction :       0.00       0.00       0.00       0.00       0.00       0.00       0.00       0.00       0.00       0.00
  fixedvar         :       0.00       0.00       0.00       0.00       0.00       0.00       0.00       0.00       0.00       0.00
  countsols        :       0.00       0.00       0.00       0.00       0.00       0.00       0.00       0.00       0.00       0.00
  components       :       0.00       0.00       0.00       0.00       0.00       0.00       0.00       0.00       0.00       0.00
Propagators        : #Propagate   #ResProp    Cutoffs    DomReds
  dualfix          :          6          0          0          0
  genvbounds       :          0          0          0          0
  nlobbt           :          0          0          0          0
  obbt             :          0          0          0          0
  probing          :          0          0          0          0
  pseudoobj        :        856          0          0          4
  redcost          :        304          0          0        104
  rootredcost      :          6          0          0         51
  symmetry         :          0          0          0          0
  vbounds          :       2592        177          8        399
Propagator Timings :  TotalTime  SetupTime   Presolve  Propagate    ResProp    SB-Prop
  dualfix          :       0.00       0.00       0.00       0.00       0.00       0.00
  genvbounds       :       0.00       0.00       0.00       0.00       0.00       0.00
  nlobbt           :       0.00       0.00       0.00       0.00       0.00       0.00
  obbt             :       0.00       0.00       0.00       0.00       0.00       0.00
  probing          :       0.69       0.00       0.69       0.00       0.00       0.00
  pseudoobj        :       0.00       0.00       0.00       0.00       0.00       0.00
  redcost          :       0.00       0.00       0.00       0.00       0.00       0.00
  rootredcost      :       0.00       0.00       0.00       0.00       0.00       0.00
  symmetry         :       0.00       0.00       0.00       0.00       0.00       0.00
  vbounds          :       0.04       0.00       0.00       0.04       0.00       0.00
Symmetry           :
  #affected vars   :         36 (36 bin, 0 int, 0 cont)
  orbitopal red.   :          0 reductions applied,          0 cutoffs
  orbital reduction:          0 reductions applied,          0 cutoffs
  lexicographic red:          0 reductions applied,          0 cutoffs
  shadow tree time :       0.00 s
Conflict Analysis  :       Time      Calls    Success    DomReds  Conflicts   Literals    Reconvs ReconvLits   Dualrays   Nonzeros   LP Iters   (pool size: [10000,10000])
  propagation      :       0.00         98         94          -        135        5.5         20        3.0          -          -          -
  infeasible LP    :       0.00         13         13          -         16        3.6          2        3.0         13        3.5          0
  bound exceed. LP :       0.00          4          5          -          4        3.2          0        0.0          4        3.2          0
  strong branching :       0.00          0          0          -          0        0.0          0        0.0          -          -          0
  pseudo solution  :       0.00          0          0          -          0        0.0          0        0.0          -          -          -
  applied globally :       0.00          -          -          1        161        4.5          -          -         17          -          -
  applied locally  :          -          -          -          0          0        0.0          -          -          0          -          -
Gen. Resolution CA :       Time      Calls    Success  Conflicts  LargeCoef  LongConfs    Length
  propagation      :       0.00          0          0          0          0          0       0.0
Separators         :   ExecTime  SetupTime      Calls  RootCalls    Cutoffs    DomReds  FoundCuts ViaPoolAdd  DirectAdd    Applied ViaPoolApp  DirectApp      Conss
  cut pool         :       0.01          -        108         49          -          -       5646      12337          -          -          -          -          -    (maximal pool size:       3635)
  aggregation      :       0.02       0.00         50         25          0          0         85        152          4         66         66          0          0
  > cmir           :          -          -          -          -          -          -          -        101          4         44         44          0          -
  > flowcover      :          -          -          -          -          -          -          -         29          0         10         10          0          -
  > knapsackcover  :          -          -          -          -          -          -          -         22          0         12         12          0          -
  cgmip            :       0.00       0.00          0          0          0          0          0          0          0          0          0          0          0
  clique           :       0.00       0.00         25         25          0          0          0          0          0          0          0          0          0
  closecuts        :       0.00       0.00          0          0          0          0          0          0          0          0          0          0          0
  convexproj       :       0.00       0.00          0          0          0          0          0          0          0          0          0          0          0
  disjunctive      :       0.00       0.00          0          0          0          0          0          0          0          0          0          0          0
  eccuts           :       0.00       0.00          0          0          0          0          0          0          0          0          0          0          0
  flower           :       0.00       0.00         43         25          0          0          0          0          0          0          0          0          0
  gauge            :       0.00       0.00          0          0          0          0          0          0          0          0          0          0          0
  gomory           :       0.27       0.00         41         20          0          0       4576      10713         51        230        228          2          0
  > gomorymi       :          -          -          -          -          -          -          -       4218         26        113        112          1          -
  > strongcg       :          -          -          -          -          -          -          -       6495         25        117        116          1          -
  impliedbounds    :       0.00       0.00         50         25          0          0        843       1161          0        169        169          0          0
  interminor       :       0.00       0.00          0          0          0          0          0          0          0          0          0          0          0
  intobj           :       0.00       0.00          0          0          0          0          0          0          0          0          0          0          0
  lagromory        :       0.00       0.00          0          0          0          0          0          0          0          0          0          0          0
  mcf              :       0.00       0.00          2          2          0          0          0          0          0          0          0          0          0
  minor            :       0.00       0.00          0          0          0          0          0          0          0          0          0          0          0
  mixing           :       0.00       0.00         50         25          0          0          0          0          0          0          0          0          0
  oddcycle         :       0.00       0.00          0          0          0          0          0          0          0          0          0          0          0
  rapidlearning    :       0.82       0.00         32          2          0       1935          0          0          0          0          0          0         90
  rlt              :       0.00       0.00         20         20          0          0          0          0          0          0          0          0          0
  zerohalf         :       0.02       0.00         46         25          0          0        201        311          6        132        128          4          0
Cutselectors       :   ExecTime  SetupTime      Calls  RootCalls   Selected     Forced   Filtered  RootSelec   RootForc   RootFilt 
  hybrid           :       0.01       0.00         60         25        601          0      11801        386          0       6044
  ensemble         :       0.00       0.00          0          0          0          0          0          0          0          0
  dynamic          :       0.00       0.00          0          0          0          0          0          0          0          0
Pricers            :   ExecTime  SetupTime      Calls       Vars
  problem variables:       0.00          -          0          0
Branching Rules    :   ExecTime  SetupTime   BranchLP  BranchExt   BranchPS    Cutoffs    DomReds       Cuts      Conss   Children
  allfullstrong    :       0.00       0.00          0          0          0          0          0          0          0          0
  cloud            :       0.00       0.00          0          0          0          0          0          0          0          0
  distribution     :       0.00       0.00          0          0          0          0          0          0          0          0
  fullstrong       :       0.00       0.00          0          0          0          0          0          0          0          0
  gomory           :       0.00       0.00          0          0          0          0          0          0          0          0
  inference        :       0.00       0.00          0          0          0          0          0          0          0          0
  leastinf         :       0.00       0.00          0          0          0          0          0          0          0          0
  lookahead        :       0.00       0.00          0          0          0          0          0          0          0          0
  mostinf          :       0.00       0.00          0          0          0          0          0          0          0          0
  multaggr         :       0.00       0.00          0          0          0          0          0          0          0          0
  nodereopt        :       0.00       0.00          0          0          0          0          0          0          0          0
  pscost           :       0.00       0.00          0          0          0          0          0          0          0          0
  random           :       0.00       0.00          0          0          0          0          0          0          0          0
  relpscost        :       0.07       0.00        103          0          0          0          0          0          0        206
  vanillafullstrong:       0.00       0.00          0          0          0          0          0          0          0          0
Primal Heuristics  :   ExecTime  SetupTime      Calls      Found       Best
  LP solutions     :       0.00          -          -          0          0
  relax solutions  :       0.00          -          -          0          0
  pseudo solutions :       0.00          -          -          0          0
  strong branching :       0.00          -          -          0          0
  actconsdiving    :       0.00       0.00          0          0          0
  adaptivediving   :       0.02       0.00         11          0          0
  alns             :       0.02       0.00          1          0          0
  bound            :       0.00       0.00          0          0          0
  clique           :       0.00       0.00          1          0          0
  coefdiving       :       0.00       0.00          0          0          0
  completesol      :       0.00       0.00          0          0          0
  conflictdiving   :       0.04       0.00         11          1          1
  crossover        :       0.00       0.00          0          0          0
  dins             :       0.00       0.00          0          0          0
  distributiondivin:       0.03       0.00          2          0          0
  dks              :       0.00       0.00          0          0          0
  dps              :       0.00       0.00          0          0          0
  dualval          :       0.00       0.00          0          0          0
  farkasdiving     :       0.00       0.00          0          0          0
  feaspump         :       0.00       0.00          1          0          0
  fixandinfer      :       0.00       0.00          0          0          0
  fracdiving       :       0.00       0.00          4          0          0
  gins             :       0.00       0.00          0          0          0
  guideddiving     :       0.01       0.00          7          0          0
  indicator        :       0.00       0.00          0          0          0
  indicatordiving  :       0.00       0.00          0          0          0
  intdiving        :       0.00       0.00          0          0          0
  intshifting      :       0.00       0.00          0          0          0
  linesearchdiving :       0.01       0.00          6          0          0
  localbranching   :       0.00       0.00          0          0          0
  locks            :       0.02       0.00          1          0          0
  lpface           :       0.00       0.00          0          0          0
  mpec             :       0.00       0.00          0          0          0
  multistart       :       0.00       0.00          0          0          0
  mutation         :       0.00       0.00          0          0          0
  nlpdiving        :       0.00       0.00          0          0          0
  objpscostdiving  :       0.06       0.00          2          0          0
  octane           :       0.00       0.00          0          0          0
  ofins            :       0.00       0.00          0          0          0
  oneopt           :       0.00       0.00          6          0          0
  padm             :       0.00       0.00          0          0          0
  proximity        :       0.00       0.00          0          0          0
  pscostdiving     :       0.02       0.00          3          1          1
  randrounding     :       0.05       0.00         73          0          0
  rens             :       0.02       0.00          2          0          0
  reoptsols        :       0.00       0.00          0          0          0
  repair           :       0.00       0.00          0          0          0
  rins             :       0.00       0.00          0          0          0
  rootsoldiving    :       0.04       0.00          2          0          0
  rounding         :       0.01       0.00        152          0          0
  scheduler        :       0.00       0.00          0          0          0
  shiftandpropagate:       0.02       0.00          1          0          0
  shifting         :       0.04       0.00        102          0          0
  simplerounding   :       0.00       0.00        198          0          0
  subnlp           :       0.00       0.00          0          0          0
  trivial          :       0.00       0.00          4          0          0
  trivialnegation  :       0.00       0.00          0          0          0
  trustregion      :       0.00       0.00          0          0          0
  trysol           :       0.00       0.00          0          0          0
  twoopt           :       0.00       0.00          0          0          0
  undercover       :       0.00       0.00          0          0          0
  vbounds          :       0.08       0.00          1          0          0
  veclendiving     :       0.01       0.00          6          0          0
  zeroobj          :       0.00       0.00          0          0          0
  zirounding       :       0.00       0.00        104          0          0
  other solutions  :          -          -          -          0          -
LNS (Scheduler)    :      Calls  SetupTime  SolveTime SolveNodes       Sols       Best       Exp3    Exp3-IX  EpsGreedy        UCB TgtFixRate  Opt  Inf Node Stal  Sol  Usr Othr Actv
  rens             :          0       0.00       0.00          0          0          0    0.00000    0.12500   -1.00000    1.00000      0.900    0    0    0    0    0    0    0    1
  rins             :          0       0.00       0.00          0          0          0    0.00000    0.12500   -1.00000    1.00000      0.900    0    0    0    0    0    0    0    1
  mutation         :          0       0.00       0.00          0          0          0    0.00000    0.12500   -1.00000    1.00000      0.900    0    0    0    0    0    0    0    1
  localbranching   :          0       0.00       0.00          0          0          0    0.00000    0.12500   -1.00000    1.00000      0.900    0    0    0    0    0    0    0    1
  crossover        :          0       0.00       0.00          0          0          0    0.00000    0.12500   -1.00000    1.00000      0.900    0    0    0    0    0    0    0    1
  proximity        :          0       0.00       0.00          0          0          0    0.00000    0.12500   -1.00000    1.00000      0.900    0    0    0    0    0    0    0    1
  zeroobjective    :          0       0.00       0.00          0          0          0    0.00000    0.12500   -1.00000    1.00000      0.900    0    0    0    0    0    0    0    1
  dins             :          0       0.00       0.00          0          0          0    0.00000    0.12500   -1.00000    1.00000      0.900    0    0    0    0    0    0    0    1
  trustregion      :          0       0.00       0.00          0          0          0    0.00000    0.00000   -1.00000    1.00000      0.900    0    0    0    0    0    0    0    0
LP                 :       Time      Calls Iterations  Iter/call   Iter/sec  Time-0-It Calls-0-It
  primal LP        :       0.00         15          0       0.00          -       0.00         15
  dual LP          :       0.15        209       5746      28.87   39396.64       0.00         10
  lex dual LP      :       0.00          0          0       0.00          -
  barrier LP       :       0.00          0          0       0.00          -       0.00          0
  resolve instable :       0.00          0          0       0.00          -
  diving/probing LP:       0.20        154       7673      49.82   38814.08
  strong branching :       0.06         17       1963     115.47   35683.12          -          -          0
    (at root node) :          -         17       1963     115.47          -
  conflict analysis:       0.00          0          0       0.00          -
Relaxators         :       Time      Calls    Cutoffs ImprBounds   ImprTime ReducedDom  Separated AddedConss
  benders          :       0.00          0          0          0       0.00          0          0          0
B&B Tree           :
  number of runs   :          2
  nodes            :        177 (103 internal, 74 leaves)
  feasible leaves  :          0
  infeas. leaves   :         70
  objective leaves :          4
  nodes (total)    :        178 (103 internal, 75 leaves)
  nodes left       :          0
  max depth        :         14
  max depth (total):         14
  backtracks       :        100 (56.5%)
  early backtracks :          0 (0.0%)
  nodes exc. ref.  :          0 (0.0%)
  delayed cutoffs  :         28
  repropagations   :        139 (1547 domain reductions, 12 cutoffs)
  avg switch length:       6.36
  switching time   :       0.02
Root Node          :
  First LP value   : +2.00000000000000e+01
  First LP Iters   :        290 (88739.29 Iter/sec)
  First LP Time    :       0.00
  Final Dual Bound : +2.00000000000000e+01
  Final Root Iters :       2702
  Root LP Estimate : +2.14814938760601e+01
Solution           :
  Solutions found  :          6 (6 improvements)
  First Solution   : +4.20000000000000e+01   (in run 1, after 1 nodes, 1.09 seconds, depth 23, found by <conflictdiving>)
  Gap First Sol.   :     110.00 %
  Gap Last Sol.    :      35.00 %
  Primal Bound     : +2.70000000000000e+01   (in run 2, after 43 nodes, 2.10 seconds, depth 5, found by <relaxation>)
  Dual Bound       : +2.70000000000000e+01
  Gap              :       0.00 %
Integrals          :      Total       Avg%
  primal-dual      :     165.78      60.99
  primal-ref       :          -          - (not evaluated)
  dual-ref         :          -          - (not evaluated)
