SCIP version 10.0.0 [precision: 8 byte] [memory: block] [mode: optimized] [LP solver: SoPlex 8.0.0] [GitHash: 0c80fdd8e9]
Copyright (c) 2002-2025 Zuse Institute Berlin (ZIB)

External libraries: 
  Readline 8.3         GNU library for command line editing (gnu.org/s/readline)
  SoPlex 8.0.0         Linear programming solver developed at Zuse Institute Berlin (soplex.zib.de) [GitHash: 2207cfb2]
  CppAD 20180000.0     Algorithmic Differentiation of C++ algorithms developed by B. Bell (github.com/coin-or/CppAD)
  ZLIB 1.2.12          General purpose compression library by J. Gailly and M. Adler (zlib.net)
  MPFR 4.2.2           GNU Multiple Precision Floating-Point Reliable Library (mpfr.org)
  Boost 1.89.0         Boost C++ Libraries (boost.org)
  TinyCThread 1.2      small portable implementation of the C11 threads API (tinycthread.github.io)
  GMP 6.3.0            GNU Multiple Precision Arithmetic Library developed by T. Granlund (gmplib.org)
  AMPL/MP 4.0.3        AMPL .nl file reader library (github.com/ampl/mp)
  PaPILO 3.0.0         parallel presolve for integer and linear optimization (github.com/scipopt/papilo) (built with TBB)
  Nauty 2.8.8          Computing Graph Automorphism Groups by Brendan D. McKay (users.cecs.anu.edu.au/~bdm/nauty)
  sassy 2.0            Symmetry preprocessor by Markus Anders (github.com/markusa4/sassy)
  Ipopt 3.14.19        Interior Point Optimizer developed by A. Waechter et.al. (github.com/coin-or/Ipopt)

reading user parameter file </Users/maxbig/SCIP/SCIPOptSuite-9.2.1-Linux/only_time.set>

read problem </Users/maxbig/SCIP/SCIPOptSuite-9.2.1-Linux/inputs/new_no_tr/order/layered_12_2_buf_times_P4_M11500_tiers_input.lp>
============

original problem has 637 variables (624 bin, 13 int, 0 cont) and 2295 constraints

solve problem
=============

presolving:
(round 1, fast)       57 del vars, 48 del conss, 0 add conss, 21 chg bounds, 0 chg sides, 0 chg coeffs, 0 upgd conss, 0 impls, 12 clqs, 0 implints
   (0.0s) running MILP presolver
   (0.0s) MILP presolver (2 rounds): 0 aggregations, 0 fixings, 0 bound changes
(round 2, exhaustive) 57 del vars, 342 del conss, 0 add conss, 21 chg bounds, 10 chg sides, 0 chg coeffs, 0 upgd conss, 0 impls, 12 clqs, 0 implints
(round 3, fast)       61 del vars, 344 del conss, 0 add conss, 21 chg bounds, 10 chg sides, 0 chg coeffs, 0 upgd conss, 0 impls, 12 clqs, 0 implints
(round 4, exhaustive) 61 del vars, 346 del conss, 0 add conss, 21 chg bounds, 12 chg sides, 0 chg coeffs, 0 upgd conss, 0 impls, 12 clqs, 0 implints
(round 5, fast)       62 del vars, 347 del conss, 0 add conss, 21 chg bounds, 12 chg sides, 0 chg coeffs, 0 upgd conss, 0 impls, 12 clqs, 0 implints
(round 6, exhaustive) 62 del vars, 347 del conss, 0 add conss, 21 chg bounds, 12 chg sides, 0 chg coeffs, 1114 upgd conss, 0 impls, 12 clqs, 0 implints
   (0.8s) probing: 433/562 (77.0%) - 0 fixings, 0 aggregations, 2418 implications, 0 bound changes
   (0.8s) probing aborted: 50/50 successive totally useless probings
   (0.8s) symmetry computation started: requiring (bin +, int +, cont +), (fixed: bin -, int -, cont -)
   (0.8s) symmetry computation finished: 3 generators found (max: 1500, log10 of symmetry group size: 1.38) (symcode time: 0.00)
dynamic symmetry handling statistics:
   orbitopal reduction:       no components
   orbital reduction:         no components
   lexicographic reduction:   no permutations
handled 1 out of 1 symmetry components
(round 7, exhaustive) 69 del vars, 347 del conss, 1 add conss, 21 chg bounds, 12 chg sides, 0 chg coeffs, 1114 upgd conss, 2430 impls, 11 clqs, 0 implints
(round 8, fast)       71 del vars, 550 del conss, 1 add conss, 21 chg bounds, 12 chg sides, 99 chg coeffs, 1114 upgd conss, 2430 impls, 101 clqs, 0 implints
(round 9, medium)     83 del vars, 550 del conss, 1 add conss, 21 chg bounds, 12 chg sides, 99 chg coeffs, 1114 upgd conss, 2430 impls, 77 clqs, 0 implints
(round 10, fast)       83 del vars, 574 del conss, 1 add conss, 21 chg bounds, 12 chg sides, 99 chg coeffs, 1114 upgd conss, 2430 impls, 77 clqs, 0 implints
   (0.8s) probing: 504/562 (89.7%) - 0 fixings, 6 aggregations, 2420 implications, 0 bound changes
   (0.8s) probing aborted: 50/50 successive totally useless probings
(round 11, exhaustive) 89 del vars, 574 del conss, 1 add conss, 21 chg bounds, 12 chg sides, 99 chg coeffs, 1114 upgd conss, 2430 impls, 73 clqs, 0 implints
(round 12, fast)       89 del vars, 580 del conss, 1 add conss, 21 chg bounds, 12 chg sides, 99 chg coeffs, 1114 upgd conss, 2430 impls, 73 clqs, 0 implints
   (0.8s) probing: 509/562 (90.6%) - 0 fixings, 6 aggregations, 2420 implications, 0 bound changes
   (0.8s) probing aborted: 50/50 successive totally useless probings
presolving (13 rounds: 13 fast, 7 medium, 6 exhaustive):
 89 deleted vars, 580 deleted constraints, 1 added constraints, 21 tightened bounds, 0 added holes, 12 changed sides, 99 changed coefficients
 2430 implications, 73 cliques, 0 implied integral variables (0 bin, 0 int, 0 cont)
presolved problem has 549 variables (536 bin, 13 int, 0 cont) and 1716 constraints
     37 constraints of type <varbound>
      9 constraints of type <knapsack>
     10 constraints of type <setppc>
    834 constraints of type <linear>
      1 constraints of type <orbitope_pp>
    825 constraints of type <logicor>
transformed objective value is always integral (scale: 1)
Presolving Time: 0.79

 time | node  | left  |LP iter|LP it/n|mem/heur|mdpt |vars |cons |rows |cuts |sepa|confs|strbr|  dualbound   | primalbound  |  gap   | compl. 
  0.9s|     1 |     0 |   303 |     - |    19M |   0 | 549 |1734 |1715 |   0 |  0 |  22 |   0 | 2.100000e+01 |      --      |    Inf | unknown
  2.9s|     1 |     0 |   805 |     - |    19M |   0 | 549 |1734 |1756 |  41 |  1 |  22 |   0 | 2.100000e+01 |      --      |    Inf | unknown
  2.9s|     1 |     0 |   897 |     - |    20M |   0 | 549 |1736 |1780 |  65 |  2 |  24 |   0 | 2.100000e+01 |      --      |    Inf | unknown
  2.9s|     1 |     0 |   967 |     - |    20M |   0 | 549 |1736 |1792 |  77 |  3 |  24 |   0 | 2.100000e+01 |      --      |    Inf | unknown
  2.9s|     1 |     0 |  1006 |     - |    20M |   0 | 549 |1736 |1799 |  84 |  4 |  24 |   0 | 2.100000e+01 |      --      |    Inf | unknown
  2.9s|     1 |     0 |  1064 |     - |    20M |   0 | 549 |1736 |1812 |  97 |  5 |  24 |   0 | 2.121847e+01 |      --      |    Inf | unknown
  2.9s|     1 |     0 |  1093 |     - |    20M |   0 | 549 |1736 |1812 |  97 |  5 |  24 |   0 | 2.200000e+01 |      --      |    Inf | unknown
  3.0s|     1 |     0 |  1178 |     - |    20M |   0 | 549 |1736 |1828 | 113 |  6 |  24 |   0 | 2.269081e+01 |      --      |    Inf | unknown
  3.0s|     1 |     0 |  1198 |     - |    20M |   0 | 549 |1736 |1826 | 113 |  6 |  24 |   0 | 2.300000e+01 |      --      |    Inf | unknown
  3.0s|     1 |     0 |  1258 |     - |    21M |   0 | 549 |1737 |1850 | 137 |  7 |  25 |   0 | 2.367851e+01 |      --      |    Inf | unknown
  3.0s|     1 |     0 |  1301 |     - |    21M |   0 | 549 |1738 |1849 | 137 |  7 |  26 |   0 | 2.400000e+01 |      --      |    Inf | unknown
  3.0s|     1 |     0 |  1349 |     - |    21M |   0 | 549 |1740 |1861 | 149 |  8 |  28 |   0 | 2.442857e+01 |      --      |    Inf | unknown
  3.0s|     1 |     0 |  1376 |     - |    21M |   0 | 549 |1744 |1858 | 149 |  8 |  32 |   0 | 2.500000e+01 |      --      |    Inf | unknown
  3.1s|     1 |     0 |  1425 |     - |    21M |   0 | 549 |1745 |1871 | 162 |  9 |  33 |   0 | 2.500000e+01 |      --      |    Inf | unknown
  3.1s|     1 |     0 |  1471 |     - |    22M |   0 | 549 |1745 |1884 | 175 | 10 |  33 |   0 | 2.552727e+01 |      --      |    Inf | unknown
 time | node  | left  |LP iter|LP it/n|mem/heur|mdpt |vars |cons |rows |cuts |sepa|confs|strbr|  dualbound   | primalbound  |  gap   | compl. 
  3.1s|     1 |     0 |  1494 |     - |    22M |   0 | 549 |1745 |1876 | 175 | 10 |  33 |   0 | 2.600000e+01 |      --      |    Inf | unknown
  3.1s|     1 |     0 |  1571 |     - |    22M |   0 | 549 |1746 |1886 | 185 | 11 |  34 |   0 | 2.600000e+01 |      --      |    Inf | unknown
  3.1s|     1 |     0 |  1627 |     - |    22M |   0 | 549 |1746 |1892 | 191 | 12 |  34 |   0 | 2.600000e+01 |      --      |    Inf | unknown
  3.1s|     1 |     0 |  1679 |     - |    22M |   0 | 549 |1746 |1898 | 197 | 13 |  34 |   0 | 2.605319e+01 |      --      |    Inf | unknown
  3.1s|     1 |     0 |  1699 |     - |    22M |   0 | 549 |1746 |1792 | 197 | 13 |  34 |   0 | 2.700000e+01 |      --      |    Inf | unknown
  3.1s|     1 |     0 |  1717 |     - |    22M |   0 | 549 |1746 |1800 | 205 | 14 |  34 |   0 | 2.700000e+01 |      --      |    Inf | unknown
  3.1s|     1 |     0 |  1751 |     - |    23M |   0 | 549 |1750 |1804 | 209 | 15 |  38 |   0 | 2.700000e+01 |      --      |    Inf | unknown
  3.1s|     1 |     0 |  1776 |     - |    23M |   0 | 549 |1750 |1808 | 213 | 16 |  38 |   0 | 2.714486e+01 |      --      |    Inf | unknown
  3.1s|     1 |     0 |  1813 |     - |    23M |   0 | 549 |1752 |1799 | 213 | 16 |  40 |   0 | 2.800000e+01 |      --      |    Inf | unknown
  3.1s|     1 |     0 |  1837 |     - |    23M |   0 | 549 |1752 |1802 | 216 | 17 |  40 |   0 | 2.800000e+01 |      --      |    Inf | unknown
  3.2s|     1 |     0 |  1865 |     - |    23M |   0 | 549 |1752 |1768 | 220 | 18 |  40 |   0 | 2.800000e+01 |      --      |    Inf | unknown
  3.2s|     1 |     0 |  1896 |     - |    23M |   0 | 549 |1752 |1770 | 222 | 19 |  40 |   0 | 2.800000e+01 |      --      |    Inf | unknown
  3.2s|     1 |     0 |  1912 |     - |    23M |   0 | 549 |1752 |1772 | 224 | 20 |  40 |   0 | 2.800000e+01 |      --      |    Inf | unknown
  3.2s|     1 |     0 |  1921 |     - |    23M |   0 | 549 |1752 |1761 | 225 | 21 |  40 |   0 | 2.800000e+01 |      --      |    Inf | unknown
  3.2s|     1 |     0 |  2048 |     - |    23M |   0 | 549 |1756 |1761 | 225 | 22 |  44 |  18 | 2.800000e+01 |      --      |    Inf | unknown
 time | node  | left  |LP iter|LP it/n|mem/heur|mdpt |vars |cons |rows |cuts |sepa|confs|strbr|  dualbound   | primalbound  |  gap   | compl. 
  3.2s|     1 |     0 |  2051 |     - |    23M |   0 | 549 |1757 |1762 | 226 | 23 |  45 |  18 | 2.800000e+01 |      --      |    Inf | unknown
  3.2s|     1 |     0 |  2052 |     - |    24M |   0 | 549 |1758 |1763 | 227 | 24 |  46 |  18 | 2.800000e+01 |      --      |    Inf | unknown
  3.3s|     1 |     2 |  2052 |     - |    24M |   0 | 549 |1759 |1763 | 227 | 24 |  47 |  34 | 2.800000e+01 |      --      |    Inf | unknown

SCIP Status        : solving was interrupted [termination signal received]
Solving Time (sec) : 3.51
Solving Nodes      : 6
Primal Bound       : +1.00000000000000e+20 (0 solutions)
Dual Bound         : +2.80000000000000e+01
Gap                : infinite

primal solution (original space):
=================================

no solution available

Statistics
==========

SCIP Status        : solving was interrupted [termination signal received]
Total Time         :       3.52
  solving          :       3.51
  presolving       :       0.79 (included in solving)
  reading          :       0.01
  copying          :       0.01 (4 #copies) (minimal 0.00, maximal 0.00, average 0.00)
Original Problem   :
  Problem name     : /Users/maxbig/SCIP/SCIPOptSuite-9.2.1-Linux/inputs/new_no_tr/order/layered_12_2_buf_times_P4_M11500_tiers_input.lp
  Variables        : 637 (624 binary, 13 integer, 0 continuous)
  Implied int vars : 0 (0 binary, 0 integer, 0 continuous)
  Constraints      : 2295 initial, 2295 maximal
  Objective        : minimize, 1 non-zeros (abs.min = 1, abs.max = 1)
Presolved Problem  :
  Problem name     : t_/Users/maxbig/SCIP/SCIPOptSuite-9.2.1-Linux/inputs/new_no_tr/order/layered_12_2_buf_times_P4_M11500_tiers_input.lp
  Variables        : 549 (536 binary, 13 integer, 0 continuous)
  Implied int vars : 0 (0 binary, 0 integer, 0 continuous)
  Constraints      : 1716 initial, 1759 maximal
  Objective        : minimize, 1 non-zeros (abs.min = 1, abs.max = 1)
  Nonzeros         : 5568 constraint, 171 clique table
Presolvers         :   ExecTime  SetupTime  Calls  FixedVars   AggrVars   ChgTypes  ChgBounds   AddHoles    DelCons    AddCons   ChgSides   ChgCoefs
  boundshift       :       0.00       0.00      0          0          0          0          0          0          0          0          0          0
  convertinttobin  :       0.00       0.00      0          0          0          0          0          0          0          0          0          0
  domcol           :       0.00       0.00      3          0          0          0          0          0          0          0          0          0
  dualagg          :       0.00       0.00      0          0          0          0          0          0          0          0          0          0
  dualcomp         :       0.00       0.00      0          0          0          0          0          0          0          0          0          0
  dualinfer        :       0.00       0.00      0          0          0          0          0          0          0          0          0          0
  dualsparsify     :       0.01       0.00      1          0          0          0          0          0          0          0          0          0
  gateextraction   :       0.00       0.00      3          0          0          0          0          0          0          0          0          0
  implics          :       0.00       0.00      7          0          0          0          0          0          0          0          0          0
  implint          :       0.00       0.00      0          0          0          0          0          0          0          0          0          0
  inttobinary      :       0.00       0.00     13          0          0          0          0          0          0          0          0          0
  milp             :       0.00       0.00      1          0          0          0          0          0          0          0          0          0
  qpkktref         :       0.00       0.00      0          0          0          0          0          0          0          0          0          0
  redvub           :       0.00       0.00      0          0          0          0          0          0          0          0          0          0
  sparsify         :       0.00       0.00      1          0          0          0          0          0          0          0          0          0
  stuffing         :       0.00       0.00      0          0          0          0          0          0          0          0          0          0
  trivial          :       0.00       0.00     13         46          0          0          0          0          0          0          0          0
  tworowbnd        :       0.00       0.00      0          0          0          0          0          0          0          0          0          0
  dualfix          :       0.00       0.00     13         17          0          0          0          0          0          0          0          0
  genvbounds       :       0.00       0.00      0          0          0          0          0          0          0          0          0          0
  probing          :       0.74       0.00      3          0          6          0          0          0          0          0          0          0
  pseudoobj        :       0.00       0.00      0          0          0          0          0          0          0          0          0          0
  symmetry         :       0.00       0.00      1          6          0          0          0          0          0          1          0          0
  vbounds          :       0.00       0.00      2          0         12          0          0          0          0          0          0          0
  varbound         :       0.00       0.00     11          0          0          0          0          0          0          0          0          0
  knapsack         :       0.00       0.00     14          0          0          0          0          0          0          0          0          0
  setppc           :       0.00       0.00     14          0          1          0          0          0          2          0          0          0
  linear           :       0.04       0.00     19          0          0          0         21          0        347          0         12          0
  orbitope_pp      :       0.00       0.00      3          0          0          0          0          0          0          0          0          0
  logicor          :       0.00       0.00     14          0          0          0          0          0        231          0          0         99
  bounddisjunction :       0.00       0.00      0          0          0          0          0          0          0          0          0          0
  components       :       0.00       0.00      1          0          0          0          0          0          0          0          0          0
  root node        :          -          -      -          2          -          -         10          -          -          -          -          -
Constraints        :     Number  MaxNumber  #Separate #Propagate    #EnfoLP    #EnfoRelax  #EnfoPS    #Check   #ResProp    Cutoffs    DomReds       Cuts    Applied      Conss   Children
  integral         :          0          0          0          0          6          0          0         14          0          0          1          0          0          0         10
  varbound         :         37         37         23       8967          0          0          0         10          0          0          0          0          0          0          0
  knapsack         :          9          9         23       8704          0          0          0          8          0          0          0         85         12          0          0
  setppc           :         10+        15         23       7143          0          0          0          3         20          7          6          1          0          0          0
  linear           :        834        834         23       8960          0          0          0          4         94         45          0          0          0          0          0
  orbitope_pp      :          1          1          0       3496          0          0          0          0          0          0          0          0          0          0          0
  logicor          :        825+       839         23       1067          0          0          0          0         39          2          6          1          0          0          0
  bounddisjunction :          0+        24          0        552          0          0          0          0          0          0          0          0          0          0          0
  fixedvar         :          0          0          0          0          0          0          0          0          0          0          0          0          0          0          0
  countsols        :          0          0          0          0          0          0          0          0          0          0          0          0          0          0          0
  components       :          0          0          0          0          0          0          0          0          0          0          0          0          0          0          0
Constraint Timings :  TotalTime  SetupTime   Separate  Propagate     EnfoLP     EnfoPS     EnfoRelax   Check    ResProp    SB-Prop
  integral         :       0.06       0.00       0.00       0.00       0.06       0.00       0.00       0.00       0.00       0.00
  varbound         :       0.15       0.00       0.00       0.15       0.00       0.00       0.00       0.00       0.00       0.00
  knapsack         :       0.00       0.00       0.00       0.00       0.00       0.00       0.00       0.00       0.00       0.00
  setppc           :       0.00       0.00       0.00       0.00       0.00       0.00       0.00       0.00       0.00       0.00
  linear           :       0.50       0.00       0.00       0.50       0.00       0.00       0.00       0.00       0.00       0.00
  orbitope_pp      :       0.00       0.00       0.00       0.00       0.00       0.00       0.00       0.00       0.00       0.00
  logicor          :       0.01       0.00       0.00       0.00       0.00       0.00       0.00       0.00       0.00       0.00
  bounddisjunction :       0.00       0.00       0.00       0.00       0.00       0.00       0.00       0.00       0.00       0.00
  fixedvar         :       0.00       0.00       0.00       0.00       0.00       0.00       0.00       0.00       0.00       0.00
  countsols        :       0.00       0.00       0.00       0.00       0.00       0.00       0.00       0.00       0.00       0.00
  components       :       0.00       0.00       0.00       0.00       0.00       0.00       0.00       0.00       0.00       0.00
Propagators        : #Propagate   #ResProp    Cutoffs    DomReds
  dualfix          :          3          0          0          0
  genvbounds       :          0          0          0          0
  nlobbt           :          0          0          0          0
  obbt             :          0          0          0          0
  probing          :          0          0          0          0
  pseudoobj        :          7          0          0          7
  redcost          :          0          0          0          0
  rootredcost      :          0          0          0          0
  symmetry         :          0          0          0          0
  vbounds          :       1932         29         12          0
Propagator Timings :  TotalTime  SetupTime   Presolve  Propagate    ResProp    SB-Prop
  dualfix          :       0.00       0.00       0.00       0.00       0.00       0.00
  genvbounds       :       0.00       0.00       0.00       0.00       0.00       0.00
  nlobbt           :       0.00       0.00       0.00       0.00       0.00       0.00
  obbt             :       0.00       0.00       0.00       0.00       0.00       0.00
  probing          :       0.74       0.00       0.74       0.00       0.00       0.00
  pseudoobj        :       0.00       0.00       0.00       0.00       0.00       0.00
  redcost          :       0.00       0.00       0.00       0.00       0.00       0.00
  rootredcost      :       0.00       0.00       0.00       0.00       0.00       0.00
  symmetry         :       0.00       0.00       0.00       0.00       0.00       0.00
  vbounds          :       0.04       0.00       0.00       0.04       0.00       0.00
Symmetry           :
  #affected vars   :         48 (48 bin, 0 int, 0 cont)
  orbitopal red.   :          0 reductions applied,          0 cutoffs
  orbital reduction:          0 reductions applied,          0 cutoffs
  lexicographic red:          0 reductions applied,          0 cutoffs
  shadow tree time :       0.00 s
Conflict Analysis  :       Time      Calls    Success    DomReds  Conflicts   Literals    Reconvs ReconvLits   Dualrays   Nonzeros   LP Iters   (pool size: [10000,10000])
  propagation      :       0.00         33         29          -         39        4.0          1        6.0          -          -          -
  infeasible LP    :       0.00          4          6          -          4        1.5          0        0.0          4        1.5          0
  bound exceed. LP :       0.00          0          0          -          0        0.0          0        0.0          0        0.0          0
  strong branching :       0.00          0          0          -          0        0.0          0        0.0          -          -          0
  pseudo solution  :       0.00          0          0          -          0        0.0          0        0.0          -          -          -
  applied globally :       0.00          -          -          2         43        3.7          -          -          4          -          -
  applied locally  :          -          -          -          0          0        0.0          -          -          0          -          -
Gen. Resolution CA :       Time      Calls    Success  Conflicts  LargeCoef  LongConfs    Length
  propagation      :       0.00          0          0          0          0          0       0.0
Separators         :   ExecTime  SetupTime      Calls  RootCalls    Cutoffs    DomReds  FoundCuts ViaPoolAdd  DirectAdd    Applied ViaPoolApp  DirectApp      Conss
  cut pool         :       0.00          -         43         43          -          -       1252       1644          -          -          -          -          -    (maximal pool size:       1231)
  aggregation      :       0.02       0.00         23         23          0          0         72        108          0         40         40          0          0
  > cmir           :          -          -          -          -          -          -          -         95          0         36         36          0          -
  > flowcover      :          -          -          -          -          -          -          -         13          0          4          4          0          -
  > knapsackcover  :          -          -          -          -          -          -          -          0          0          0          0          0          -
  cgmip            :       0.00       0.00          0          0          0          0          0          0          0          0          0          0          0
  clique           :       0.00       0.00         23         23          0          0          0          0          0          0          0          0          0
  closecuts        :       0.00       0.00          0          0          0          0          0          0          0          0          0          0          0
  convexproj       :       0.00       0.00          0          0          0          0          0          0          0          0          0          0          0
  disjunctive      :       0.00       0.00          0          0          0          0          0          0          0          0          0          0          0
  eccuts           :       0.00       0.00          0          0          0          0          0          0          0          0          0          0          0
  flower           :       0.00       0.00         25         23          0          0          0          0          0          0          0          0          0
  gauge            :       0.00       0.00          0          0          0          0          0          0          0          0          0          0          0
  gomory           :       0.09       0.00         10         10          0          0        918       1166          0        102        102          0          0
  > gomorymi       :          -          -          -          -          -          -          -        475          0         40         40          0          -
  > strongcg       :          -          -          -          -          -          -          -        691          0         62         62          0          -
  impliedbounds    :       0.00       0.00         23         23          0          0        182        291          0         46         46          0          0
  interminor       :       0.00       0.00          0          0          0          0          0          0          0          0          0          0          0
  intobj           :       0.00       0.00          0          0          0          0          0          0          0          0          0          0          0
  lagromory        :       0.00       0.00          0          0          0          0          0          0          0          0          0          0          0
  mcf              :       0.00       0.00          1          1          0          0          0          0          0          0          0          0          0
  minor            :       0.00       0.00          0          0          0          0          0          0          0          0          0          0          0
  mixing           :       0.00       0.00         23         23          0          0          0          0          0          0          0          0          0
  oddcycle         :       0.00       0.00          0          0          0          0          0          0          0          0          0          0          0
  rapidlearning    :       2.14       0.00          2          1          0          0          0          0          0          0          0          0          0
  rlt              :       0.00       0.00         10         10          0          0          0          0          0          0          0          0          0
  zerohalf         :       0.01       0.00         20         20          0          0         59         79          0         27         27          0          0
Cutselectors       :   ExecTime  SetupTime      Calls  RootCalls   Selected     Forced   Filtered  RootSelec   RootForc   RootFilt 
  hybrid           :       0.00       0.00         23         23        227          0       1504        227          0       1504
  ensemble         :       0.00       0.00          0          0          0          0          0          0          0          0
  dynamic          :       0.00       0.00          0          0          0          0          0          0          0          0
Pricers            :   ExecTime  SetupTime      Calls       Vars
  problem variables:       0.00          -          0          0
Branching Rules    :   ExecTime  SetupTime   BranchLP  BranchExt   BranchPS    Cutoffs    DomReds       Cuts      Conss   Children
  allfullstrong    :       0.00       0.00          0          0          0          0          0          0          0          0
  cloud            :       0.00       0.00          0          0          0          0          0          0          0          0
  distribution     :       0.00       0.00          0          0          0          0          0          0          0          0
  fullstrong       :       0.00       0.00          0          0          0          0          0          0          0          0
  gomory           :       0.00       0.00          0          0          0          0          0          0          0          0
  inference        :       0.00       0.00          0          0          0          0          0          0          0          0
  leastinf         :       0.00       0.00          0          0          0          0          0          0          0          0
  lookahead        :       0.00       0.00          0          0          0          0          0          0          0          0
  mostinf          :       0.00       0.00          0          0          0          0          0          0          0          0
  multaggr         :       0.00       0.00          0          0          0          0          0          0          0          0
  nodereopt        :       0.00       0.00          0          0          0          0          0          0          0          0
  pscost           :       0.00       0.00          0          0          0          0          0          0          0          0
  random           :       0.00       0.00          0          0          0          0          0          0          0          0
  relpscost        :       0.06       0.00          6          0          0          0          1          0          0         10
  vanillafullstrong:       0.00       0.00          0          0          0          0          0          0          0          0
Primal Heuristics  :   ExecTime  SetupTime      Calls      Found       Best
  LP solutions     :       0.00          -          -          0          0
  relax solutions  :       0.00          -          -          0          0
  pseudo solutions :       0.00          -          -          0          0
  strong branching :       0.00          -          -          0          0
  actconsdiving    :       0.00       0.00          0          0          0
  adaptivediving   :       0.00       0.00          0          0          0
  alns             :       0.01       0.00          1          0          0
  bound            :       0.00       0.00          0          0          0
  clique           :       0.00       0.00          1          0          0
  coefdiving       :       0.00       0.00          0          0          0
  completesol      :       0.00       0.00          0          0          0
  conflictdiving   :       0.02       0.00          1          0          0
  crossover        :       0.00       0.00          0          0          0
  dins             :       0.00       0.00          0          0          0
  distributiondivin:       0.00       0.00          0          0          0
  dks              :       0.00       0.00          0          0          0
  dps              :       0.00       0.00          0          0          0
  dualval          :       0.00       0.00          0          0          0
  farkasdiving     :       0.00       0.00          0          0          0
  feaspump         :       0.01       0.00          1          0          0
  fixandinfer      :       0.00       0.00          0          0          0
  fracdiving       :       0.00       0.00          0          0          0
  gins             :       0.00       0.00          0          0          0
  guideddiving     :       0.00       0.00          0          0          0
  indicator        :       0.00       0.00          0          0          0
  indicatordiving  :       0.00       0.00          0          0          0
  intdiving        :       0.00       0.00          0          0          0
  intshifting      :       0.00       0.00          0          0          0
  linesearchdiving :       0.00       0.00          0          0          0
  localbranching   :       0.00       0.00          0          0          0
  locks            :       0.02       0.00          1          0          0
  lpface           :       0.00       0.00          0          0          0
  mpec             :       0.00       0.00          0          0          0
  multistart       :       0.00       0.00          0          0          0
  mutation         :       0.00       0.00          0          0          0
  nlpdiving        :       0.00       0.00          0          0          0
  objpscostdiving  :       0.00       0.00          0          0          0
  octane           :       0.00       0.00          0          0          0
  ofins            :       0.00       0.00          0          0          0
  oneopt           :       0.00       0.00          0          0          0
  padm             :       0.00       0.00          0          0          0
  proximity        :       0.00       0.00          0          0          0
  pscostdiving     :       0.00       0.00          0          0          0
  randrounding     :       0.15       0.00         32          0          0
  rens             :       0.01       0.00          1          0          0
  reoptsols        :       0.00       0.00          0          0          0
  repair           :       0.00       0.00          0          0          0
  rins             :       0.00       0.00          0          0          0
  rootsoldiving    :       0.00       0.00          0          0          0
  rounding         :       0.00       0.00         33          0          0
  scheduler        :       0.00       0.00          0          0          0
  shiftandpropagate:       0.02       0.00          1          0          0
  shifting         :       0.04       0.00         29          0          0
  simplerounding   :       0.00       0.00         37          0          0
  subnlp           :       0.00       0.00          0          0          0
  trivial          :       0.00       0.00          2          0          0
  trivialnegation  :       0.00       0.00          0          0          0
  trustregion      :       0.00       0.00          0          0          0
  trysol           :       0.00       0.00          0          0          0
  twoopt           :       0.00       0.00          0          0          0
  undercover       :       0.00       0.00          0          0          0
  vbounds          :       0.07       0.00          1          0          0
  veclendiving     :       0.00       0.00          0          0          0
  zeroobj          :       0.00       0.00          0          0          0
  zirounding       :       0.00       0.00          5          0          0
  other solutions  :          -          -          -          0          -
LNS (Scheduler)    :      Calls  SetupTime  SolveTime SolveNodes       Sols       Best       Exp3    Exp3-IX  EpsGreedy        UCB TgtFixRate  Opt  Inf Node Stal  Sol  Usr Othr Actv
  rens             :          0       0.00       0.00          0          0          0    0.00000    0.12500   -1.00000    1.00000      0.900    0    0    0    0    0    0    0    1
  rins             :          0       0.00       0.00          0          0          0    0.00000    0.12500   -1.00000    1.00000      0.900    0    0    0    0    0    0    0    1
  mutation         :          0       0.00       0.00          0          0          0    0.00000    0.12500   -1.00000    1.00000      0.900    0    0    0    0    0    0    0    1
  localbranching   :          0       0.00       0.00          0          0          0    0.00000    0.12500   -1.00000    1.00000      0.900    0    0    0    0    0    0    0    1
  crossover        :          0       0.00       0.00          0          0          0    0.00000    0.12500   -1.00000    1.00000      0.900    0    0    0    0    0    0    0    1
  proximity        :          0       0.00       0.00          0          0          0    0.00000    0.12500   -1.00000    1.00000      0.900    0    0    0    0    0    0    0    1
  zeroobjective    :          0       0.00       0.00          0          0          0    0.00000    0.12500   -1.00000    1.00000      0.900    0    0    0    0    0    0    0    1
  dins             :          0       0.00       0.00          0          0          0    0.00000    0.12500   -1.00000    1.00000      0.900    0    0    0    0    0    0    0    1
  trustregion      :          0       0.00       0.00          0          0          0    0.00000    0.00000   -1.00000    1.00000      0.900    0    0    0    0    0    0    0    0
LP                 :       Time      Calls Iterations  Iter/call   Iter/sec  Time-0-It Calls-0-It
  primal LP        :       0.00          4          0       0.00          -       0.00          4
  dual LP          :       0.03         37       1231      33.27   43789.13       0.00          0
  lex dual LP      :       0.00          0          0       0.00          -
  barrier LP       :       0.00          0          0       0.00          -       0.00          0
  resolve instable :       0.00          0          0       0.00          -
  diving/probing LP:       0.07         48        919      19.15   13530.03
  strong branching :       0.04         34        828      24.35   21248.75          -          -          0
    (at root node) :          -         34        828      24.35          -
  conflict analysis:       0.00          0          0       0.00          -
Relaxators         :       Time      Calls    Cutoffs ImprBounds   ImprTime ReducedDom  Separated AddedConss
  benders          :       0.00          0          0          0       0.00          0          0          0
B&B Tree           :
  number of runs   :          1
  nodes            :          6 (5 internal, 1 leaves)
  feasible leaves  :          0
  infeas. leaves   :          0
  objective leaves :          0
  nodes (total)    :          6 (5 internal, 1 leaves)
  nodes left       :          6
  max depth        :          5
  max depth (total):          5
  backtracks       :          0 (0.0%)
  early backtracks :          0 (0.0%)
  nodes exc. ref.  :          0 (0.0%)
  delayed cutoffs  :          0
  repropagations   :          0 (0 domain reductions, 0 cutoffs)
  avg switch length:       1.00
  switching time   :       0.00
Root Node          :
  First LP value   : +2.10000000000000e+01
  First LP Iters   :        279 (67293.78 Iter/sec)
  First LP Time    :       0.00
  Final Dual Bound : +2.80000000000000e+01
  Final Root Iters :       1908
  Root LP Estimate : +2.80023562752525e+01
Solution           :
  Solutions found  :          0 (0 improvements)
  Primal Bound     :          -
  Dual Bound       : +2.80000000000000e+01
  Gap              :   infinite
Integrals          :      Total       Avg%
  primal-dual      :     350.97     100.00
  primal-ref       :          -          - (not evaluated)
  dual-ref         :          -          - (not evaluated)
