SCIP version 10.0.0 [precision: 8 byte] [memory: block] [mode: optimized] [LP solver: SoPlex 8.0.0] [GitHash: 0c80fdd8e9]
Copyright (c) 2002-2025 Zuse Institute Berlin (ZIB)

External libraries: 
  Readline 8.3         GNU library for command line editing (gnu.org/s/readline)
  SoPlex 8.0.0         Linear programming solver developed at Zuse Institute Berlin (soplex.zib.de) [GitHash: 2207cfb2]
  CppAD 20180000.0     Algorithmic Differentiation of C++ algorithms developed by B. Bell (github.com/coin-or/CppAD)
  ZLIB 1.2.12          General purpose compression library by J. Gailly and M. Adler (zlib.net)
  MPFR 4.2.2           GNU Multiple Precision Floating-Point Reliable Library (mpfr.org)
  Boost 1.89.0         Boost C++ Libraries (boost.org)
  TinyCThread 1.2      small portable implementation of the C11 threads API (tinycthread.github.io)
  GMP 6.3.0            GNU Multiple Precision Arithmetic Library developed by T. Granlund (gmplib.org)
  AMPL/MP 4.0.3        AMPL .nl file reader library (github.com/ampl/mp)
  PaPILO 3.0.0         parallel presolve for integer and linear optimization (github.com/scipopt/papilo) (built with TBB)
  Nauty 2.8.8          Computing Graph Automorphism Groups by Brendan D. McKay (users.cecs.anu.edu.au/~bdm/nauty)
  sassy 2.0            Symmetry preprocessor by Markus Anders (github.com/markusa4/sassy)
  Ipopt 3.14.19        Interior Point Optimizer developed by A. Waechter et.al. (github.com/coin-or/Ipopt)

reading user parameter file </Users/maxbig/Coursework_multiprocessing/Coursework/SCIP/SCIPOptSuite-9.2.1-Linux/only_time.set>

read problem </Users/maxbig/Coursework_multiprocessing/Coursework/SCIP/SCIPOptSuite-9.2.1-Linux/inputs/new_no_tr/order/layered_15_buf_times_P2_M1050_tiers_input.lp>
============

original problem has 871 variables (855 bin, 16 int, 0 cont) and 2483 constraints

solve problem
=============

presolving:
(round 1, fast)       88 del vars, 46 del conss, 0 add conss, 38 chg bounds, 0 chg sides, 0 chg coeffs, 0 upgd conss, 0 impls, 43 clqs, 0 implints
   (0.0s) running MILP presolver
   (0.0s) MILP presolver (2 rounds): 0 aggregations, 0 fixings, 0 bound changes
(round 2, exhaustive) 88 del vars, 480 del conss, 0 add conss, 38 chg bounds, 0 chg sides, 0 chg coeffs, 0 upgd conss, 0 impls, 43 clqs, 0 implints
(round 3, exhaustive) 88 del vars, 480 del conss, 0 add conss, 38 chg bounds, 0 chg sides, 0 chg coeffs, 898 upgd conss, 0 impls, 43 clqs, 0 implints
(round 4, medium)     88 del vars, 480 del conss, 6 add conss, 38 chg bounds, 6 chg sides, 12 chg coeffs, 898 upgd conss, 0 impls, 43 clqs, 0 implints
   (0.5s) probing: 581/767 (75.7%) - 0 fixings, 0 aggregations, 2376 implications, 1 bound changes
   (0.5s) probing aborted: 50/50 successive totally useless probings
   (0.5s) symmetry computation started: requiring (bin +, int +, cont +), (fixed: bin -, int -, cont -)
   (0.5s) symmetry computation finished: 1 generators found (max: 1500, log10 of symmetry group size: 0.30) (symcode time: 0.00)
dynamic symmetry handling statistics:
   orbitopal reduction:       no components
   orbital reduction:         no components
   lexicographic reduction:    1 permutations with support sizes 624
handled 1 out of 1 symmetry components
presolving (5 rounds: 5 fast, 4 medium, 3 exhaustive):
 88 deleted vars, 480 deleted constraints, 6 added constraints, 39 tightened bounds, 0 added holes, 6 changed sides, 12 changed coefficients
 2442 implications, 43 cliques, 0 implied integral variables (0 bin, 0 int, 0 cont)
presolved problem has 783 variables (767 bin, 16 int, 0 cont) and 2009 constraints
     44 constraints of type <varbound>
     13 constraints of type <knapsack>
      7 constraints of type <setppc>
   1105 constraints of type <linear>
    840 constraints of type <logicor>
transformed objective value is always integral (scale: 1)
Presolving Time: 0.52

 time | node  | left  |LP iter|LP it/n|mem/heur|mdpt |vars |cons |rows |cuts |sepa|confs|strbr|  dualbound   | primalbound  |  gap   | compl. 
  0.6s|     1 |     0 |   474 |     - |    26M |   0 | 783 |2029 |2009 |   0 |  0 |  22 |   0 | 4.800000e+01 |      --      |    Inf | unknown
  0.7s|     1 |     0 |  1474 |     - |    27M |   0 | 783 |2029 |2072 |  63 |  1 |  22 |   0 | 4.800000e+01 |      --      |    Inf | unknown
  0.7s|     1 |     0 |  1710 |     - |    27M |   0 | 783 |2029 |2102 |  93 |  2 |  22 |   0 | 4.859783e+01 |      --      |    Inf | unknown
  0.7s|     1 |     0 |  1776 |     - |    27M |   0 | 783 |2029 |2102 |  93 |  2 |  22 |   0 | 4.900000e+01 |      --      |    Inf | unknown
  0.8s|     1 |     0 |  1926 |     - |    27M |   0 | 783 |2029 |2129 | 120 |  3 |  22 |   0 | 4.947765e+01 |      --      |    Inf | unknown
  0.8s|     1 |     0 |  1977 |     - |    27M |   0 | 783 |2029 |2129 | 120 |  3 |  22 |   0 | 5.000000e+01 |      --      |    Inf | unknown
  0.8s|     1 |     0 |  2123 |     - |    28M |   0 | 783 |2029 |2159 | 150 |  4 |  22 |   0 | 5.035208e+01 |      --      |    Inf | unknown
  0.8s|     1 |     0 |  2191 |     - |    28M |   0 | 783 |2029 |2158 | 150 |  4 |  22 |   0 | 5.100000e+01 |      --      |    Inf | unknown
  0.8s|     1 |     0 |  2296 |     - |    29M |   0 | 783 |2030 |2182 | 174 |  5 |  23 |   0 | 5.135294e+01 |      --      |    Inf | unknown
  0.8s|     1 |     0 |  2351 |     - |    29M |   0 | 783 |2032 |2180 | 174 |  5 |  25 |   0 | 5.200000e+01 |      --      |    Inf | unknown
  0.8s|     1 |     0 |  2417 |     - |    29M |   0 | 783 |2033 |2196 | 190 |  6 |  26 |   0 | 5.200000e+01 |      --      |    Inf | unknown
  0.8s|     1 |     0 |  2591 |     - |    30M |   0 | 783 |2034 |2211 | 205 |  7 |  27 |   0 | 5.216835e+01 |      --      |    Inf | unknown
  0.8s|     1 |     0 |  2687 |     - |    30M |   0 | 783 |2034 |2206 | 205 |  7 |  27 |   0 | 5.300000e+01 |      --      |    Inf | unknown
  0.9s|     1 |     0 |  2822 |     - |    30M |   0 | 783 |2034 |2229 | 228 |  8 |  27 |   0 | 5.300000e+01 |      --      |    Inf | unknown
  0.9s|     1 |     0 |  2992 |     - |    30M |   0 | 783 |2035 |2248 | 247 |  9 |  28 |   0 | 5.315742e+01 |      --      |    Inf | unknown
 time | node  | left  |LP iter|LP it/n|mem/heur|mdpt |vars |cons |rows |cuts |sepa|confs|strbr|  dualbound   | primalbound  |  gap   | compl. 
  0.9s|     1 |     0 |  3048 |     - |    30M |   0 | 783 |2035 |2248 | 247 |  9 |  28 |   0 | 5.400000e+01 |      --      |    Inf | unknown
  0.9s|     1 |     0 |  3184 |     - |    31M |   0 | 783 |2037 |2265 | 264 | 10 |  30 |   0 | 5.409225e+01 |      --      |    Inf | unknown
  1.0s|     1 |     0 |  3215 |     - |    31M |   0 | 783 |2037 |2257 | 264 | 10 |  30 |   0 | 5.500000e+01 |      --      |    Inf | unknown
  1.0s|     1 |     0 |  3328 |     - |    31M |   0 | 783 |2039 |2272 | 279 | 11 |  32 |   0 | 5.508426e+01 |      --      |    Inf | unknown
  1.0s|     1 |     0 |  3402 |     - |    31M |   0 | 783 |2041 |2265 | 279 | 11 |  34 |   0 | 5.600000e+01 |      --      |    Inf | unknown
  1.0s|     1 |     0 |  3459 |     - |    32M |   0 | 783 |2041 |2273 | 287 | 12 |  34 |   0 | 5.600000e+01 |      --      |    Inf | unknown
  1.0s|     1 |     0 |  3525 |     - |    32M |   0 | 783 |2042 |2286 | 300 | 13 |  35 |   0 | 5.604930e+01 |      --      |    Inf | unknown
  1.0s|     1 |     0 |  3628 |     - |    32M |   0 | 783 |2042 |2280 | 300 | 13 |  35 |   0 | 5.700000e+01 |      --      |    Inf | unknown
  1.0s|     1 |     0 |  3728 |     - |    32M |   0 | 783 |2043 |2112 | 310 | 14 |  36 |   0 | 5.700000e+01 |      --      |    Inf | unknown
  1.0s|     1 |     0 |  3787 |     - |    33M |   0 | 783 |2045 |2117 | 315 | 15 |  38 |   0 | 5.701733e+01 |      --      |    Inf | unknown
  1.0s|     1 |     0 |  3845 |     - |    33M |   0 | 783 |2047 |2111 | 315 | 15 |  40 |   0 | 5.800000e+01 |      --      |    Inf | unknown
  1.0s|     1 |     0 |  3899 |     - |    33M |   0 | 783 |2048 |2123 | 327 | 16 |  41 |   0 | 5.800000e+01 |      --      |    Inf | unknown
  1.0s|     1 |     0 |  3960 |     - |    33M |   0 | 783 |2050 |2128 | 332 | 17 |  43 |   0 | 5.800000e+01 |      --      |    Inf | unknown
  1.1s|     1 |     0 |  3983 |     - |    33M |   0 | 783 |2051 |2134 | 338 | 18 |  44 |   0 | 5.800000e+01 |      --      |    Inf | unknown
  1.1s|     1 |     0 |  4005 |     - |    34M |   0 | 783 |2053 |2137 | 341 | 19 |  46 |   0 | 5.800000e+01 |      --      |    Inf | unknown
 time | node  | left  |LP iter|LP it/n|mem/heur|mdpt |vars |cons |rows |cuts |sepa|confs|strbr|  dualbound   | primalbound  |  gap   | compl. 
  1.1s|     1 |     0 |  4016 |     - |    34M |   0 | 783 |2053 |2143 | 347 | 20 |  46 |   0 | 5.800000e+01 |      --      |    Inf | unknown
  1.1s|     1 |     0 |  4034 |     - |    34M |   0 | 783 |2054 |2146 | 350 | 21 |  47 |   0 | 5.800000e+01 |      --      |    Inf | unknown
  1.3s|     1 |     2 |  5189 |     - |    34M |   0 | 783 |2082 |2146 | 350 | 22 |  75 |  20 | 5.800000e+01 |      --      |    Inf | unknown
d 1.7s|    28 |    27 |  8684 | 172.6 |distribu|  13 | 783 |2087 |2107 |   0 |  1 |  80 |  20 | 5.800000e+01 | 1.300000e+02 | 124.14%| unknown
o 2.0s|    33 |    30 | 10625 | 206.3 |objpscos|  13 | 783 |2085 |2184 | 650 |  7 |  83 |  20 | 5.800000e+01 | 1.290000e+02 | 122.41%|   4.09%
o 2.2s|    40 |    35 | 11631 | 195.1 |rootsold|  13 | 783 |2085 |2121 | 715 |  2 |  83 |  20 | 5.800000e+01 | 1.200000e+02 | 106.90%|   4.23%
d 2.2s|    42 |    37 | 12243 | 200.5 |linesear|  13 | 783 |2090 |2055 |   0 |  1 |  88 |  20 | 5.800000e+01 | 1.100000e+02 |  89.66%|   4.23%
d 2.3s|    50 |    41 | 13371 | 190.8 |adaptive|  13 | 783 |2083 |2144 |   0 |  6 |  97 |  20 | 5.800000e+01 | 1.090000e+02 |  87.93%|   6.53%
d 2.3s|    54 |    43 | 14350 | 194.8 |pscostdi|  13 | 783 |2088 |2121 |   0 |  1 | 102 |  20 | 5.800000e+01 | 1.080000e+02 |  86.21%|  10.55%
d 2.4s|    56 |    45 | 15165 | 202.6 |conflict|  13 | 783 |2088 |2056 |   0 |  1 | 102 |  20 | 5.800000e+01 | 1.000000e+02 |  72.41%|  10.58%
d 2.4s|    61 |    45 | 15484 | 191.0 |fracdivi|  18 | 783 |2078 |2112 |   0 |  1 | 104 |  20 | 5.800000e+01 | 9.100000e+01 |  56.90%|  10.81%
d 2.4s|    65 |    46 | 15891 | 185.4 |linesear|  18 | 783 |2064 |2112 |   0 |  1 | 104 |  20 | 5.800000e+01 | 8.900000e+01 |  53.45%|  12.99%
  2.9s|   100 |    51 | 22921 | 190.9 |    43M |  18 | 783 |2071 |   0 |1449 |  0 | 134 |  20 | 5.800000e+01 | 8.900000e+01 |  53.45%|  24.76%
* 3.2s|   143 |    52 | 26316 | 157.0 |    LP  |  20 | 783 |2071 |2056 |1899 |  0 | 134 |  20 | 5.800000e+01 | 8.000000e+01 |  37.93%|  29.22%
  3.5s|   200 |    38 | 28902 | 125.0 |    48M |  20 | 783 |2083 |2140 |2292 |  2 | 189 |  20 | 5.800000e+01 | 8.000000e+01 |  37.93%|  45.24%
 time | node  | left  |LP iter|LP it/n|mem/heur|mdpt |vars |cons |rows |cuts |sepa|confs|strbr|  dualbound   | primalbound  |  gap   | compl. 
  4.1s|   300 |    31 | 32479 |  95.2 |    49M |  20 | 783 |2192 |2092 |2708 |  1 | 298 |  20 | 5.800000e+01 | 8.000000e+01 |  37.93%|  68.42%
  4.2s|   400 |    25 | 32918 |  72.4 |    49M |  20 | 783 |2217 |   0 |2708 |  0 | 323 |  20 | 5.800000e+01 | 8.000000e+01 |  37.93%|  68.43%
  5.1s|   500 |    61 | 40536 |  73.2 |    52M |  20 | 783 |2334 |   0 |3302 |  0 | 444 |  20 | 5.800000e+01 | 8.000000e+01 |  37.93%|  76.38%
  5.4s|   600 |    71 | 43987 |  66.7 |    52M |  20 | 783 |2431 |2057 |3568 |  1 | 542 |  20 | 5.800000e+01 | 8.000000e+01 |  37.93%|  80.38%
  5.6s|   700 |    88 | 47032 |  61.5 |    54M |  20 | 783 |2508 |2067 |3878 |  1 | 622 |  20 | 5.800000e+01 | 8.000000e+01 |  37.93%|  80.72%
  5.9s|   800 |    89 | 50066 |  57.6 |    55M |  20 | 783 |2656 |2056 |4221 |  1 | 775 |  20 | 5.900000e+01 | 8.000000e+01 |  35.59%|  82.46%
  6.1s|   900 |    73 | 51672 |  53.0 |    56M |  20 | 783 |2760 |   0 |4413 |  0 | 881 |  20 | 5.900000e+01 | 8.000000e+01 |  35.59%|  82.92%
  6.3s|  1000 |    65 | 53213 |  49.2 |    56M |  20 | 783 |2891 |   0 |4510 |  0 |1012 |  20 | 5.900000e+01 | 8.000000e+01 |  35.59%|  87.72%
  6.8s|  1100 |    77 | 57810 |  48.9 |    58M |  20 | 783 |3000 |   0 |5037 |  0 |1131 |  20 | 5.900000e+01 | 8.000000e+01 |  35.59%|  92.36%
  7.2s|  1200 |   104 | 64059 |  50.1 |    61M |  20 | 783 |3168 |2107 |5836 |  1 |1307 |  20 | 5.900000e+01 | 8.000000e+01 |  35.59%|  92.80%
  7.5s|  1300 |   118 | 68191 |  49.4 |    61M |  20 | 783 |3268 |2089 |6181 |  1 |1425 |  20 | 5.971429e+01 | 8.000000e+01 |  33.97%|  92.98%
  7.6s|  1400 |    92 | 69704 |  46.9 |    62M |  20 | 783 |3357 |2111 |6241 |  1 |1560 |  20 | 6.000000e+01 | 8.000000e+01 |  33.33%|  93.69%
  7.8s|  1500 |    73 | 71203 |  44.8 |    62M |  20 | 783 |3394 |   0 |6241 |  0 |1641 |  20 | 6.071429e+01 | 8.000000e+01 |  31.76%|  93.88%
  8.0s|  1600 |    56 | 72656 |  42.9 |    62M |  20 | 783 |3476 |   0 |6286 |  0 |1770 |  20 | 6.500000e+01 | 8.000000e+01 |  23.08%|  94.21%
  8.1s|  1700 |    37 | 73997 |  41.2 |    62M |  20 | 783 |3526 |2114 |6286 |  1 |1927 |  20 | 6.540909e+01 | 8.000000e+01 |  22.31%|  94.78%
 time | node  | left  |LP iter|LP it/n|mem/heur|mdpt |vars |cons |rows |cuts |sepa|confs|strbr|  dualbound   | primalbound  |  gap   | compl. 
  8.4s|  1800 |    29 | 76546 |  40.3 |    62M |  20 | 783 |3551 |   0 |6298 |  0 |2036 |  20 | 6.900000e+01 | 8.000000e+01 |  15.94%|  97.39%
  8.7s|  1900 |    22 | 78706 |  39.3 |    62M |  20 | 783 |3565 |2109 |6318 |  1 |2152 |  20 | 6.900000e+01 | 8.000000e+01 |  15.94%|  97.45%
  8.9s|  2000 |    18 | 80446 |  38.2 |    62M |  20 | 783 |3546 |2109 |6318 |  1 |2278 |  20 | 6.900000e+01 | 8.000000e+01 |  15.94%|  98.03%

SCIP Status        : solving was interrupted [termination signal received]
Solving Time (sec) : 8.96
Solving Nodes      : 2079
Primal Bound       : +8.00000000000000e+01 (10 solutions)
Dual Bound         : +7.60000000000000e+01
Gap                : 5.26 %

primal solution (original space):
=================================

objective value:                                   80
m_0_0                                               1 	(obj:0)
m_0_1                                               1 	(obj:0)
m_0_2                                               1 	(obj:0)
m_3_0                                               1 	(obj:0)
m_3_3                                               1 	(obj:0)
m_3_4                                               1 	(obj:0)
m_3_1                                               1 	(obj:0)
m_3_6                                               1 	(obj:0)
m_3_7                                               1 	(obj:0)
m_3_8                                               1 	(obj:0)
m_3_2                                               1 	(obj:0)
m_3_9                                               1 	(obj:0)
m_3_10                                              1 	(obj:0)
m_3_11                                              1 	(obj:0)
m_3_12                                              1 	(obj:0)
m_3_13                                              1 	(obj:0)
m_3_14                                              1 	(obj:0)
m_4_0                                               1 	(obj:0)
m_4_4                                               1 	(obj:0)
m_4_1                                               1 	(obj:0)
m_4_7                                               1 	(obj:0)
m_4_2                                               1 	(obj:0)
m_4_9                                               1 	(obj:0)
m_4_10                                              1 	(obj:0)
m_4_12                                              1 	(obj:0)
m_4_13                                              1 	(obj:0)
m_4_14                                              1 	(obj:0)
m_5_0                                               1 	(obj:0)
m_5_4                                               1 	(obj:0)
m_5_5                                               1 	(obj:0)
m_5_1                                               1 	(obj:0)
m_5_6                                               1 	(obj:0)
m_5_7                                               1 	(obj:0)
m_5_8                                               1 	(obj:0)
m_5_2                                               1 	(obj:0)
m_5_9                                               1 	(obj:0)
m_5_10                                              1 	(obj:0)
m_5_11                                              1 	(obj:0)
m_5_12                                              1 	(obj:0)
m_5_13                                              1 	(obj:0)
m_5_14                                              1 	(obj:0)
m_1_1                                               1 	(obj:0)
m_1_2                                               1 	(obj:0)
m_6_0                                               1 	(obj:0)
m_6_4                                               1 	(obj:0)
m_6_1                                               1 	(obj:0)
m_6_6                                               1 	(obj:0)
m_6_7                                               1 	(obj:0)
m_6_2                                               1 	(obj:0)
m_6_9                                               1 	(obj:0)
m_6_10                                              1 	(obj:0)
m_6_11                                              1 	(obj:0)
m_6_12                                              1 	(obj:0)
m_6_13                                              1 	(obj:0)
m_6_14                                              1 	(obj:0)
m_7_0                                               1 	(obj:0)
m_7_1                                               1 	(obj:0)
m_7_7                                               1 	(obj:0)
m_7_2                                               1 	(obj:0)
m_7_10                                              1 	(obj:0)
m_7_12                                              1 	(obj:0)
m_7_13                                              1 	(obj:0)
m_7_14                                              1 	(obj:0)
m_8_0                                               1 	(obj:0)
m_8_4                                               1 	(obj:0)
m_8_1                                               1 	(obj:0)
m_8_7                                               1 	(obj:0)
m_8_8                                               1 	(obj:0)
m_8_2                                               1 	(obj:0)
m_8_9                                               1 	(obj:0)
m_8_10                                              1 	(obj:0)
m_8_11                                              1 	(obj:0)
m_8_12                                              1 	(obj:0)
m_8_13                                              1 	(obj:0)
m_8_14                                              1 	(obj:0)
m_2_2                                               1 	(obj:0)
m_9_0                                               1 	(obj:0)
m_9_1                                               1 	(obj:0)
m_9_2                                               1 	(obj:0)
m_9_9                                               1 	(obj:0)
m_9_10                                              1 	(obj:0)
m_9_12                                              1 	(obj:0)
m_9_13                                              1 	(obj:0)
m_9_14                                              1 	(obj:0)
m_10_0                                              1 	(obj:0)
m_10_1                                              1 	(obj:0)
m_10_2                                              1 	(obj:0)
m_10_10                                             1 	(obj:0)
m_10_12                                             1 	(obj:0)
m_10_13                                             1 	(obj:0)
m_11_0                                              1 	(obj:0)
m_11_1                                              1 	(obj:0)
m_11_7                                              1 	(obj:0)
m_11_2                                              1 	(obj:0)
m_11_9                                              1 	(obj:0)
m_11_10                                             1 	(obj:0)
m_11_11                                             1 	(obj:0)
m_11_12                                             1 	(obj:0)
m_11_13                                             1 	(obj:0)
m_11_14                                             1 	(obj:0)
m_12_0                                              1 	(obj:0)
m_12_1                                              1 	(obj:0)
m_12_2                                              1 	(obj:0)
m_12_12                                             1 	(obj:0)
m_13_0                                              1 	(obj:0)
m_13_1                                              1 	(obj:0)
m_13_2                                              1 	(obj:0)
m_13_13                                             1 	(obj:0)
m_14_0                                              1 	(obj:0)
m_14_1                                              1 	(obj:0)
m_14_2                                              1 	(obj:0)
m_14_12                                             1 	(obj:0)
m_14_13                                             1 	(obj:0)
m_14_14                                             1 	(obj:0)
p_2_0                                               1 	(obj:0)
p_2_3                                               1 	(obj:0)
p_1_4                                               1 	(obj:0)
p_1_5                                               1 	(obj:0)
p_1_1                                               1 	(obj:0)
p_2_6                                               1 	(obj:0)
p_1_7                                               1 	(obj:0)
p_1_8                                               1 	(obj:0)
p_2_2                                               1 	(obj:0)
p_2_9                                               1 	(obj:0)
p_2_10                                              1 	(obj:0)
p_2_11                                              1 	(obj:0)
p_2_12                                              1 	(obj:0)
p_1_13                                              1 	(obj:0)
p_1_14                                              1 	(obj:0)
t_0_0                                               1 	(obj:0)
z_0_3                                               1 	(obj:0)
t_0_3                                               1 	(obj:0)
z_0_4                                               1 	(obj:0)
z_0_5                                               1 	(obj:0)
z_0_6                                               1 	(obj:0)
t_0_6                                               1 	(obj:0)
z_0_7                                               1 	(obj:0)
z_0_8                                               1 	(obj:0)
t_0_2                                               1 	(obj:0)
z_0_9                                               1 	(obj:0)
t_0_9                                               1 	(obj:0)
z_0_10                                              1 	(obj:0)
t_0_10                                              1 	(obj:0)
z_0_11                                              1 	(obj:0)
t_0_11                                              1 	(obj:0)
z_0_12                                              1 	(obj:0)
t_0_12                                              1 	(obj:0)
z_0_13                                              1 	(obj:0)
z_0_14                                              1 	(obj:0)
t_3_0                                               1 	(obj:0)
t_3_3                                               1 	(obj:0)
t_3_6                                               1 	(obj:0)
t_3_2                                               1 	(obj:0)
t_3_9                                               1 	(obj:0)
t_3_10                                              1 	(obj:0)
t_3_11                                              1 	(obj:0)
t_3_12                                              1 	(obj:0)
z_4_3                                               1 	(obj:0)
t_4_4                                               1 	(obj:0)
z_4_5                                               1 	(obj:0)
t_4_5                                               1 	(obj:0)
t_4_1                                               1 	(obj:0)
z_4_6                                               1 	(obj:0)
t_4_7                                               1 	(obj:0)
z_4_8                                               1 	(obj:0)
t_4_8                                               1 	(obj:0)
t_4_13                                              1 	(obj:0)
t_4_14                                              1 	(obj:0)
t_5_4                                               1 	(obj:0)
t_5_5                                               1 	(obj:0)
t_5_1                                               1 	(obj:0)
t_5_7                                               1 	(obj:0)
t_5_8                                               1 	(obj:0)
t_5_13                                              1 	(obj:0)
t_5_14                                              1 	(obj:0)
z_1_0                                               1 	(obj:0)
z_1_3                                               1 	(obj:0)
z_1_4                                               1 	(obj:0)
t_1_4                                               1 	(obj:0)
z_1_5                                               1 	(obj:0)
t_1_5                                               1 	(obj:0)
t_1_1                                               1 	(obj:0)
z_1_6                                               1 	(obj:0)
z_1_7                                               1 	(obj:0)
t_1_7                                               1 	(obj:0)
z_1_8                                               1 	(obj:0)
t_1_8                                               1 	(obj:0)
z_1_9                                               1 	(obj:0)
z_1_10                                              1 	(obj:0)
z_1_11                                              1 	(obj:0)
z_1_12                                              1 	(obj:0)
z_1_13                                              1 	(obj:0)
t_1_13                                              1 	(obj:0)
z_1_14                                              1 	(obj:0)
t_1_14                                              1 	(obj:0)
t_6_0                                               1 	(obj:0)
z_6_3                                               1 	(obj:0)
t_6_3                                               1 	(obj:0)
z_6_5                                               1 	(obj:0)
t_6_6                                               1 	(obj:0)
t_6_2                                               1 	(obj:0)
t_6_9                                               1 	(obj:0)
t_6_10                                              1 	(obj:0)
t_6_11                                              1 	(obj:0)
t_6_12                                              1 	(obj:0)
z_7_3                                               1 	(obj:0)
z_7_4                                               1 	(obj:0)
t_7_4                                               1 	(obj:0)
z_7_5                                               1 	(obj:0)
t_7_5                                               1 	(obj:0)
t_7_1                                               1 	(obj:0)
z_7_6                                               1 	(obj:0)
t_7_7                                               1 	(obj:0)
z_7_8                                               1 	(obj:0)
t_7_8                                               1 	(obj:0)
z_7_11                                              1 	(obj:0)
t_7_13                                              1 	(obj:0)
t_7_14                                              1 	(obj:0)
z_8_3                                               1 	(obj:0)
t_8_4                                               1 	(obj:0)
z_8_5                                               1 	(obj:0)
t_8_5                                               1 	(obj:0)
t_8_1                                               1 	(obj:0)
t_8_7                                               1 	(obj:0)
t_8_8                                               1 	(obj:0)
t_8_13                                              1 	(obj:0)
t_8_14                                              1 	(obj:0)
z_2_0                                               1 	(obj:0)
t_2_0                                               1 	(obj:0)
z_2_3                                               1 	(obj:0)
t_2_3                                               1 	(obj:0)
z_2_4                                               1 	(obj:0)
z_2_5                                               1 	(obj:0)
z_2_1                                               1 	(obj:0)
z_2_6                                               1 	(obj:0)
t_2_6                                               1 	(obj:0)
z_2_7                                               1 	(obj:0)
z_2_8                                               1 	(obj:0)
t_2_2                                               1 	(obj:0)
z_2_9                                               1 	(obj:0)
t_2_9                                               1 	(obj:0)
z_2_10                                              1 	(obj:0)
t_2_10                                              1 	(obj:0)
z_2_11                                              1 	(obj:0)
t_2_11                                              1 	(obj:0)
z_2_12                                              1 	(obj:0)
t_2_12                                              1 	(obj:0)
z_2_13                                              1 	(obj:0)
z_2_14                                              1 	(obj:0)
t_9_0                                               1 	(obj:0)
z_9_3                                               1 	(obj:0)
t_9_3                                               1 	(obj:0)
z_9_4                                               1 	(obj:0)
z_9_5                                               1 	(obj:0)
z_9_6                                               1 	(obj:0)
t_9_6                                               1 	(obj:0)
z_9_8                                               1 	(obj:0)
t_9_2                                               1 	(obj:0)
t_9_9                                               1 	(obj:0)
t_9_10                                              1 	(obj:0)
z_9_11                                              1 	(obj:0)
t_9_11                                              1 	(obj:0)
t_9_12                                              1 	(obj:0)
t_10_0                                              1 	(obj:0)
z_10_3                                              1 	(obj:0)
t_10_3                                              1 	(obj:0)
z_10_4                                              1 	(obj:0)
z_10_5                                              1 	(obj:0)
z_10_6                                              1 	(obj:0)
t_10_6                                              1 	(obj:0)
z_10_7                                              1 	(obj:0)
z_10_8                                              1 	(obj:0)
t_10_2                                              1 	(obj:0)
z_10_9                                              1 	(obj:0)
t_10_9                                              1 	(obj:0)
t_10_10                                             1 	(obj:0)
z_10_11                                             1 	(obj:0)
t_10_11                                             1 	(obj:0)
t_10_12                                             1 	(obj:0)
t_11_0                                              1 	(obj:0)
z_11_3                                              1 	(obj:0)
t_11_3                                              1 	(obj:0)
z_11_5                                              1 	(obj:0)
z_11_6                                              1 	(obj:0)
t_11_6                                              1 	(obj:0)
z_11_8                                              1 	(obj:0)
t_11_2                                              1 	(obj:0)
t_11_9                                              1 	(obj:0)
t_11_10                                             1 	(obj:0)
t_11_11                                             1 	(obj:0)
t_11_12                                             1 	(obj:0)
t_12_0                                              1 	(obj:0)
z_12_3                                              1 	(obj:0)
t_12_3                                              1 	(obj:0)
z_12_4                                              1 	(obj:0)
z_12_5                                              1 	(obj:0)
z_12_6                                              1 	(obj:0)
t_12_6                                              1 	(obj:0)
z_12_7                                              1 	(obj:0)
z_12_8                                              1 	(obj:0)
t_12_2                                              1 	(obj:0)
z_12_9                                              1 	(obj:0)
t_12_9                                              1 	(obj:0)
z_12_10                                             1 	(obj:0)
t_12_10                                             1 	(obj:0)
z_12_11                                             1 	(obj:0)
t_12_11                                             1 	(obj:0)
t_12_12                                             1 	(obj:0)
z_12_14                                             1 	(obj:0)
z_13_3                                              1 	(obj:0)
z_13_4                                              1 	(obj:0)
t_13_4                                              1 	(obj:0)
z_13_5                                              1 	(obj:0)
t_13_5                                              1 	(obj:0)
t_13_1                                              1 	(obj:0)
z_13_6                                              1 	(obj:0)
z_13_7                                              1 	(obj:0)
t_13_7                                              1 	(obj:0)
z_13_8                                              1 	(obj:0)
t_13_8                                              1 	(obj:0)
z_13_9                                              1 	(obj:0)
z_13_10                                             1 	(obj:0)
z_13_11                                             1 	(obj:0)
t_13_13                                             1 	(obj:0)
z_13_14                                             1 	(obj:0)
t_13_14                                             1 	(obj:0)
z_14_3                                              1 	(obj:0)
z_14_4                                              1 	(obj:0)
t_14_4                                              1 	(obj:0)
z_14_5                                              1 	(obj:0)
t_14_5                                              1 	(obj:0)
t_14_1                                              1 	(obj:0)
z_14_6                                              1 	(obj:0)
z_14_7                                              1 	(obj:0)
t_14_7                                              1 	(obj:0)
z_14_8                                              1 	(obj:0)
t_14_8                                              1 	(obj:0)
z_14_9                                              1 	(obj:0)
z_14_11                                             1 	(obj:0)
t_14_13                                             1 	(obj:0)
t_14_14                                             1 	(obj:0)
y_0_1_0                                             1 	(obj:0)
y_3_1_3                                             1 	(obj:0)
y_5_1_3                                             1 	(obj:0)
y_4_1_4                                             1 	(obj:0)
y_6_1_4                                             1 	(obj:0)
y_8_1_4                                             1 	(obj:0)
y_11_1_4                                            1 	(obj:0)
y_3_1_5                                             1 	(obj:0)
y_5_1_5                                             1 	(obj:0)
y_0_1_1                                             1 	(obj:0)
y_1_1_1                                             1 	(obj:0)
y_3_1_6                                             1 	(obj:0)
y_5_1_6                                             1 	(obj:0)
y_6_1_6                                             1 	(obj:0)
y_8_1_6                                             1 	(obj:0)
y_4_1_7                                             1 	(obj:0)
y_6_1_7                                             1 	(obj:0)
y_7_1_7                                             1 	(obj:0)
y_9_1_7                                             1 	(obj:0)
y_11_1_7                                            1 	(obj:0)
y_3_1_8                                             1 	(obj:0)
y_5_1_8                                             1 	(obj:0)
y_6_1_8                                             1 	(obj:0)
y_8_1_8                                             1 	(obj:0)
y_1_1_2                                             1 	(obj:0)
y_4_1_9                                             1 	(obj:0)
y_6_1_9                                             1 	(obj:0)
y_7_1_9                                             1 	(obj:0)
y_9_1_9                                             1 	(obj:0)
y_11_1_9                                            1 	(obj:0)
y_7_1_10                                            1 	(obj:0)
y_9_1_10                                            1 	(obj:0)
y_10_1_10                                           1 	(obj:0)
y_11_1_10                                           1 	(obj:0)
y_4_1_11                                            1 	(obj:0)
y_6_1_11                                            1 	(obj:0)
y_8_1_11                                            1 	(obj:0)
y_11_1_11                                           1 	(obj:0)
y_9_1_12                                            1 	(obj:0)
y_10_1_12                                           1 	(obj:0)
y_9_1_13                                            1 	(obj:0)
y_10_1_13                                           1 	(obj:0)
y_7_1_14                                            1 	(obj:0)
y_9_1_14                                            1 	(obj:0)
y_10_1_14                                           1 	(obj:0)
y_11_1_14                                           1 	(obj:0)
s_7                                                30 	(obj:0)
s_8                                                10 	(obj:0)
s_2                                                79 	(obj:0)
s_9                                                30 	(obj:0)
s_10                                               40 	(obj:0)
s_11                                               20 	(obj:0)
s_12                                               50 	(obj:0)
s_13                                               50 	(obj:0)
s_14                                               40 	(obj:0)
l                                                  80 	(obj:1)
s_0                                                60 	(obj:0)
s_4                                                20 	(obj:0)
s_1                                                61 	(obj:0)
s_6                                                10 	(obj:0)

Statistics
==========

SCIP Status        : solving was interrupted [termination signal received]
Total Time         :       8.97
  solving          :       8.96
  presolving       :       0.52 (included in solving)
  reading          :       0.00
  copying          :       0.34 (70 #copies) (minimal 0.00, maximal 0.01, average 0.00)
Original Problem   :
  Problem name     : /Users/maxbig/Coursework_multiprocessing/Coursework/SCIP/SCIPOptSuite-9.2.1-Linux/inputs/new_no_tr/order/layered_15_buf_times_P2_M1050_tiers_input.lp
  Variables        : 871 (855 binary, 16 integer, 0 continuous)
  Implied int vars : 0 (0 binary, 0 integer, 0 continuous)
  Constraints      : 2483 initial, 2483 maximal
  Objective        : minimize, 1 non-zeros (abs.min = 1, abs.max = 1)
Presolved Problem  :
  Problem name     : t_/Users/maxbig/Coursework_multiprocessing/Coursework/SCIP/SCIPOptSuite-9.2.1-Linux/inputs/new_no_tr/order/layered_15_buf_times_P2_M1050_tiers_input.lp
  Variables        : 783 (767 binary, 16 integer, 0 continuous)
  Implied int vars : 0 (0 binary, 0 integer, 0 continuous)
  Constraints      : 2009 initial, 3611 maximal
  Objective        : minimize, 1 non-zeros (abs.min = 1, abs.max = 1)
  Nonzeros         : 6599 constraint, 97 clique table
Presolvers         :   ExecTime  SetupTime  Calls  FixedVars   AggrVars   ChgTypes  ChgBounds   AddHoles    DelCons    AddCons   ChgSides   ChgCoefs
  boundshift       :       0.00       0.00      0          0          0          0          0          0          0          0          0          0
  convertinttobin  :       0.00       0.00      0          0          0          0          0          0          0          0          0          0
  domcol           :       0.00       0.00      1          0          0          0          0          0          0          0          0          0
  dualagg          :       0.00       0.00      0          0          0          0          0          0          0          0          0          0
  dualcomp         :       0.00       0.00      0          0          0          0          0          0          0          0          0          0
  dualinfer        :       0.00       0.00      0          0          0          0          0          0          0          0          0          0
  dualsparsify     :       0.01       0.00      1          0          0          0          0          0          0          0          0          0
  gateextraction   :       0.00       0.00      1          0          0          0          0          0          0          0          0          0
  implics          :       0.00       0.00      4          0          0          0          0          0          0          0          0          0
  implint          :       0.00       0.00      0          0          0          0          0          0          0          0          0          0
  inttobinary      :       0.00       0.00      5          0          0          0          0          0          0          0          0          0
  milp             :       0.01       0.00      1          0          0          0          0          0          0          0          0          0
  qpkktref         :       0.00       0.00      0          0          0          0          0          0          0          0          0          0
  redvub           :       0.00       0.00      0          0          0          0          0          0          0          0          0          0
  sparsify         :       0.00       0.00      1          0          0          0          0          0          0          0          0          0
  stuffing         :       0.00       0.00      0          0          0          0          0          0          0          0          0          0
  trivial          :       0.00       0.00      5         37          0          0          0          0          0          0          0          0
  tworowbnd        :       0.00       0.00      0          0          0          0          0          0          0          0          0          0
  dualfix          :       0.00       0.00      5         15          0          0          0          0          0          0          0          0
  genvbounds       :       0.00       0.00      0          0          0          0          0          0          0          0          0          0
  probing          :       0.47       0.00      1          0          0          0          1          0          0          0          0          0
  pseudoobj        :       0.00       0.00      0          0          0          0          0          0          0          0          0          0
  symmetry         :       0.01       0.00      1          0          0          0          0          0          0          0          0          0
  vbounds          :       0.00       0.00      1          0          0          0          0          0          0          0          0          0
  varbound         :       0.00       0.00      4          0          0          0          0          0          0          0          0          0
  knapsack         :       0.00       0.00      5          0          0          0          0          0          0          6          6         12
  setppc           :       0.00       0.00      5          0          0          0          0          0          0          0          0          0
  linear           :       0.01       0.00      8         21         15          0         38          0        480          0          0          0
  logicor          :       0.00       0.00      5          0          0          0          0          0          0          0          0          0
  bounddisjunction :       0.00       0.00      0          0          0          0          0          0          0          0          0          0
  components       :       0.00       0.00      1          0          0          0          0          0          0          0          0          0
  root node        :          -          -      -         80          -          -        227          -          -          -          -          -
Constraints        :     Number  MaxNumber  #Separate #Propagate    #EnfoLP    #EnfoRelax  #EnfoPS    #Check   #ResProp    Cutoffs    DomReds       Cuts    Applied      Conss   Children
  integral         :          0          0          0          0       1201          0          0        424          0          0          0          0          0          0       2402
  varbound         :         44         44         22      20362          0          0          0        419          1          0        147          0          0          0          0
  knapsack         :         13         13         22      21745          0          0          0        359          5          1       1351         61          3          0          0
  setppc           :          7+        13         22      19533          0          0          0        255        244         16        840          0          0          0          0
  linear           :       1105+      1107         22      21918          0          0          0        224      12610        884      97145          0          0          0          0
  logicor          :        840+       901         22       6946          0          0          0         10       3905        314      29961          0          0          0          0
  bounddisjunction :          0+      1625          0       7787          0          0          0          0       3729        202       5198          0          0          0          0
  fixedvar         :          0          0          0          0          0          0          0         11          0          0          0          0          0          0          0
  countsols        :          0          0          0          0          0          0          0         11          0          0          0          0          0          0          0
  components       :          0          0          0          0          0          0          0          0          0          0          0          0          0          0          0
Constraint Timings :  TotalTime  SetupTime   Separate  Propagate     EnfoLP     EnfoPS     EnfoRelax   Check    ResProp    SB-Prop
  integral         :       0.09       0.00       0.00       0.00       0.09       0.00       0.00       0.00       0.00       0.00
  varbound         :       0.09       0.00       0.00       0.09       0.00       0.00       0.00       0.00       0.00       0.00
  knapsack         :       0.01       0.00       0.00       0.00       0.00       0.00       0.00       0.00       0.00       0.00
  setppc           :       0.00       0.00       0.00       0.00       0.00       0.00       0.00       0.00       0.00       0.00
  linear           :       0.73       0.00       0.00       0.72       0.00       0.00       0.00       0.00       0.00       0.00
  logicor          :       0.09       0.00       0.00       0.08       0.00       0.00       0.00       0.00       0.00       0.00
  bounddisjunction :       0.13       0.00       0.00       0.12       0.00       0.00       0.00       0.00       0.00       0.00
  fixedvar         :       0.00       0.00       0.00       0.00       0.00       0.00       0.00       0.00       0.00       0.00
  countsols        :       0.00       0.00       0.00       0.00       0.00       0.00       0.00       0.00       0.00       0.00
  components       :       0.00       0.00       0.00       0.00       0.00       0.00       0.00       0.00       0.00       0.00
Propagators        : #Propagate   #ResProp    Cutoffs    DomReds
  dualfix          :          2          0          0          0
  genvbounds       :          0          0          0          0
  nlobbt           :          0          0          0          0
  obbt             :          0          0          0          0
  probing          :          0          0          0          0
  pseudoobj        :      10711          1          0         19
  redcost          :       2790          0          0         18
  rootredcost      :         10          0          0         86
  symmetry         :      11003          0         33        189
  vbounds          :      11424       5994         33       5832
Propagator Timings :  TotalTime  SetupTime   Presolve  Propagate    ResProp    SB-Prop
  dualfix          :       0.00       0.00       0.00       0.00       0.00       0.00
  genvbounds       :       0.00       0.00       0.00       0.00       0.00       0.00
  nlobbt           :       0.00       0.00       0.00       0.00       0.00       0.00
  obbt             :       0.00       0.00       0.00       0.00       0.00       0.00
  probing          :       0.47       0.00       0.47       0.00       0.00       0.00
  pseudoobj        :       0.00       0.00       0.00       0.00       0.00       0.00
  redcost          :       0.01       0.00       0.00       0.01       0.00       0.00
  rootredcost      :       0.00       0.00       0.00       0.00       0.00       0.00
  symmetry         :       0.03       0.00       0.01       0.02       0.00       0.00
  vbounds          :       0.15       0.00       0.00       0.15       0.00       0.00
Symmetry           :
  #affected vars   :        624 (616 bin, 8 int, 0 cont)
  orbitopal red.   :          0 reductions applied,          0 cutoffs
  orbital reduction:          0 reductions applied,          0 cutoffs
  lexicographic red:        224 reductions applied,         33 cutoffs
  shadow tree time :       0.00 s
Conflict Analysis  :       Time      Calls    Success    DomReds  Conflicts   Literals    Reconvs ReconvLits   Dualrays   Nonzeros   LP Iters   (pool size: [10000,10000])
  propagation      :       0.02        811        802          -       3406       15.4        213        7.3          -          -          -
  infeasible LP    :       0.00         27         28          -         32        3.6          0        0.0         27        3.5          0
  bound exceed. LP :       0.00          2          2          -          2        2.5          0        0.0          2        2.5          0
  strong branching :       0.00          0          0          -          0        0.0          0        0.0          -          -          0
  pseudo solution  :       0.00          0          0          -          0        0.0          0        0.0          -          -          -
  applied globally :       0.01          -          -          1       2375       12.5          -          -         29          -          -
  applied locally  :          -          -          -          0          2        5.5          -          -          0          -          -
Gen. Resolution CA :       Time      Calls    Success  Conflicts  LargeCoef  LongConfs    Length
  propagation      :       0.00          0          0          0          0          0       0.0
Separators         :   ExecTime  SetupTime      Calls  RootCalls    Cutoffs    DomReds  FoundCuts ViaPoolAdd  DirectAdd    Applied ViaPoolApp  DirectApp      Conss
  cut pool         :       0.08          -        526         41          -          -       7357      40196          -          -          -          -          -    (maximal pool size:       4141)
  aggregation      :       0.07       0.00        227         22          0          0        978       4336        581       1955       1774        181          0
  > cmir           :          -          -          -          -          -          -          -       1252        249        468        401         67          -
  > flowcover      :          -          -          -          -          -          -          -       3062        328       1470       1358        112          -
  > knapsackcover  :          -          -          -          -          -          -          -         22          4         17         15          2          -
  cgmip            :       0.00       0.00          0          0          0          0          0          0          0          0          0          0          0
  clique           :       0.00       0.00         22         22          0          0          0          0          0          0          0          0          0
  closecuts        :       0.00       0.00          0          0          0          0          0          0          0          0          0          0          0
  convexproj       :       0.00       0.00          0          0          0          0          0          0          0          0          0          0          0
  disjunctive      :       0.00       0.00          0          0          0          0          0          0          0          0          0          0          0
  eccuts           :       0.00       0.00          0          0          0          0          0          0          0          0          0          0          0
  flower           :       0.00       0.00        148         22          0          0          0          0          0          0          0          0          0
  gauge            :       0.00       0.00          0          0          0          0          0          0          0          0          0          0          0
  gomory           :       0.98       0.00        210         10          0          0       7971      31899       1844       2556       2452        104          0
  > gomorymi       :          -          -          -          -          -          -          -      15784        989       1583       1523         60          -
  > strongcg       :          -          -          -          -          -          -          -      16115        855        973        929         44          -
  impliedbounds    :       0.00       0.00        230         22          0          0        388       1006          0        307        307          0          0
  interminor       :       0.00       0.00          0          0          0          0          0          0          0          0          0          0          0
  intobj           :       0.00       0.00          0          0          0          0          0          0          0          0          0          0          0
  lagromory        :       0.00       0.00          0          0          0          0          0          0          0          0          0          0          0
  mcf              :       0.00       0.00          1          1          0          0          0          0          0          0          0          0          0
  minor            :       0.00       0.00          0          0          0          0          0          0          0          0          0          0          0
  mixing           :       0.00       0.00        230         22          0          0          0          0          0          0          0          0          0
  oddcycle         :       0.00       0.00          0          0          0          0          0          0          0          0          0          0          0
  rapidlearning    :       2.09       0.00         58          1          0       3428          0          0          0          0          0          0         69
  rlt              :       0.00       0.00         10         10          0          0          0          0          0          0          0          0          0
  zerohalf         :       0.09       0.00        216         20          0          0        415       2955         21       1497       1484         13          0
Cutselectors       :   ExecTime  SetupTime      Calls  RootCalls   Selected     Forced   Filtered  RootSelec   RootForc   RootFilt 
  hybrid           :       0.02       0.00        300         21       6320          0      36327        350          0       2412
  ensemble         :       0.00       0.00          0          0          0          0          0          0          0          0
  dynamic          :       0.00       0.00          0          0          0          0          0          0          0          0
Pricers            :   ExecTime  SetupTime      Calls       Vars
  problem variables:       0.00          -          0          0
Branching Rules    :   ExecTime  SetupTime   BranchLP  BranchExt   BranchPS    Cutoffs    DomReds       Cuts      Conss   Children
  allfullstrong    :       0.00       0.00          0          0          0          0          0          0          0          0
  cloud            :       0.00       0.00          0          0          0          0          0          0          0          0
  distribution     :       0.00       0.00          0          0          0          0          0          0          0          0
  fullstrong       :       0.00       0.00          0          0          0          0          0          0          0          0
  gomory           :       0.00       0.00          0          0          0          0          0          0          0          0
  inference        :       0.00       0.00          0          0          0          0          0          0          0          0
  leastinf         :       0.00       0.00          0          0          0          0          0          0          0          0
  lookahead        :       0.00       0.00          0          0          0          0          0          0          0          0
  mostinf          :       0.00       0.00          0          0          0          0          0          0          0          0
  multaggr         :       0.00       0.00          0          0          0          0          0          0          0          0
  nodereopt        :       0.00       0.00          0          0          0          0          0          0          0          0
  pscost           :       0.00       0.00          0          0          0          0          0          0          0          0
  random           :       0.00       0.00          0          0          0          0          0          0          0          0
  relpscost        :       0.09       0.00       1201          0          0          0          0          0          0       2402
  vanillafullstrong:       0.00       0.00          0          0          0          0          0          0          0          0
Primal Heuristics  :   ExecTime  SetupTime      Calls      Found       Best
  LP solutions     :       0.00          -          -          0          0
  relax solutions  :       0.00          -          -          0          0
  pseudo solutions :       0.00          -          -          0          0
  strong branching :       0.00          -          -          0          0
  actconsdiving    :       0.00       0.00          0          0          0
  adaptivediving   :       0.17       0.00         29          1          1
  alns             :       0.06       0.00          5          0          0
  bound            :       0.00       0.00          0          0          0
  clique           :       0.01       0.00          1          0          0
  coefdiving       :       0.00       0.00          0          0          0
  completesol      :       0.00       0.00          0          0          0
  conflictdiving   :       0.16       0.00         17          1          1
  crossover        :       0.00       0.00          0          0          0
  dins             :       0.00       0.00          0          0          0
  distributiondivin:       0.09       0.00         12          1          1
  dks              :       0.00       0.00          0          0          0
  dps              :       0.00       0.00          0          0          0
  dualval          :       0.00       0.00          0          0          0
  farkasdiving     :       0.00       0.00          0          0          0
  feaspump         :       0.07       0.00          4          0          0
  fixandinfer      :       0.00       0.00          0          0          0
  fracdiving       :       0.05       0.00         17          1          1
  gins             :       0.00       0.00          0          0          0
  guideddiving     :       0.07       0.00          8          0          0
  indicator        :       0.00       0.00          0          0          0
  indicatordiving  :       0.00       0.00          0          0          0
  intdiving        :       0.00       0.00          0          0          0
  intshifting      :       0.00       0.00          0          0          0
  linesearchdiving :       0.09       0.00         17          2          2
  localbranching   :       0.00       0.00          0          0          0
  locks            :       0.02       0.00          1          0          0
  lpface           :       0.00       0.00          0          0          0
  mpec             :       0.00       0.00          0          0          0
  multistart       :       0.00       0.00          0          0          0
  mutation         :       0.00       0.00          0          0          0
  nlpdiving        :       0.00       0.00          0          0          0
  objpscostdiving  :       0.34       0.00          5          1          1
  octane           :       0.00       0.00          0          0          0
  ofins            :       0.00       0.00          0          0          0
  oneopt           :       0.00       0.00         10          0          0
  padm             :       0.00       0.00          0          0          0
  proximity        :       0.00       0.00          0          0          0
  pscostdiving     :       0.08       0.00         18          1          1
  randrounding     :       0.20       0.00        437          0          0
  rens             :       0.01       0.00          1          0          0
  reoptsols        :       0.00       0.00          0          0          0
  repair           :       0.00       0.00          0          0          0
  rins             :       0.07       0.00          6          0          0
  rootsoldiving    :       0.10       0.00          3          1          1
  rounding         :       0.02       0.00        503          0          0
  scheduler        :       0.00       0.00          0          0          0
  shiftandpropagate:       0.02       0.00          1          0          0
  shifting         :       0.42       0.00        286          0          0
  simplerounding   :       0.00       0.00       1611          0          0
  subnlp           :       0.00       0.00          0          0          0
  trivial          :       0.00       0.00          2          0          0
  trivialnegation  :       0.00       0.00          0          0          0
  trustregion      :       0.00       0.00          0          0          0
  trysol           :       0.00       0.00          0          0          0
  twoopt           :       0.00       0.00          0          0          0
  undercover       :       0.00       0.00          0          0          0
  vbounds          :       0.07       0.00          1          0          0
  veclendiving     :       0.07       0.00         11          0          0
  zeroobj          :       0.00       0.00          0          0          0
  zirounding       :       0.05       0.00       1000          0          0
  other solutions  :          -          -          -          0          -
LNS (Scheduler)    :      Calls  SetupTime  SolveTime SolveNodes       Sols       Best       Exp3    Exp3-IX  EpsGreedy        UCB TgtFixRate  Opt  Inf Node Stal  Sol  Usr Othr Actv
  rens             :          0       0.00       0.00          0          0          0    0.00000    0.12500   -1.00000    1.00000      0.900    0    0    0    0    0    0    0    1
  rins             :          0       0.00       0.00          0          0          0    0.00000    0.12500   -1.00000    1.00000      0.900    0    0    0    0    0    0    0    1
  mutation         :          0       0.00       0.00          0          0          0    0.00000    0.12500   -1.00000    1.00000      0.900    0    0    0    0    0    0    0    1
  localbranching   :          0       0.00       0.00          0          0          0    0.00000    0.12500   -1.00000    1.00000      0.900    0    0    0    0    0    0    0    1
  crossover        :          0       0.00       0.00          0          0          0    0.00000    0.12500   -1.00000    1.00000      0.900    0    0    0    0    0    0    0    1
  proximity        :          0       0.00       0.00          0          0          0    0.00000    0.12500   -1.00000    1.00000      0.900    0    0    0    0    0    0    0    1
  zeroobjective    :          0       0.00       0.00          0          0          0    0.00000    0.12500   -1.00000    1.00000      0.900    0    0    0    0    0    0    0    1
  dins             :          0       0.00       0.00          0          0          0    0.00000    0.12500   -1.00000    1.00000      0.900    0    0    0    0    0    0    0    1
  trustregion      :          0       0.00       0.00          0          0          0    0.00000    0.00000   -1.00000    1.00000      0.900    0    0    0    0    0    0    0    0
LP                 :       Time      Calls Iterations  Iter/call   Iter/sec  Time-0-It Calls-0-It
  primal LP        :       0.04        109          0       0.00       0.00       0.04        109
  dual LP          :       1.42       1631      49134      31.00   34542.22       0.02         46
  lex dual LP      :       0.00          0          0       0.00          -
  barrier LP       :       0.00          0          0       0.00          -       0.00          0
  resolve instable :       0.00          0          0       0.00          -
  diving/probing LP:       1.07        455      32315      71.02   30262.02
  strong branching :       0.03         20       1031      51.55   34199.09          -          -          0
    (at root node) :          -         20       1031      51.55          -
  conflict analysis:       0.00          0          0       0.00          -
Relaxators         :       Time      Calls    Cutoffs ImprBounds   ImprTime ReducedDom  Separated AddedConss
  benders          :       0.00          0          0          0       0.00          0          0          0
B&B Tree           :
  number of runs   :          1
  nodes            :       2079 (1201 internal, 878 leaves)
  feasible leaves  :          0
  infeas. leaves   :        875
  objective leaves :          2
  nodes (total)    :       2079 (1201 internal, 878 leaves)
  nodes left       :          5
  max depth        :         20
  max depth (total):         20
  backtracks       :        676 (32.5%)
  early backtracks :          0 (0.0%)
  nodes exc. ref.  :          0 (0.0%)
  delayed cutoffs  :        310
  repropagations   :       1037 (32486 domain reductions, 236 cutoffs)
  avg switch length:       4.59
  switching time   :       0.36
Root Node          :
  First LP value   : +4.80000000000000e+01
  First LP Iters   :        459 (99114.66 Iter/sec)
  First LP Time    :       0.00
  Final Dual Bound : +5.80000000000000e+01
  Final Root Iters :       4023
  Root LP Estimate : +1.01620379589158e+02
Solution           :
  Solutions found  :         10 (10 improvements)
  First Solution   : +1.30000000000000e+02   (in run 1, after 28 nodes, 1.72 seconds, depth 23, found by <distributiondiving>)
  Gap First Sol.   :     124.14 %
  Gap Last Sol.    :      37.93 %
  Primal Bound     : +8.00000000000000e+01   (in run 1, after 143 nodes, 3.25 seconds, depth 5, found by <relaxation>)
  Dual Bound       : +7.60000000000000e+01
  Gap              :       5.26 %
Integrals          :      Total       Avg%
  primal-dual      :     377.20      42.08
  primal-ref       :          -          - (not evaluated)
  dual-ref         :          -          - (not evaluated)
