SCIP version 10.0.0 [precision: 8 byte] [memory: block] [mode: optimized] [LP solver: SoPlex 8.0.0] [GitHash: 0c80fdd8e9]
Copyright (c) 2002-2025 Zuse Institute Berlin (ZIB)

External libraries: 
  Readline 8.3         GNU library for command line editing (gnu.org/s/readline)
  SoPlex 8.0.0         Linear programming solver developed at Zuse Institute Berlin (soplex.zib.de) [GitHash: 2207cfb2]
  CppAD 20180000.0     Algorithmic Differentiation of C++ algorithms developed by B. Bell (github.com/coin-or/CppAD)
  ZLIB 1.2.12          General purpose compression library by J. Gailly and M. Adler (zlib.net)
  MPFR 4.2.2           GNU Multiple Precision Floating-Point Reliable Library (mpfr.org)
  Boost 1.89.0         Boost C++ Libraries (boost.org)
  TinyCThread 1.2      small portable implementation of the C11 threads API (tinycthread.github.io)
  GMP 6.3.0            GNU Multiple Precision Arithmetic Library developed by T. Granlund (gmplib.org)
  AMPL/MP 4.0.3        AMPL .nl file reader library (github.com/ampl/mp)
  PaPILO 3.0.0         parallel presolve for integer and linear optimization (github.com/scipopt/papilo) (built with TBB)
  Nauty 2.8.8          Computing Graph Automorphism Groups by Brendan D. McKay (users.cecs.anu.edu.au/~bdm/nauty)
  sassy 2.0            Symmetry preprocessor by Markus Anders (github.com/markusa4/sassy)
  Ipopt 3.14.19        Interior Point Optimizer developed by A. Waechter et.al. (github.com/coin-or/Ipopt)

reading user parameter file </Users/maxbig/SCIP/SCIPOptSuite-9.2.1-Linux/only_time.set>

read problem </Users/maxbig/SCIP/SCIPOptSuite-9.2.1-Linux/inputs/new_no_tr/order/layered_12_2_buf_times_P3_M11500_up_right_input.lp>
============

original problem has 625 variables (612 bin, 13 int, 0 cont) and 2019 constraints

solve problem
=============

presolving:
(round 1, fast)       57 del vars, 36 del conss, 0 add conss, 20 chg bounds, 0 chg sides, 0 chg coeffs, 0 upgd conss, 0 impls, 12 clqs, 0 implints
(round 2, fast)       57 del vars, 36 del conss, 0 add conss, 28 chg bounds, 0 chg sides, 0 chg coeffs, 0 upgd conss, 0 impls, 12 clqs, 0 implints
   (0.0s) running MILP presolver
   (0.0s) MILP presolver (2 rounds): 0 aggregations, 0 fixings, 1 bound changes
(round 3, exhaustive) 57 del vars, 320 del conss, 0 add conss, 29 chg bounds, 0 chg sides, 0 chg coeffs, 0 upgd conss, 0 impls, 12 clqs, 0 implints
(round 4, exhaustive) 57 del vars, 362 del conss, 0 add conss, 29 chg bounds, 62 chg sides, 0 chg coeffs, 0 upgd conss, 0 impls, 12 clqs, 0 implints
(round 5, fast)       77 del vars, 365 del conss, 0 add conss, 29 chg bounds, 62 chg sides, 0 chg coeffs, 0 upgd conss, 0 impls, 12 clqs, 0 implints
(round 6, exhaustive) 77 del vars, 375 del conss, 0 add conss, 29 chg bounds, 62 chg sides, 0 chg coeffs, 0 upgd conss, 0 impls, 12 clqs, 0 implints
(round 7, exhaustive) 77 del vars, 375 del conss, 0 add conss, 29 chg bounds, 62 chg sides, 0 chg coeffs, 855 upgd conss, 0 impls, 12 clqs, 0 implints
   (0.6s) probing cycle finished: starting next cycle
   (0.6s) probing: 1/535 (0.2%) - 0 fixings, 0 aggregations, 2288 implications, 0 bound changes
   (0.6s) probing aborted: 50/50 successive totally useless probings
   (0.6s) symmetry computation started: requiring (bin +, int +, cont +), (fixed: bin -, int -, cont -)
   (0.6s) symmetry computation finished: 2 generators found (max: 1500, log10 of symmetry group size: 0.78) (symcode time: 0.00)
dynamic symmetry handling statistics:
   orbitopal reduction:       no components
   orbital reduction:         no components
   lexicographic reduction:   no permutations
handled 1 out of 1 symmetry components
(round 8, exhaustive) 81 del vars, 375 del conss, 1 add conss, 29 chg bounds, 62 chg sides, 0 chg coeffs, 855 upgd conss, 2306 impls, 11 clqs, 0 implints
(round 9, fast)       83 del vars, 485 del conss, 1 add conss, 29 chg bounds, 62 chg sides, 66 chg coeffs, 855 upgd conss, 2306 impls, 74 clqs, 0 implints
(round 10, medium)     95 del vars, 485 del conss, 1 add conss, 29 chg bounds, 62 chg sides, 66 chg coeffs, 855 upgd conss, 2306 impls, 50 clqs, 0 implints
(round 11, fast)       95 del vars, 509 del conss, 1 add conss, 29 chg bounds, 62 chg sides, 66 chg coeffs, 855 upgd conss, 2306 impls, 50 clqs, 0 implints
   (0.7s) probing cycle finished: starting next cycle
(round 12, exhaustive) 105 del vars, 509 del conss, 1 add conss, 29 chg bounds, 62 chg sides, 66 chg coeffs, 855 upgd conss, 2306 impls, 42 clqs, 0 implints
(round 13, fast)       105 del vars, 519 del conss, 1 add conss, 29 chg bounds, 62 chg sides, 66 chg coeffs, 855 upgd conss, 2306 impls, 42 clqs, 0 implints
   (0.7s) probing: 436/508 (85.8%) - 0 fixings, 10 aggregations, 2885 implications, 0 bound changes
   (0.7s) probing aborted: 50/50 successive totally useless probings
presolving (14 rounds: 14 fast, 8 medium, 7 exhaustive):
 105 deleted vars, 519 deleted constraints, 1 added constraints, 29 tightened bounds, 0 added holes, 62 changed sides, 66 changed coefficients
 2306 implications, 42 cliques, 0 implied integral variables (0 bin, 0 int, 0 cont)
presolved problem has 521 variables (508 bin, 13 int, 0 cont) and 1501 constraints
     42 constraints of type <varbound>
      9 constraints of type <knapsack>
     10 constraints of type <setppc>
    789 constraints of type <linear>
      1 constraints of type <orbitope_pp>
    650 constraints of type <logicor>
transformed objective value is always integral (scale: 1)
Presolving Time: 0.74

 time | node  | left  |LP iter|LP it/n|mem/heur|mdpt |vars |cons |rows |cuts |sepa|confs|strbr|  dualbound   | primalbound  |  gap   | compl. 
  0.9s|     1 |     0 |   312 |     - |    18M |   0 | 521 |1522 |1500 |   0 |  0 |  21 |   0 | 2.100000e+01 |      --      |    Inf | unknown
  2.2s|     1 |     0 |   904 |     - |    19M |   0 | 521 |1522 |1593 |  93 |  1 |  21 |   0 | 2.100000e+01 |      --      |    Inf | unknown
  2.2s|     1 |     0 |  1061 |     - |    19M |   0 | 521 |1522 |1643 | 143 |  2 |  21 |   0 | 2.100000e+01 |      --      |    Inf | unknown
  2.2s|     1 |     0 |  1182 |     - |    19M |   0 | 521 |1524 |1656 | 156 |  3 |  23 |   0 | 2.100000e+01 |      --      |    Inf | unknown
  2.2s|     1 |     0 |  1214 |     - |    20M |   0 | 521 |1525 |1662 | 162 |  4 |  24 |   0 | 2.100000e+01 |      --      |    Inf | unknown
  2.2s|     1 |     0 |  1279 |     - |    21M |   0 | 521 |1526 |1674 | 174 |  5 |  25 |   0 | 2.100000e+01 |      --      |    Inf | unknown
  2.2s|     1 |     0 |  1407 |     - |    21M |   0 | 521 |1526 |1686 | 186 |  6 |  25 |   0 | 2.118979e+01 |      --      |    Inf | unknown
  2.2s|     1 |     0 |  1442 |     - |    21M |   0 | 521 |1527 |1686 | 186 |  6 |  26 |   0 | 2.200000e+01 |      --      |    Inf | unknown
  2.2s|     1 |     0 |  1479 |     - |    22M |   0 | 521 |1528 |1700 | 200 |  7 |  27 |   0 | 2.200000e+01 |      --      |    Inf | unknown
  2.3s|     1 |     0 |  1572 |     - |    22M |   0 | 521 |1529 |1716 | 216 |  8 |  28 |   0 | 2.222202e+01 |      --      |    Inf | unknown
  2.3s|     1 |     0 |  1608 |     - |    22M |   0 | 521 |1530 |1714 | 216 |  8 |  29 |   0 | 2.300000e+01 |      --      |    Inf | unknown
  2.3s|     1 |     0 |  1662 |     - |    23M |   0 | 521 |1533 |1724 | 226 |  9 |  32 |   0 | 2.300000e+01 |      --      |    Inf | unknown
  2.3s|     1 |     0 |  1733 |     - |    23M |   0 | 521 |1533 |1735 | 237 | 10 |  32 |   0 | 2.308046e+01 |      --      |    Inf | unknown
  2.3s|     1 |     0 |  1761 |     - |    23M |   0 | 521 |1533 |1731 | 237 | 10 |  32 |   0 | 2.400000e+01 |      --      |    Inf | unknown
  2.3s|     1 |     0 |  1799 |     - |    24M |   0 | 521 |1534 |1739 | 245 | 11 |  33 |   0 | 2.400000e+01 |      --      |    Inf | unknown
 time | node  | left  |LP iter|LP it/n|mem/heur|mdpt |vars |cons |rows |cuts |sepa|confs|strbr|  dualbound   | primalbound  |  gap   | compl. 
  2.3s|     1 |     0 |  1846 |     - |    24M |   0 | 521 |1536 |1745 | 251 | 12 |  35 |   0 | 2.400000e+01 |      --      |    Inf | unknown
  2.3s|     1 |     0 |  1863 |     - |    24M |   0 | 521 |1537 |1749 | 255 | 13 |  36 |   0 | 2.400000e+01 |      --      |    Inf | unknown
  2.3s|     1 |     0 |  1898 |     - |    24M |   0 | 521 |1538 |1758 | 264 | 14 |  37 |   0 | 2.406028e+01 |      --      |    Inf | unknown
  2.3s|     1 |     0 |  1919 |     - |    24M |   0 | 521 |1538 |1751 | 264 | 14 |  37 |   0 | 2.500000e+01 |      --      |    Inf | unknown
  2.3s|     1 |     0 |  1925 |     - |    24M |   0 | 521 |1540 |1755 | 268 | 15 |  39 |   0 | 2.500000e+01 |      --      |    Inf | unknown
  2.3s|     1 |     0 |  1942 |     - |    24M |   0 | 521 |1541 |1581 | 272 | 16 |  40 |   0 | 2.500000e+01 |      --      |    Inf | unknown
  2.3s|     1 |     0 |  1955 |     - |    25M |   0 | 521 |1541 |1584 | 275 | 17 |  40 |   0 | 2.500000e+01 |      --      |    Inf | unknown
  2.3s|     1 |     0 |  1966 |     - |    25M |   0 | 521 |1542 |1587 | 278 | 18 |  41 |   0 | 2.500000e+01 |      --      |    Inf | unknown
  2.4s|     1 |     0 |  1987 |     - |    25M |   0 | 521 |1544 |1567 | 281 | 19 |  43 |   0 | 2.500000e+01 |      --      |    Inf | unknown
  2.4s|     1 |     0 |  2022 |     - |    25M |   0 | 521 |1544 |1572 | 286 | 20 |  43 |   0 | 2.500000e+01 |      --      |    Inf | unknown
  2.4s|     1 |     0 |  2044 |     - |    25M |   0 | 521 |1544 |1573 | 287 | 21 |  43 |   0 | 2.500000e+01 |      --      |    Inf | unknown
  2.4s|     1 |     0 |  2047 |     - |    25M |   0 | 521 |1544 |1575 | 289 | 22 |  43 |   0 | 2.500000e+01 |      --      |    Inf | unknown
  2.4s|     1 |     0 |  2053 |     - |    25M |   0 | 521 |1544 |1577 | 291 | 23 |  43 |   0 | 2.500000e+01 |      --      |    Inf | unknown
  2.4s|     1 |     0 |  2061 |     - |    25M |   0 | 521 |1544 |1579 | 293 | 24 |  43 |   0 | 2.500000e+01 |      --      |    Inf | unknown
  2.4s|     1 |     0 |  2073 |     - |    25M |   0 | 521 |1544 |1580 | 294 | 25 |  43 |   0 | 2.500000e+01 |      --      |    Inf | unknown
 time | node  | left  |LP iter|LP it/n|mem/heur|mdpt |vars |cons |rows |cuts |sepa|confs|strbr|  dualbound   | primalbound  |  gap   | compl. 
  2.4s|     1 |     0 |  2082 |     - |    25M |   0 | 521 |1546 |1582 | 296 | 26 |  45 |   0 | 2.500000e+01 |      --      |    Inf | unknown
  2.5s|     1 |     2 |  2351 |     - |    25M |   0 | 521 |1557 |1582 | 296 | 27 |  56 |  20 | 2.500000e+01 |      --      |    Inf | unknown
d 4.4s|     6 |     7 |  2818 | 151.2 |pscostdi|   5 | 521 |1570 |1539 |   0 |  1 |  69 |  20 | 2.500000e+01 | 5.800000e+01 | 132.00%| unknown
d 4.5s|    11 |    12 |  3216 | 115.4 |adaptive|   5 | 521 |1554 |1539 |   0 |  1 |  72 |  20 | 2.500000e+01 | 4.300000e+01 |  72.00%| unknown
d 4.5s|    29 |    30 |  4242 |  77.9 |distribu|  13 | 521 |1558 |1560 |   0 |  1 |  76 |  20 | 2.500000e+01 | 3.500000e+01 |  40.00%| unknown
* 4.7s|    33 |    32 |  4491 |  75.9 |    LP  |  13 | 521 |1520 |1539 | 431 |  0 |  76 |  20 | 2.500000e+01 | 3.100000e+01 |  24.00%| unknown
d 4.8s|    45 |    32 |  6096 |  91.7 |guideddi|  14 | 521 |1510 |1567 |   0 |  2 |  81 |  20 | 2.500000e+01 | 3.000000e+01 |  20.00%|  14.86%
* 4.9s|    57 |    20 |  6522 |  79.6 |    LP  |  14 | 521 |1510 |1539 | 459 |  0 |  81 |  20 | 2.500000e+01 | 2.800000e+01 |  12.00%|  42.51%

SCIP Status        : problem is solved [optimal solution found]
Solving Time (sec) : 4.87
Solving Nodes      : 57
Primal Bound       : +2.80000000000000e+01 (6 solutions)
Dual Bound         : +2.80000000000000e+01
Gap                : 0.00 %

primal solution (original space):
=================================

objective value:                                   28
m_11_11                                             1 	(obj:0)
m_11_10                                             1 	(obj:0)
m_11_9                                              1 	(obj:0)
m_11_8                                              1 	(obj:0)
m_10_10                                             1 	(obj:0)
m_9_9                                               1 	(obj:0)
m_8_8                                               1 	(obj:0)
m_7_11                                              1 	(obj:0)
m_7_10                                              1 	(obj:0)
m_7_9                                               1 	(obj:0)
m_7_8                                               1 	(obj:0)
m_7_7                                               1 	(obj:0)
m_7_6                                               1 	(obj:0)
m_7_5                                               1 	(obj:0)
m_6_10                                              1 	(obj:0)
m_6_9                                               1 	(obj:0)
m_6_8                                               1 	(obj:0)
m_6_6                                               1 	(obj:0)
m_5_10                                              1 	(obj:0)
m_5_9                                               1 	(obj:0)
m_5_8                                               1 	(obj:0)
m_5_5                                               1 	(obj:0)
m_4_11                                              1 	(obj:0)
m_4_10                                              1 	(obj:0)
m_4_9                                               1 	(obj:0)
m_4_8                                               1 	(obj:0)
m_4_7                                               1 	(obj:0)
m_4_6                                               1 	(obj:0)
m_4_5                                               1 	(obj:0)
m_4_4                                               1 	(obj:0)
m_4_2                                               1 	(obj:0)
m_3_11                                              1 	(obj:0)
m_3_10                                              1 	(obj:0)
m_3_9                                               1 	(obj:0)
m_3_8                                               1 	(obj:0)
m_3_7                                               1 	(obj:0)
m_3_6                                               1 	(obj:0)
m_3_5                                               1 	(obj:0)
m_3_4                                               1 	(obj:0)
m_3_3                                               1 	(obj:0)
m_3_2                                               1 	(obj:0)
m_2_11                                              1 	(obj:0)
m_2_10                                              1 	(obj:0)
m_2_9                                               1 	(obj:0)
m_2_8                                               1 	(obj:0)
m_2_7                                               1 	(obj:0)
m_2_6                                               1 	(obj:0)
m_2_5                                               1 	(obj:0)
m_2_2                                               1 	(obj:0)
m_1_11                                              1 	(obj:0)
m_1_10                                              1 	(obj:0)
m_1_9                                               1 	(obj:0)
m_1_8                                               1 	(obj:0)
m_1_7                                               1 	(obj:0)
m_1_6                                               1 	(obj:0)
m_1_5                                               1 	(obj:0)
m_1_4                                               1 	(obj:0)
m_1_2                                               1 	(obj:0)
m_1_1                                               1 	(obj:0)
m_0_11                                              1 	(obj:0)
m_0_10                                              1 	(obj:0)
m_0_9                                               1 	(obj:0)
m_0_8                                               1 	(obj:0)
m_0_7                                               1 	(obj:0)
m_0_6                                               1 	(obj:0)
m_0_5                                               1 	(obj:0)
m_0_4                                               1 	(obj:0)
m_0_2                                               1 	(obj:0)
m_0_0                                               1 	(obj:0)
p_1_11                                              1 	(obj:0)
p_2_10                                              1 	(obj:0)
p_3_9                                               1 	(obj:0)
p_1_8                                               1 	(obj:0)
p_1_7                                               1 	(obj:0)
p_2_6                                               1 	(obj:0)
p_3_5                                               1 	(obj:0)
p_3_4                                               1 	(obj:0)
p_1_3                                               1 	(obj:0)
p_2_2                                               1 	(obj:0)
p_2_1                                               1 	(obj:0)
p_3_0                                               1 	(obj:0)
t_11_11                                             1 	(obj:0)
t_11_8                                              1 	(obj:0)
z_11_7                                              1 	(obj:0)
t_11_7                                              1 	(obj:0)
z_11_4                                              1 	(obj:0)
z_11_3                                              1 	(obj:0)
t_11_3                                              1 	(obj:0)
z_11_2                                              1 	(obj:0)
z_11_1                                              1 	(obj:0)
z_11_0                                              1 	(obj:0)
z_10_11                                             1 	(obj:0)
t_10_10                                             1 	(obj:0)
z_10_7                                              1 	(obj:0)
z_10_6                                              1 	(obj:0)
t_10_6                                              1 	(obj:0)
z_10_5                                              1 	(obj:0)
z_10_4                                              1 	(obj:0)
z_10_3                                              1 	(obj:0)
z_10_2                                              1 	(obj:0)
t_10_2                                              1 	(obj:0)
z_10_1                                              1 	(obj:0)
t_10_1                                              1 	(obj:0)
z_10_0                                              1 	(obj:0)
z_9_11                                              1 	(obj:0)
t_9_9                                               1 	(obj:0)
z_9_7                                               1 	(obj:0)
z_9_6                                               1 	(obj:0)
z_9_5                                               1 	(obj:0)
t_9_5                                               1 	(obj:0)
z_9_4                                               1 	(obj:0)
t_9_4                                               1 	(obj:0)
z_9_3                                               1 	(obj:0)
z_9_2                                               1 	(obj:0)
z_9_1                                               1 	(obj:0)
z_9_0                                               1 	(obj:0)
t_9_0                                               1 	(obj:0)
z_8_11                                              1 	(obj:0)
t_8_11                                              1 	(obj:0)
t_8_8                                               1 	(obj:0)
z_8_7                                               1 	(obj:0)
t_8_7                                               1 	(obj:0)
z_8_6                                               1 	(obj:0)
z_8_5                                               1 	(obj:0)
z_8_4                                               1 	(obj:0)
z_8_3                                               1 	(obj:0)
t_8_3                                               1 	(obj:0)
z_8_2                                               1 	(obj:0)
z_8_1                                               1 	(obj:0)
z_8_0                                               1 	(obj:0)
t_7_11                                              1 	(obj:0)
t_7_8                                               1 	(obj:0)
t_7_7                                               1 	(obj:0)
z_7_3                                               1 	(obj:0)
t_7_3                                               1 	(obj:0)
z_7_1                                               1 	(obj:0)
z_7_0                                               1 	(obj:0)
t_6_10                                              1 	(obj:0)
z_6_7                                               1 	(obj:0)
t_6_6                                               1 	(obj:0)
z_6_4                                               1 	(obj:0)
z_6_3                                               1 	(obj:0)
z_6_2                                               1 	(obj:0)
t_6_2                                               1 	(obj:0)
z_6_1                                               1 	(obj:0)
t_6_1                                               1 	(obj:0)
z_6_0                                               1 	(obj:0)
t_5_9                                               1 	(obj:0)
z_5_7                                               1 	(obj:0)
t_5_5                                               1 	(obj:0)
z_5_4                                               1 	(obj:0)
t_5_4                                               1 	(obj:0)
z_5_3                                               1 	(obj:0)
z_5_2                                               1 	(obj:0)
z_5_1                                               1 	(obj:0)
z_5_0                                               1 	(obj:0)
t_5_0                                               1 	(obj:0)
t_4_9                                               1 	(obj:0)
t_4_5                                               1 	(obj:0)
t_4_4                                               1 	(obj:0)
z_4_0                                               1 	(obj:0)
t_4_0                                               1 	(obj:0)
t_3_11                                              1 	(obj:0)
t_3_8                                               1 	(obj:0)
t_3_7                                               1 	(obj:0)
t_3_3                                               1 	(obj:0)
t_2_10                                              1 	(obj:0)
t_2_6                                               1 	(obj:0)
t_2_2                                               1 	(obj:0)
z_2_1                                               1 	(obj:0)
t_2_1                                               1 	(obj:0)
z_2_0                                               1 	(obj:0)
t_1_10                                              1 	(obj:0)
t_1_6                                               1 	(obj:0)
t_1_2                                               1 	(obj:0)
t_1_1                                               1 	(obj:0)
t_0_9                                               1 	(obj:0)
t_0_5                                               1 	(obj:0)
t_0_4                                               1 	(obj:0)
t_0_0                                               1 	(obj:0)
y_7_1_11                                            1 	(obj:0)
y_7_2_11                                            1 	(obj:0)
y_6_1_11                                            1 	(obj:0)
y_6_2_11                                            1 	(obj:0)
y_6_3_11                                            1 	(obj:0)
y_5_1_11                                            1 	(obj:0)
y_5_2_11                                            1 	(obj:0)
y_5_3_11                                            1 	(obj:0)
y_4_1_11                                            1 	(obj:0)
y_2_1_11                                            1 	(obj:0)
y_1_1_11                                            1 	(obj:0)
y_0_1_11                                            1 	(obj:0)
y_7_1_10                                            1 	(obj:0)
y_7_2_10                                            1 	(obj:0)
y_6_1_10                                            1 	(obj:0)
y_6_2_10                                            1 	(obj:0)
y_6_3_10                                            1 	(obj:0)
y_5_1_10                                            1 	(obj:0)
y_5_2_10                                            1 	(obj:0)
y_5_3_10                                            1 	(obj:0)
y_4_1_10                                            1 	(obj:0)
y_7_1_9                                             1 	(obj:0)
y_7_2_9                                             1 	(obj:0)
y_6_1_9                                             1 	(obj:0)
y_6_2_9                                             1 	(obj:0)
y_6_3_9                                             1 	(obj:0)
y_5_1_9                                             1 	(obj:0)
y_5_2_9                                             1 	(obj:0)
y_5_3_9                                             1 	(obj:0)
y_4_1_9                                             1 	(obj:0)
y_7_1_8                                             1 	(obj:0)
y_7_2_8                                             1 	(obj:0)
y_6_1_8                                             1 	(obj:0)
y_6_2_8                                             1 	(obj:0)
y_6_3_8                                             1 	(obj:0)
y_5_1_8                                             1 	(obj:0)
y_5_2_8                                             1 	(obj:0)
y_5_3_8                                             1 	(obj:0)
y_4_1_8                                             1 	(obj:0)
y_7_1_7                                             1 	(obj:0)
y_7_2_7                                             1 	(obj:0)
y_4_1_7                                             1 	(obj:0)
y_3_1_7                                             1 	(obj:0)
y_2_1_7                                             1 	(obj:0)
y_1_1_7                                             1 	(obj:0)
y_0_1_7                                             1 	(obj:0)
y_7_1_6                                             1 	(obj:0)
y_7_2_6                                             1 	(obj:0)
y_6_1_6                                             1 	(obj:0)
y_6_2_6                                             1 	(obj:0)
y_6_3_6                                             1 	(obj:0)
y_5_1_6                                             1 	(obj:0)
y_5_2_6                                             1 	(obj:0)
y_5_3_6                                             1 	(obj:0)
y_4_1_6                                             1 	(obj:0)
y_2_1_6                                             1 	(obj:0)
y_1_1_6                                             1 	(obj:0)
y_0_1_6                                             1 	(obj:0)
y_7_1_5                                             1 	(obj:0)
y_7_2_5                                             1 	(obj:0)
y_6_1_5                                             1 	(obj:0)
y_6_2_5                                             1 	(obj:0)
y_6_3_5                                             1 	(obj:0)
y_5_1_5                                             1 	(obj:0)
y_5_2_5                                             1 	(obj:0)
y_5_3_5                                             1 	(obj:0)
y_4_1_5                                             1 	(obj:0)
y_2_1_5                                             1 	(obj:0)
y_1_1_5                                             1 	(obj:0)
y_0_1_5                                             1 	(obj:0)
y_7_1_4                                             1 	(obj:0)
y_7_2_4                                             1 	(obj:0)
y_4_1_4                                             1 	(obj:0)
y_3_1_4                                             1 	(obj:0)
y_2_1_4                                             1 	(obj:0)
y_1_1_4                                             1 	(obj:0)
y_0_1_4                                             1 	(obj:0)
y_4_1_3                                             1 	(obj:0)
y_3_1_3                                             1 	(obj:0)
y_2_1_3                                             1 	(obj:0)
y_1_1_3                                             1 	(obj:0)
y_0_1_3                                             1 	(obj:0)
y_7_1_2                                             1 	(obj:0)
y_7_2_2                                             1 	(obj:0)
y_4_1_2                                             1 	(obj:0)
y_3_1_2                                             1 	(obj:0)
y_2_1_2                                             1 	(obj:0)
y_1_1_2                                             1 	(obj:0)
y_0_1_2                                             1 	(obj:0)
y_4_1_1                                             1 	(obj:0)
y_3_1_1                                             1 	(obj:0)
y_1_1_1                                             1 	(obj:0)
y_0_1_1                                             1 	(obj:0)
y_3_1_0                                             1 	(obj:0)
y_1_1_0                                             1 	(obj:0)
y_0_1_0                                             1 	(obj:0)
s_11                                               15 	(obj:0)
s_10                                               23 	(obj:0)
s_9                                                23 	(obj:0)
s_8                                                23 	(obj:0)
s_7                                                10 	(obj:0)
s_6                                                15 	(obj:0)
s_5                                                15 	(obj:0)
s_4                                                 5 	(obj:0)
s_2                                                 7 	(obj:0)
l                                                  28 	(obj:1)

Statistics
==========

SCIP Status        : problem is solved [optimal solution found]
Total Time         :       4.87
  solving          :       4.87
  presolving       :       0.74 (included in solving)
  reading          :       0.00
  copying          :       0.04 (11 #copies) (minimal 0.00, maximal 0.01, average 0.00)
Original Problem   :
  Problem name     : /Users/maxbig/SCIP/SCIPOptSuite-9.2.1-Linux/inputs/new_no_tr/order/layered_12_2_buf_times_P3_M11500_up_right_input.lp
  Variables        : 625 (612 binary, 13 integer, 0 continuous)
  Implied int vars : 0 (0 binary, 0 integer, 0 continuous)
  Constraints      : 2019 initial, 2019 maximal
  Objective        : minimize, 1 non-zeros (abs.min = 1, abs.max = 1)
Presolved Problem  :
  Problem name     : t_/Users/maxbig/SCIP/SCIPOptSuite-9.2.1-Linux/inputs/new_no_tr/order/layered_12_2_buf_times_P3_M11500_up_right_input.lp
  Variables        : 521 (508 binary, 13 integer, 0 continuous)
  Implied int vars : 0 (0 binary, 0 integer, 0 continuous)
  Constraints      : 1501 initial, 1570 maximal
  Objective        : minimize, 1 non-zeros (abs.min = 1, abs.max = 1)
  Nonzeros         : 4923 constraint, 108 clique table
Presolvers         :   ExecTime  SetupTime  Calls  FixedVars   AggrVars   ChgTypes  ChgBounds   AddHoles    DelCons    AddCons   ChgSides   ChgCoefs
  boundshift       :       0.00       0.00      0          0          0          0          0          0          0          0          0          0
  convertinttobin  :       0.00       0.00      0          0          0          0          0          0          0          0          0          0
  domcol           :       0.00       0.00      3          0          0          0          0          0          0          0          0          0
  dualagg          :       0.00       0.00      0          0          0          0          0          0          0          0          0          0
  dualcomp         :       0.00       0.00      0          0          0          0          0          0          0          0          0          0
  dualinfer        :       0.00       0.00      0          0          0          0          0          0          0          0          0          0
  dualsparsify     :       0.01       0.00      1          0          0          0          0          0          0          0          0          0
  gateextraction   :       0.00       0.00      3          0          0          0          0          0          0          0          0          0
  implics          :       0.00       0.00      8          0          0          0          0          0          0          0          0          0
  implint          :       0.00       0.00      0          0          0          0          0          0          0          0          0          0
  inttobinary      :       0.00       0.00     14          0          0          0          0          0          0          0          0          0
  milp             :       0.00       0.00      1          0          0          0          1          0          0          0          0          0
  qpkktref         :       0.00       0.00      0          0          0          0          0          0          0          0          0          0
  redvub           :       0.00       0.00      0          0          0          0          0          0          0          0          0          0
  sparsify         :       0.00       0.00      1          0          0          0          0          0          0          0          0          0
  stuffing         :       0.00       0.00      0          0          0          0          0          0          0          0          0          0
  trivial          :       0.00       0.00     14         46          0          0          0          0          0          0          0          0
  tworowbnd        :       0.00       0.00      0          0          0          0          0          0          0          0          0          0
  dualfix          :       0.00       0.00     14         32          0          0          0          0          0          0          0          0
  genvbounds       :       0.00       0.00      0          0          0          0          0          0          0          0          0          0
  probing          :       0.69       0.00      3          0         10          0          0          0          0          0          0          0
  pseudoobj        :       0.00       0.00      0          0          0          0          0          0          0          0          0          0
  symmetry         :       0.00       0.00      1          3          0          0          0          0          0          1          0          0
  vbounds          :       0.00       0.00      2          0         12          0          0          0          0          0          0          0
  varbound         :       0.00       0.00     11          0          0          0          0          0          0          0          0          0
  knapsack         :       0.00       0.00     14          0          0          0          0          0          0          0          0          0
  setppc           :       0.00       0.00     14          0          1          0          0          0          2          0          0          0
  linear           :       0.03       0.00     21          0          0          0         28          0        375          0         62          0
  orbitope_pp      :       0.00       0.00      3          0          0          0          0          0          0          0          0          0
  logicor          :       0.00       0.00     14          0          0          0          0          0        142          0          0         66
  bounddisjunction :       0.00       0.00      0          0          0          0          0          0          0          0          0          0
  components       :       0.00       0.00      1          0          0          0          0          0          0          0          0          0
  root node        :          -          -      -        204          -          -        326          -          -          -          -          -
Constraints        :     Number  MaxNumber  #Separate #Propagate    #EnfoLP    #EnfoRelax  #EnfoPS    #Check   #ResProp    Cutoffs    DomReds       Cuts    Applied      Conss   Children
  integral         :          0          0          0          0         46          0          0         40          0          0          0          0          0          0         92
  varbound         :         42         42         27      11433          0          0          0         35          7          0          4          0          0          0          0
  knapsack         :          9          9         27      11174          0          0          0         29          3          1          6         74         18          0          0
  setppc           :         10+        25         27       9534          0          0          0         16         42          4         66          0          0          0          0
  linear           :        789        789         27      11428          0          0          0         13         68         66        405          0          0          0          0
  orbitope_pp      :          1          1          0       6007          0          0          0          6          1          0          1          0          0          0          0
  logicor          :        650+       692         27       1815          0          0          0          6         59         14        280          0          0          0          0
  bounddisjunction :          0+        27          0        674          0          0          0          0          7          0          2          0          0          0          0
  fixedvar         :          0          0          0          0          0          0          0          7          0          0          0          0          0          0          0
  countsols        :          0          0          0          0          0          0          0          7          0          0          0          0          0          0          0
  components       :          0          0          0          0          0          0          0          0          0          0          0          0          0          0          0
Constraint Timings :  TotalTime  SetupTime   Separate  Propagate     EnfoLP     EnfoPS     EnfoRelax   Check    ResProp    SB-Prop
  integral         :       0.03       0.00       0.00       0.00       0.03       0.00       0.00       0.00       0.00       0.00
  varbound         :       0.13       0.00       0.00       0.13       0.00       0.00       0.00       0.00       0.00       0.00
  knapsack         :       0.00       0.00       0.00       0.00       0.00       0.00       0.00       0.00       0.00       0.00
  setppc           :       0.00       0.00       0.00       0.00       0.00       0.00       0.00       0.00       0.00       0.00
  linear           :       0.46       0.00       0.00       0.46       0.00       0.00       0.00       0.00       0.00       0.00
  orbitope_pp      :       0.00       0.00       0.00       0.00       0.00       0.00       0.00       0.00       0.00       0.00
  logicor          :       0.01       0.00       0.00       0.01       0.00       0.00       0.00       0.00       0.00       0.00
  bounddisjunction :       0.00       0.00       0.00       0.00       0.00       0.00       0.00       0.00       0.00       0.00
  fixedvar         :       0.00       0.00       0.00       0.00       0.00       0.00       0.00       0.00       0.00       0.00
  countsols        :       0.00       0.00       0.00       0.00       0.00       0.00       0.00       0.00       0.00       0.00
  components       :       0.00       0.00       0.00       0.00       0.00       0.00       0.00       0.00       0.00       0.00
Propagators        : #Propagate   #ResProp    Cutoffs    DomReds
  dualfix          :          2          0          0          0
  genvbounds       :          0          0          0          0
  nlobbt           :          0          0          0          0
  obbt             :          0          0          0          0
  probing          :          0          0          0          0
  pseudoobj        :        221          0          0          4
  redcost          :        104          0          0          0
  rootredcost      :          5          0          0        181
  symmetry         :          0          0          0          0
  vbounds          :       2161         44         11        140
Propagator Timings :  TotalTime  SetupTime   Presolve  Propagate    ResProp    SB-Prop
  dualfix          :       0.00       0.00       0.00       0.00       0.00       0.00
  genvbounds       :       0.00       0.00       0.00       0.00       0.00       0.00
  nlobbt           :       0.00       0.00       0.00       0.00       0.00       0.00
  obbt             :       0.00       0.00       0.00       0.00       0.00       0.00
  probing          :       0.69       0.00       0.69       0.00       0.00       0.00
  pseudoobj        :       0.00       0.00       0.00       0.00       0.00       0.00
  redcost          :       0.00       0.00       0.00       0.00       0.00       0.00
  rootredcost      :       0.00       0.00       0.00       0.00       0.00       0.00
  symmetry         :       0.00       0.00       0.00       0.00       0.00       0.00
  vbounds          :       0.04       0.00       0.00       0.04       0.00       0.00
Symmetry           :
  #affected vars   :         36 (36 bin, 0 int, 0 cont)
  orbitopal red.   :          0 reductions applied,          0 cutoffs
  orbital reduction:          0 reductions applied,          0 cutoffs
  lexicographic red:          0 reductions applied,          0 cutoffs
  shadow tree time :       0.00 s
Conflict Analysis  :       Time      Calls    Success    DomReds  Conflicts   Literals    Reconvs ReconvLits   Dualrays   Nonzeros   LP Iters   (pool size: [10000,10000])
  propagation      :       0.00         43         40          -         50        3.7          2        5.0          -          -          -
  infeasible LP    :       0.00         13         13          -         15        3.5          1        3.0         13        3.5          0
  bound exceed. LP :       0.00          1          2          -          1        1.0          0        0.0          1        1.0          0
  strong branching :       0.00          0          0          -          0        0.0          0        0.0          -          -          0
  pseudo solution  :       0.00          0          0          -          0        0.0          0        0.0          -          -          -
  applied globally :       0.00          -          -          1         69        3.6          -          -         14          -          -
  applied locally  :          -          -          -          0          0        0.0          -          -          0          -          -
Gen. Resolution CA :       Time      Calls    Success  Conflicts  LargeCoef  LongConfs    Length
  propagation      :       0.00          0          0          0          0          0       0.0
Separators         :   ExecTime  SetupTime      Calls  RootCalls    Cutoffs    DomReds  FoundCuts ViaPoolAdd  DirectAdd    Applied ViaPoolApp  DirectApp      Conss
  cut pool         :       0.00          -         68         48          -          -       2794       4375          -          -          -          -          -    (maximal pool size:       2788)
  aggregation      :       0.02       0.00         36         27          0          0         92        169          0         57         57          0          0
  > cmir           :          -          -          -          -          -          -          -        136          0         48         48          0          -
  > flowcover      :          -          -          -          -          -          -          -         26          0          7          7          0          -
  > knapsackcover  :          -          -          -          -          -          -          -          7          0          2          2          0          -
  cgmip            :       0.00       0.00          0          0          0          0          0          0          0          0          0          0          0
  clique           :       0.00       0.00         27         27          0          0          0          0          0          0          0          0          0
  closecuts        :       0.00       0.00          0          0          0          0          0          0          0          0          0          0          0
  convexproj       :       0.00       0.00          0          0          0          0          0          0          0          0          0          0          0
  disjunctive      :       0.00       0.00          0          0          0          0          0          0          0          0          0          0          0
  eccuts           :       0.00       0.00          0          0          0          0          0          0          0          0          0          0          0
  flower           :       0.00       0.00         35         27          0          0          0          0          0          0          0          0          0
  gauge            :       0.00       0.00          0          0          0          0          0          0          0          0          0          0          0
  gomory           :       0.08       0.00         19         10          0          0       2215       3468          0        263        263          0          0
  > gomorymi       :          -          -          -          -          -          -          -       1484          0        139        139          0          -
  > strongcg       :          -          -          -          -          -          -          -       1984          0        124        124          0          -
  impliedbounds    :       0.00       0.00         36         27          0          0        381        578          0         71         71          0          0
  interminor       :       0.00       0.00          0          0          0          0          0          0          0          0          0          0          0
  intobj           :       0.00       0.00          0          0          0          0          0          0          0          0          0          0          0
  lagromory        :       0.00       0.00          0          0          0          0          0          0          0          0          0          0          0
  mcf              :       0.00       0.00          1          1          0          0          0          0          0          0          0          0          0
  minor            :       0.00       0.00          0          0          0          0          0          0          0          0          0          0          0
  mixing           :       0.00       0.00         36         27          0          0          0          0          0          0          0          0          0
  oddcycle         :       0.00       0.00          0          0          0          0          0          0          0          0          0          0          0
  rapidlearning    :       3.42       0.00          9          1          0        284          0          0          0          0          0          0         20
  rlt              :       0.00       0.00         10         10          0          0          0          0          0          0          0          0          0
  zerohalf         :       0.01       0.00         29         20          0          0        101        160          1         50         50          0          0
Cutselectors       :   ExecTime  SetupTime      Calls  RootCalls   Selected     Forced   Filtered  RootSelec   RootForc   RootFilt 
  hybrid           :       0.00       0.00         37         26        459          0       3991        296          0       2568
  ensemble         :       0.00       0.00          0          0          0          0          0          0          0          0
  dynamic          :       0.00       0.00          0          0          0          0          0          0          0          0
Pricers            :   ExecTime  SetupTime      Calls       Vars
  problem variables:       0.00          -          0          0
Branching Rules    :   ExecTime  SetupTime   BranchLP  BranchExt   BranchPS    Cutoffs    DomReds       Cuts      Conss   Children
  allfullstrong    :       0.00       0.00          0          0          0          0          0          0          0          0
  cloud            :       0.00       0.00          0          0          0          0          0          0          0          0
  distribution     :       0.00       0.00          0          0          0          0          0          0          0          0
  fullstrong       :       0.00       0.00          0          0          0          0          0          0          0          0
  gomory           :       0.00       0.00          0          0          0          0          0          0          0          0
  inference        :       0.00       0.00          0          0          0          0          0          0          0          0
  leastinf         :       0.00       0.00          0          0          0          0          0          0          0          0
  lookahead        :       0.00       0.00          0          0          0          0          0          0          0          0
  mostinf          :       0.00       0.00          0          0          0          0          0          0          0          0
  multaggr         :       0.00       0.00          0          0          0          0          0          0          0          0
  nodereopt        :       0.00       0.00          0          0          0          0          0          0          0          0
  pscost           :       0.00       0.00          0          0          0          0          0          0          0          0
  random           :       0.00       0.00          0          0          0          0          0          0          0          0
  relpscost        :       0.03       0.00         46          0          0          0          0          0          0         92
  vanillafullstrong:       0.00       0.00          0          0          0          0          0          0          0          0
Primal Heuristics  :   ExecTime  SetupTime      Calls      Found       Best
  LP solutions     :       0.00          -          -          0          0
  relax solutions  :       0.00          -          -          0          0
  pseudo solutions :       0.00          -          -          0          0
  strong branching :       0.00          -          -          0          0
  actconsdiving    :       0.00       0.00          0          0          0
  adaptivediving   :       0.02       0.00          2          1          1
  alns             :       0.01       0.00          1          0          0
  bound            :       0.00       0.00          0          0          0
  clique           :       0.00       0.00          1          0          0
  coefdiving       :       0.00       0.00          0          0          0
  completesol      :       0.00       0.00          0          0          0
  conflictdiving   :       0.03       0.00          1          0          0
  crossover        :       0.00       0.00          0          0          0
  dins             :       0.00       0.00          0          0          0
  distributiondivin:       0.01       0.00          1          1          1
  dks              :       0.00       0.00          0          0          0
  dps              :       0.00       0.00          0          0          0
  dualval          :       0.00       0.00          0          0          0
  farkasdiving     :       0.00       0.00          0          0          0
  feaspump         :       0.00       0.00          1          0          0
  fixandinfer      :       0.00       0.00          0          0          0
  fracdiving       :       0.01       0.00          1          0          0
  gins             :       0.00       0.00          0          0          0
  guideddiving     :       0.01       0.00          1          1          1
  indicator        :       0.00       0.00          0          0          0
  indicatordiving  :       0.00       0.00          0          0          0
  intdiving        :       0.00       0.00          0          0          0
  intshifting      :       0.00       0.00          0          0          0
  linesearchdiving :       0.01       0.00          1          0          0
  localbranching   :       0.00       0.00          0          0          0
  locks            :       0.01       0.00          1          0          0
  lpface           :       0.00       0.00          0          0          0
  mpec             :       0.00       0.00          0          0          0
  multistart       :       0.00       0.00          0          0          0
  mutation         :       0.00       0.00          0          0          0
  nlpdiving        :       0.00       0.00          0          0          0
  objpscostdiving  :       0.02       0.00          1          0          0
  octane           :       0.00       0.00          0          0          0
  ofins            :       0.00       0.00          0          0          0
  oneopt           :       0.00       0.00          6          0          0
  padm             :       0.00       0.00          0          0          0
  proximity        :       0.00       0.00          0          0          0
  pscostdiving     :       0.04       0.00          1          1          1
  randrounding     :       0.09       0.00         46          0          0
  rens             :       0.01       0.00          1          0          0
  reoptsols        :       0.00       0.00          0          0          0
  repair           :       0.00       0.00          0          0          0
  rins             :       0.00       0.00          0          0          0
  rootsoldiving    :       0.02       0.00          1          0          0
  rounding         :       0.00       0.00         95          0          0
  scheduler        :       0.00       0.00          0          0          0
  shiftandpropagate:       0.02       0.00          1          0          0
  shifting         :       0.07       0.00         57          0          0
  simplerounding   :       0.00       0.00         98          0          0
  subnlp           :       0.00       0.00          0          0          0
  trivial          :       0.00       0.00          2          0          0
  trivialnegation  :       0.00       0.00          0          0          0
  trustregion      :       0.00       0.00          0          0          0
  trysol           :       0.00       0.00          0          0          0
  twoopt           :       0.00       0.00          0          0          0
  undercover       :       0.00       0.00          0          0          0
  vbounds          :       0.08       0.00          1          0          0
  veclendiving     :       0.00       0.00          1          0          0
  zeroobj          :       0.00       0.00          0          0          0
  zirounding       :       0.00       0.00         46          0          0
  other solutions  :          -          -          -          0          -
LNS (Scheduler)    :      Calls  SetupTime  SolveTime SolveNodes       Sols       Best       Exp3    Exp3-IX  EpsGreedy        UCB TgtFixRate  Opt  Inf Node Stal  Sol  Usr Othr Actv
  rens             :          0       0.00       0.00          0          0          0    0.00000    0.12500   -1.00000    1.00000      0.900    0    0    0    0    0    0    0    1
  rins             :          0       0.00       0.00          0          0          0    0.00000    0.12500   -1.00000    1.00000      0.900    0    0    0    0    0    0    0    1
  mutation         :          0       0.00       0.00          0          0          0    0.00000    0.12500   -1.00000    1.00000      0.900    0    0    0    0    0    0    0    1
  localbranching   :          0       0.00       0.00          0          0          0    0.00000    0.12500   -1.00000    1.00000      0.900    0    0    0    0    0    0    0    1
  crossover        :          0       0.00       0.00          0          0          0    0.00000    0.12500   -1.00000    1.00000      0.900    0    0    0    0    0    0    0    1
  proximity        :          0       0.00       0.00          0          0          0    0.00000    0.12500   -1.00000    1.00000      0.900    0    0    0    0    0    0    0    1
  zeroobjective    :          0       0.00       0.00          0          0          0    0.00000    0.12500   -1.00000    1.00000      0.900    0    0    0    0    0    0    0    1
  dins             :          0       0.00       0.00          0          0          0    0.00000    0.12500   -1.00000    1.00000      0.900    0    0    0    0    0    0    0    1
  trustregion      :          0       0.00       0.00          0          0          0    0.00000    0.00000   -1.00000    1.00000      0.900    0    0    0    0    0    0    0    0
LP                 :       Time      Calls Iterations  Iter/call   Iter/sec  Time-0-It Calls-0-It
  primal LP        :       0.00          8          0       0.00          -       0.00          8
  dual LP          :       0.06         99       2542      26.21   39415.74       0.00          2
  lex dual LP      :       0.00          0          0       0.00          -
  barrier LP       :       0.00          0          0       0.00          -       0.00          0
  resolve instable :       0.00          0          0       0.00          -
  diving/probing LP:       0.14        117       3980      34.02   29149.61
  strong branching :       0.02         20       1053      52.65   47449.53          -          -          0
    (at root node) :          -         20       1053      52.65          -
  conflict analysis:       0.00          0          0       0.00          -
Relaxators         :       Time      Calls    Cutoffs ImprBounds   ImprTime ReducedDom  Separated AddedConss
  benders          :       0.00          0          0          0       0.00          0          0          0
B&B Tree           :
  number of runs   :          1
  nodes            :         57 (46 internal, 11 leaves)
  feasible leaves  :          0
  infeas. leaves   :         10
  objective leaves :          1
  nodes (total)    :         57 (46 internal, 11 leaves)
  nodes left       :          0
  max depth        :         14
  max depth (total):         14
  backtracks       :         22 (38.6%)
  early backtracks :          0 (0.0%)
  nodes exc. ref.  :          0 (0.0%)
  delayed cutoffs  :         31
  repropagations   :         41 (374 domain reductions, 4 cutoffs)
  avg switch length:       4.63
  switching time   :       0.01
Root Node          :
  First LP value   : +2.10000000000000e+01
  First LP Iters   :        288 (82877.70 Iter/sec)
  First LP Time    :       0.00
  Final Dual Bound :          -
  Final Root Iters :       2062
  Root LP Estimate : +2.69660510934071e+01
Solution           :
  Solutions found  :          6 (6 improvements)
  First Solution   : +5.80000000000000e+01   (in run 1, after 6 nodes, 4.44 seconds, depth 31, found by <pscostdiving>)
  Gap First Sol.   :     132.00 %
  Gap Last Sol.    :      12.00 %
  Primal Bound     : +2.80000000000000e+01   (in run 1, after 57 nodes, 4.87 seconds, depth 5, found by <relaxation>)
  Dual Bound       : +2.80000000000000e+01
  Gap              :       0.00 %
Integrals          :      Total       Avg%
  primal-dual      :     456.03      93.64
  primal-ref       :          -          - (not evaluated)
  dual-ref         :          -          - (not evaluated)
