SCIP version 10.0.0 [precision: 8 byte] [memory: block] [mode: optimized] [LP solver: SoPlex 8.0.0] [GitHash: 0c80fdd8e9]
Copyright (c) 2002-2025 Zuse Institute Berlin (ZIB)

External libraries: 
  Readline 8.3         GNU library for command line editing (gnu.org/s/readline)
  SoPlex 8.0.0         Linear programming solver developed at Zuse Institute Berlin (soplex.zib.de) [GitHash: 2207cfb2]
  CppAD 20180000.0     Algorithmic Differentiation of C++ algorithms developed by B. Bell (github.com/coin-or/CppAD)
  ZLIB 1.2.12          General purpose compression library by J. Gailly and M. Adler (zlib.net)
  MPFR 4.2.2           GNU Multiple Precision Floating-Point Reliable Library (mpfr.org)
  Boost 1.89.0         Boost C++ Libraries (boost.org)
  TinyCThread 1.2      small portable implementation of the C11 threads API (tinycthread.github.io)
  GMP 6.3.0            GNU Multiple Precision Arithmetic Library developed by T. Granlund (gmplib.org)
  AMPL/MP 4.0.3        AMPL .nl file reader library (github.com/ampl/mp)
  PaPILO 3.0.0         parallel presolve for integer and linear optimization (github.com/scipopt/papilo) (built with TBB)
  Nauty 2.8.8          Computing Graph Automorphism Groups by Brendan D. McKay (users.cecs.anu.edu.au/~bdm/nauty)
  sassy 2.0            Symmetry preprocessor by Markus Anders (github.com/markusa4/sassy)
  Ipopt 3.14.19        Interior Point Optimizer developed by A. Waechter et.al. (github.com/coin-or/Ipopt)

reading user parameter file </Users/maxbig/SCIP/SCIPOptSuite-9.2.1-Linux/only_time.set>

read problem </Users/maxbig/SCIP/SCIPOptSuite-9.2.1-Linux/inputs/new_no_tr/order/layered_12_2_buf_times_P2_M13500_down_left_input.lp>
============

original problem has 613 variables (600 bin, 13 int, 0 cont) and 1732 constraints

solve problem
=============

presolving:
(round 1, fast)       68 del vars, 48 del conss, 0 add conss, 18 chg bounds, 0 chg sides, 0 chg coeffs, 0 upgd conss, 0 impls, 0 clqs, 0 implints
   (0.0s) running MILP presolver
   (0.0s) MILP presolver (2 rounds): 0 aggregations, 0 fixings, 0 bound changes
(round 2, exhaustive) 68 del vars, 340 del conss, 0 add conss, 18 chg bounds, 9 chg sides, 0 chg coeffs, 0 upgd conss, 0 impls, 0 clqs, 0 implints
(round 3, fast)       72 del vars, 340 del conss, 0 add conss, 18 chg bounds, 9 chg sides, 0 chg coeffs, 0 upgd conss, 0 impls, 0 clqs, 0 implints
(round 4, exhaustive) 72 del vars, 344 del conss, 0 add conss, 18 chg bounds, 13 chg sides, 0 chg coeffs, 0 upgd conss, 0 impls, 0 clqs, 0 implints
(round 5, fast)       75 del vars, 344 del conss, 0 add conss, 18 chg bounds, 13 chg sides, 0 chg coeffs, 0 upgd conss, 0 impls, 0 clqs, 0 implints
(round 6, exhaustive) 75 del vars, 344 del conss, 0 add conss, 18 chg bounds, 13 chg sides, 0 chg coeffs, 566 upgd conss, 0 impls, 0 clqs, 0 implints
(round 7, exhaustive) 75 del vars, 345 del conss, 0 add conss, 18 chg bounds, 14 chg sides, 0 chg coeffs, 566 upgd conss, 0 impls, 0 clqs, 0 implints
   (0.6s) probing cycle finished: starting next cycle
   (0.6s) symmetry computation started: requiring (bin +, int +, cont +), (fixed: bin -, int -, cont -)
   (0.6s) no symmetry present (symcode time: 0.00)
presolving (8 rounds: 8 fast, 5 medium, 5 exhaustive):
 75 deleted vars, 345 deleted constraints, 0 added constraints, 18 tightened bounds, 0 added holes, 14 changed sides, 0 changed coefficients
 2400 implications, 0 cliques, 0 implied integral variables (0 bin, 0 int, 0 cont)
presolved problem has 538 variables (525 bin, 13 int, 0 cont) and 1387 constraints
     38 constraints of type <varbound>
    821 constraints of type <linear>
    528 constraints of type <logicor>
transformed objective value is always integral (scale: 1)
Presolving Time: 0.64

 time | node  | left  |LP iter|LP it/n|mem/heur|mdpt |vars |cons |rows |cuts |sepa|confs|strbr|  dualbound   | primalbound  |  gap   | compl. 
  0.7s|     1 |     0 |   379 |     - |    13M |   0 | 538 |1391 |1387 |   0 |  0 |   4 |   0 | 2.000000e+01 |      --      |    Inf | unknown
  0.7s|     1 |     0 |  1092 |     - |    14M |   0 | 538 |1391 |1419 |  34 |  1 |   4 |   0 | 2.000000e+01 |      --      |    Inf | unknown
  0.7s|     1 |     0 |  1202 |     - |    15M |   0 | 538 |1392 |1433 |  48 |  2 |   5 |   0 | 2.000000e+01 |      --      |    Inf | unknown
  0.7s|     1 |     0 |  1282 |     - |    15M |   0 | 538 |1392 |1441 |  56 |  3 |   5 |   0 | 2.000000e+01 |      --      |    Inf | unknown
  0.8s|     1 |     0 |  1325 |     - |    15M |   0 | 538 |1393 |1453 |  68 |  4 |   6 |   0 | 2.000000e+01 |      --      |    Inf | unknown
  0.8s|     1 |     0 |  1350 |     - |    15M |   0 | 538 |1393 |1458 |  73 |  5 |   6 |   0 | 2.000000e+01 |      --      |    Inf | unknown
  0.8s|     1 |     0 |  1424 |     - |    15M |   0 | 538 |1393 |1462 |  77 |  6 |   6 |   0 | 2.000512e+01 |      --      |    Inf | unknown
  0.8s|     1 |     0 |  1470 |     - |    15M |   0 | 538 |1393 |1462 |  77 |  6 |   6 |   0 | 2.100000e+01 |      --      |    Inf | unknown
  0.8s|     1 |     0 |  1591 |     - |    16M |   0 | 538 |1393 |1471 |  86 |  7 |   6 |   0 | 2.100000e+01 |      --      |    Inf | unknown
  0.8s|     1 |     0 |  1679 |     - |    16M |   0 | 538 |1394 |1480 |  95 |  8 |   7 |   0 | 2.100000e+01 |      --      |    Inf | unknown
  0.8s|     1 |     0 |  1745 |     - |    17M |   0 | 538 |1395 |1487 | 102 |  9 |   8 |   0 | 2.100000e+01 |      --      |    Inf | unknown
  0.8s|     1 |     0 |  1837 |     - |    17M |   0 | 538 |1396 |1493 | 108 | 10 |   9 |   0 | 2.100000e+01 |      --      |    Inf | unknown
  0.9s|     1 |     0 |  1878 |     - |    18M |   0 | 538 |1397 |1498 | 113 | 11 |  10 |   0 | 2.100000e+01 |      --      |    Inf | unknown
  0.9s|     1 |     0 |  1905 |     - |    18M |   0 | 538 |1398 |1506 | 121 | 12 |  11 |   0 | 2.100000e+01 |      --      |    Inf | unknown
  0.9s|     1 |     0 |  1957 |     - |    18M |   0 | 538 |1398 |1509 | 124 | 13 |  11 |   0 | 2.100000e+01 |      --      |    Inf | unknown
 time | node  | left  |LP iter|LP it/n|mem/heur|mdpt |vars |cons |rows |cuts |sepa|confs|strbr|  dualbound   | primalbound  |  gap   | compl. 
  0.9s|     1 |     0 |  1977 |     - |    18M |   0 | 538 |1398 |1514 | 129 | 14 |  11 |   0 | 2.100000e+01 |      --      |    Inf | unknown
  0.9s|     1 |     0 |  1992 |     - |    18M |   0 | 538 |1399 |1520 | 135 | 15 |  12 |   0 | 2.100000e+01 |      --      |    Inf | unknown
  0.9s|     1 |     0 |  1999 |     - |    19M |   0 | 538 |1401 |1523 | 138 | 16 |  14 |   0 | 2.100000e+01 |      --      |    Inf | unknown
  0.9s|     1 |     0 |  2032 |     - |    19M |   0 | 538 |1403 |1455 | 141 | 17 |  16 |   0 | 2.100000e+01 |      --      |    Inf | unknown
  1.0s|     1 |     2 |  2368 |     - |    19M |   0 | 538 |1408 |1455 | 141 | 17 |  21 |  33 | 2.117073e+01 |      --      |    Inf | unknown
d 2.3s|     6 |     7 |  3038 | 203.0 |pscostdi|   5 | 538 |1411 |1430 |   0 |  2 |  24 |  33 | 2.125108e+01 | 6.500000e+01 | 205.87%| unknown
* 2.4s|     9 |     8 |  3315 | 161.5 |    LP  |   5 | 538 |1413 |1430 | 141 |  0 |  28 |  33 | 2.200000e+01 | 5.100000e+01 | 131.82%| unknown
d 2.4s|     9 |    10 |  3763 | 217.5 |distribu|   5 | 538 |1413 |1430 |   0 |  2 |  28 |  33 | 2.200000e+01 | 5.000000e+01 | 127.27%| unknown
* 2.5s|    13 |    12 |  5657 | 302.8 |    LP  |   6 | 538 |1403 |1430 | 141 |  0 |  30 |  33 | 2.200000e+01 | 4.800000e+01 | 118.18%| unknown
* 2.7s|    17 |    14 |  6929 | 306.6 |    LP  |   6 | 538 |1403 |1430 | 141 |  0 |  30 |  33 | 2.200000e+01 | 4.500000e+01 | 104.55%|   6.95%
o 2.7s|    22 |    21 |  8784 | 322.0 |rootsold|   7 | 538 |1407 |1430 | 141 |  1 |  34 |  33 | 2.200000e+01 | 4.300000e+01 |  95.45%|   7.13%
d 2.8s|    46 |    45 | 12499 | 232.8 |conflict|  11 | 538 |1440 |1436 |   0 |  1 |  67 |  33 | 2.200000e+01 | 4.000000e+01 |  81.82%|  11.04%
  3.2s|   100 |    71 | 16472 | 145.9 |    22M |  16 | 538 |1455 |   0 | 319 |  0 |  82 |  33 | 2.200000e+01 | 4.000000e+01 |  81.82%|  15.61%
  3.8s|   200 |   127 | 22946 | 105.1 |    24M |  19 | 538 |1486 |1447 | 645 |  1 | 113 |  33 | 2.200000e+01 | 4.000000e+01 |  81.82%|  17.65%
  4.5s|   300 |   175 | 26559 |  82.1 |    26M |  19 | 538 |1492 |1441 |1203 |  1 | 121 |  33 | 2.200000e+01 | 4.000000e+01 |  81.82%|  18.60%
 time | node  | left  |LP iter|LP it/n|mem/heur|mdpt |vars |cons |rows |cuts |sepa|confs|strbr|  dualbound   | primalbound  |  gap   | compl. 
  4.9s|   400 |   237 | 31388 |  73.6 |    28M |  19 | 538 |1501 |   0 |2090 |  0 | 130 |  33 | 2.200000e+01 | 4.000000e+01 |  81.82%|  21.18%
  5.6s|   500 |   287 | 38282 |  72.7 |    30M |  20 | 538 |1526 |1504 |3125 |  3 | 155 |  33 | 2.200000e+01 | 4.000000e+01 |  81.82%|  22.93%
  6.2s|   600 |   358 | 43539 |  69.3 |    34M |  20 | 538 |1543 |1479 |4431 |  2 | 173 |  33 | 2.200000e+01 | 4.000000e+01 |  81.82%|  22.98%
  6.4s|   700 |   383 | 45522 |  62.2 |    34M |  20 | 538 |1571 |1472 |4754 |  1 | 201 |  33 | 2.200000e+01 | 4.000000e+01 |  81.82%|  23.04%
  6.8s|   800 |   412 | 49004 |  58.8 |    35M |  20 | 538 |1582 |   0 |5534 |  0 | 213 |  33 | 2.200000e+01 | 4.000000e+01 |  81.82%|  26.41%
  7.2s|   900 |   440 | 52619 |  56.3 |    36M |  20 | 538 |1607 |1505 |6182 |  6 | 240 |  33 | 2.200000e+01 | 4.000000e+01 |  81.82%|  27.59%
  7.6s|  1000 |   470 | 55337 |  53.4 |    37M |  20 | 538 |1622 |1430 |6797 |  1 | 256 |  33 | 2.200000e+01 | 4.000000e+01 |  81.82%|  28.80%
  8.3s|  1100 |   527 | 60179 |  52.9 |    44M |  20 | 538 |1632 |1432 |8355 |  1 | 266 |  33 | 2.200000e+01 | 4.000000e+01 |  81.82%|  29.04%
  8.8s|  1200 |   567 | 64383 |  52.0 |    47M |  20 | 538 |1649 |   0 |9548 |  0 | 286 |  33 | 2.200000e+01 | 4.000000e+01 |  81.82%|  30.09%
  9.2s|  1300 |   590 | 68160 |  50.9 |    49M |  20 | 538 |1669 |1432 |  10k|  1 | 306 |  33 | 2.200000e+01 | 4.000000e+01 |  81.82%|  30.57%
  9.8s|  1400 |   645 | 73355 |  51.0 |    51M |  20 | 538 |1679 |   0 |  12k|  0 | 316 |  33 | 2.200000e+01 | 4.000000e+01 |  81.82%|  30.59%
 10.0s|  1500 |   644 | 75409 |  49.0 |    52M |  20 | 538 |1695 |   0 |  12k|  0 | 332 |  33 | 2.200000e+01 | 4.000000e+01 |  81.82%|  30.74%
 10.3s|  1600 |   674 | 78694 |  47.9 |    53M |  20 | 538 |1706 |1446 |  13k|  1 | 343 |  33 | 2.200000e+01 | 4.000000e+01 |  81.82%|  31.52%
Restart triggered after 50 consecutive estimations that the remaining tree will be large
(run 1, node 1666) performing user restart

(restart) converted 73 cuts from the global cut pool into linear constraints

presolving:
(round 1, fast)       143 del vars, 138 del conss, 0 add conss, 0 chg bounds, 673 chg sides, 877 chg coeffs, 0 upgd conss, 2400 impls, 12 clqs, 0 implints
(round 2, fast)       152 del vars, 157 del conss, 0 add conss, 0 chg bounds, 673 chg sides, 877 chg coeffs, 0 upgd conss, 2400 impls, 12 clqs, 0 implints
   (10.6s) running MILP presolver
   (10.6s) MILP presolver (4 rounds): 0 aggregations, 11 fixings, 0 bound changes
(round 3, medium)     163 del vars, 157 del conss, 0 add conss, 0 chg bounds, 673 chg sides, 877 chg coeffs, 0 upgd conss, 2400 impls, 8 clqs, 0 implints
(round 4, fast)       163 del vars, 178 del conss, 0 add conss, 0 chg bounds, 680 chg sides, 877 chg coeffs, 0 upgd conss, 2400 impls, 8 clqs, 0 implints
(round 5, exhaustive) 163 del vars, 270 del conss, 0 add conss, 0 chg bounds, 680 chg sides, 877 chg coeffs, 0 upgd conss, 2400 impls, 8 clqs, 0 implints
(round 6, fast)       167 del vars, 274 del conss, 0 add conss, 0 chg bounds, 680 chg sides, 877 chg coeffs, 0 upgd conss, 2400 impls, 4 clqs, 0 implints
(round 7, exhaustive) 167 del vars, 278 del conss, 0 add conss, 0 chg bounds, 680 chg sides, 877 chg coeffs, 0 upgd conss, 2400 impls, 4 clqs, 0 implints
(round 8, exhaustive) 167 del vars, 278 del conss, 0 add conss, 0 chg bounds, 680 chg sides, 877 chg coeffs, 78 upgd conss, 2400 impls, 4 clqs, 0 implints
(round 9, medium)     167 del vars, 297 del conss, 0 add conss, 0 chg bounds, 692 chg sides, 877 chg coeffs, 78 upgd conss, 2400 impls, 4 clqs, 0 implints
(round 10, exhaustive) 167 del vars, 299 del conss, 0 add conss, 0 chg bounds, 692 chg sides, 878 chg coeffs, 78 upgd conss, 2400 impls, 4 clqs, 0 implints
presolving (11 rounds: 11 fast, 7 medium, 5 exhaustive):
 167 deleted vars, 299 deleted constraints, 0 added constraints, 0 tightened bounds, 0 added holes, 692 changed sides, 878 changed coefficients
 2400 implications, 5 cliques, 0 implied integral variables (0 bin, 0 int, 0 cont)
presolved problem has 371 variables (358 bin, 13 int, 0 cont) and 1498 constraints
     49 constraints of type <varbound>
      6 constraints of type <knapsack>
      4 constraints of type <setppc>
    538 constraints of type <linear>
    572 constraints of type <logicor>
    329 constraints of type <bounddisjunction>
transformed objective value is always integral (scale: 1)
Presolving Time: 0.66

 time | node  | left  |LP iter|LP it/n|mem/heur|mdpt |vars |cons |rows |cuts |sepa|confs|strbr|  dualbound   | primalbound  |  gap   | compl. 
 10.6s|     1 |     0 | 81160 |     - |    52M |   0 | 371 |1498 |1155 |   0 |  0 | 362 |  33 | 2.200000e+01 | 4.000000e+01 |  81.82%| unknown
 10.7s|     1 |     0 | 81285 |     - |    53M |   0 | 371 |1556 |1225 |  70 |  1 | 363 |  33 | 2.200000e+01 | 4.000000e+01 |  81.82%| unknown
 10.7s|     1 |     0 | 81314 |     - |    53M |   0 | 371 |1556 |1244 |  89 |  2 | 363 |  33 | 2.200000e+01 | 4.000000e+01 |  81.82%| unknown
 10.7s|     1 |     0 | 81346 |     - |    53M |   0 | 371 |1556 |1264 | 109 |  3 | 363 |  33 | 2.200000e+01 | 4.000000e+01 |  81.82%| unknown
 10.7s|     1 |     0 | 81395 |     - |    53M |   0 | 371 |1556 |1281 | 126 |  4 | 363 |  33 | 2.200000e+01 | 4.000000e+01 |  81.82%| unknown
 10.7s|     1 |     0 | 81500 |     - |    53M |   0 | 371 |1557 |1303 | 148 |  5 | 364 |  33 | 2.200000e+01 | 4.000000e+01 |  81.82%| unknown
 10.7s|     1 |     0 | 81561 |     - |    53M |   0 | 371 |1558 |1312 | 157 |  6 | 365 |  33 | 2.200000e+01 | 4.000000e+01 |  81.82%| unknown
 10.7s|     1 |     0 | 81659 |     - |    53M |   0 | 371 |1558 |1319 | 164 |  7 | 365 |  33 | 2.200000e+01 | 4.000000e+01 |  81.82%| unknown
 10.8s|     1 |     0 | 81752 |     - |    54M |   0 | 371 |1559 |1333 | 178 |  8 | 366 |  33 | 2.200000e+01 | 4.000000e+01 |  81.82%| unknown
 10.8s|     1 |     0 | 81891 |     - |    55M |   0 | 371 |1559 |1383 | 228 |  9 | 366 |  33 | 2.200000e+01 | 4.000000e+01 |  81.82%| unknown
 10.8s|     1 |     0 | 82030 |     - |    56M |   0 | 371 |1561 |1403 | 248 | 10 | 368 |  33 | 2.200000e+01 | 4.000000e+01 |  81.82%| unknown
 10.8s|     1 |     0 | 82083 |     - |    56M |   0 | 371 |1562 |1417 | 262 | 11 | 369 |  33 | 2.200000e+01 | 4.000000e+01 |  81.82%| unknown
 10.9s|     1 |     2 | 82715 |     - |    56M |   0 | 371 |1562 |1417 | 262 | 11 | 369 |  46 | 2.200000e+01 | 4.000000e+01 |  81.82%| unknown
 11.8s|   100 |    93 | 88565 |  48.3 |    62M |  11 | 371 |1566 |1175 |1129 |  3 | 373 |  46 | 2.200000e+01 | 4.000000e+01 |  81.82%|   1.52%
 12.7s|   200 |   181 | 94700 |  49.0 |    65M |  18 | 371 |1566 |1239 |2361 |  8 | 373 |  46 | 2.200000e+01 | 4.000000e+01 |  81.82%|   2.68%
 time | node  | left  |LP iter|LP it/n|mem/heur|mdpt |vars |cons |rows |cuts |sepa|confs|strbr|  dualbound   | primalbound  |  gap   | compl. 
 13.4s|   300 |   248 | 99485 |  49.0 |    67M |  20 | 371 |1576 |1128 |3345 |  1 | 383 |  46 | 2.200000e+01 | 4.000000e+01 |  81.82%|   4.02%
 13.7s|   400 |   309 |104512 |  49.0 |    68M |  20 | 371 |1584 |1157 |4409 |  1 | 391 |  46 | 2.200000e+01 | 4.000000e+01 |  81.82%|   4.33%
 14.3s|   500 |   379 |108608 |  48.7 |    70M |  20 | 371 |1584 |1165 |5130 |  1 | 392 |  46 | 2.215385e+01 | 4.000000e+01 |  80.56%|   6.79%
 14.5s|   600 |   418 |112191 |  48.1 |    70M |  20 | 371 |1610 |1168 |5789 |  1 | 418 |  46 | 2.300000e+01 | 4.000000e+01 |  73.91%|   8.71%
 15.0s|   700 |   471 |117780 |  48.4 |    71M |  20 | 371 |1618 |1126 |7010 |  1 | 426 |  46 | 2.300000e+01 | 4.000000e+01 |  73.91%|   8.95%
 15.5s|   800 |   535 |123992 |  49.0 |    72M |  20 | 371 |1622 |   0 |8248 |  0 | 431 |  46 | 2.300000e+01 | 4.000000e+01 |  73.91%|  11.34%
 15.7s|   900 |   587 |126554 |  48.1 |    72M |  20 | 371 |1630 |1151 |8728 |  1 | 441 |  46 | 2.300000e+01 | 4.000000e+01 |  73.91%|  12.68%
 16.1s|  1000 |   621 |130158 |  47.6 |    72M |  20 | 371 |1639 |1213 |9595 |  4 | 454 |  46 | 2.300000e+01 | 4.000000e+01 |  73.91%|  13.91%
 16.4s|  1100 |   663 |133417 |  47.1 |    73M |  20 | 371 |1638 |1156 |  10k|  1 | 470 |  46 | 2.300000e+01 | 4.000000e+01 |  73.91%|  14.20%
 16.7s|  1200 |   699 |137721 |  46.9 |    74M |  20 | 371 |1637 |   0 |  11k|  0 | 480 |  46 | 2.300000e+01 | 4.000000e+01 |  73.91%|  14.28%
 17.3s|  1300 |   739 |142508 |  47.0 |    74M |  20 | 371 |1633 |1188 |  12k|  3 | 498 |  46 | 2.300000e+01 | 4.000000e+01 |  73.91%|  19.04%
 17.6s|  1400 |   781 |145278 |  46.3 |    74M |  20 | 371 |1635 |1155 |  12k|  1 | 511 |  46 | 2.300000e+01 | 4.000000e+01 |  73.91%|  19.24%
 18.0s|  1500 |   816 |148993 |  46.0 |    74M |  20 | 371 |1627 |1174 |  13k|  1 | 519 |  46 | 2.300000e+01 | 4.000000e+01 |  73.91%|  19.69%
 18.2s|  1600 |   860 |151768 |  45.5 |    75M |  20 | 371 |1616 |1151 |  14k|  1 | 526 |  46 | 2.300000e+01 | 4.000000e+01 |  73.91%|  19.72%
 18.7s|  1700 |   913 |156461 |  45.5 |    76M |  20 | 371 |1617 |1180 |  15k|  1 | 535 |  46 | 2.300000e+01 | 4.000000e+01 |  73.91%|  20.02%
 time | node  | left  |LP iter|LP it/n|mem/heur|mdpt |vars |cons |rows |cuts |sepa|confs|strbr|  dualbound   | primalbound  |  gap   | compl. 
 19.0s|  1800 |   946 |159928 |  45.2 |    77M |  20 | 371 |1609 |   0 |  16k|  0 | 546 |  46 | 2.300000e+01 | 4.000000e+01 |  73.91%|  20.28%
 19.2s|  1900 |   972 |162509 |  44.7 |    77M |  24 | 371 |1596 |   0 |  16k|  0 | 555 |  46 | 2.300000e+01 | 4.000000e+01 |  73.91%|  20.37%
 19.4s|  2000 |  1029 |165514 |  44.3 |    77M |  24 | 371 |1579 |1185 |  17k|  1 | 558 |  46 | 2.300000e+01 | 4.000000e+01 |  73.91%|  20.43%
 19.6s|  2100 |  1038 |167571 |  43.6 |    77M |  28 | 371 |1585 |1164 |  17k|  1 | 595 |  46 | 2.300000e+01 | 4.000000e+01 |  73.91%|  20.68%
 19.9s|  2200 |  1068 |170825 |  43.4 |    77M |  28 | 371 |1577 |   0 |  18k|  0 | 611 |  46 | 2.300000e+01 | 4.000000e+01 |  73.91%|  21.05%
 20.1s|  2300 |  1087 |172613 |  42.7 |    77M |  28 | 371 |1589 |1157 |  19k|  1 | 648 |  46 | 2.329463e+01 | 4.000000e+01 |  71.71%|  23.06%
 20.2s|  2400 |  1097 |173938 |  42.0 |    77M |  28 | 371 |1591 |   0 |  19k|  0 | 667 |  46 | 2.375862e+01 | 4.000000e+01 |  68.36%|  24.58%
 20.4s|  2500 |  1111 |175842 |  41.4 |    78M |  28 | 371 |1581 |1176 |  19k|  2 | 684 |  46 | 2.396296e+01 | 4.000000e+01 |  66.92%|  25.07%
 20.5s|  2600 |  1117 |177361 |  40.8 |    78M |  28 | 371 |1582 |1136 |  20k|  1 | 709 |  46 | 2.400000e+01 | 4.000000e+01 |  66.67%|  25.43%
 20.6s|  2700 |  1135 |178917 |  40.2 |    78M |  28 | 371 |1590 |1161 |  20k|  1 | 720 |  46 | 2.400000e+01 | 4.000000e+01 |  66.67%|  25.51%
 20.8s|  2800 |  1174 |182223 |  40.1 |    78M |  28 | 371 |1574 |1175 |  21k|  1 | 726 |  46 | 2.400000e+01 | 4.000000e+01 |  66.67%|  25.76%
 21.0s|  2900 |  1196 |185475 |  39.9 |    78M |  28 | 371 |1561 |   0 |  21k|  0 | 735 |  46 | 2.400000e+01 | 4.000000e+01 |  66.67%|  25.83%
 21.1s|  3000 |  1209 |186866 |  39.4 |    78M |  28 | 371 |1555 |   0 |  21k|  0 | 740 |  46 | 2.400000e+01 | 4.000000e+01 |  66.67%|  26.06%
 21.3s|  3100 |  1259 |190148 |  39.2 |    79M |  28 | 371 |1568 |   0 |  22k|  0 | 769 |  46 | 2.411538e+01 | 4.000000e+01 |  65.87%|  27.27%
 21.5s|  3200 |  1285 |192007 |  38.8 |    79M |  28 | 371 |1567 |1191 |  22k|  2 | 778 |  46 | 2.450000e+01 | 4.000000e+01 |  63.27%|  28.03%
 time | node  | left  |LP iter|LP it/n|mem/heur|mdpt |vars |cons |rows |cuts |sepa|confs|strbr|  dualbound   | primalbound  |  gap   | compl. 
 21.6s|  3300 |  1303 |193490 |  38.3 |    79M |  28 | 371 |1546 |1167 |  23k|  1 | 783 |  46 | 2.500000e+01 | 4.000000e+01 |  60.00%|  29.64%
 21.7s|  3400 |  1306 |194462 |  37.7 |    79M |  28 | 371 |1568 |   0 |  23k|  0 | 827 |  46 | 2.500000e+01 | 4.000000e+01 |  60.00%|  30.06%
 21.8s|  3500 |  1315 |196087 |  37.3 |    79M |  28 | 371 |1566 |   0 |  23k|  0 | 849 |  46 | 2.500000e+01 | 4.000000e+01 |  60.00%|  30.12%
 21.9s|  3600 |  1333 |197439 |  36.9 |    79M |  28 | 371 |1570 |1183 |  23k|  3 | 868 |  46 | 2.500000e+01 | 4.000000e+01 |  60.00%|  30.19%
 22.1s|  3700 |  1365 |199880 |  36.6 |    80M |  28 | 371 |1571 |1165 |  24k|  1 | 879 |  46 | 2.500000e+01 | 4.000000e+01 |  60.00%|  30.23%
 22.2s|  3800 |  1384 |200966 |  36.2 |    80M |  28 | 371 |1577 |1182 |  24k|  1 | 899 |  46 | 2.500000e+01 | 4.000000e+01 |  60.00%|  30.26%
 22.3s|  3900 |  1390 |202124 |  35.7 |    80M |  28 | 371 |1569 |   0 |  24k|  0 | 915 |  46 | 2.508974e+01 | 4.000000e+01 |  59.43%|  30.77%
 22.4s|  4000 |  1383 |203103 |  35.3 |    80M |  28 | 371 |1579 |1157 |  24k|  1 | 941 |  46 | 2.525000e+01 | 4.000000e+01 |  58.42%|  32.38%
 22.5s|  4100 |  1411 |204931 |  35.0 |    80M |  28 | 371 |1581 |   0 |  25k|  0 | 960 |  46 | 2.592308e+01 | 4.000000e+01 |  54.30%|  33.74%
 22.6s|  4200 |  1417 |205850 |  34.5 |    80M |  28 | 371 |1573 |1147 |  25k|  1 | 972 |  46 | 2.592308e+01 | 4.000000e+01 |  54.30%|  33.86%
 22.7s|  4300 |  1441 |207795 |  34.3 |    80M |  28 | 371 |1600 |1147 |  25k|  1 |1012 |  46 | 2.600000e+01 | 4.000000e+01 |  53.85%|  34.08%
 22.8s|  4400 |  1454 |208602 |  33.9 |    80M |  28 | 371 |1596 |1174 |  25k|  1 |1024 |  46 | 2.600000e+01 | 4.000000e+01 |  53.85%|  34.09%
 22.9s|  4500 |  1450 |209629 |  33.5 |    80M |  29 | 371 |1607 |   0 |  25k|  0 |1051 |  46 | 2.600000e+01 | 4.000000e+01 |  53.85%|  34.14%
 23.0s|  4600 |  1448 |210606 |  33.1 |    80M |  29 | 371 |1600 |1170 |  25k|  1 |1067 |  46 | 2.600000e+01 | 4.000000e+01 |  53.85%|  34.18%
 23.1s|  4700 |  1451 |211571 |  32.7 |    80M |  29 | 371 |1587 |1156 |  25k|  1 |1074 |  46 | 2.600000e+01 | 4.000000e+01 |  53.85%|  34.19%
 time | node  | left  |LP iter|LP it/n|mem/heur|mdpt |vars |cons |rows |cuts |sepa|confs|strbr|  dualbound   | primalbound  |  gap   | compl. 
 23.2s|  4800 |  1458 |212722 |  32.4 |    80M |  29 | 371 |1584 |1152 |  25k|  1 |1092 |  46 | 2.600000e+01 | 4.000000e+01 |  53.85%|  34.22%
 23.3s|  4900 |  1483 |214096 |  32.1 |    80M |  29 | 371 |1571 |1177 |  26k|  1 |1099 |  46 | 2.600000e+01 | 4.000000e+01 |  53.85%|  34.25%
 23.4s|  5000 |  1507 |215490 |  31.8 |    81M |  30 | 371 |1565 |   0 |  26k|  0 |1101 |  46 | 2.600000e+01 | 4.000000e+01 |  53.85%|  34.25%
 23.5s|  5100 |  1497 |216274 |  31.5 |    81M |  30 | 371 |1583 |1163 |  26k|  1 |1130 |  46 | 2.600000e+01 | 4.000000e+01 |  53.85%|  34.25%
 23.6s|  5200 |  1511 |217371 |  31.2 |    81M |  30 | 371 |1589 |1156 |  26k|  1 |1159 |  46 | 2.600000e+01 | 4.000000e+01 |  53.85%|  34.37%
 23.6s|  5300 |  1516 |218650 |  30.9 |    81M |  30 | 371 |1596 |1172 |  26k|  1 |1172 |  46 | 2.600000e+01 | 4.000000e+01 |  53.85%|  34.38%
 23.8s|  5400 |  1515 |219859 |  30.7 |    81M |  30 | 371 |1591 |1179 |  26k|  1 |1184 |  46 | 2.600000e+01 | 4.000000e+01 |  53.85%|  34.40%
 23.8s|  5500 |  1522 |220974 |  30.4 |    81M |  30 | 371 |1578 |1172 |  26k|  1 |1198 |  46 | 2.600000e+01 | 4.000000e+01 |  53.85%|  34.68%
 23.9s|  5600 |  1532 |222070 |  30.1 |    81M |  30 | 371 |1574 |   0 |  27k|  0 |1205 |  46 | 2.600000e+01 | 4.000000e+01 |  53.85%|  35.25%
 24.0s|  5700 |  1537 |223193 |  29.9 |    81M |  30 | 371 |1567 |1177 |  27k|  2 |1214 |  46 | 2.604167e+01 | 4.000000e+01 |  53.60%|  35.37%
 24.1s|  5800 |  1551 |224314 |  29.6 |    81M |  30 | 371 |1553 |   0 |  27k|  0 |1222 |  46 | 2.604167e+01 | 4.000000e+01 |  53.60%|  35.38%
 24.2s|  5900 |  1556 |225092 |  29.3 |    81M |  30 | 371 |1559 |1170 |  27k|  1 |1240 |  46 | 2.608173e+01 | 4.000000e+01 |  53.36%|  35.48%
 24.3s|  6000 |  1556 |225700 |  29.0 |    81M |  30 | 371 |1567 |   0 |  27k|  0 |1259 |  46 | 2.666667e+01 | 4.000000e+01 |  50.00%|  37.29%
 24.4s|  6100 |  1559 |227293 |  28.9 |    81M |  30 | 371 |1575 |   0 |  27k|  0 |1275 |  46 | 2.675000e+01 | 4.000000e+01 |  49.53%|  37.59%
 24.4s|  6200 |  1562 |228116 |  28.6 |    81M |  30 | 371 |1577 |   0 |  27k|  0 |1281 |  46 | 2.681000e+01 | 4.000000e+01 |  49.20%|  37.79%
 time | node  | left  |LP iter|LP it/n|mem/heur|mdpt |vars |cons |rows |cuts |sepa|confs|strbr|  dualbound   | primalbound  |  gap   | compl. 
 24.5s|  6300 |  1557 |228771 |  28.3 |    81M |  30 | 371 |1586 |   0 |  28k|  0 |1297 |  46 | 2.681000e+01 | 4.000000e+01 |  49.20%|  37.82%
 24.6s|  6400 |  1554 |229553 |  28.1 |    81M |  30 | 371 |1589 |1165 |  28k|  1 |1310 |  46 | 2.686207e+01 | 4.000000e+01 |  48.91%|  38.24%
 24.6s|  6500 |  1547 |230515 |  27.8 |    81M |  30 | 371 |1598 |1177 |  28k|  2 |1334 |  46 | 2.686207e+01 | 4.000000e+01 |  48.91%|  38.42%
 24.8s|  6600 |  1541 |232070 |  27.7 |    81M |  30 | 371 |1605 |1157 |  28k|  1 |1367 |  46 | 2.686207e+01 | 4.000000e+01 |  48.91%|  38.85%
 25.0s|  6700 |  1551 |234436 |  27.6 |    83M |  30 | 371 |1626 |   0 |  28k|  0 |1406 |  46 | 2.700000e+01 | 4.000000e+01 |  48.15%|  39.33%
 25.1s|  6800 |  1559 |235670 |  27.5 |    83M |  30 | 371 |1636 |   0 |  29k|  0 |1428 |  46 | 2.700000e+01 | 4.000000e+01 |  48.15%|  39.35%
 25.2s|  6900 |  1552 |236848 |  27.3 |    83M |  30 | 371 |1634 |   0 |  29k|  0 |1445 |  46 | 2.700000e+01 | 4.000000e+01 |  48.15%|  39.44%
 25.2s|  7000 |  1554 |237547 |  27.0 |    83M |  30 | 371 |1629 |   0 |  29k|  0 |1462 |  46 | 2.700000e+01 | 4.000000e+01 |  48.15%|  39.45%
 25.3s|  7100 |  1556 |238559 |  26.8 |    83M |  30 | 371 |1631 |1166 |  29k|  1 |1478 |  46 | 2.700000e+01 | 4.000000e+01 |  48.15%|  39.49%
 25.4s|  7200 |  1552 |239525 |  26.7 |    83M |  30 | 371 |1645 |1175 |  29k|  1 |1501 |  46 | 2.700000e+01 | 4.000000e+01 |  48.15%|  39.54%
 25.5s|  7300 |  1553 |240468 |  26.5 |    83M |  30 | 371 |1654 |1152 |  29k|  1 |1514 |  46 | 2.700000e+01 | 4.000000e+01 |  48.15%|  39.58%
 25.6s|  7400 |  1564 |241696 |  26.3 |    83M |  30 | 371 |1652 |1174 |  29k|  1 |1532 |  46 | 2.700000e+01 | 4.000000e+01 |  48.15%|  39.62%
 25.6s|  7500 |  1575 |242895 |  26.1 |    83M |  30 | 371 |1654 |   0 |  29k|  0 |1548 |  46 | 2.700000e+01 | 4.000000e+01 |  48.15%|  39.72%
 25.7s|  7600 |  1553 |243627 |  25.9 |    83M |  30 | 371 |1673 |   0 |  29k|  0 |1584 |  46 | 2.700000e+01 | 4.000000e+01 |  48.15%|  40.07%
 25.8s|  7700 |  1560 |244485 |  25.8 |    83M |  30 | 371 |1673 |1178 |  29k|  1 |1592 |  46 | 2.712500e+01 | 4.000000e+01 |  47.47%|  40.50%
 time | node  | left  |LP iter|LP it/n|mem/heur|mdpt |vars |cons |rows |cuts |sepa|confs|strbr|  dualbound   | primalbound  |  gap   | compl. 
 25.9s|  7800 |  1551 |245383 |  25.6 |    83M |  30 | 371 |1686 |1190 |  29k|  1 |1619 |  46 | 2.721076e+01 | 4.000000e+01 |  47.00%|  40.85%
 25.9s|  7900 |  1542 |246312 |  25.4 |    83M |  30 | 371 |1674 |   0 |  29k|  0 |1643 |  46 | 2.722222e+01 | 4.000000e+01 |  46.94%|  41.18%
 26.0s|  8000 |  1577 |247659 |  25.3 |    83M |  30 | 371 |1671 |1188 |  30k|  2 |1657 |  46 | 2.733333e+01 | 4.000000e+01 |  46.34%|  41.43%
 26.1s|  8100 |  1583 |248587 |  25.1 |    83M |  30 | 371 |1672 |1166 |  30k|  1 |1662 |  46 | 2.733333e+01 | 4.000000e+01 |  46.34%|  41.44%
 26.2s|  8200 |  1585 |249450 |  25.0 |    83M |  30 | 371 |1666 |   0 |  30k|  0 |1665 |  46 | 2.733333e+01 | 4.000000e+01 |  46.34%|  41.47%
 26.3s|  8300 |  1582 |250418 |  24.8 |    83M |  30 | 371 |1674 |1165 |  30k|  1 |1687 |  46 | 2.742857e+01 | 4.000000e+01 |  45.83%|  42.86%
 26.3s|  8400 |  1585 |251174 |  24.6 |    83M |  30 | 371 |1673 |1155 |  30k|  1 |1700 |  46 | 2.750000e+01 | 4.000000e+01 |  45.45%|  43.05%
 26.4s|  8500 |  1583 |252058 |  24.5 |    83M |  30 | 371 |1675 |   0 |  30k|  0 |1717 |  46 | 2.750000e+01 | 4.000000e+01 |  45.45%|  43.12%
 26.5s|  8600 |  1573 |253034 |  24.3 |    83M |  30 | 371 |1683 |1150 |  30k|  1 |1739 |  46 | 2.757504e+01 | 4.000000e+01 |  45.06%|  43.46%
 26.5s|  8700 |  1559 |253784 |  24.2 |    84M |  30 | 371 |1722 |1196 |  30k|  1 |1799 |  46 | 2.763839e+01 | 4.000000e+01 |  44.73%|  43.64%
 26.6s|  8800 |  1545 |254704 |  24.0 |    84M |  30 | 371 |1740 |1158 |  30k|  1 |1844 |  46 | 2.772727e+01 | 4.000000e+01 |  44.26%|  43.91%
 26.7s|  8900 |  1548 |255784 |  23.9 |    84M |  30 | 371 |1751 |1161 |  30k|  1 |1874 |  46 | 2.786207e+01 | 4.000000e+01 |  43.56%|  44.16%
 26.8s|  9000 |  1545 |256733 |  23.8 |    84M |  30 | 371 |1763 |1176 |  30k|  1 |1916 |  46 | 2.800000e+01 | 4.000000e+01 |  42.86%|  44.49%
 26.9s|  9100 |  1566 |257868 |  23.7 |    84M |  30 | 371 |1764 |1169 |  31k|  1 |1928 |  46 | 2.800000e+01 | 4.000000e+01 |  42.86%|  44.53%
 26.9s|  9200 |  1556 |258743 |  23.5 |    84M |  30 | 371 |1787 |   0 |  31k|  0 |1959 |  46 | 2.800000e+01 | 4.000000e+01 |  42.86%|  44.57%
 time | node  | left  |LP iter|LP it/n|mem/heur|mdpt |vars |cons |rows |cuts |sepa|confs|strbr|  dualbound   | primalbound  |  gap   | compl. 
 27.0s|  9300 |  1568 |259741 |  23.4 |    84M |  30 | 371 |1805 |1193 |  31k|  1 |1984 |  46 | 2.800000e+01 | 4.000000e+01 |  42.86%|  44.82%
 27.1s|  9400 |  1567 |261304 |  23.3 |    84M |  30 | 371 |1807 |1174 |  31k|  1 |2003 |  46 | 2.800000e+01 | 4.000000e+01 |  42.86%|  45.07%
 27.2s|  9500 |  1565 |262652 |  23.2 |    84M |  30 | 371 |1800 |   0 |  31k|  0 |2017 |  46 | 2.800000e+01 | 4.000000e+01 |  42.86%|  45.17%
 27.4s|  9600 |  1570 |264162 |  23.2 |    84M |  30 | 371 |1790 |1179 |  31k|  1 |2028 |  46 | 2.800000e+01 | 4.000000e+01 |  42.86%|  45.38%
 27.4s|  9700 |  1570 |264823 |  23.0 |    84M |  30 | 371 |1798 |1192 |  31k|  1 |2045 |  46 | 2.800000e+01 | 4.000000e+01 |  42.86%|  45.42%
 27.6s|  9800 |  1586 |266578 |  23.0 |    84M |  30 | 371 |1783 |   0 |  32k|  0 |2056 |  46 | 2.800000e+01 | 4.000000e+01 |  42.86%|  45.45%
 27.6s|  9900 |  1576 |267227 |  22.8 |    84M |  30 | 371 |1798 |   0 |  32k|  0 |2087 |  46 | 2.800000e+01 | 4.000000e+01 |  42.86%|  45.48%
 27.7s| 10000 |  1565 |268126 |  22.7 |    85M |  30 | 371 |1811 |1156 |  32k|  1 |2121 |  46 | 2.800000e+01 | 4.000000e+01 |  42.86%|  45.53%
 27.8s| 10100 |  1556 |269290 |  22.6 |    85M |  30 | 371 |1832 |1162 |  32k|  1 |2166 |  46 | 2.800000e+01 | 4.000000e+01 |  42.86%|  45.61%
 27.9s| 10200 |  1540 |270011 |  22.5 |    85M |  30 | 371 |1836 |   0 |  32k|  0 |2201 |  46 | 2.800000e+01 | 4.000000e+01 |  42.86%|  45.71%
 28.0s| 10300 |  1534 |271319 |  22.4 |    85M |  30 | 371 |1863 |   0 |  32k|  0 |2252 |  46 | 2.800000e+01 | 4.000000e+01 |  42.86%|  45.87%
 28.0s| 10400 |  1543 |272147 |  22.3 |    85M |  35 | 371 |1868 |1178 |  32k|  1 |2271 |  46 | 2.800000e+01 | 4.000000e+01 |  42.86%|  45.94%

SCIP Status        : solving was interrupted [termination signal received]
Solving Time (sec) : 28.04
Solving Nodes      : 10405 (total of 12071 nodes in 2 runs)
Primal Bound       : +4.00000000000000e+01 (7 solutions)
Dual Bound         : +2.80000000000000e+01
Gap                : 42.86 %

primal solution (original space):
=================================

objective value:                                   40
m_0_0                                               1 	(obj:0)
m_0_2                                               1 	(obj:0)
m_0_3                                               1 	(obj:0)
m_0_4                                               1 	(obj:0)
m_0_5                                               1 	(obj:0)
m_0_6                                               1 	(obj:0)
m_0_7                                               1 	(obj:0)
m_0_8                                               1 	(obj:0)
m_0_9                                               1 	(obj:0)
m_0_10                                              1 	(obj:0)
m_0_11                                              1 	(obj:0)
m_1_1                                               1 	(obj:0)
m_1_2                                               1 	(obj:0)
m_1_3                                               1 	(obj:0)
m_1_4                                               1 	(obj:0)
m_1_5                                               1 	(obj:0)
m_1_6                                               1 	(obj:0)
m_1_7                                               1 	(obj:0)
m_1_8                                               1 	(obj:0)
m_1_9                                               1 	(obj:0)
m_1_10                                              1 	(obj:0)
m_1_11                                              1 	(obj:0)
m_2_2                                               1 	(obj:0)
m_2_3                                               1 	(obj:0)
m_2_4                                               1 	(obj:0)
m_2_5                                               1 	(obj:0)
m_2_6                                               1 	(obj:0)
m_2_7                                               1 	(obj:0)
m_2_8                                               1 	(obj:0)
m_2_9                                               1 	(obj:0)
m_2_10                                              1 	(obj:0)
m_2_11                                              1 	(obj:0)
m_3_3                                               1 	(obj:0)
m_3_4                                               1 	(obj:0)
m_3_6                                               1 	(obj:0)
m_3_7                                               1 	(obj:0)
m_3_8                                               1 	(obj:0)
m_3_9                                               1 	(obj:0)
m_3_10                                              1 	(obj:0)
m_3_11                                              1 	(obj:0)
m_4_4                                               1 	(obj:0)
m_4_6                                               1 	(obj:0)
m_4_7                                               1 	(obj:0)
m_4_8                                               1 	(obj:0)
m_4_9                                               1 	(obj:0)
m_4_10                                              1 	(obj:0)
m_4_11                                              1 	(obj:0)
m_5_3                                               1 	(obj:0)
m_5_4                                               1 	(obj:0)
m_5_5                                               1 	(obj:0)
m_5_6                                               1 	(obj:0)
m_5_7                                               1 	(obj:0)
m_5_8                                               1 	(obj:0)
m_5_9                                               1 	(obj:0)
m_5_10                                              1 	(obj:0)
m_5_11                                              1 	(obj:0)
m_6_6                                               1 	(obj:0)
m_6_7                                               1 	(obj:0)
m_6_8                                               1 	(obj:0)
m_6_9                                               1 	(obj:0)
m_6_10                                              1 	(obj:0)
m_6_11                                              1 	(obj:0)
m_7_7                                               1 	(obj:0)
m_7_8                                               1 	(obj:0)
m_7_9                                               1 	(obj:0)
m_7_10                                              1 	(obj:0)
m_7_11                                              1 	(obj:0)
m_8_8                                               1 	(obj:0)
m_8_10                                              1 	(obj:0)
m_8_11                                              1 	(obj:0)
m_9_9                                               1 	(obj:0)
m_9_10                                              1 	(obj:0)
m_9_11                                              1 	(obj:0)
m_10_10                                             1 	(obj:0)
m_11_11                                             1 	(obj:0)
p_1_0                                               1 	(obj:0)
p_2_1                                               1 	(obj:0)
p_1_2                                               1 	(obj:0)
p_1_3                                               1 	(obj:0)
p_2_4                                               1 	(obj:0)
p_2_5                                               1 	(obj:0)
p_1_6                                               1 	(obj:0)
p_2_7                                               1 	(obj:0)
p_2_8                                               1 	(obj:0)
p_1_9                                               1 	(obj:0)
p_1_10                                              1 	(obj:0)
p_2_11                                              1 	(obj:0)
t_0_0                                               1 	(obj:0)
t_0_2                                               1 	(obj:0)
t_0_3                                               1 	(obj:0)
t_0_6                                               1 	(obj:0)
t_0_9                                               1 	(obj:0)
t_0_10                                              1 	(obj:0)
t_1_1                                               1 	(obj:0)
t_1_4                                               1 	(obj:0)
t_1_5                                               1 	(obj:0)
t_1_7                                               1 	(obj:0)
t_1_8                                               1 	(obj:0)
t_1_11                                              1 	(obj:0)
z_2_0                                               1 	(obj:0)
t_2_0                                               1 	(obj:0)
t_2_2                                               1 	(obj:0)
t_2_3                                               1 	(obj:0)
t_2_6                                               1 	(obj:0)
t_2_9                                               1 	(obj:0)
t_2_10                                              1 	(obj:0)
z_3_0                                               1 	(obj:0)
t_3_0                                               1 	(obj:0)
z_3_1                                               1 	(obj:0)
z_3_2                                               1 	(obj:0)
t_3_2                                               1 	(obj:0)
t_3_3                                               1 	(obj:0)
t_3_6                                               1 	(obj:0)
t_3_9                                               1 	(obj:0)
t_3_10                                              1 	(obj:0)
z_4_0                                               1 	(obj:0)
z_4_1                                               1 	(obj:0)
t_4_1                                               1 	(obj:0)
z_4_2                                               1 	(obj:0)
t_4_4                                               1 	(obj:0)
z_4_5                                               1 	(obj:0)
t_4_5                                               1 	(obj:0)
t_4_7                                               1 	(obj:0)
t_4_8                                               1 	(obj:0)
t_4_11                                              1 	(obj:0)
z_5_0                                               1 	(obj:0)
z_5_1                                               1 	(obj:0)
t_5_1                                               1 	(obj:0)
t_5_4                                               1 	(obj:0)
t_5_5                                               1 	(obj:0)
t_5_7                                               1 	(obj:0)
t_5_8                                               1 	(obj:0)
t_5_11                                              1 	(obj:0)
z_6_0                                               1 	(obj:0)
t_6_0                                               1 	(obj:0)
z_6_1                                               1 	(obj:0)
z_6_2                                               1 	(obj:0)
t_6_2                                               1 	(obj:0)
z_6_3                                               1 	(obj:0)
t_6_3                                               1 	(obj:0)
z_6_5                                               1 	(obj:0)
t_6_6                                               1 	(obj:0)
t_6_9                                               1 	(obj:0)
t_6_10                                              1 	(obj:0)
z_7_0                                               1 	(obj:0)
z_7_1                                               1 	(obj:0)
t_7_1                                               1 	(obj:0)
z_7_2                                               1 	(obj:0)
z_7_3                                               1 	(obj:0)
z_7_4                                               1 	(obj:0)
t_7_4                                               1 	(obj:0)
z_7_5                                               1 	(obj:0)
t_7_5                                               1 	(obj:0)
t_7_7                                               1 	(obj:0)
t_7_8                                               1 	(obj:0)
t_7_11                                              1 	(obj:0)
z_8_0                                               1 	(obj:0)
z_8_1                                               1 	(obj:0)
t_8_1                                               1 	(obj:0)
z_8_2                                               1 	(obj:0)
z_8_3                                               1 	(obj:0)
z_8_4                                               1 	(obj:0)
t_8_4                                               1 	(obj:0)
z_8_5                                               1 	(obj:0)
t_8_5                                               1 	(obj:0)
z_8_6                                               1 	(obj:0)
z_8_7                                               1 	(obj:0)
t_8_7                                               1 	(obj:0)
t_8_8                                               1 	(obj:0)
t_8_11                                              1 	(obj:0)
z_9_0                                               1 	(obj:0)
t_9_0                                               1 	(obj:0)
z_9_1                                               1 	(obj:0)
z_9_2                                               1 	(obj:0)
t_9_2                                               1 	(obj:0)
z_9_3                                               1 	(obj:0)
t_9_3                                               1 	(obj:0)
z_9_4                                               1 	(obj:0)
z_9_5                                               1 	(obj:0)
z_9_6                                               1 	(obj:0)
t_9_6                                               1 	(obj:0)
z_9_7                                               1 	(obj:0)
t_9_9                                               1 	(obj:0)
t_9_10                                              1 	(obj:0)
z_10_0                                              1 	(obj:0)
t_10_0                                              1 	(obj:0)
z_10_1                                              1 	(obj:0)
z_10_2                                              1 	(obj:0)
t_10_2                                              1 	(obj:0)
z_10_3                                              1 	(obj:0)
t_10_3                                              1 	(obj:0)
z_10_4                                              1 	(obj:0)
z_10_5                                              1 	(obj:0)
z_10_6                                              1 	(obj:0)
t_10_6                                              1 	(obj:0)
z_10_7                                              1 	(obj:0)
z_10_8                                              1 	(obj:0)
z_10_9                                              1 	(obj:0)
t_10_9                                              1 	(obj:0)
t_10_10                                             1 	(obj:0)
z_11_0                                              1 	(obj:0)
z_11_1                                              1 	(obj:0)
t_11_1                                              1 	(obj:0)
z_11_2                                              1 	(obj:0)
z_11_3                                              1 	(obj:0)
z_11_4                                              1 	(obj:0)
t_11_4                                              1 	(obj:0)
z_11_5                                              1 	(obj:0)
t_11_5                                              1 	(obj:0)
z_11_6                                              1 	(obj:0)
z_11_7                                              1 	(obj:0)
t_11_7                                              1 	(obj:0)
z_11_8                                              1 	(obj:0)
t_11_8                                              1 	(obj:0)
z_11_9                                              1 	(obj:0)
t_11_11                                             1 	(obj:0)
y_0_1_0                                             1 	(obj:0)
y_1_1_0                                             1 	(obj:0)
y_0_1_1                                             1 	(obj:0)
y_1_1_1                                             1 	(obj:0)
y_2_1_1                                             1 	(obj:0)
y_0_1_2                                             1 	(obj:0)
y_1_1_2                                             1 	(obj:0)
y_2_1_2                                             1 	(obj:0)
y_5_1_2                                             1 	(obj:0)
y_5_2_2                                             1 	(obj:0)
y_5_3_2                                             1 	(obj:0)
y_0_1_3                                             1 	(obj:0)
y_1_1_3                                             1 	(obj:0)
y_2_1_3                                             1 	(obj:0)
y_3_1_3                                             1 	(obj:0)
y_4_1_3                                             1 	(obj:0)
y_5_1_3                                             1 	(obj:0)
y_5_2_3                                             1 	(obj:0)
y_5_3_3                                             1 	(obj:0)
y_0_1_4                                             1 	(obj:0)
y_1_1_4                                             1 	(obj:0)
y_2_1_4                                             1 	(obj:0)
y_3_1_4                                             1 	(obj:0)
y_4_1_4                                             1 	(obj:0)
y_5_1_4                                             1 	(obj:0)
y_5_2_4                                             1 	(obj:0)
y_5_3_4                                             1 	(obj:0)
y_6_1_4                                             1 	(obj:0)
y_6_2_4                                             1 	(obj:0)
y_6_3_4                                             1 	(obj:0)
y_0_1_5                                             1 	(obj:0)
y_1_1_5                                             1 	(obj:0)
y_2_1_5                                             1 	(obj:0)
y_3_1_5                                             1 	(obj:0)
y_5_1_5                                             1 	(obj:0)
y_5_2_5                                             1 	(obj:0)
y_5_3_5                                             1 	(obj:0)
y_0_1_6                                             1 	(obj:0)
y_1_1_6                                             1 	(obj:0)
y_2_1_6                                             1 	(obj:0)
y_3_1_6                                             1 	(obj:0)
y_4_1_6                                             1 	(obj:0)
y_5_1_6                                             1 	(obj:0)
y_5_2_6                                             1 	(obj:0)
y_5_3_6                                             1 	(obj:0)
y_6_1_6                                             1 	(obj:0)
y_6_2_6                                             1 	(obj:0)
y_6_3_6                                             1 	(obj:0)
y_7_1_6                                             1 	(obj:0)
y_7_2_6                                             1 	(obj:0)
y_0_1_7                                             1 	(obj:0)
y_1_1_7                                             1 	(obj:0)
y_2_1_7                                             1 	(obj:0)
y_3_1_7                                             1 	(obj:0)
y_4_1_7                                             1 	(obj:0)
y_5_1_7                                             1 	(obj:0)
y_5_2_7                                             1 	(obj:0)
y_5_3_7                                             1 	(obj:0)
y_6_1_7                                             1 	(obj:0)
y_6_2_7                                             1 	(obj:0)
y_6_3_7                                             1 	(obj:0)
y_7_1_7                                             1 	(obj:0)
y_7_2_7                                             1 	(obj:0)
y_4_1_8                                             1 	(obj:0)
y_5_1_8                                             1 	(obj:0)
y_5_2_8                                             1 	(obj:0)
y_5_3_8                                             1 	(obj:0)
y_6_1_8                                             1 	(obj:0)
y_6_2_8                                             1 	(obj:0)
y_6_3_8                                             1 	(obj:0)
y_7_1_8                                             1 	(obj:0)
y_7_2_8                                             1 	(obj:0)
y_0_1_9                                             1 	(obj:0)
y_4_1_9                                             1 	(obj:0)
y_5_1_9                                             1 	(obj:0)
y_5_2_9                                             1 	(obj:0)
y_5_3_9                                             1 	(obj:0)
y_6_1_9                                             1 	(obj:0)
y_6_2_9                                             1 	(obj:0)
y_6_3_9                                             1 	(obj:0)
y_7_1_9                                             1 	(obj:0)
y_7_2_9                                             1 	(obj:0)
y_4_1_10                                            1 	(obj:0)
y_5_1_10                                            1 	(obj:0)
y_5_2_10                                            1 	(obj:0)
y_5_3_10                                            1 	(obj:0)
y_6_1_10                                            1 	(obj:0)
y_6_2_10                                            1 	(obj:0)
y_6_3_10                                            1 	(obj:0)
y_7_1_10                                            1 	(obj:0)
y_7_2_10                                            1 	(obj:0)
y_0_1_11                                            1 	(obj:0)
y_1_1_11                                            1 	(obj:0)
y_2_1_11                                            1 	(obj:0)
y_4_1_11                                            1 	(obj:0)
y_5_1_11                                            1 	(obj:0)
y_5_2_11                                            1 	(obj:0)
y_5_3_11                                            1 	(obj:0)
y_6_1_11                                            1 	(obj:0)
y_6_2_11                                            1 	(obj:0)
y_6_3_11                                            1 	(obj:0)
y_7_1_11                                            1 	(obj:0)
y_7_2_11                                            1 	(obj:0)
s_2                                                 5 	(obj:0)
s_3                                                13 	(obj:0)
s_4                                                15 	(obj:0)
s_5                                                 7 	(obj:0)
s_6                                                23 	(obj:0)
s_7                                                25 	(obj:0)
s_8                                                30 	(obj:0)
s_9                                                30 	(obj:0)
s_10                                               35 	(obj:0)
s_11                                               35 	(obj:0)
l                                                  40 	(obj:1)

Statistics
==========

SCIP Status        : solving was interrupted [termination signal received]
Total Time         :      28.04
  solving          :      28.04
  presolving       :       0.66 (included in solving)
  reading          :       0.00
  copying          :       0.39 (115 #copies) (minimal 0.00, maximal 0.01, average 0.00)
Original Problem   :
  Problem name     : /Users/maxbig/SCIP/SCIPOptSuite-9.2.1-Linux/inputs/new_no_tr/order/layered_12_2_buf_times_P2_M13500_down_left_input.lp
  Variables        : 613 (600 binary, 13 integer, 0 continuous)
  Implied int vars : 0 (0 binary, 0 integer, 0 continuous)
  Constraints      : 1732 initial, 1732 maximal
  Objective        : minimize, 1 non-zeros (abs.min = 1, abs.max = 1)
Presolved Problem  :
  Problem name     : t_/Users/maxbig/SCIP/SCIPOptSuite-9.2.1-Linux/inputs/new_no_tr/order/layered_12_2_buf_times_P2_M13500_down_left_input.lp
  Variables        : 371 (358 binary, 13 integer, 0 continuous)
  Implied int vars : 0 (0 binary, 0 integer, 0 continuous)
  Constraints      : 1498 initial, 1875 maximal
  Objective        : minimize, 1 non-zeros (abs.min = 1, abs.max = 1)
  Nonzeros         : 6310 constraint, 14 clique table
Presolvers         :   ExecTime  SetupTime  Calls  FixedVars   AggrVars   ChgTypes  ChgBounds   AddHoles    DelCons    AddCons   ChgSides   ChgCoefs
  boundshift       :       0.00       0.00      0          0          0          0          0          0          0          0          0          0
  convertinttobin  :       0.00       0.00      0          0          0          0          0          0          0          0          0          0
  domcol           :       0.00       0.00      2          0          0          0          0          0          0          0          0          0
  dualagg          :       0.00       0.00      0          0          0          0          0          0          0          0          0          0
  dualcomp         :       0.00       0.00      0          0          0          0          0          0          0          0          0          0
  dualinfer        :       0.00       0.00      0          0          0          0          0          0          0          0          0          0
  dualsparsify     :       0.01       0.00      1          0          0          0          0          0          0          0          0          0
  gateextraction   :       0.00       0.00      2          0          0          0          0          0          0          0          0          0
  implics          :       0.00       0.00     12          0          0          0          0          0          0          0          0          0
  implint          :       0.00       0.00      0          0          0          0          0          0          0          0          0          0
  inttobinary      :       0.00       0.00     19          0          0          0          0          0          0          0          0          0
  milp             :       0.01       0.00      2         11          0          0          0          0          0          0          0          0
  qpkktref         :       0.00       0.00      0          0          0          0          0          0          0          0          0          0
  redvub           :       0.00       0.00      0          0          0          0          0          0          0          0          0          0
  sparsify         :       0.00       0.00      1          0          0          0          0          0          0          0          0          0
  stuffing         :       0.00       0.00      0          0          0          0          0          0          0          0          0          0
  trivial          :       0.00       0.00     19        159          0          0          0          0          0          0          0          0
  tworowbnd        :       0.00       0.00      0          0          0          0          0          0          0          0          0          0
  dualfix          :       0.00       0.00     19         28          0          0          0          0          0          0          0          0
  genvbounds       :       0.00       0.00      0          0          0          0          0          0          0          0          0          0
  probing          :       0.60       0.00      1          0          0          0          0          0          0          0          0          0
  pseudoobj        :       0.00       0.00      1          0          0          0          0          0          0          0          0          0
  symmetry         :       0.00       0.00      1          0          0          0          0          0          0          0          0          0
  vbounds          :       0.00       0.00      1          0          0          0          0          0          0          0          0          0
  varbound         :       0.00       0.00     22          0          0          0          0          0         24          0         12          0
  knapsack         :       0.00       0.00      8          0          0          0          0          0          0          0          0          0
  setppc           :       0.00       0.00      9          0          0          0          0          0          2          0          0          0
  linear           :       0.03       0.00     29          0         44          0         18          0        614          0        694        877
  logicor          :       0.00       0.00     25          0          0          0          0          0          2          0          0          1
  bounddisjunction :       0.00       0.00     11          0          0          0          0          0          2          0          0          0
  components       :       0.00       0.00      2          0          0          0          0          0          0          0          0          0
  root node        :          -          -      -        115          -          -        232          -          -          -          -          -
Constraints        :     Number  MaxNumber  #Separate #Propagate    #EnfoLP    #EnfoRelax  #EnfoPS    #Check   #ResProp    Cutoffs    DomReds       Cuts    Applied      Conss   Children
  integral         :          0          0          0          0       7381          0          0       4140          0          0          0          0          0          0      14762
  varbound         :         49+        50         28      51580          0          0          0       4134         49          0        308          0          0          0          0
  knapsack         :          6          6         11      33601          0          0          0          0         18          0        232          0          0          0          0
  setppc           :          4+         6         28      32918          0          0          0       2413         42          0         99          0          0          0          0
  linear           :        538+       566         29      51784          0          0          0       3157       7907       4836     242542          9          5          0          0
  logicor          :        572+       584         28      21834          0          0          0          7       4174        341     112788          3          2          0          0
  bounddisjunction :        329+       692          0      25408          0          0          0          0       1571        240      12580          0          0          0          0
  fixedvar         :          0          0          0          0          0          0          0          8          0          0          0          0          0          0          0
  countsols        :          0          0          0          0          0          0          0          8          0          0          0          0          0          0          0
  components       :          0          0          0          0          0          0          0          0          0          0          0          0          0          0          0
Constraint Timings :  TotalTime  SetupTime   Separate  Propagate     EnfoLP     EnfoPS     EnfoRelax   Check    ResProp    SB-Prop
  integral         :       0.29       0.00       0.00       0.00       0.29       0.00       0.00       0.00       0.00       0.00
  varbound         :       0.19       0.00       0.00       0.18       0.00       0.00       0.00       0.02       0.00       0.00
  knapsack         :       0.01       0.00       0.00       0.01       0.00       0.00       0.00       0.00       0.00       0.00
  setppc           :       0.01       0.00       0.00       0.00       0.00       0.00       0.00       0.00       0.00       0.00
  linear           :       1.33       0.00       0.00       1.31       0.00       0.00       0.00       0.01       0.00       0.00
  logicor          :       0.33       0.00       0.00       0.32       0.00       0.00       0.00       0.00       0.00       0.00
  bounddisjunction :       0.33       0.00       0.00       0.33       0.00       0.00       0.00       0.00       0.00       0.00
  fixedvar         :       0.00       0.00       0.00       0.00       0.00       0.00       0.00       0.00       0.00       0.00
  countsols        :       0.00       0.00       0.00       0.00       0.00       0.00       0.00       0.00       0.00       0.00
  components       :       0.00       0.00       0.00       0.00       0.00       0.00       0.00       0.00       0.00       0.00
Propagators        : #Propagate   #ResProp    Cutoffs    DomReds
  dualfix          :          3          0          0          0
  genvbounds       :          0          0          0          0
  nlobbt           :          0          0          0          0
  obbt             :          0          0          0          0
  probing          :          0          0          0          0
  pseudoobj        :      47792          0          0          8
  redcost          :      19579          0          0        364
  rootredcost      :          8          0          0        126
  symmetry         :          0          0          0          0
  vbounds          :      30753       2183         77      32652
Propagator Timings :  TotalTime  SetupTime   Presolve  Propagate    ResProp    SB-Prop
  dualfix          :       0.00       0.00       0.00       0.00       0.00       0.00
  genvbounds       :       0.00       0.00       0.00       0.00       0.00       0.00
  nlobbt           :       0.00       0.00       0.00       0.00       0.00       0.00
  obbt             :       0.00       0.00       0.00       0.00       0.00       0.00
  probing          :       0.60       0.00       0.60       0.00       0.00       0.00
  pseudoobj        :       0.01       0.00       0.00       0.01       0.00       0.00
  redcost          :       0.11       0.00       0.00       0.11       0.00       0.00
  rootredcost      :       0.00       0.00       0.00       0.00       0.00       0.00
  symmetry         :       0.00       0.00       0.00       0.00       0.00       0.00
  vbounds          :       0.29       0.00       0.00       0.29       0.00       0.00
Conflict Analysis  :       Time      Calls    Success    DomReds  Conflicts   Literals    Reconvs ReconvLits   Dualrays   Nonzeros   LP Iters   (pool size: [10000,10000])
  propagation      :       0.01        865        865          -       2823        9.8        206        6.3          -          -          -
  infeasible LP    :       0.00         15         15          -         27        5.2          3        8.3         15        4.8          0
  bound exceed. LP :       0.00          3          3          -          4        7.2          0        0.0          3        7.0         10
  strong branching :       0.00          0          0          -          0        0.0          0        0.0          -          -          0
  pseudo solution  :       0.00          0          0          -          0        0.0          0        0.0          -          -          -
  applied globally :       0.00          -          -          0       2250        8.7          -          -         17          -          -
  applied locally  :          -          -          -          0          3        7.3          -          -          1          -          -
Gen. Resolution CA :       Time      Calls    Success  Conflicts  LargeCoef  LongConfs    Length
  propagation      :       0.00          0          0          0          0          0       0.0
Separators         :   ExecTime  SetupTime      Calls  RootCalls    Cutoffs    DomReds  FoundCuts ViaPoolAdd  DirectAdd    Applied ViaPoolApp  DirectApp      Conss
  cut pool         :       2.33          -       4385         54          -          -      50619     701257          -          -          -          -          -    (maximal pool size:       5442)
  aggregation      :       0.31       0.00       1232         28          0          0        954      22319        424       6530       6443         87          0
  > cmir           :          -          -          -          -          -          -          -       7176        218       1114       1083         31          -
  > flowcover      :          -          -          -          -          -          -          -      13924        182       5037       4992         45          -
  > knapsackcover  :          -          -          -          -          -          -          -       1219         24        379        368         11          -
  cgmip            :       0.00       0.00          0          0          0          0          0          0          0          0          0          0          0
  clique           :       0.00       0.00         28         28          0          0          0          0          0          0          0          0          0
  closecuts        :       0.00       0.00          0          0          0          0          0          0          0          0          0          0          0
  convexproj       :       0.00       0.00          0          0          0          0          0          0          0          0          0          0          0
  disjunctive      :       0.00       0.00          0          0          0          0          0          0          0          0          0          0          0
  eccuts           :       0.00       0.00          0          0          0          0          0          0          0          0          0          0          0
  flower           :       0.00       0.00        633         28          0          0          0          0          0          0          0          0          0
  gauge            :       0.00       0.00          0          0          0          0          0          0          0          0          0          0          0
  gomory           :       4.80       0.00       1138         20          0          0      52449     621728       5741      23784      23540        244          0
  > gomorymi       :          -          -          -          -          -          -          -     279051       3308      15581      15404        177          -
  > strongcg       :          -          -          -          -          -          -          -     342677       2433       8203       8136         67          -
  impliedbounds    :       0.03       0.00       1251         28          0          0       1501       7108          0       2398       2398          0          0
  interminor       :       0.00       0.00          0          0          0          0          0          0          0          0          0          0          0
  intobj           :       0.00       0.00          0          0          0          0          0          0          0          0          0          0          0
  lagromory        :       0.00       0.00          0          0          0          0          0          0          0          0          0          0          0
  mcf              :       0.00       0.00          2          2          0          0          0          0          0          0          0          0          0
  minor            :       0.00       0.00          0          0          0          0          0          0          0          0          0          0          0
  mixing           :       0.00       0.00       1251         28          0          0          0          0          0          0          0          0          0
  oddcycle         :       0.00       0.00          0          0          0          0          0          0          0          0          0          0          0
  rapidlearning    :       5.03       0.00        100          2          0       1600          0          0          0          0          0          0        336
  rlt              :       0.00       0.00         20         20          0          0          0          0          0          0          0          0          0
  zerohalf         :       0.42       0.00       1126         28          0          0       1990      50102        124      13642      13575         67          0
Cutselectors       :   ExecTime  SetupTime      Calls  RootCalls   Selected     Forced   Filtered  RootSelec   RootForc   RootFilt 
  hybrid           :       0.36       0.00       3155         28      46347         29     660413        401          2       4082
  ensemble         :       0.00       0.00          0          0          0          0          0          0          0          0
  dynamic          :       0.00       0.00          0          0          0          0          0          0          0          0
Pricers            :   ExecTime  SetupTime      Calls       Vars
  problem variables:       0.00          -          0          0
Branching Rules    :   ExecTime  SetupTime   BranchLP  BranchExt   BranchPS    Cutoffs    DomReds       Cuts      Conss   Children
  allfullstrong    :       0.00       0.00          0          0          0          0          0          0          0          0
  cloud            :       0.00       0.00          0          0          0          0          0          0          0          0
  distribution     :       0.00       0.00          0          0          0          0          0          0          0          0
  fullstrong       :       0.00       0.00          0          0          0          0          0          0          0          0
  gomory           :       0.00       0.00          0          0          0          0          0          0          0          0
  inference        :       0.00       0.00          0          0          0          0          0          0          0          0
  leastinf         :       0.00       0.00          0          0          0          0          0          0          0          0
  lookahead        :       0.00       0.00          0          0          0          0          0          0          0          0
  mostinf          :       0.00       0.00          0          0          0          0          0          0          0          0
  multaggr         :       0.00       0.00          0          0          0          0          0          0          0          0
  nodereopt        :       0.00       0.00          0          0          0          0          0          0          0          0
  pscost           :       0.00       0.00          0          0          0          0          0          0          0          0
  random           :       0.00       0.00          0          0          0          0          0          0          0          0
  relpscost        :       0.28       0.00       7381          0          0          0          0          0          0      14762
  vanillafullstrong:       0.00       0.00          0          0          0          0          0          0          0          0
Primal Heuristics  :   ExecTime  SetupTime      Calls      Found       Best
  LP solutions     :       0.00          -          -          0          0
  relax solutions  :       0.00          -          -          0          0
  pseudo solutions :       0.00          -          -          0          0
  strong branching :       0.00          -          -          0          0
  actconsdiving    :       0.00       0.00          0          0          0
  adaptivediving   :       0.09       0.00         25          0          0
  alns             :       0.04       0.00          5          0          0
  bound            :       0.00       0.00          0          0          0
  clique           :       0.00       0.00          1          0          0
  coefdiving       :       0.00       0.00          0          0          0
  completesol      :       0.00       0.00          0          0          0
  conflictdiving   :       0.15       0.00         38          1          1
  crossover        :       0.02       0.00          2          0          0
  dins             :       0.00       0.00          0          0          0
  distributiondivin:       0.40       0.00         40          1          1
  dks              :       0.00       0.00          0          0          0
  dps              :       0.00       0.00          0          0          0
  dualval          :       0.00       0.00          0          0          0
  farkasdiving     :       0.00       0.00          0          0          0
  feaspump         :       0.09       0.00          6          0          0
  fixandinfer      :       0.00       0.00          0          0          0
  fracdiving       :       0.08       0.00         20          0          0
  gins             :       0.00       0.00          0          0          0
  guideddiving     :       0.05       0.00          7          0          0
  indicator        :       0.00       0.00          0          0          0
  indicatordiving  :       0.00       0.00          0          0          0
  intdiving        :       0.00       0.00          0          0          0
  intshifting      :       0.00       0.00          0          0          0
  linesearchdiving :       0.08       0.00         14          0          0
  localbranching   :       0.00       0.00          0          0          0
  locks            :       0.02       0.00          1          0          0
  lpface           :       0.00       0.00          0          0          0
  mpec             :       0.00       0.00          0          0          0
  multistart       :       0.00       0.00          0          0          0
  mutation         :       0.00       0.00          0          0          0
  nlpdiving        :       0.00       0.00          0          0          0
  objpscostdiving  :       0.16       0.00          4          0          0
  octane           :       0.00       0.00          0          0          0
  ofins            :       0.00       0.00          0          0          0
  oneopt           :       0.00       0.00          6          0          0
  padm             :       0.00       0.00          0          0          0
  proximity        :       0.00       0.00          0          0          0
  pscostdiving     :       0.17       0.00         33          1          1
  randrounding     :       0.17       0.00       4145          0          0
  rens             :       0.02       0.00          2          0          0
  reoptsols        :       0.00       0.00          0          0          0
  repair           :       0.00       0.00          0          0          0
  rins             :       0.05       0.00          6          0          0
  rootsoldiving    :       0.10       0.00          8          1          1
  rounding         :       0.03       0.00       1400          0          0
  scheduler        :       0.00       0.00          0          0          0
  shiftandpropagate:       0.01       0.00          1          0          0
  shifting         :       0.66       0.00        920          0          0
  simplerounding   :       0.00       0.00      11275          0          0
  subnlp           :       0.00       0.00          0          0          0
  trivial          :       0.00       0.00          4          0          0
  trivialnegation  :       0.00       0.00          0          0          0
  trustregion      :       0.00       0.00          0          0          0
  trysol           :       0.00       0.00          0          0          0
  twoopt           :       0.00       0.00          0          0          0
  undercover       :       0.00       0.00          0          0          0
  vbounds          :       0.00       0.00          0          0          0
  veclendiving     :       0.06       0.00         14          0          0
  zeroobj          :       0.00       0.00          0          0          0
  zirounding       :       0.05       0.00       1000          0          0
  other solutions  :          -          -          -          0          -
LNS (Scheduler)    :      Calls  SetupTime  SolveTime SolveNodes       Sols       Best       Exp3    Exp3-IX  EpsGreedy        UCB TgtFixRate  Opt  Inf Node Stal  Sol  Usr Othr Actv
  rens             :          0       0.00       0.00          0          0          0    0.00000    0.12500   -1.00000    1.00000      0.900    0    0    0    0    0    0    0    1
  rins             :          0       0.00       0.00          0          0          0    0.00000    0.12500   -1.00000    1.00000      0.900    0    0    0    0    0    0    0    1
  mutation         :          0       0.00       0.00          0          0          0    0.00000    0.12500   -1.00000    1.00000      0.900    0    0    0    0    0    0    0    1
  localbranching   :          0       0.00       0.00          0          0          0    0.00000    0.12500   -1.00000    1.00000      0.900    0    0    0    0    0    0    0    1
  crossover        :          0       0.00       0.00          0          0          0    0.00000    0.12500   -1.00000    1.00000      0.900    0    0    0    0    0    0    0    1
  proximity        :          0       0.00       0.00          0          0          0    0.00000    0.12500   -1.00000    1.00000      0.900    0    0    0    0    0    0    0    1
  zeroobjective    :          0       0.00       0.00          0          0          0    0.00000    0.12500   -1.00000    1.00000      0.900    0    0    0    0    0    0    0    1
  dins             :          0       0.00       0.00          0          0          0    0.00000    0.12500   -1.00000    1.00000      0.900    0    0    0    0    0    0    0    1
  trustregion      :          0       0.00       0.00          0          0          0    0.00000    0.00000   -1.00000    1.00000      0.900    0    0    0    0    0    0    0    0
LP                 :       Time      Calls Iterations  Iter/call   Iter/sec  Time-0-It Calls-0-It
  primal LP        :       0.26       1349          0       0.00       0.00       0.26       1349
  dual LP          :       5.70      11312     229014      21.37   40153.44       0.15        597
  lex dual LP      :       0.00          0          0       0.00          -
  barrier LP       :       0.00          0          0       0.00          -       0.00          0
  resolve instable :       0.00          0          0       0.00          -
  diving/probing LP:       0.86        762      43150      56.63   50031.60
  strong branching :       0.07         46       3284      71.39   43907.27          -          -          0
    (at root node) :          -         46       3284      71.39          -
  conflict analysis:       0.00          1         10      10.00          -
Relaxators         :       Time      Calls    Cutoffs ImprBounds   ImprTime ReducedDom  Separated AddedConss
  benders          :       0.00          0          0          0       0.00          0          0          0
B&B Tree           :
  number of runs   :          2
  nodes            :      10405 (6189 internal, 4216 leaves)
  feasible leaves  :          0
  infeas. leaves   :       4212
  objective leaves :          3
  nodes (total)    :      12071 (7381 internal, 4690 leaves)
  nodes left       :       1547
  max depth        :         35
  max depth (total):         35
  backtracks       :       3401 (32.7%)
  early backtracks :          0 (0.0%)
  nodes exc. ref.  :          0 (0.0%)
  delayed cutoffs  :        428
  repropagations   :       2847 (20274 domain reductions, 245 cutoffs)
  avg switch length:       6.43
  switching time   :       1.67
Root Node          :
  First LP value   : +2.00000000000000e+01
  First LP Iters   :        367 (55698.89 Iter/sec)
  First LP Time    :       0.01
  Final Dual Bound : +2.20000000000000e+01
  Final Root Iters :       3265
  Root LP Estimate : +4.70844644129648e+01
Solution           :
  Solutions found  :          7 (7 improvements)
  First Solution   : +6.50000000000000e+01   (in run 1, after 6 nodes, 2.29 seconds, depth 33, found by <pscostdiving>)
  Gap First Sol.   :     205.87 %
  Gap Last Sol.    :      81.82 %
  Primal Bound     : +4.00000000000000e+01   (in run 1, after 46 nodes, 2.84 seconds, depth 19, found by <conflictdiving>)
  Dual Bound       : +2.80000000000000e+01
  Gap              :      42.86 %
Integrals          :      Total       Avg%
  primal-dual      :    1294.85      46.18
  primal-ref       :          -          - (not evaluated)
  dual-ref         :          -          - (not evaluated)
