SCIP version 10.0.0 [precision: 8 byte] [memory: block] [mode: optimized] [LP solver: SoPlex 8.0.0] [GitHash: 0c80fdd8e9]
Copyright (c) 2002-2025 Zuse Institute Berlin (ZIB)

External libraries: 
  Readline 8.3         GNU library for command line editing (gnu.org/s/readline)
  SoPlex 8.0.0         Linear programming solver developed at Zuse Institute Berlin (soplex.zib.de) [GitHash: 2207cfb2]
  CppAD 20180000.0     Algorithmic Differentiation of C++ algorithms developed by B. Bell (github.com/coin-or/CppAD)
  ZLIB 1.2.12          General purpose compression library by J. Gailly and M. Adler (zlib.net)
  MPFR 4.2.2           GNU Multiple Precision Floating-Point Reliable Library (mpfr.org)
  Boost 1.89.0         Boost C++ Libraries (boost.org)
  TinyCThread 1.2      small portable implementation of the C11 threads API (tinycthread.github.io)
  GMP 6.3.0            GNU Multiple Precision Arithmetic Library developed by T. Granlund (gmplib.org)
  AMPL/MP 4.0.3        AMPL .nl file reader library (github.com/ampl/mp)
  PaPILO 3.0.0         parallel presolve for integer and linear optimization (github.com/scipopt/papilo) (built with TBB)
  Nauty 2.8.8          Computing Graph Automorphism Groups by Brendan D. McKay (users.cecs.anu.edu.au/~bdm/nauty)
  sassy 2.0            Symmetry preprocessor by Markus Anders (github.com/markusa4/sassy)
  Ipopt 3.14.19        Interior Point Optimizer developed by A. Waechter et.al. (github.com/coin-or/Ipopt)

reading user parameter file </Users/maxbig/SCIP/SCIPOptSuite-9.2.1-Linux/only_time.set>

read problem </Users/maxbig/SCIP/SCIPOptSuite-9.2.1-Linux/inputs/new_no_tr/order/layered_12_2_buf_times_P3_M11000_up_right_input.lp>
============

original problem has 625 variables (612 bin, 13 int, 0 cont) and 2008 constraints

solve problem
=============

presolving:
(round 1, fast)       56 del vars, 36 del conss, 0 add conss, 19 chg bounds, 0 chg sides, 0 chg coeffs, 0 upgd conss, 0 impls, 12 clqs, 0 implints
(round 2, fast)       56 del vars, 36 del conss, 0 add conss, 24 chg bounds, 0 chg sides, 0 chg coeffs, 0 upgd conss, 0 impls, 12 clqs, 0 implints
   (0.0s) running MILP presolver
   (0.0s) MILP presolver (2 rounds): 0 aggregations, 0 fixings, 0 bound changes
(round 3, exhaustive) 56 del vars, 319 del conss, 0 add conss, 24 chg bounds, 0 chg sides, 0 chg coeffs, 0 upgd conss, 0 impls, 12 clqs, 0 implints
(round 4, exhaustive) 56 del vars, 357 del conss, 0 add conss, 24 chg bounds, 57 chg sides, 0 chg coeffs, 0 upgd conss, 0 impls, 12 clqs, 0 implints
(round 5, fast)       75 del vars, 360 del conss, 0 add conss, 24 chg bounds, 57 chg sides, 0 chg coeffs, 0 upgd conss, 0 impls, 12 clqs, 0 implints
(round 6, exhaustive) 75 del vars, 369 del conss, 0 add conss, 24 chg bounds, 57 chg sides, 0 chg coeffs, 0 upgd conss, 0 impls, 12 clqs, 0 implints
(round 7, exhaustive) 75 del vars, 369 del conss, 0 add conss, 24 chg bounds, 57 chg sides, 0 chg coeffs, 854 upgd conss, 0 impls, 12 clqs, 0 implints
   (0.7s) probing cycle finished: starting next cycle
   (0.7s) probing: 1/537 (0.2%) - 0 fixings, 0 aggregations, 2271 implications, 0 bound changes
   (0.7s) probing aborted: 50/50 successive totally useless probings
   (0.7s) symmetry computation started: requiring (bin +, int +, cont +), (fixed: bin -, int -, cont -)
   (0.7s) symmetry computation finished: 2 generators found (max: 1500, log10 of symmetry group size: 0.78) (symcode time: 0.00)
dynamic symmetry handling statistics:
   orbitopal reduction:       no components
   orbital reduction:         no components
   lexicographic reduction:   no permutations
handled 1 out of 1 symmetry components
(round 8, exhaustive) 79 del vars, 369 del conss, 1 add conss, 24 chg bounds, 57 chg sides, 0 chg coeffs, 854 upgd conss, 2302 impls, 11 clqs, 0 implints
(round 9, fast)       81 del vars, 479 del conss, 1 add conss, 24 chg bounds, 57 chg sides, 66 chg coeffs, 854 upgd conss, 2302 impls, 74 clqs, 0 implints
(round 10, medium)     93 del vars, 479 del conss, 1 add conss, 24 chg bounds, 57 chg sides, 66 chg coeffs, 854 upgd conss, 2302 impls, 50 clqs, 0 implints
(round 11, fast)       93 del vars, 503 del conss, 1 add conss, 24 chg bounds, 57 chg sides, 66 chg coeffs, 854 upgd conss, 2302 impls, 50 clqs, 0 implints
   (0.7s) probing cycle finished: starting next cycle
(round 12, exhaustive) 103 del vars, 503 del conss, 1 add conss, 24 chg bounds, 57 chg sides, 66 chg coeffs, 854 upgd conss, 2302 impls, 42 clqs, 0 implints
(round 13, fast)       103 del vars, 513 del conss, 1 add conss, 24 chg bounds, 57 chg sides, 66 chg coeffs, 854 upgd conss, 2302 impls, 42 clqs, 0 implints
   (0.8s) probing: 419/510 (82.2%) - 0 fixings, 10 aggregations, 2790 implications, 0 bound changes
   (0.8s) probing aborted: 50/50 successive totally useless probings
presolving (14 rounds: 14 fast, 8 medium, 7 exhaustive):
 103 deleted vars, 513 deleted constraints, 1 added constraints, 24 tightened bounds, 0 added holes, 57 changed sides, 66 changed coefficients
 2302 implications, 42 cliques, 0 implied integral variables (0 bin, 0 int, 0 cont)
presolved problem has 523 variables (510 bin, 13 int, 0 cont) and 1496 constraints
     41 constraints of type <varbound>
      9 constraints of type <knapsack>
     10 constraints of type <setppc>
    785 constraints of type <linear>
      1 constraints of type <orbitope_pp>
    650 constraints of type <logicor>
transformed objective value is always integral (scale: 1)
Presolving Time: 0.81

 time | node  | left  |LP iter|LP it/n|mem/heur|mdpt |vars |cons |rows |cuts |sepa|confs|strbr|  dualbound   | primalbound  |  gap   | compl. 
  0.9s|     1 |     0 |   314 |     - |    18M |   0 | 523 |1517 |1495 |   0 |  0 |  21 |   0 | 2.000000e+01 |      --      |    Inf | unknown
  1.0s|     1 |     0 |   857 |     - |    19M |   0 | 523 |1517 |1589 |  94 |  1 |  21 |   0 | 2.000000e+01 |      --      |    Inf | unknown
  1.0s|     1 |     0 |  1055 |     - |    19M |   0 | 523 |1518 |1626 | 131 |  2 |  22 |   0 | 2.000000e+01 |      --      |    Inf | unknown
  1.0s|     1 |     0 |  1201 |     - |    19M |   0 | 523 |1520 |1645 | 150 |  3 |  24 |   0 | 2.000000e+01 |      --      |    Inf | unknown
  1.0s|     1 |     0 |  1290 |     - |    20M |   0 | 523 |1521 |1659 | 164 |  4 |  25 |   0 | 2.000000e+01 |      --      |    Inf | unknown
  1.0s|     1 |     0 |  1398 |     - |    21M |   0 | 523 |1521 |1668 | 173 |  5 |  25 |   0 | 2.000000e+01 |      --      |    Inf | unknown
  1.1s|     1 |     0 |  1533 |     - |    22M |   0 | 523 |1521 |1684 | 189 |  6 |  25 |   0 | 2.067256e+01 |      --      |    Inf | unknown
  1.1s|     1 |     0 |  1563 |     - |    22M |   0 | 523 |1521 |1683 | 189 |  6 |  25 |   0 | 2.100000e+01 |      --      |    Inf | unknown
  1.1s|     1 |     0 |  1631 |     - |    23M |   0 | 523 |1521 |1710 | 216 |  7 |  25 |   0 | 2.147283e+01 |      --      |    Inf | unknown
  1.1s|     1 |     0 |  1664 |     - |    23M |   0 | 523 |1521 |1708 | 216 |  7 |  25 |   0 | 2.200000e+01 |      --      |    Inf | unknown
  1.1s|     1 |     0 |  1757 |     - |    23M |   0 | 523 |1522 |1728 | 236 |  8 |  26 |   0 | 2.239044e+01 |      --      |    Inf | unknown
  1.1s|     1 |     0 |  1794 |     - |    23M |   0 | 523 |1523 |1723 | 236 |  8 |  27 |   0 | 2.300000e+01 |      --      |    Inf | unknown
  1.2s|     1 |     0 |  1835 |     - |    24M |   0 | 523 |1523 |1737 | 250 |  9 |  27 |   0 | 2.300965e+01 |      --      |    Inf | unknown
  1.2s|     1 |     0 |  1870 |     - |    24M |   0 | 523 |1524 |1734 | 250 |  9 |  28 |   0 | 2.400000e+01 |      --      |    Inf | unknown
  1.2s|     1 |     0 |  1936 |     - |    24M |   0 | 523 |1524 |1747 | 263 | 10 |  28 |   0 | 2.400000e+01 |      --      |    Inf | unknown
 time | node  | left  |LP iter|LP it/n|mem/heur|mdpt |vars |cons |rows |cuts |sepa|confs|strbr|  dualbound   | primalbound  |  gap   | compl. 
  1.2s|     1 |     0 |  2003 |     - |    24M |   0 | 523 |1525 |1760 | 276 | 11 |  29 |   0 | 2.418943e+01 |      --      |    Inf | unknown
  1.2s|     1 |     0 |  2034 |     - |    24M |   0 | 523 |1527 |1744 | 276 | 11 |  31 |   0 | 2.500000e+01 |      --      |    Inf | unknown
  1.2s|     1 |     0 |  2065 |     - |    24M |   0 | 523 |1527 |1755 | 287 | 12 |  31 |   0 | 2.500000e+01 |      --      |    Inf | unknown
  1.2s|     1 |     0 |  2115 |     - |    25M |   0 | 523 |1528 |1768 | 300 | 13 |  32 |   0 | 2.527379e+01 |      --      |    Inf | unknown
  1.2s|     1 |     0 |  2138 |     - |    25M |   0 | 523 |1529 |1762 | 300 | 13 |  33 |   0 | 2.600000e+01 |      --      |    Inf | unknown
  1.2s|     1 |     0 |  2148 |     - |    25M |   0 | 523 |1530 |1768 | 306 | 14 |  34 |   0 | 2.600000e+01 |      --      |    Inf | unknown
  1.2s|     1 |     0 |  2186 |     - |    25M |   0 | 523 |1530 |1585 | 311 | 15 |  34 |   0 | 2.600000e+01 |      --      |    Inf | unknown
  1.3s|     1 |     0 |  2241 |     - |    25M |   0 | 523 |1531 |1594 | 320 | 16 |  35 |   0 | 2.600000e+01 |      --      |    Inf | unknown
  1.3s|     1 |     0 |  2297 |     - |    25M |   0 | 523 |1532 |1605 | 331 | 17 |  36 |   0 | 2.618490e+01 |      --      |    Inf | unknown
  1.3s|     1 |     0 |  2323 |     - |    25M |   0 | 523 |1533 |1593 | 331 | 17 |  37 |   0 | 2.700000e+01 |      --      |    Inf | unknown
  1.3s|     1 |     0 |  2343 |     - |    25M |   0 | 523 |1534 |1599 | 337 | 18 |  38 |   0 | 2.700000e+01 |      --      |    Inf | unknown
  1.3s|     1 |     0 |  2379 |     - |    26M |   0 | 523 |1536 |1604 | 342 | 19 |  40 |   0 | 2.700000e+01 |      --      |    Inf | unknown
  1.3s|     1 |     0 |  2403 |     - |    26M |   0 | 523 |1536 |1569 | 346 | 20 |  40 |   0 | 2.700000e+01 |      --      |    Inf | unknown
  1.3s|     1 |     0 |  2423 |     - |    26M |   0 | 523 |1538 |1574 | 351 | 21 |  42 |   0 | 2.700000e+01 |      --      |    Inf | unknown
  1.3s|     1 |     0 |  2432 |     - |    26M |   0 | 523 |1538 |1575 | 352 | 22 |  42 |   0 | 2.700000e+01 |      --      |    Inf | unknown
 time | node  | left  |LP iter|LP it/n|mem/heur|mdpt |vars |cons |rows |cuts |sepa|confs|strbr|  dualbound   | primalbound  |  gap   | compl. 
  1.3s|     1 |     0 |  2438 |     - |    26M |   0 | 523 |1538 |1556 | 353 | 23 |  42 |   0 | 2.700000e+01 |      --      |    Inf | unknown
  1.4s|     1 |     2 |  2746 |     - |    26M |   0 | 523 |1550 |1556 | 353 | 24 |  54 |  19 | 2.700000e+01 |      --      |    Inf | unknown

SCIP Status        : solving was interrupted [termination signal received]
Solving Time (sec) : 3.59
Solving Nodes      : 11
Primal Bound       : +1.00000000000000e+20 (0 solutions)
Dual Bound         : +2.70000000000000e+01
Gap                : infinite

primal solution (original space):
=================================

no solution available

Statistics
==========

SCIP Status        : solving was interrupted [termination signal received]
Total Time         :       3.60
  solving          :       3.59
  presolving       :       0.81 (included in solving)
  reading          :       0.00
  copying          :       0.02 (5 #copies) (minimal 0.00, maximal 0.01, average 0.00)
Original Problem   :
  Problem name     : /Users/maxbig/SCIP/SCIPOptSuite-9.2.1-Linux/inputs/new_no_tr/order/layered_12_2_buf_times_P3_M11000_up_right_input.lp
  Variables        : 625 (612 binary, 13 integer, 0 continuous)
  Implied int vars : 0 (0 binary, 0 integer, 0 continuous)
  Constraints      : 2008 initial, 2008 maximal
  Objective        : minimize, 1 non-zeros (abs.min = 1, abs.max = 1)
Presolved Problem  :
  Problem name     : t_/Users/maxbig/SCIP/SCIPOptSuite-9.2.1-Linux/inputs/new_no_tr/order/layered_12_2_buf_times_P3_M11000_up_right_input.lp
  Variables        : 523 (510 binary, 13 integer, 0 continuous)
  Implied int vars : 0 (0 binary, 0 integer, 0 continuous)
  Constraints      : 1496 initial, 1552 maximal
  Objective        : minimize, 1 non-zeros (abs.min = 1, abs.max = 1)
  Nonzeros         : 4904 constraint, 100 clique table
Presolvers         :   ExecTime  SetupTime  Calls  FixedVars   AggrVars   ChgTypes  ChgBounds   AddHoles    DelCons    AddCons   ChgSides   ChgCoefs
  boundshift       :       0.00       0.00      0          0          0          0          0          0          0          0          0          0
  convertinttobin  :       0.00       0.00      0          0          0          0          0          0          0          0          0          0
  domcol           :       0.00       0.00      3          0          0          0          0          0          0          0          0          0
  dualagg          :       0.00       0.00      0          0          0          0          0          0          0          0          0          0
  dualcomp         :       0.00       0.00      0          0          0          0          0          0          0          0          0          0
  dualinfer        :       0.00       0.00      0          0          0          0          0          0          0          0          0          0
  dualsparsify     :       0.01       0.00      1          0          0          0          0          0          0          0          0          0
  gateextraction   :       0.00       0.00      3          0          0          0          0          0          0          0          0          0
  implics          :       0.00       0.00      8          0          0          0          0          0          0          0          0          0
  implint          :       0.00       0.00      0          0          0          0          0          0          0          0          0          0
  inttobinary      :       0.00       0.00     14          0          0          0          0          0          0          0          0          0
  milp             :       0.00       0.00      1          0          0          0          0          0          0          0          0          0
  qpkktref         :       0.00       0.00      0          0          0          0          0          0          0          0          0          0
  redvub           :       0.00       0.00      0          0          0          0          0          0          0          0          0          0
  sparsify         :       0.00       0.00      1          0          0          0          0          0          0          0          0          0
  stuffing         :       0.00       0.00      0          0          0          0          0          0          0          0          0          0
  trivial          :       0.00       0.00     14         45          0          0          0          0          0          0          0          0
  tworowbnd        :       0.00       0.00      0          0          0          0          0          0          0          0          0          0
  dualfix          :       0.00       0.00     14         31          0          0          0          0          0          0          0          0
  genvbounds       :       0.00       0.00      0          0          0          0          0          0          0          0          0          0
  probing          :       0.76       0.00      3          0         10          0          0          0          0          0          0          0
  pseudoobj        :       0.00       0.00      0          0          0          0          0          0          0          0          0          0
  symmetry         :       0.00       0.00      1          3          0          0          0          0          0          1          0          0
  vbounds          :       0.00       0.00      2          0         12          0          0          0          0          0          0          0
  varbound         :       0.00       0.00     11          0          0          0          0          0          0          0          0          0
  knapsack         :       0.00       0.00     14          0          0          0          0          0          0          0          0          0
  setppc           :       0.00       0.00     14          0          1          0          0          0          2          0          0          0
  linear           :       0.03       0.00     21          0          0          0         24          0        369          0         57          0
  orbitope_pp      :       0.00       0.00      3          0          0          0          0          0          0          0          0          0
  logicor          :       0.00       0.00     14          0          0          0          0          0        142          0          0         66
  bounddisjunction :       0.00       0.00      0          0          0          0          0          0          0          0          0          0
  components       :       0.00       0.00      1          0          0          0          0          0          0          0          0          0
  root node        :          -          -      -          0          -          -          7          -          -          -          -          -
Constraints        :     Number  MaxNumber  #Separate #Propagate    #EnfoLP    #EnfoRelax  #EnfoPS    #Check   #ResProp    Cutoffs    DomReds       Cuts    Applied      Conss   Children
  integral         :          0          0          0          0         10          0          0         18          0          0          0          0          0          0         20
  varbound         :         41         41         24      10771          0          0          0         14          0          0          0          0          0          0          0
  knapsack         :          9          9         24      10600          0          0          0         12          0          0          0         99          8          0          0
  setppc           :         10+        15         24       8966          0          0          0          2         34          4         11          0          0          0          0
  linear           :        785        785         24      10767          0          0          0          4         33         40          1          0          0          0          0
  orbitope_pp      :          1          1          0       5431          0          0          0          0          0          0          1          0          0          0          0
  logicor          :        650+       684         24       1502          0          0          0          0         54         14         24          1          1          0          0
  bounddisjunction :          0+        17          0        572          0          0          0          0          3          0          0          0          0          0          0
  fixedvar         :          0          0          0          0          0          0          0          0          0          0          0          0          0          0          0
  countsols        :          0          0          0          0          0          0          0          0          0          0          0          0          0          0          0
  components       :          0          0          0          0          0          0          0          0          0          0          0          0          0          0          0
Constraint Timings :  TotalTime  SetupTime   Separate  Propagate     EnfoLP     EnfoPS     EnfoRelax   Check    ResProp    SB-Prop
  integral         :       0.02       0.00       0.00       0.00       0.02       0.00       0.00       0.00       0.00       0.00
  varbound         :       0.14       0.00       0.00       0.14       0.00       0.00       0.00       0.00       0.00       0.00
  knapsack         :       0.00       0.00       0.00       0.00       0.00       0.00       0.00       0.00       0.00       0.00
  setppc           :       0.00       0.00       0.00       0.00       0.00       0.00       0.00       0.00       0.00       0.00
  linear           :       0.49       0.00       0.00       0.49       0.00       0.00       0.00       0.00       0.00       0.00
  orbitope_pp      :       0.00       0.00       0.00       0.00       0.00       0.00       0.00       0.00       0.00       0.00
  logicor          :       0.01       0.00       0.00       0.01       0.00       0.00       0.00       0.00       0.00       0.00
  bounddisjunction :       0.00       0.00       0.00       0.00       0.00       0.00       0.00       0.00       0.00       0.00
  fixedvar         :       0.00       0.00       0.00       0.00       0.00       0.00       0.00       0.00       0.00       0.00
  countsols        :       0.00       0.00       0.00       0.00       0.00       0.00       0.00       0.00       0.00       0.00
  components       :       0.00       0.00       0.00       0.00       0.00       0.00       0.00       0.00       0.00       0.00
Propagators        : #Propagate   #ResProp    Cutoffs    DomReds
  dualfix          :          2          0          0          0
  genvbounds       :          0          0          0          0
  nlobbt           :          0          0          0          0
  obbt             :          0          0          0          0
  probing          :          0          0          0          0
  pseudoobj        :          7          0          0          7
  redcost          :          0          0          0          0
  rootredcost      :          0          0          0          0
  symmetry         :          0          0          0          0
  vbounds          :       1834         44          7          4
Propagator Timings :  TotalTime  SetupTime   Presolve  Propagate    ResProp    SB-Prop
  dualfix          :       0.00       0.00       0.00       0.00       0.00       0.00
  genvbounds       :       0.00       0.00       0.00       0.00       0.00       0.00
  nlobbt           :       0.00       0.00       0.00       0.00       0.00       0.00
  obbt             :       0.00       0.00       0.00       0.00       0.00       0.00
  probing          :       0.76       0.00       0.76       0.00       0.00       0.00
  pseudoobj        :       0.00       0.00       0.00       0.00       0.00       0.00
  redcost          :       0.00       0.00       0.00       0.00       0.00       0.00
  rootredcost      :       0.00       0.00       0.00       0.00       0.00       0.00
  symmetry         :       0.00       0.00       0.00       0.00       0.00       0.00
  vbounds          :       0.04       0.00       0.00       0.04       0.00       0.00
Symmetry           :
  #affected vars   :         36 (36 bin, 0 int, 0 cont)
  orbitopal red.   :          0 reductions applied,          0 cutoffs
  orbital reduction:          0 reductions applied,          0 cutoffs
  lexicographic red:          0 reductions applied,          0 cutoffs
  shadow tree time :       0.00 s
Conflict Analysis  :       Time      Calls    Success    DomReds  Conflicts   Literals    Reconvs ReconvLits   Dualrays   Nonzeros   LP Iters   (pool size: [10000,10000])
  propagation      :       0.00         38         34          -         40        3.7          0        0.0          -          -          -
  infeasible LP    :       0.00          7          7          -         10        4.1          1        3.0          7        4.1          0
  bound exceed. LP :       0.00          0          0          -          0        0.0          0        0.0          0        0.0          0
  strong branching :       0.00          0          0          -          0        0.0          0        0.0          -          -          0
  pseudo solution  :       0.00          0          0          -          0        0.0          0        0.0          -          -          -
  applied globally :       0.00          -          -          0         49        3.8          -          -          7          -          -
  applied locally  :          -          -          -          0          0        0.0          -          -          0          -          -
Gen. Resolution CA :       Time      Calls    Success  Conflicts  LargeCoef  LongConfs    Length
  propagation      :       0.00          0          0          0          0          0       0.0
Separators         :   ExecTime  SetupTime      Calls  RootCalls    Cutoffs    DomReds  FoundCuts ViaPoolAdd  DirectAdd    Applied ViaPoolApp  DirectApp      Conss
  cut pool         :       0.00          -         44         44          -          -       2248       2857          -          -          -          -          -    (maximal pool size:       2213)
  aggregation      :       0.03       0.00         24         24          0          0        111        199          0         76         76          0          0
  > cmir           :          -          -          -          -          -          -          -        186          0         68         68          0          -
  > flowcover      :          -          -          -          -          -          -          -         12          0          7          7          0          -
  > knapsackcover  :          -          -          -          -          -          -          -          1          0          1          1          0          -
  cgmip            :       0.00       0.00          0          0          0          0          0          0          0          0          0          0          0
  clique           :       0.00       0.00         24         24          0          0          0          0          0          0          0          0          0
  closecuts        :       0.00       0.00          0          0          0          0          0          0          0          0          0          0          0
  convexproj       :       0.00       0.00          0          0          0          0          0          0          0          0          0          0          0
  disjunctive      :       0.00       0.00          0          0          0          0          0          0          0          0          0          0          0
  eccuts           :       0.00       0.00          0          0          0          0          0          0          0          0          0          0          0
  flower           :       0.00       0.00         28         24          0          0          0          0          0          0          0          0          0
  gauge            :       0.00       0.00          0          0          0          0          0          0          0          0          0          0          0
  gomory           :       0.09       0.00         10         10          0          0       1552       1898          0        158        158          0          0
  > gomorymi       :          -          -          -          -          -          -          -        728          0         49         49          0          -
  > strongcg       :          -          -          -          -          -          -          -       1170          0        109        109          0          -
  impliedbounds    :       0.00       0.00         24         24          0          0        456        643          0         71         71          0          0
  interminor       :       0.00       0.00          0          0          0          0          0          0          0          0          0          0          0
  intobj           :       0.00       0.00          0          0          0          0          0          0          0          0          0          0          0
  lagromory        :       0.00       0.00          0          0          0          0          0          0          0          0          0          0          0
  mcf              :       0.00       0.00          1          1          0          0          0          0          0          0          0          0          0
  minor            :       0.00       0.00          0          0          0          0          0          0          0          0          0          0          0
  mixing           :       0.00       0.00         24         24          0          0          0          0          0          0          0          0          0
  oddcycle         :       0.00       0.00          0          0          0          0          0          0          0          0          0          0          0
  rapidlearning    :       2.21       0.00          3          1          0          0          0          0          0          0          0          0          0
  rlt              :       0.00       0.00         10         10          0          0          0          0          0          0          0          0          0
  zerohalf         :       0.01       0.00         20         20          0          0         94        117          0         39         39          0          0
Cutselectors       :   ExecTime  SetupTime      Calls  RootCalls   Selected     Forced   Filtered  RootSelec   RootForc   RootFilt 
  hybrid           :       0.00       0.00         23         23        353          0       2604        353          0       2604
  ensemble         :       0.00       0.00          0          0          0          0          0          0          0          0
  dynamic          :       0.00       0.00          0          0          0          0          0          0          0          0
Pricers            :   ExecTime  SetupTime      Calls       Vars
  problem variables:       0.00          -          0          0
Branching Rules    :   ExecTime  SetupTime   BranchLP  BranchExt   BranchPS    Cutoffs    DomReds       Cuts      Conss   Children
  allfullstrong    :       0.00       0.00          0          0          0          0          0          0          0          0
  cloud            :       0.00       0.00          0          0          0          0          0          0          0          0
  distribution     :       0.00       0.00          0          0          0          0          0          0          0          0
  fullstrong       :       0.00       0.00          0          0          0          0          0          0          0          0
  gomory           :       0.00       0.00          0          0          0          0          0          0          0          0
  inference        :       0.00       0.00          0          0          0          0          0          0          0          0
  leastinf         :       0.00       0.00          0          0          0          0          0          0          0          0
  lookahead        :       0.00       0.00          0          0          0          0          0          0          0          0
  mostinf          :       0.00       0.00          0          0          0          0          0          0          0          0
  multaggr         :       0.00       0.00          0          0          0          0          0          0          0          0
  nodereopt        :       0.00       0.00          0          0          0          0          0          0          0          0
  pscost           :       0.00       0.00          0          0          0          0          0          0          0          0
  random           :       0.00       0.00          0          0          0          0          0          0          0          0
  relpscost        :       0.02       0.00         10          0          0          0          0          0          0         20
  vanillafullstrong:       0.00       0.00          0          0          0          0          0          0          0          0
Primal Heuristics  :   ExecTime  SetupTime      Calls      Found       Best
  LP solutions     :       0.00          -          -          0          0
  relax solutions  :       0.00          -          -          0          0
  pseudo solutions :       0.00          -          -          0          0
  strong branching :       0.00          -          -          0          0
  actconsdiving    :       0.00       0.00          0          0          0
  adaptivediving   :       0.00       0.00          0          0          0
  alns             :       0.01       0.00          1          0          0
  bound            :       0.00       0.00          0          0          0
  clique           :       0.00       0.00          1          0          0
  coefdiving       :       0.00       0.00          0          0          0
  completesol      :       0.00       0.00          0          0          0
  conflictdiving   :       0.01       0.00          1          0          0
  crossover        :       0.00       0.00          0          0          0
  dins             :       0.00       0.00          0          0          0
  distributiondivin:       0.00       0.00          0          0          0
  dks              :       0.00       0.00          0          0          0
  dps              :       0.00       0.00          0          0          0
  dualval          :       0.00       0.00          0          0          0
  farkasdiving     :       0.00       0.00          0          0          0
  feaspump         :       0.00       0.00          1          0          0
  fixandinfer      :       0.00       0.00          0          0          0
  fracdiving       :       0.00       0.00          0          0          0
  gins             :       0.00       0.00          0          0          0
  guideddiving     :       0.00       0.00          0          0          0
  indicator        :       0.00       0.00          0          0          0
  indicatordiving  :       0.00       0.00          0          0          0
  intdiving        :       0.00       0.00          0          0          0
  intshifting      :       0.00       0.00          0          0          0
  linesearchdiving :       0.00       0.00          0          0          0
  localbranching   :       0.00       0.00          0          0          0
  locks            :       0.02       0.00          1          0          0
  lpface           :       0.00       0.00          0          0          0
  mpec             :       0.00       0.00          0          0          0
  multistart       :       0.00       0.00          0          0          0
  mutation         :       0.00       0.00          0          0          0
  nlpdiving        :       0.00       0.00          0          0          0
  objpscostdiving  :       0.00       0.00          0          0          0
  octane           :       0.00       0.00          0          0          0
  ofins            :       0.00       0.00          0          0          0
  oneopt           :       0.00       0.00          0          0          0
  padm             :       0.00       0.00          0          0          0
  proximity        :       0.00       0.00          0          0          0
  pscostdiving     :       0.01       0.00          1          0          0
  randrounding     :       0.15       0.00         31          0          0
  rens             :       0.01       0.00          1          0          0
  reoptsols        :       0.00       0.00          0          0          0
  repair           :       0.00       0.00          0          0          0
  rins             :       0.00       0.00          0          0          0
  rootsoldiving    :       0.00       0.00          0          0          0
  rounding         :       0.00       0.00         38          0          0
  scheduler        :       0.00       0.00          0          0          0
  shiftandpropagate:       0.02       0.00          1          0          0
  shifting         :       0.06       0.00         30          0          0
  simplerounding   :       0.00       0.00         41          0          0
  subnlp           :       0.00       0.00          0          0          0
  trivial          :       0.00       0.00          2          0          0
  trivialnegation  :       0.00       0.00          0          0          0
  trustregion      :       0.00       0.00          0          0          0
  trysol           :       0.00       0.00          0          0          0
  twoopt           :       0.00       0.00          0          0          0
  undercover       :       0.00       0.00          0          0          0
  vbounds          :       0.08       0.00          1          0          0
  veclendiving     :       0.00       0.00          0          0          0
  zeroobj          :       0.00       0.00          0          0          0
  zirounding       :       0.00       0.00         10          0          0
  other solutions  :          -          -          -          0          -
LNS (Scheduler)    :      Calls  SetupTime  SolveTime SolveNodes       Sols       Best       Exp3    Exp3-IX  EpsGreedy        UCB TgtFixRate  Opt  Inf Node Stal  Sol  Usr Othr Actv
  rens             :          0       0.00       0.00          0          0          0    0.00000    0.12500   -1.00000    1.00000      0.900    0    0    0    0    0    0    0    1
  rins             :          0       0.00       0.00          0          0          0    0.00000    0.12500   -1.00000    1.00000      0.900    0    0    0    0    0    0    0    1
  mutation         :          0       0.00       0.00          0          0          0    0.00000    0.12500   -1.00000    1.00000      0.900    0    0    0    0    0    0    0    1
  localbranching   :          0       0.00       0.00          0          0          0    0.00000    0.12500   -1.00000    1.00000      0.900    0    0    0    0    0    0    0    1
  crossover        :          0       0.00       0.00          0          0          0    0.00000    0.12500   -1.00000    1.00000      0.900    0    0    0    0    0    0    0    1
  proximity        :          0       0.00       0.00          0          0          0    0.00000    0.12500   -1.00000    1.00000      0.900    0    0    0    0    0    0    0    1
  zeroobjective    :          0       0.00       0.00          0          0          0    0.00000    0.12500   -1.00000    1.00000      0.900    0    0    0    0    0    0    0    1
  dins             :          0       0.00       0.00          0          0          0    0.00000    0.12500   -1.00000    1.00000      0.900    0    0    0    0    0    0    0    1
  trustregion      :          0       0.00       0.00          0          0          0    0.00000    0.00000   -1.00000    1.00000      0.900    0    0    0    0    0    0    0    0
LP                 :       Time      Calls Iterations  Iter/call   Iter/sec  Time-0-It Calls-0-It
  primal LP        :       0.00          4          0       0.00          -       0.00          4
  dual LP          :       0.03         41       1811      44.17   53225.57       0.00          0
  lex dual LP      :       0.00          0          0       0.00          -
  barrier LP       :       0.00          0          0       0.00          -       0.00          0
  resolve instable :       0.00          0          0       0.00          -
  diving/probing LP:       0.08         51       1437      28.18   17449.91
  strong branching :       0.02         19       1172      61.68   61338.78          -          -          0
    (at root node) :          -         19       1172      61.68          -
  conflict analysis:       0.00          0          0       0.00          -
Relaxators         :       Time      Calls    Cutoffs ImprBounds   ImprTime ReducedDom  Separated AddedConss
  benders          :       0.00          0          0          0       0.00          0          0          0
B&B Tree           :
  number of runs   :          1
  nodes            :         11 (10 internal, 1 leaves)
  feasible leaves  :          0
  infeas. leaves   :          0
  objective leaves :          0
  nodes (total)    :         11 (10 internal, 1 leaves)
  nodes left       :         11
  max depth        :          5
  max depth (total):          5
  backtracks       :          1 (9.1%)
  early backtracks :          0 (0.0%)
  nodes exc. ref.  :          0 (0.0%)
  delayed cutoffs  :          0
  repropagations   :          0 (0 domain reductions, 0 cutoffs)
  avg switch length:       1.45
  switching time   :       0.00
Root Node          :
  First LP value   : +2.00000000000000e+01
  First LP Iters   :        290 (88576.66 Iter/sec)
  First LP Time    :       0.00
  Final Dual Bound : +2.70000000000000e+01
  Final Root Iters :       2415
  Root LP Estimate : +2.71682613839286e+01
Solution           :
  Solutions found  :          0 (0 improvements)
  Primal Bound     :          -
  Dual Bound       : +2.70000000000000e+01
  Gap              :   infinite
Integrals          :      Total       Avg%
  primal-dual      :     359.29     100.00
  primal-ref       :          -          - (not evaluated)
  dual-ref         :          -          - (not evaluated)
