SCIP version 10.0.0 [precision: 8 byte] [memory: block] [mode: optimized] [LP solver: SoPlex 8.0.0] [GitHash: 0c80fdd8e9]
Copyright (c) 2002-2025 Zuse Institute Berlin (ZIB)

External libraries: 
  Readline 8.3         GNU library for command line editing (gnu.org/s/readline)
  SoPlex 8.0.0         Linear programming solver developed at Zuse Institute Berlin (soplex.zib.de) [GitHash: 2207cfb2]
  CppAD 20180000.0     Algorithmic Differentiation of C++ algorithms developed by B. Bell (github.com/coin-or/CppAD)
  ZLIB 1.2.12          General purpose compression library by J. Gailly and M. Adler (zlib.net)
  MPFR 4.2.2           GNU Multiple Precision Floating-Point Reliable Library (mpfr.org)
  Boost 1.89.0         Boost C++ Libraries (boost.org)
  TinyCThread 1.2      small portable implementation of the C11 threads API (tinycthread.github.io)
  GMP 6.3.0            GNU Multiple Precision Arithmetic Library developed by T. Granlund (gmplib.org)
  AMPL/MP 4.0.3        AMPL .nl file reader library (github.com/ampl/mp)
  PaPILO 3.0.0         parallel presolve for integer and linear optimization (github.com/scipopt/papilo) (built with TBB)
  Nauty 2.8.8          Computing Graph Automorphism Groups by Brendan D. McKay (users.cecs.anu.edu.au/~bdm/nauty)
  sassy 2.0            Symmetry preprocessor by Markus Anders (github.com/markusa4/sassy)
  Ipopt 3.14.19        Interior Point Optimizer developed by A. Waechter et.al. (github.com/coin-or/Ipopt)

reading user parameter file </Users/maxbig/SCIP/SCIPOptSuite-9.2.1-Linux/only_time.set>

read problem </Users/maxbig/SCIP/SCIPOptSuite-9.2.1-Linux/inputs/new_no_tr/order/layered_12_2_buf_times_P3_M8500_down_left_input.lp>
============

original problem has 625 variables (612 bin, 13 int, 0 cont) and 2008 constraints

solve problem
=============

presolving:
(round 1, fast)       56 del vars, 36 del conss, 0 add conss, 18 chg bounds, 0 chg sides, 0 chg coeffs, 0 upgd conss, 0 impls, 13 clqs, 0 implints
   (0.0s) running MILP presolver
   (0.0s) MILP presolver (2 rounds): 0 aggregations, 0 fixings, 0 bound changes
(round 2, exhaustive) 56 del vars, 319 del conss, 0 add conss, 18 chg bounds, 0 chg sides, 0 chg coeffs, 0 upgd conss, 0 impls, 13 clqs, 0 implints
(round 3, exhaustive) 56 del vars, 319 del conss, 0 add conss, 18 chg bounds, 0 chg sides, 0 chg coeffs, 847 upgd conss, 0 impls, 13 clqs, 0 implints
(round 4, medium)     56 del vars, 319 del conss, 1 add conss, 18 chg bounds, 1 chg sides, 3 chg coeffs, 847 upgd conss, 0 impls, 13 clqs, 0 implints
(round 5, exhaustive) 56 del vars, 336 del conss, 1 add conss, 18 chg bounds, 18 chg sides, 3 chg coeffs, 847 upgd conss, 0 impls, 13 clqs, 0 implints
   (0.7s) probing cycle finished: starting next cycle
   (0.7s) symmetry computation started: requiring (bin +, int +, cont +), (fixed: bin -, int -, cont -)
   (0.7s) symmetry computation finished: 2 generators found (max: 1500, log10 of symmetry group size: 0.78) (symcode time: 0.00)
dynamic symmetry handling statistics:
   orbitopal reduction:       no components
   orbital reduction:         no components
   lexicographic reduction:   no permutations
handled 1 out of 1 symmetry components
(round 6, exhaustive) 60 del vars, 336 del conss, 2 add conss, 18 chg bounds, 18 chg sides, 3 chg coeffs, 847 upgd conss, 2416 impls, 12 clqs, 0 implints
(round 7, fast)       62 del vars, 446 del conss, 2 add conss, 18 chg bounds, 18 chg sides, 69 chg coeffs, 847 upgd conss, 2416 impls, 75 clqs, 0 implints
(round 8, medium)     74 del vars, 446 del conss, 2 add conss, 18 chg bounds, 18 chg sides, 69 chg coeffs, 847 upgd conss, 2416 impls, 51 clqs, 0 implints
(round 9, fast)       74 del vars, 470 del conss, 2 add conss, 18 chg bounds, 18 chg sides, 69 chg coeffs, 847 upgd conss, 2416 impls, 51 clqs, 0 implints
   (0.8s) probing cycle finished: starting next cycle
(round 10, exhaustive) 84 del vars, 470 del conss, 2 add conss, 18 chg bounds, 18 chg sides, 69 chg coeffs, 847 upgd conss, 2416 impls, 43 clqs, 0 implints
(round 11, fast)       84 del vars, 480 del conss, 2 add conss, 18 chg bounds, 18 chg sides, 69 chg coeffs, 847 upgd conss, 2416 impls, 43 clqs, 0 implints
   (0.9s) probing: 525/529 (99.2%) - 0 fixings, 10 aggregations, 2875 implications, 0 bound changes
   (0.9s) probing aborted: 50/50 successive totally useless probings
presolving (12 rounds: 12 fast, 8 medium, 6 exhaustive):
 84 deleted vars, 480 deleted constraints, 2 added constraints, 18 tightened bounds, 0 added holes, 18 changed sides, 69 changed coefficients
 2416 implications, 43 cliques, 0 implied integral variables (0 bin, 0 int, 0 cont)
presolved problem has 542 variables (529 bin, 13 int, 0 cont) and 1530 constraints
     31 constraints of type <varbound>
     12 constraints of type <knapsack>
     11 constraints of type <setppc>
    825 constraints of type <linear>
      1 constraints of type <orbitope_pp>
    650 constraints of type <logicor>
transformed objective value is always integral (scale: 1)
Presolving Time: 0.85

 time | node  | left  |LP iter|LP it/n|mem/heur|mdpt |vars |cons |rows |cuts |sepa|confs|strbr|  dualbound   | primalbound  |  gap   | compl. 
  1.0s|     1 |     0 |   340 |     - |    18M |   0 | 542 |1554 |1529 |   0 |  0 |  26 |   0 | 2.000000e+01 |      --      |    Inf | unknown
  2.7s|     1 |     0 |   901 |     - |    19M |   0 | 542 |1554 |1623 |  94 |  1 |  26 |   0 | 2.000000e+01 |      --      |    Inf | unknown
  2.7s|     1 |     0 |  1124 |     - |    19M |   0 | 542 |1556 |1690 | 161 |  2 |  28 |   0 | 2.332673e+01 |      --      |    Inf | unknown
  2.7s|     1 |     0 |  1177 |     - |    19M |   0 | 542 |1557 |1683 | 161 |  2 |  29 |   0 | 2.400000e+01 |      --      |    Inf | unknown
  2.7s|     1 |     0 |  1273 |     - |    20M |   0 | 542 |1559 |1719 | 197 |  3 |  31 |   0 | 2.448226e+01 |      --      |    Inf | unknown
  2.7s|     1 |     0 |  1330 |     - |    20M |   0 | 542 |1561 |1714 | 197 |  3 |  33 |   0 | 2.500000e+01 |      --      |    Inf | unknown
  2.7s|     1 |     0 |  1384 |     - |    21M |   0 | 542 |1562 |1730 | 213 |  4 |  34 |   0 | 2.519627e+01 |      --      |    Inf | unknown
  2.7s|     1 |     0 |  1414 |     - |    21M |   0 | 542 |1564 |1727 | 213 |  4 |  36 |   0 | 2.600000e+01 |      --      |    Inf | unknown
  2.7s|     1 |     0 |  1474 |     - |    21M |   0 | 542 |1565 |1747 | 233 |  5 |  37 |   0 | 2.619005e+01 |      --      |    Inf | unknown
  2.7s|     1 |     0 |  1531 |     - |    21M |   0 | 542 |1567 |1734 | 233 |  5 |  39 |   0 | 2.700000e+01 |      --      |    Inf | unknown
  2.8s|     1 |     0 |  1590 |     - |    22M |   0 | 542 |1569 |1748 | 247 |  6 |  41 |   0 | 2.700000e+01 |      --      |    Inf | unknown
  2.8s|     1 |     0 |  1672 |     - |    23M |   0 | 542 |1569 |1683 | 258 |  7 |  41 |   0 | 2.700000e+01 |      --      |    Inf | unknown
  2.8s|     1 |     0 |  1745 |     - |    23M |   0 | 542 |1570 |1701 | 276 |  8 |  42 |   0 | 2.725773e+01 |      --      |    Inf | unknown
  2.8s|     1 |     0 |  1778 |     - |    23M |   0 | 542 |1571 |1687 | 276 |  8 |  43 |   0 | 2.800000e+01 |      --      |    Inf | unknown
  2.8s|     1 |     0 |  1823 |     - |    24M |   0 | 542 |1571 |1697 | 286 |  9 |  43 |   0 | 2.800000e+01 |      --      |    Inf | unknown
 time | node  | left  |LP iter|LP it/n|mem/heur|mdpt |vars |cons |rows |cuts |sepa|confs|strbr|  dualbound   | primalbound  |  gap   | compl. 
  2.8s|     1 |     0 |  1886 |     - |    24M |   0 | 542 |1571 |1708 | 297 | 10 |  43 |   0 | 2.800000e+01 |      --      |    Inf | unknown
  2.8s|     1 |     0 |  1940 |     - |    25M |   0 | 542 |1571 |1718 | 307 | 11 |  43 |   0 | 2.800000e+01 |      --      |    Inf | unknown
  2.9s|     1 |     0 |  1979 |     - |    25M |   0 | 542 |1572 |1723 | 312 | 12 |  44 |   0 | 2.800000e+01 |      --      |    Inf | unknown
  2.9s|     1 |     0 |  2000 |     - |    25M |   0 | 542 |1572 |1725 | 314 | 13 |  44 |   0 | 2.800000e+01 |      --      |    Inf | unknown
  2.9s|     1 |     0 |  2039 |     - |    25M |   0 | 542 |1574 |1731 | 320 | 14 |  46 |   0 | 2.800000e+01 |      --      |    Inf | unknown
  2.9s|     1 |     0 |  2075 |     - |    25M |   0 | 542 |1575 |1738 | 327 | 15 |  47 |   0 | 2.800000e+01 |      --      |    Inf | unknown
  2.9s|     1 |     0 |  2105 |     - |    26M |   0 | 542 |1575 |1743 | 332 | 16 |  47 |   0 | 2.800000e+01 |      --      |    Inf | unknown
  2.9s|     1 |     0 |  2143 |     - |    26M |   0 | 542 |1575 |1746 | 335 | 17 |  47 |   0 | 2.800000e+01 |      --      |    Inf | unknown
  2.9s|     1 |     0 |  2150 |     - |    26M |   0 | 542 |1575 |1748 | 337 | 18 |  47 |   0 | 2.800000e+01 |      --      |    Inf | unknown
  2.9s|     1 |     0 |  2155 |     - |    26M |   0 | 542 |1576 |1750 | 339 | 19 |  48 |   0 | 2.800000e+01 |      --      |    Inf | unknown
  3.0s|     1 |     2 |  2438 |     - |    26M |   0 | 542 |1592 |1750 | 339 | 19 |  64 |  31 | 2.830769e+01 |      --      |    Inf | unknown
 15.5s|   100 |    53 |  6370 |  42.7 |    30M |  18 | 542 |1655 |1630 | 993 |  2 | 131 |  31 | 2.900000e+01 |      --      |    Inf |   1.09%

SCIP Status        : solving was interrupted [termination signal received]
Solving Time (sec) : 15.55
Solving Nodes      : 104
Primal Bound       : +1.00000000000000e+20 (0 solutions)
Dual Bound         : +2.90000000000000e+01
Gap                : infinite

primal solution (original space):
=================================

no solution available

Statistics
==========

SCIP Status        : solving was interrupted [termination signal received]
Total Time         :      15.56
  solving          :      15.55
  presolving       :       0.85 (included in solving)
  reading          :       0.01
  copying          :       0.03 (8 #copies) (minimal 0.00, maximal 0.01, average 0.00)
Original Problem   :
  Problem name     : /Users/maxbig/SCIP/SCIPOptSuite-9.2.1-Linux/inputs/new_no_tr/order/layered_12_2_buf_times_P3_M8500_down_left_input.lp
  Variables        : 625 (612 binary, 13 integer, 0 continuous)
  Implied int vars : 0 (0 binary, 0 integer, 0 continuous)
  Constraints      : 2008 initial, 2008 maximal
  Objective        : minimize, 1 non-zeros (abs.min = 1, abs.max = 1)
Presolved Problem  :
  Problem name     : t_/Users/maxbig/SCIP/SCIPOptSuite-9.2.1-Linux/inputs/new_no_tr/order/layered_12_2_buf_times_P3_M8500_down_left_input.lp
  Variables        : 542 (529 binary, 13 integer, 0 continuous)
  Implied int vars : 0 (0 binary, 0 integer, 0 continuous)
  Constraints      : 1530 initial, 1682 maximal
  Objective        : minimize, 1 non-zeros (abs.min = 1, abs.max = 1)
  Nonzeros         : 5059 constraint, 137 clique table
Presolvers         :   ExecTime  SetupTime  Calls  FixedVars   AggrVars   ChgTypes  ChgBounds   AddHoles    DelCons    AddCons   ChgSides   ChgCoefs
  boundshift       :       0.00       0.00      0          0          0          0          0          0          0          0          0          0
  convertinttobin  :       0.00       0.00      0          0          0          0          0          0          0          0          0          0
  domcol           :       0.00       0.00      3          0          0          0          0          0          0          0          0          0
  dualagg          :       0.00       0.00      0          0          0          0          0          0          0          0          0          0
  dualcomp         :       0.00       0.00      0          0          0          0          0          0          0          0          0          0
  dualinfer        :       0.00       0.00      0          0          0          0          0          0          0          0          0          0
  dualsparsify     :       0.01       0.00      1          0          0          0          0          0          0          0          0          0
  gateextraction   :       0.00       0.00      4          0          0          0          0          0          0          0          0          0
  implics          :       0.00       0.00      8          0          0          0          0          0          0          0          0          0
  implint          :       0.00       0.00      0          0          0          0          0          0          0          0          0          0
  inttobinary      :       0.00       0.00     12          0          0          0          0          0          0          0          0          0
  milp             :       0.00       0.00      1          0          0          0          0          0          0          0          0          0
  qpkktref         :       0.00       0.00      0          0          0          0          0          0          0          0          0          0
  redvub           :       0.00       0.00      0          0          0          0          0          0          0          0          0          0
  sparsify         :       0.00       0.00      1          0          0          0          0          0          0          0          0          0
  stuffing         :       0.00       0.00      0          0          0          0          0          0          0          0          0          0
  trivial          :       0.00       0.00     12         45          0          0          0          0          0          0          0          0
  tworowbnd        :       0.00       0.00      0          0          0          0          0          0          0          0          0          0
  dualfix          :       0.00       0.00     12         12          0          0          0          0          0          0          0          0
  genvbounds       :       0.00       0.00      0          0          0          0          0          0          0          0          0          0
  probing          :       0.82       0.00      3          0         10          0          0          0          0          0          0          0
  pseudoobj        :       0.00       0.00      0          0          0          0          0          0          0          0          0          0
  symmetry         :       0.00       0.00      1          3          0          0          0          0          0          1          0          0
  vbounds          :       0.00       0.00      2          0         12          0          0          0          0          0          0          0
  varbound         :       0.00       0.00     15          0          0          0          0          0          0          0          0          0
  knapsack         :       0.00       0.00     19          0          0          0          0          0          0          1          1          3
  setppc           :       0.00       0.00     19          0          1          0          0          0          2          0          0          0
  linear           :       0.01       0.00     18          0          0          0         18          0        336          0         17          0
  orbitope_pp      :       0.00       0.00      3          0          0          0          0          0          0          0          0          0
  logicor          :       0.00       0.00     18          0          0          0          0          0        142          0          0         66
  bounddisjunction :       0.00       0.00      0          0          0          0          0          0          0          0          0          0
  components       :       0.00       0.00      1          0          0          0          0          0          0          0          0          0
  root node        :          -          -      -          1          -          -         10          -          -          -          -          -
Constraints        :     Number  MaxNumber  #Separate #Propagate    #EnfoLP    #EnfoRelax  #EnfoPS    #Check   #ResProp    Cutoffs    DomReds       Cuts    Applied      Conss   Children
  integral         :          0          0          0          0         82          0          0         49          0          0          0          0          0          0        164
  varbound         :         31         31         19      12136          0          0          0         45          0          0          0          0          0          0          0
  knapsack         :         12+        13         19      12036          0          0          0         34         29          1         13        105         24          0          0
  setppc           :         11+        62         19      10846          0          0          0          9         58          4         48          0          0          0          0
  linear           :        825+       828         19      12131          0          0          0          4        233         35       2253          0          0          0          0
  orbitope_pp      :          1          1          0       6553          0          0          0          0          0          0          0          0          0          0          0
  logicor          :        650+       710         19       1641          0          0          0          0         76         11        105          2          0          0          0
  bounddisjunction :          0+        37          0       1323          0          0          0          0          9          1         16          0          0          0          0
  fixedvar         :          0          0          0          0          0          0          0          0          0          0          0          0          0          0          0
  countsols        :          0          0          0          0          0          0          0          0          0          0          0          0          0          0          0
  components       :          0          0          0          0          0          0          0          0          0          0          0          0          0          0          0
Constraint Timings :  TotalTime  SetupTime   Separate  Propagate     EnfoLP     EnfoPS     EnfoRelax   Check    ResProp    SB-Prop
  integral         :       0.06       0.00       0.00       0.00       0.06       0.00       0.00       0.00       0.00       0.00
  varbound         :       0.14       0.00       0.00       0.14       0.00       0.00       0.00       0.00       0.00       0.00
  knapsack         :       0.00       0.00       0.00       0.00       0.00       0.00       0.00       0.00       0.00       0.00
  setppc           :       0.00       0.00       0.00       0.00       0.00       0.00       0.00       0.00       0.00       0.00
  linear           :       0.59       0.00       0.00       0.59       0.00       0.00       0.00       0.00       0.00       0.00
  orbitope_pp      :       0.00       0.00       0.00       0.00       0.00       0.00       0.00       0.00       0.00       0.00
  logicor          :       0.01       0.00       0.00       0.01       0.00       0.00       0.00       0.00       0.00       0.00
  bounddisjunction :       0.00       0.00       0.00       0.00       0.00       0.00       0.00       0.00       0.00       0.00
  fixedvar         :       0.00       0.00       0.00       0.00       0.00       0.00       0.00       0.00       0.00       0.00
  countsols        :       0.00       0.00       0.00       0.00       0.00       0.00       0.00       0.00       0.00       0.00
  components       :       0.00       0.00       0.00       0.00       0.00       0.00       0.00       0.00       0.00       0.00
Propagators        : #Propagate   #ResProp    Cutoffs    DomReds
  dualfix          :          2          0          0          0
  genvbounds       :          0          0          0          0
  nlobbt           :          0          0          0          0
  obbt             :          0          0          0          0
  probing          :          0          0          0          0
  pseudoobj        :          6          0          0          6
  redcost          :          0          0          0          0
  rootredcost      :          0          0          0          0
  symmetry         :          0          0          0          0
  vbounds          :       2702        179         21       1210
Propagator Timings :  TotalTime  SetupTime   Presolve  Propagate    ResProp    SB-Prop
  dualfix          :       0.00       0.00       0.00       0.00       0.00       0.00
  genvbounds       :       0.00       0.00       0.00       0.00       0.00       0.00
  nlobbt           :       0.00       0.00       0.00       0.00       0.00       0.00
  obbt             :       0.00       0.00       0.00       0.00       0.00       0.00
  probing          :       0.82       0.00       0.82       0.00       0.00       0.00
  pseudoobj        :       0.00       0.00       0.00       0.00       0.00       0.00
  redcost          :       0.00       0.00       0.00       0.00       0.00       0.00
  rootredcost      :       0.00       0.00       0.00       0.00       0.00       0.00
  symmetry         :       0.00       0.00       0.00       0.00       0.00       0.00
  vbounds          :       0.07       0.00       0.00       0.06       0.00       0.00
Symmetry           :
  #affected vars   :         36 (36 bin, 0 int, 0 cont)
  orbitopal red.   :          0 reductions applied,          0 cutoffs
  orbital reduction:          0 reductions applied,          0 cutoffs
  lexicographic red:          0 reductions applied,          0 cutoffs
  shadow tree time :       0.00 s
Conflict Analysis  :       Time      Calls    Success    DomReds  Conflicts   Literals    Reconvs ReconvLits   Dualrays   Nonzeros   LP Iters   (pool size: [10000,10000])
  propagation      :       0.00         49         46          -         69        4.8          4        2.0          -          -          -
  infeasible LP    :       0.00         39         39          -         44        3.2         13        2.0         38        3.3          0
  bound exceed. LP :       0.00          0          0          -          0        0.0          0        0.0          0        0.0          0
  strong branching :       0.00          0          0          -          0        0.0          0        0.0          -          -          0
  pseudo solution  :       0.00          0          0          -          0        0.0          0        0.0          -          -          -
  applied globally :       0.00          -          -          1        120        3.8          -          -         38          -          -
  applied locally  :          -          -          -          0          0        0.0          -          -          0          -          -
Gen. Resolution CA :       Time      Calls    Success  Conflicts  LargeCoef  LongConfs    Length
  propagation      :       0.00          0          0          0          0          0       0.0
Separators         :   ExecTime  SetupTime      Calls  RootCalls    Cutoffs    DomReds  FoundCuts ViaPoolAdd  DirectAdd    Applied ViaPoolApp  DirectApp      Conss
  cut pool         :       0.01          -         98         37          -          -       3397       6830          -          -          -          -          -    (maximal pool size:       3384)
  aggregation      :       0.03       0.00         49         19          0          0        185        291         68        128        103         25          0
  > cmir           :          -          -          -          -          -          -          -        262         67        117         92         25          -
  > flowcover      :          -          -          -          -          -          -          -         17          0         10         10          0          -
  > knapsackcover  :          -          -          -          -          -          -          -         12          1          1          1          0          -
  cgmip            :       0.00       0.00          0          0          0          0          0          0          0          0          0          0          0
  clique           :       0.00       0.00         19         19          0          0          0          0          0          0          0          0          0
  closecuts        :       0.00       0.00          0          0          0          0          0          0          0          0          0          0          0
  convexproj       :       0.00       0.00          0          0          0          0          0          0          0          0          0          0          0
  disjunctive      :       0.00       0.00          0          0          0          0          0          0          0          0          0          0          0
  eccuts           :       0.00       0.00          0          0          0          0          0          0          0          0          0          0          0
  flower           :       0.00       0.00         26         19          0          0          0          0          0          0          0          0          0
  gauge            :       0.00       0.00          0          0          0          0          0          0          0          0          0          0          0
  gomory           :       0.14       0.00         39         10          0          0       3361       5346        590        520        443         77          0
  > gomorymi       :          -          -          -          -          -          -          -       2415        342        270        220         50          -
  > strongcg       :          -          -          -          -          -          -          -       2931        248        250        223         27          -
  impliedbounds    :       0.00       0.00         50         19          0          0        369        851          0        149        149          0          0
  interminor       :       0.00       0.00          0          0          0          0          0          0          0          0          0          0          0
  intobj           :       0.00       0.00          0          0          0          0          0          0          0          0          0          0          0
  lagromory        :       0.00       0.00          0          0          0          0          0          0          0          0          0          0          0
  mcf              :       0.00       0.00          1          1          0          0          0          0          0          0          0          0          0
  minor            :       0.00       0.00          0          0          0          0          0          0          0          0          0          0          0
  mixing           :       0.00       0.00         50         19          0          0          0          0          0          0          0          0          0
  oddcycle         :       0.00       0.00          0          0          0          0          0          0          0          0          0          0          0
  rapidlearning    :      13.78       0.00          6          1          0         23          0          0          0          0          0          0          0
  rlt              :       0.00       0.00         10         10          0          0          0          0          0          0          0          0          0
  zerohalf         :       0.02       0.00         46         19          0          0        210        342         83        171        114         57          0
Cutselectors       :   ExecTime  SetupTime      Calls  RootCalls   Selected     Forced   Filtered  RootSelec   RootForc   RootFilt 
  hybrid           :       0.00       0.00         53         19        955         38       6723        339          0       3250
  ensemble         :       0.00       0.00          0          0          0          0          0          0          0          0
  dynamic          :       0.00       0.00          0          0          0          0          0          0          0          0
Pricers            :   ExecTime  SetupTime      Calls       Vars
  problem variables:       0.00          -          0          0
Branching Rules    :   ExecTime  SetupTime   BranchLP  BranchExt   BranchPS    Cutoffs    DomReds       Cuts      Conss   Children
  allfullstrong    :       0.00       0.00          0          0          0          0          0          0          0          0
  cloud            :       0.00       0.00          0          0          0          0          0          0          0          0
  distribution     :       0.00       0.00          0          0          0          0          0          0          0          0
  fullstrong       :       0.00       0.00          0          0          0          0          0          0          0          0
  gomory           :       0.00       0.00          0          0          0          0          0          0          0          0
  inference        :       0.00       0.00          0          0          0          0          0          0          0          0
  leastinf         :       0.00       0.00          0          0          0          0          0          0          0          0
  lookahead        :       0.00       0.00          0          0          0          0          0          0          0          0
  mostinf          :       0.00       0.00          0          0          0          0          0          0          0          0
  multaggr         :       0.00       0.00          0          0          0          0          0          0          0          0
  nodereopt        :       0.00       0.00          0          0          0          0          0          0          0          0
  pscost           :       0.00       0.00          0          0          0          0          0          0          0          0
  random           :       0.00       0.00          0          0          0          0          0          0          0          0
  relpscost        :       0.06       0.00         82          0          0          0          0          0          0        164
  vanillafullstrong:       0.00       0.00          0          0          0          0          0          0          0          0
Primal Heuristics  :   ExecTime  SetupTime      Calls      Found       Best
  LP solutions     :       0.00          -          -          0          0
  relax solutions  :       0.00          -          -          0          0
  pseudo solutions :       0.00          -          -          0          0
  strong branching :       0.00          -          -          0          0
  actconsdiving    :       0.00       0.00          0          0          0
  adaptivediving   :       0.08       0.00          1          0          0
  alns             :       0.01       0.00          1          0          0
  bound            :       0.00       0.00          0          0          0
  clique           :       0.00       0.00          1          0          0
  coefdiving       :       0.00       0.00          0          0          0
  completesol      :       0.00       0.00          0          0          0
  conflictdiving   :       0.02       0.00          1          0          0
  crossover        :       0.00       0.00          0          0          0
  dins             :       0.00       0.00          0          0          0
  distributiondivin:       0.00       0.00          0          0          0
  dks              :       0.00       0.00          0          0          0
  dps              :       0.00       0.00          0          0          0
  dualval          :       0.00       0.00          0          0          0
  farkasdiving     :       0.00       0.00          0          0          0
  feaspump         :       0.01       0.00          1          0          0
  fixandinfer      :       0.00       0.00          0          0          0
  fracdiving       :       0.00       0.00          0          0          0
  gins             :       0.00       0.00          0          0          0
  guideddiving     :       0.00       0.00          0          0          0
  indicator        :       0.00       0.00          0          0          0
  indicatordiving  :       0.00       0.00          0          0          0
  intdiving        :       0.00       0.00          0          0          0
  intshifting      :       0.00       0.00          0          0          0
  linesearchdiving :       0.00       0.00          0          0          0
  localbranching   :       0.00       0.00          0          0          0
  locks            :       0.02       0.00          1          0          0
  lpface           :       0.00       0.00          0          0          0
  mpec             :       0.00       0.00          0          0          0
  multistart       :       0.00       0.00          0          0          0
  mutation         :       0.00       0.00          0          0          0
  nlpdiving        :       0.00       0.00          0          0          0
  objpscostdiving  :       0.00       0.00          0          0          0
  octane           :       0.00       0.00          0          0          0
  ofins            :       0.00       0.00          0          0          0
  oneopt           :       0.00       0.00          0          0          0
  padm             :       0.00       0.00          0          0          0
  proximity        :       0.00       0.00          0          0          0
  pscostdiving     :       0.05       0.00          1          0          0
  randrounding     :       0.11       0.00         66          0          0
  rens             :       0.01       0.00          1          0          0
  reoptsols        :       0.00       0.00          0          0          0
  repair           :       0.00       0.00          0          0          0
  rins             :       0.00       0.00          0          0          0
  rootsoldiving    :       0.00       0.00          0          0          0
  rounding         :       0.00       0.00        118          0          0
  scheduler        :       0.00       0.00          0          0          0
  shiftandpropagate:       0.02       0.00          1          0          0
  shifting         :       0.08       0.00         71          0          0
  simplerounding   :       0.00       0.00        146          0          0
  subnlp           :       0.00       0.00          0          0          0
  trivial          :       0.00       0.00          2          0          0
  trivialnegation  :       0.00       0.00          0          0          0
  trustregion      :       0.00       0.00          0          0          0
  trysol           :       0.00       0.00          0          0          0
  twoopt           :       0.00       0.00          0          0          0
  undercover       :       0.00       0.00          0          0          0
  vbounds          :       0.07       0.00          1          0          0
  veclendiving     :       0.00       0.00          0          0          0
  zeroobj          :       0.00       0.00          0          0          0
  zirounding       :       0.00       0.00         81          0          0
  other solutions  :          -          -          -          0          -
LNS (Scheduler)    :      Calls  SetupTime  SolveTime SolveNodes       Sols       Best       Exp3    Exp3-IX  EpsGreedy        UCB TgtFixRate  Opt  Inf Node Stal  Sol  Usr Othr Actv
  rens             :          0       0.00       0.00          0          0          0    0.00000    0.12500   -1.00000    1.00000      0.900    0    0    0    0    0    0    0    1
  rins             :          0       0.00       0.00          0          0          0    0.00000    0.12500   -1.00000    1.00000      0.900    0    0    0    0    0    0    0    1
  mutation         :          0       0.00       0.00          0          0          0    0.00000    0.12500   -1.00000    1.00000      0.900    0    0    0    0    0    0    0    1
  localbranching   :          0       0.00       0.00          0          0          0    0.00000    0.12500   -1.00000    1.00000      0.900    0    0    0    0    0    0    0    1
  crossover        :          0       0.00       0.00          0          0          0    0.00000    0.12500   -1.00000    1.00000      0.900    0    0    0    0    0    0    0    1
  proximity        :          0       0.00       0.00          0          0          0    0.00000    0.12500   -1.00000    1.00000      0.900    0    0    0    0    0    0    0    1
  zeroobjective    :          0       0.00       0.00          0          0          0    0.00000    0.12500   -1.00000    1.00000      0.900    0    0    0    0    0    0    0    1
  dins             :          0       0.00       0.00          0          0          0    0.00000    0.12500   -1.00000    1.00000      0.900    0    0    0    0    0    0    0    1
  trustregion      :          0       0.00       0.00          0          0          0    0.00000    0.00000   -1.00000    1.00000      0.900    0    0    0    0    0    0    0    0
LP                 :       Time      Calls Iterations  Iter/call   Iter/sec  Time-0-It Calls-0-It
  primal LP        :       0.00         11          0       0.00          -       0.00         11
  dual LP          :       0.11        159       5034      32.90   44712.49       0.00          6
  lex dual LP      :       0.00          0          0       0.00          -
  barrier LP       :       0.00          0          0       0.00          -       0.00          0
  resolve instable :       0.00          0          0       0.00          -
  diving/probing LP:       0.09         66       1923      29.14   21247.68
  strong branching :       0.04         31       1410      45.48   33044.29          -          -          0
    (at root node) :          -         31       1410      45.48          -
  conflict analysis:       0.00          0          0       0.00          -
Relaxators         :       Time      Calls    Cutoffs ImprBounds   ImprTime ReducedDom  Separated AddedConss
  benders          :       0.00          0          0          0       0.00          0          0          0
B&B Tree           :
  number of runs   :          1
  nodes            :        104 (82 internal, 22 leaves)
  feasible leaves  :          0
  infeas. leaves   :         22
  objective leaves :          0
  nodes (total)    :        104 (82 internal, 22 leaves)
  nodes left       :         57
  max depth        :         18
  max depth (total):         18
  backtracks       :          9 (8.7%)
  early backtracks :          0 (0.0%)
  nodes exc. ref.  :          0 (0.0%)
  delayed cutoffs  :          4
  repropagations   :         95 (343 domain reductions, 4 cutoffs)
  avg switch length:       3.39
  switching time   :       0.01
Root Node          :
  First LP value   : +2.00000000000000e+01
  First LP Iters   :        317 (92825.77 Iter/sec)
  First LP Time    :       0.00
  Final Dual Bound : +2.83076923076923e+01
  Final Root Iters :       2138
  Root LP Estimate : +2.85141053266632e+01
Solution           :
  Solutions found  :          0 (0 improvements)
  Primal Bound     :          -
  Dual Bound       : +2.90000000000000e+01
  Gap              :   infinite
Integrals          :      Total       Avg%
  primal-dual      :    1555.49     100.00
  primal-ref       :          -          - (not evaluated)
  dual-ref         :          -          - (not evaluated)
