SCIP version 10.0.0 [precision: 8 byte] [memory: block] [mode: optimized] [LP solver: SoPlex 8.0.0] [GitHash: 0c80fdd8e9]
Copyright (c) 2002-2025 Zuse Institute Berlin (ZIB)

External libraries: 
  Readline 8.3         GNU library for command line editing (gnu.org/s/readline)
  SoPlex 8.0.0         Linear programming solver developed at Zuse Institute Berlin (soplex.zib.de) [GitHash: 2207cfb2]
  CppAD 20180000.0     Algorithmic Differentiation of C++ algorithms developed by B. Bell (github.com/coin-or/CppAD)
  ZLIB 1.2.12          General purpose compression library by J. Gailly and M. Adler (zlib.net)
  MPFR 4.2.2           GNU Multiple Precision Floating-Point Reliable Library (mpfr.org)
  Boost 1.89.0         Boost C++ Libraries (boost.org)
  TinyCThread 1.2      small portable implementation of the C11 threads API (tinycthread.github.io)
  GMP 6.3.0            GNU Multiple Precision Arithmetic Library developed by T. Granlund (gmplib.org)
  AMPL/MP 4.0.3        AMPL .nl file reader library (github.com/ampl/mp)
  PaPILO 3.0.0         parallel presolve for integer and linear optimization (github.com/scipopt/papilo) (built with TBB)
  Nauty 2.8.8          Computing Graph Automorphism Groups by Brendan D. McKay (users.cecs.anu.edu.au/~bdm/nauty)
  sassy 2.0            Symmetry preprocessor by Markus Anders (github.com/markusa4/sassy)
  Ipopt 3.14.19        Interior Point Optimizer developed by A. Waechter et.al. (github.com/coin-or/Ipopt)

reading user parameter file </Users/maxbig/SCIP/SCIPOptSuite-9.2.1-Linux/only_time.set>

read problem </Users/maxbig/SCIP/SCIPOptSuite-9.2.1-Linux/inputs/new_no_tr/order/layered_15_buf_notimes_default_input.lp>
============

original problem has 406 variables (390 bin, 16 int, 0 cont) and 945 constraints

solve problem
=============

presolving:
(round 1, fast)       167 del vars, 322 del conss, 0 add conss, 70 chg bounds, 81 chg sides, 172 chg coeffs, 0 upgd conss, 0 impls, 258 clqs, 0 implints
(round 2, fast)       167 del vars, 329 del conss, 0 add conss, 73 chg bounds, 93 chg sides, 251 chg coeffs, 0 upgd conss, 0 impls, 258 clqs, 0 implints
(round 3, fast)       167 del vars, 329 del conss, 0 add conss, 73 chg bounds, 93 chg sides, 257 chg coeffs, 0 upgd conss, 0 impls, 258 clqs, 0 implints
   (0.0s) running MILP presolver
   (0.0s) MILP presolver (4 rounds): 0 aggregations, 4 fixings, 1 bound changes
(round 4, medium)     171 del vars, 329 del conss, 0 add conss, 75 chg bounds, 93 chg sides, 257 chg coeffs, 0 upgd conss, 0 impls, 250 clqs, 0 implints
(round 5, fast)       171 del vars, 337 del conss, 0 add conss, 75 chg bounds, 93 chg sides, 257 chg coeffs, 0 upgd conss, 0 impls, 254 clqs, 0 implints
(round 6, exhaustive) 171 del vars, 349 del conss, 0 add conss, 75 chg bounds, 93 chg sides, 257 chg coeffs, 0 upgd conss, 0 impls, 254 clqs, 0 implints
(round 7, exhaustive) 171 del vars, 349 del conss, 0 add conss, 75 chg bounds, 93 chg sides, 257 chg coeffs, 390 upgd conss, 0 impls, 254 clqs, 0 implints
(round 8, exhaustive) 171 del vars, 724 del conss, 125 add conss, 75 chg bounds, 93 chg sides, 257 chg coeffs, 390 upgd conss, 0 impls, 254 clqs, 0 implints
   (0.0s) probing cycle finished: starting next cycle
(round 9, exhaustive) 183 del vars, 724 del conss, 125 add conss, 75 chg bounds, 93 chg sides, 257 chg coeffs, 390 upgd conss, 1614 impls, 417 clqs, 0 implints
(round 10, fast)       183 del vars, 738 del conss, 125 add conss, 75 chg bounds, 93 chg sides, 257 chg coeffs, 390 upgd conss, 1614 impls, 417 clqs, 0 implints
(round 11, exhaustive) 183 del vars, 738 del conss, 125 add conss, 75 chg bounds, 93 chg sides, 257 chg coeffs, 400 upgd conss, 1614 impls, 417 clqs, 0 implints
   (0.0s) probing cycle finished: starting next cycle
   (0.0s) symmetry computation started: requiring (bin +, int +, cont +), (fixed: bin -, int -, cont -)
   (0.0s) no symmetry present (symcode time: 0.00)
presolving (12 rounds: 12 fast, 7 medium, 6 exhaustive):
 183 deleted vars, 738 deleted constraints, 125 added constraints, 75 tightened bounds, 0 added holes, 93 changed sides, 257 changed coefficients
 1872 implications, 417 cliques, 0 implied integral variables (0 bin, 0 int, 0 cont)
presolved problem has 223 variables (207 bin, 16 int, 0 cont) and 330 constraints
     21 constraints of type <varbound>
    123 constraints of type <and>
    186 constraints of type <linear>
transformed objective value is always integral (scale: 1)
Presolving Time: 0.05

 time | node  | left  |LP iter|LP it/n|mem/heur|mdpt |vars |cons |rows |cuts |sepa|confs|strbr|  dualbound   | primalbound  |  gap   | compl. 
p 0.1s|     1 |     0 |     0 |     - | vbounds|   0 | 223 | 331 | 453 |   0 |  0 |   0 |   0 | 1.050000e+03 | 1.050000e+03 |   0.00%| unknown

SCIP Status        : problem is solved [optimal solution found]
Solving Time (sec) : 0.05
Solving Nodes      : 1
Primal Bound       : +1.05000000000000e+03 (1 solutions)
Dual Bound         : +1.05000000000000e+03
Gap                : 0.00 %

primal solution (original space):
=================================

objective value:                                 1050
m_0_0                                               1 	(obj:0)
m_0_1                                               1 	(obj:0)
m_0_2                                               1 	(obj:0)
m_0_3                                               1 	(obj:0)
m_0_4                                               1 	(obj:0)
m_0_5                                               1 	(obj:0)
m_0_6                                               1 	(obj:0)
m_0_7                                               1 	(obj:0)
m_0_8                                               1 	(obj:0)
m_0_9                                               1 	(obj:0)
m_0_10                                              1 	(obj:0)
m_0_11                                              1 	(obj:0)
m_0_12                                              1 	(obj:0)
m_0_13                                              1 	(obj:0)
m_0_14                                              1 	(obj:0)
m_1_1                                               1 	(obj:0)
m_1_2                                               1 	(obj:0)
m_1_3                                               1 	(obj:0)
m_1_4                                               1 	(obj:0)
m_1_5                                               1 	(obj:0)
m_1_6                                               1 	(obj:0)
m_1_7                                               1 	(obj:0)
m_1_8                                               1 	(obj:0)
m_1_9                                               1 	(obj:0)
m_1_10                                              1 	(obj:0)
m_1_11                                              1 	(obj:0)
m_1_12                                              1 	(obj:0)
m_1_13                                              1 	(obj:0)
m_1_14                                              1 	(obj:0)
m_2_2                                               1 	(obj:0)
m_2_3                                               1 	(obj:0)
m_2_4                                               1 	(obj:0)
m_2_5                                               1 	(obj:0)
m_2_6                                               1 	(obj:0)
m_2_7                                               1 	(obj:0)
m_2_8                                               1 	(obj:0)
m_2_9                                               1 	(obj:0)
m_2_10                                              1 	(obj:0)
m_2_11                                              1 	(obj:0)
m_2_12                                              1 	(obj:0)
m_2_13                                              1 	(obj:0)
m_2_14                                              1 	(obj:0)
m_3_3                                               1 	(obj:0)
m_3_4                                               1 	(obj:0)
m_3_5                                               1 	(obj:0)
m_3_6                                               1 	(obj:0)
m_3_7                                               1 	(obj:0)
m_3_8                                               1 	(obj:0)
m_3_9                                               1 	(obj:0)
m_3_10                                              1 	(obj:0)
m_3_11                                              1 	(obj:0)
m_3_12                                              1 	(obj:0)
m_3_13                                              1 	(obj:0)
m_3_14                                              1 	(obj:0)
m_4_4                                               1 	(obj:0)
m_4_5                                               1 	(obj:0)
m_4_7                                               1 	(obj:0)
m_4_8                                               1 	(obj:0)
m_4_10                                              1 	(obj:0)
m_4_11                                              1 	(obj:0)
m_4_13                                              1 	(obj:0)
m_4_14                                              1 	(obj:0)
m_5_5                                               1 	(obj:0)
m_5_8                                               1 	(obj:0)
m_5_11                                              1 	(obj:0)
m_5_14                                              1 	(obj:0)
m_6_4                                               1 	(obj:0)
m_6_5                                               1 	(obj:0)
m_6_6                                               1 	(obj:0)
m_6_7                                               1 	(obj:0)
m_6_8                                               1 	(obj:0)
m_6_9                                               1 	(obj:0)
m_6_10                                              1 	(obj:0)
m_6_11                                              1 	(obj:0)
m_6_12                                              1 	(obj:0)
m_6_13                                              1 	(obj:0)
m_6_14                                              1 	(obj:0)
m_7_5                                               1 	(obj:0)
m_7_7                                               1 	(obj:0)
m_7_8                                               1 	(obj:0)
m_7_10                                              1 	(obj:0)
m_7_11                                              1 	(obj:0)
m_7_13                                              1 	(obj:0)
m_7_14                                              1 	(obj:0)
m_8_8                                               1 	(obj:0)
m_8_11                                              1 	(obj:0)
m_8_14                                              1 	(obj:0)
m_9_4                                               1 	(obj:0)
m_9_5                                               1 	(obj:0)
m_9_7                                               1 	(obj:0)
m_9_8                                               1 	(obj:0)
m_9_9                                               1 	(obj:0)
m_9_10                                              1 	(obj:0)
m_9_11                                              1 	(obj:0)
m_9_12                                              1 	(obj:0)
m_9_13                                              1 	(obj:0)
m_9_14                                              1 	(obj:0)
m_10_5                                              1 	(obj:0)
m_10_8                                              1 	(obj:0)
m_10_10                                             1 	(obj:0)
m_10_11                                             1 	(obj:0)
m_10_13                                             1 	(obj:0)
m_10_14                                             1 	(obj:0)
m_11_11                                             1 	(obj:0)
m_11_14                                             1 	(obj:0)
m_12_4                                              1 	(obj:0)
m_12_5                                              1 	(obj:0)
m_12_7                                              1 	(obj:0)
m_12_8                                              1 	(obj:0)
m_12_10                                             1 	(obj:0)
m_12_11                                             1 	(obj:0)
m_12_12                                             1 	(obj:0)
m_12_13                                             1 	(obj:0)
m_12_14                                             1 	(obj:0)
m_13_5                                              1 	(obj:0)
m_13_8                                              1 	(obj:0)
m_13_11                                             1 	(obj:0)
m_13_13                                             1 	(obj:0)
m_13_14                                             1 	(obj:0)
m_14_14                                             1 	(obj:0)
y_0_1_0                                             1 	(obj:0)
y_0_1_1                                             1 	(obj:0)
y_1_1_1                                             1 	(obj:0)
y_1_1_2                                             1 	(obj:0)
y_3_1_3                                             1 	(obj:0)
y_4_1_4                                             1 	(obj:0)
y_5_1_5                                             1 	(obj:0)
y_3_1_6                                             1 	(obj:0)
y_6_1_6                                             1 	(obj:0)
y_4_1_7                                             1 	(obj:0)
y_7_1_7                                             1 	(obj:0)
y_5_1_8                                             1 	(obj:0)
y_8_1_8                                             1 	(obj:0)
y_6_1_9                                             1 	(obj:0)
y_9_1_9                                             1 	(obj:0)
y_7_1_10                                            1 	(obj:0)
y_10_1_10                                           1 	(obj:0)
y_8_1_11                                            1 	(obj:0)
y_11_1_11                                           1 	(obj:0)
y_9_1_12                                            1 	(obj:0)
y_10_1_13                                           1 	(obj:0)
y_11_1_14                                           1 	(obj:0)
s_5                                                12 	(obj:0)
s_6                                                 5 	(obj:0)
s_7                                                 9 	(obj:0)
s_8                                                13 	(obj:0)
s_9                                                 6 	(obj:0)
s_10                                               10 	(obj:0)
s_11                                               14 	(obj:0)
s_12                                                7 	(obj:0)
s_13                                               11 	(obj:0)
s_14                                               15 	(obj:0)
F                                                1050 	(obj:1)
s_0                                                 1 	(obj:0)
s_1                                                 2 	(obj:0)
s_2                                                 3 	(obj:0)
s_3                                                 4 	(obj:0)
s_4                                                 8 	(obj:0)

Statistics
==========

SCIP Status        : problem is solved [optimal solution found]
Total Time         :       0.05
  solving          :       0.05
  presolving       :       0.05 (included in solving)
  reading          :       0.00
  copying          :       0.00 (0 times copied the problem)
Original Problem   :
  Problem name     : /Users/maxbig/SCIP/SCIPOptSuite-9.2.1-Linux/inputs/new_no_tr/order/layered_15_buf_notimes_default_input.lp
  Variables        : 406 (390 binary, 16 integer, 0 continuous)
  Implied int vars : 0 (0 binary, 0 integer, 0 continuous)
  Constraints      : 945 initial, 945 maximal
  Objective        : minimize, 1 non-zeros (abs.min = 1, abs.max = 1)
Presolved Problem  :
  Problem name     : t_/Users/maxbig/SCIP/SCIPOptSuite-9.2.1-Linux/inputs/new_no_tr/order/layered_15_buf_notimes_default_input.lp
  Variables        : 223 (207 binary, 16 integer, 0 continuous)
  Implied int vars : 0 (0 binary, 0 integer, 0 continuous)
  Constraints      : 330 initial, 331 maximal
  Objective        : minimize, 1 non-zeros (abs.min = 1, abs.max = 1)
  Nonzeros         : 1200 constraint, 834 clique table
Presolvers         :   ExecTime  SetupTime  Calls  FixedVars   AggrVars   ChgTypes  ChgBounds   AddHoles    DelCons    AddCons   ChgSides   ChgCoefs
  boundshift       :       0.00       0.00      0          0          0          0          0          0          0          0          0          0
  convertinttobin  :       0.00       0.00      0          0          0          0          0          0          0          0          0          0
  domcol           :       0.00       0.00      2          0          0          0          0          0          0          0          0          0
  dualagg          :       0.00       0.00      0          0          0          0          0          0          0          0          0          0
  dualcomp         :       0.00       0.00      0          0          0          0          0          0          0          0          0          0
  dualinfer        :       0.00       0.00      0          0          0          0          0          0          0          0          0          0
  dualsparsify     :       0.00       0.00      1          0          0          0          0          0          0          0          0          0
  gateextraction   :       0.00       0.00      1          0          0          0          0          0        375        125          0          0
  implics          :       0.00       0.00      7          0          0          0          0          0          0          0          0          0
  implint          :       0.00       0.00      0          0          0          0          0          0          0          0          0          0
  inttobinary      :       0.00       0.00     12          0          0          0          0          0          0          0          0          0
  milp             :       0.00       0.00      1          4          0          0          1          0          0          0          0          0
  qpkktref         :       0.00       0.00      0          0          0          0          0          0          0          0          0          0
  redvub           :       0.00       0.00      0          0          0          0          0          0          0          0          0          0
  sparsify         :       0.00       0.00      1          0          0          0          0          0          0          0          0          0
  stuffing         :       0.00       0.00      0          0          0          0          0          0          0          0          0          0
  trivial          :       0.00       0.00     12         48          0          0          0          0          0          0          0          0
  tworowbnd        :       0.00       0.00      0          0          0          0          0          0          0          0          0          0
  dualfix          :       0.00       0.00     12          0          0          0          0          0          0          0          0          0
  genvbounds       :       0.00       0.00      0          0          0          0          0          0          0          0          0          0
  probing          :       0.03       0.00      2         12          0          0          0          0          0          0          0          0
  pseudoobj        :       0.00       0.00      0          0          0          0          0          0          0          0          0          0
  symmetry         :       0.00       0.00      1          0          0          0          0          0          0          0          0          0
  vbounds          :       0.00       0.00      2          0          0          0          0          0          0          0          0          0
  varbound         :       0.00       0.00      9          0          0          0          0          0          0          0          0          0
  setppc           :       0.00       0.00      6          0          0          0          0          0          4          0          0          0
  and              :       0.00       0.00      7          0          0          0          0          0          0          0          0          0
  linear           :       0.01       0.00     17         25         94          0         74          0        359          0         93        257
  logicor          :       0.00       0.00      2          0          0          0          0          0          0          0          0          0
  components       :       0.00       0.00      1          0          0          0          0          0          0          0          0          0
  root node        :          -          -      -          0          -          -          0          -          -          -          -          -
Constraints        :     Number  MaxNumber  #Separate #Propagate    #EnfoLP    #EnfoRelax  #EnfoPS    #Check   #ResProp    Cutoffs    DomReds       Cuts    Applied      Conss   Children
  integral         :          0          0          0          0          0          0          0          8          0          0          0          0          0          0          0
  varbound         :         21         21          0       2173          0          0          0          4         47          8          0          0          0          0          0
  and              :        123        123          0       2165          0          0          0          4          2          0          0          0          0          0          0
  linear           :        186        186          0       2165          0          0          0          4         35          8          0          0          0          0          0
  logicor          :          0+         1          0          3          0          0          0          0          0          0          0          0          0          0          0
  fixedvar         :          0          0          0          0          0          0          0          2          0          0          0          0          0          0          0
  countsols        :          0          0          0          0          0          0          0          2          0          0          0          0          0          0          0
  components       :          0          0          0          0          0          0          0          0          0          0          0          0          0          0          0
Constraint Timings :  TotalTime  SetupTime   Separate  Propagate     EnfoLP     EnfoPS     EnfoRelax   Check    ResProp    SB-Prop
  integral         :       0.00       0.00       0.00       0.00       0.00       0.00       0.00       0.00       0.00       0.00
  varbound         :       0.01       0.00       0.00       0.01       0.00       0.00       0.00       0.00       0.00       0.00
  and              :       0.00       0.00       0.00       0.00       0.00       0.00       0.00       0.00       0.00       0.00
  linear           :       0.01       0.00       0.00       0.01       0.00       0.00       0.00       0.00       0.00       0.00
  logicor          :       0.00       0.00       0.00       0.00       0.00       0.00       0.00       0.00       0.00       0.00
  fixedvar         :       0.00       0.00       0.00       0.00       0.00       0.00       0.00       0.00       0.00       0.00
  countsols        :       0.00       0.00       0.00       0.00       0.00       0.00       0.00       0.00       0.00       0.00
  components       :       0.00       0.00       0.00       0.00       0.00       0.00       0.00       0.00       0.00       0.00
Propagators        : #Propagate   #ResProp    Cutoffs    DomReds
  dualfix          :          1          0          0          0
  genvbounds       :          0          0          0          0
  nlobbt           :          0          0          0          0
  obbt             :          0          0          0          0
  probing          :          0          0          0          0
  pseudoobj        :          1          0          0          0
  redcost          :          0          0          0          0
  rootredcost      :          0          0          0          0
  symmetry         :          0          0          0          0
  vbounds          :         77          0          2          0
Propagator Timings :  TotalTime  SetupTime   Presolve  Propagate    ResProp    SB-Prop
  dualfix          :       0.00       0.00       0.00       0.00       0.00       0.00
  genvbounds       :       0.00       0.00       0.00       0.00       0.00       0.00
  nlobbt           :       0.00       0.00       0.00       0.00       0.00       0.00
  obbt             :       0.00       0.00       0.00       0.00       0.00       0.00
  probing          :       0.03       0.00       0.03       0.00       0.00       0.00
  pseudoobj        :       0.00       0.00       0.00       0.00       0.00       0.00
  redcost          :       0.00       0.00       0.00       0.00       0.00       0.00
  rootredcost      :       0.00       0.00       0.00       0.00       0.00       0.00
  symmetry         :       0.00       0.00       0.00       0.00       0.00       0.00
  vbounds          :       0.00       0.00       0.00       0.00       0.00       0.00
Conflict Analysis  :       Time      Calls    Success    DomReds  Conflicts   Literals    Reconvs ReconvLits   Dualrays   Nonzeros   LP Iters   (pool size: [10000,10000])
  propagation      :       0.00          9          0          -          0        0.0          0        0.0          -          -          -
  infeasible LP    :       0.00          0          0          -          0        0.0          0        0.0          0        0.0          0
  bound exceed. LP :       0.00          0          0          -          0        0.0          0        0.0          0        0.0          0
  strong branching :       0.00          0          0          -          0        0.0          0        0.0          -          -          0
  pseudo solution  :       0.00          0          0          -          0        0.0          0        0.0          -          -          -
  applied globally :       0.00          -          -          0          0        0.0          -          -          0          -          -
  applied locally  :          -          -          -          0          0        0.0          -          -          0          -          -
Gen. Resolution CA :       Time      Calls    Success  Conflicts  LargeCoef  LongConfs    Length
  propagation      :       0.00          0          0          0          0          0       0.0
Separators         :   ExecTime  SetupTime      Calls  RootCalls    Cutoffs    DomReds  FoundCuts ViaPoolAdd  DirectAdd    Applied ViaPoolApp  DirectApp      Conss
  cut pool         :       0.00          -          0          0          -          -          0          0          -          -          -          -          -    (maximal pool size:          0)
  aggregation      :       0.00       0.00          0          0          0          0          0          0          0          0          0          0          0
  > cmir           :          -          -          -          -          -          -          -          0          0          0          0          0          -
  > flowcover      :          -          -          -          -          -          -          -          0          0          0          0          0          -
  > knapsackcover  :          -          -          -          -          -          -          -          0          0          0          0          0          -
  cgmip            :       0.00       0.00          0          0          0          0          0          0          0          0          0          0          0
  clique           :       0.00       0.00          0          0          0          0          0          0          0          0          0          0          0
  closecuts        :       0.00       0.00          0          0          0          0          0          0          0          0          0          0          0
  convexproj       :       0.00       0.00          0          0          0          0          0          0          0          0          0          0          0
  disjunctive      :       0.00       0.00          0          0          0          0          0          0          0          0          0          0          0
  eccuts           :       0.00       0.00          0          0          0          0          0          0          0          0          0          0          0
  flower           :       0.00       0.00          0          0          0          0          0          0          0          0          0          0          0
  gauge            :       0.00       0.00          0          0          0          0          0          0          0          0          0          0          0
  gomory           :       0.00       0.00          0          0          0          0          0          0          0          0          0          0          0
  > gomorymi       :          -          -          -          -          -          -          -          0          0          0          0          0          -
  > strongcg       :          -          -          -          -          -          -          -          0          0          0          0          0          -
  impliedbounds    :       0.00       0.00          0          0          0          0          0          0          0          0          0          0          0
  interminor       :       0.00       0.00          0          0          0          0          0          0          0          0          0          0          0
  intobj           :       0.00       0.00          0          0          0          0          0          0          0          0          0          0          0
  lagromory        :       0.00       0.00          0          0          0          0          0          0          0          0          0          0          0
  mcf              :       0.00       0.00          0          0          0          0          0          0          0          0          0          0          0
  minor            :       0.00       0.00          0          0          0          0          0          0          0          0          0          0          0
  mixing           :       0.00       0.00          0          0          0          0          0          0          0          0          0          0          0
  oddcycle         :       0.00       0.00          0          0          0          0          0          0          0          0          0          0          0
  rapidlearning    :       0.00       0.00          0          0          0          0          0          0          0          0          0          0          0
  rlt              :       0.00       0.00          0          0          0          0          0          0          0          0          0          0          0
  zerohalf         :       0.00       0.00          0          0          0          0          0          0          0          0          0          0          0
Cutselectors       :   ExecTime  SetupTime      Calls  RootCalls   Selected     Forced   Filtered  RootSelec   RootForc   RootFilt 
  hybrid           :       0.00       0.00          0          0          0          0          0          0          0          0
  ensemble         :       0.00       0.00          0          0          0          0          0          0          0          0
  dynamic          :       0.00       0.00          0          0          0          0          0          0          0          0
Pricers            :   ExecTime  SetupTime      Calls       Vars
  problem variables:       0.00          -          0          0
Branching Rules    :   ExecTime  SetupTime   BranchLP  BranchExt   BranchPS    Cutoffs    DomReds       Cuts      Conss   Children
  allfullstrong    :       0.00       0.00          0          0          0          0          0          0          0          0
  cloud            :       0.00       0.00          0          0          0          0          0          0          0          0
  distribution     :       0.00       0.00          0          0          0          0          0          0          0          0
  fullstrong       :       0.00       0.00          0          0          0          0          0          0          0          0
  gomory           :       0.00       0.00          0          0          0          0          0          0          0          0
  inference        :       0.00       0.00          0          0          0          0          0          0          0          0
  leastinf         :       0.00       0.00          0          0          0          0          0          0          0          0
  lookahead        :       0.00       0.00          0          0          0          0          0          0          0          0
  mostinf          :       0.00       0.00          0          0          0          0          0          0          0          0
  multaggr         :       0.00       0.00          0          0          0          0          0          0          0          0
  nodereopt        :       0.00       0.00          0          0          0          0          0          0          0          0
  pscost           :       0.00       0.00          0          0          0          0          0          0          0          0
  random           :       0.00       0.00          0          0          0          0          0          0          0          0
  relpscost        :       0.00       0.00          0          0          0          0          0          0          0          0
  vanillafullstrong:       0.00       0.00          0          0          0          0          0          0          0          0
Primal Heuristics  :   ExecTime  SetupTime      Calls      Found       Best
  LP solutions     :       0.00          -          -          0          0
  relax solutions  :       0.00          -          -          0          0
  pseudo solutions :       0.00          -          -          0          0
  strong branching :       0.00          -          -          0          0
  actconsdiving    :       0.00       0.00          0          0          0
  adaptivediving   :       0.00       0.00          0          0          0
  alns             :       0.00       0.00          0          0          0
  bound            :       0.00       0.00          0          0          0
  clique           :       0.00       0.00          1          0          0
  coefdiving       :       0.00       0.00          0          0          0
  completesol      :       0.00       0.00          0          0          0
  conflictdiving   :       0.00       0.00          0          0          0
  crossover        :       0.00       0.00          0          0          0
  dins             :       0.00       0.00          0          0          0
  distributiondivin:       0.00       0.00          0          0          0
  dks              :       0.00       0.00          0          0          0
  dps              :       0.00       0.00          0          0          0
  dualval          :       0.00       0.00          0          0          0
  farkasdiving     :       0.00       0.00          0          0          0
  feaspump         :       0.00       0.00          0          0          0
  fixandinfer      :       0.00       0.00          0          0          0
  fracdiving       :       0.00       0.00          0          0          0
  gins             :       0.00       0.00          0          0          0
  guideddiving     :       0.00       0.00          0          0          0
  indicator        :       0.00       0.00          0          0          0
  indicatordiving  :       0.00       0.00          0          0          0
  intdiving        :       0.00       0.00          0          0          0
  intshifting      :       0.00       0.00          0          0          0
  linesearchdiving :       0.00       0.00          0          0          0
  localbranching   :       0.00       0.00          0          0          0
  locks            :       0.00       0.00          1          0          0
  lpface           :       0.00       0.00          0          0          0
  mpec             :       0.00       0.00          0          0          0
  multistart       :       0.00       0.00          0          0          0
  mutation         :       0.00       0.00          0          0          0
  nlpdiving        :       0.00       0.00          0          0          0
  objpscostdiving  :       0.00       0.00          0          0          0
  octane           :       0.00       0.00          0          0          0
  ofins            :       0.00       0.00          0          0          0
  oneopt           :       0.00       0.00          0          0          0
  padm             :       0.00       0.00          0          0          0
  proximity        :       0.00       0.00          0          0          0
  pscostdiving     :       0.00       0.00          0          0          0
  randrounding     :       0.00       0.00          0          0          0
  rens             :       0.00       0.00          0          0          0
  reoptsols        :       0.00       0.00          0          0          0
  repair           :       0.00       0.00          0          0          0
  rins             :       0.00       0.00          0          0          0
  rootsoldiving    :       0.00       0.00          0          0          0
  rounding         :       0.00       0.00          0          0          0
  scheduler        :       0.00       0.00          0          0          0
  shiftandpropagate:       0.00       0.00          0          0          0
  shifting         :       0.00       0.00          0          0          0
  simplerounding   :       0.00       0.00          0          0          0
  subnlp           :       0.00       0.00          0          0          0
  trivial          :       0.00       0.00          2          0          0
  trivialnegation  :       0.00       0.00          0          0          0
  trustregion      :       0.00       0.00          0          0          0
  trysol           :       0.00       0.00          0          0          0
  twoopt           :       0.00       0.00          0          0          0
  undercover       :       0.00       0.00          0          0          0
  vbounds          :       0.00       0.00          1          1          1
  veclendiving     :       0.00       0.00          0          0          0
  zeroobj          :       0.00       0.00          0          0          0
  zirounding       :       0.00       0.00          0          0          0
  other solutions  :          -          -          -          0          -
LNS (Scheduler)    :      Calls  SetupTime  SolveTime SolveNodes       Sols       Best       Exp3    Exp3-IX  EpsGreedy        UCB TgtFixRate  Opt  Inf Node Stal  Sol  Usr Othr Actv
  rens             :          0       0.00       0.00          0          0          0    0.00000    0.12500   -1.00000    1.00000      0.900    0    0    0    0    0    0    0    1
  rins             :          0       0.00       0.00          0          0          0    0.00000    0.12500   -1.00000    1.00000      0.900    0    0    0    0    0    0    0    1
  mutation         :          0       0.00       0.00          0          0          0    0.00000    0.12500   -1.00000    1.00000      0.900    0    0    0    0    0    0    0    1
  localbranching   :          0       0.00       0.00          0          0          0    0.00000    0.12500   -1.00000    1.00000      0.900    0    0    0    0    0    0    0    1
  crossover        :          0       0.00       0.00          0          0          0    0.00000    0.12500   -1.00000    1.00000      0.900    0    0    0    0    0    0    0    1
  proximity        :          0       0.00       0.00          0          0          0    0.00000    0.12500   -1.00000    1.00000      0.900    0    0    0    0    0    0    0    1
  zeroobjective    :          0       0.00       0.00          0          0          0    0.00000    0.12500   -1.00000    1.00000      0.900    0    0    0    0    0    0    0    1
  dins             :          0       0.00       0.00          0          0          0    0.00000    0.12500   -1.00000    1.00000      0.900    0    0    0    0    0    0    0    1
  trustregion      :          0       0.00       0.00          0          0          0    0.00000    0.00000   -1.00000    1.00000      0.900    0    0    0    0    0    0    0    0
LP                 :       Time      Calls Iterations  Iter/call   Iter/sec  Time-0-It Calls-0-It
  primal LP        :       0.00          0          0       0.00          -       0.00          0
  dual LP          :       0.00          0          0       0.00          -       0.00          0
  lex dual LP      :       0.00          0          0       0.00          -
  barrier LP       :       0.00          0          0       0.00          -       0.00          0
  resolve instable :       0.00          0          0       0.00          -
  diving/probing LP:       0.00          0          0       0.00          -
  strong branching :       0.00          0          0       0.00          -          -          -          0
    (at root node) :          -          0          0       0.00          -
  conflict analysis:       0.00          0          0       0.00          -
Relaxators         :       Time      Calls    Cutoffs ImprBounds   ImprTime ReducedDom  Separated AddedConss
  benders          :       0.00          0          0          0       0.00          0          0          0
B&B Tree           :
  number of runs   :          1
  nodes            :          1 (0 internal, 1 leaves)
  feasible leaves  :          0
  infeas. leaves   :          0
  objective leaves :          0
  nodes (total)    :          1 (0 internal, 1 leaves)
  nodes left       :          0
  max depth        :          0
  max depth (total):          0
  backtracks       :          0 (0.0%)
  early backtracks :          0 (0.0%)
  nodes exc. ref.  :          0 (0.0%)
  delayed cutoffs  :          0
  repropagations   :          0 (0 domain reductions, 0 cutoffs)
  avg switch length:       2.00
  switching time   :       0.00
Root Node          :
  First LP value   :          -
  First LP Iters   :          0
  First LP Time    :       0.00
  Final Dual Bound :          -
  Final Root Iters :          0
  Root LP Estimate :                     -
Solution           :
  Solutions found  :          1 (1 improvements)
  First Solution   : +1.05000000000000e+03   (in run 1, after 1 nodes, 0.05 seconds, depth 29, found by <vbounds>)
  Gap First Sol.   :       0.00 %
  Gap Last Sol.    :       0.00 %
  Primal Bound     : +1.05000000000000e+03   (in run 1, after 1 nodes, 0.05 seconds, depth 29, found by <vbounds>)
  Dual Bound       : +1.05000000000000e+03
  Gap              :       0.00 %
Integrals          :      Total       Avg%
  primal-dual      :       5.32      99.73
  primal-ref       :          -          - (not evaluated)
  dual-ref         :          -          - (not evaluated)
