SCIP version 10.0.0 [precision: 8 byte] [memory: block] [mode: optimized] [LP solver: SoPlex 8.0.0] [GitHash: 0c80fdd8e9]
Copyright (c) 2002-2025 Zuse Institute Berlin (ZIB)

External libraries: 
  Readline 8.3         GNU library for command line editing (gnu.org/s/readline)
  SoPlex 8.0.0         Linear programming solver developed at Zuse Institute Berlin (soplex.zib.de) [GitHash: 2207cfb2]
  CppAD 20180000.0     Algorithmic Differentiation of C++ algorithms developed by B. Bell (github.com/coin-or/CppAD)
  ZLIB 1.2.12          General purpose compression library by J. Gailly and M. Adler (zlib.net)
  MPFR 4.2.2           GNU Multiple Precision Floating-Point Reliable Library (mpfr.org)
  Boost 1.89.0         Boost C++ Libraries (boost.org)
  TinyCThread 1.2      small portable implementation of the C11 threads API (tinycthread.github.io)
  GMP 6.3.0            GNU Multiple Precision Arithmetic Library developed by T. Granlund (gmplib.org)
  AMPL/MP 4.0.3        AMPL .nl file reader library (github.com/ampl/mp)
  PaPILO 3.0.0         parallel presolve for integer and linear optimization (github.com/scipopt/papilo) (built with TBB)
  Nauty 2.8.8          Computing Graph Automorphism Groups by Brendan D. McKay (users.cecs.anu.edu.au/~bdm/nauty)
  sassy 2.0            Symmetry preprocessor by Markus Anders (github.com/markusa4/sassy)
  Ipopt 3.14.19        Interior Point Optimizer developed by A. Waechter et.al. (github.com/coin-or/Ipopt)

reading user parameter file </Users/maxbig/Coursework_multiprocessing/Coursework/SCIP/SCIPOptSuite-9.2.1-Linux/only_time.set>

read problem </Users/maxbig/Coursework_multiprocessing/Coursework/SCIP/SCIPOptSuite-9.2.1-Linux/inputs/new_no_tr/order/layered_15_buf_times_P4_M1350_up_right_input.lp>
============

original problem has 901 variables (885 bin, 16 int, 0 cont) and 3353 constraints

solve problem
=============

presolving:
(round 1, fast)       64 del vars, 62 del conss, 0 add conss, 24 chg bounds, 12 chg sides, 12 chg coeffs, 0 upgd conss, 0 impls, 36 clqs, 0 implints
(round 2, fast)       64 del vars, 62 del conss, 0 add conss, 32 chg bounds, 12 chg sides, 12 chg coeffs, 0 upgd conss, 0 impls, 36 clqs, 0 implints
   (0.0s) running MILP presolver
   (0.0s) MILP presolver (2 rounds): 0 aggregations, 0 fixings, 0 bound changes
(round 3, exhaustive) 64 del vars, 496 del conss, 0 add conss, 36 chg bounds, 12 chg sides, 12 chg coeffs, 0 upgd conss, 0 impls, 36 clqs, 0 implints
(round 4, exhaustive) 64 del vars, 496 del conss, 0 add conss, 36 chg bounds, 12 chg sides, 12 chg coeffs, 1743 upgd conss, 0 impls, 36 clqs, 0 implints
(round 5, medium)     64 del vars, 496 del conss, 7 add conss, 36 chg bounds, 19 chg sides, 26 chg coeffs, 1743 upgd conss, 0 impls, 36 clqs, 0 implints
   (0.6s) probing: 588/821 (71.6%) - 0 fixings, 0 aggregations, 2429 implications, 0 bound changes
   (0.6s) probing aborted: 50/50 successive totally useless probings
   (0.7s) symmetry computation started: requiring (bin +, int +, cont +), (fixed: bin -, int -, cont -)
   (0.7s) symmetry computation finished: 4 generators found (max: 1500, log10 of symmetry group size: 1.68) (symcode time: 0.00)
dynamic symmetry handling statistics:
   orbitopal reduction:       no components
   orbital reduction:         no components
   lexicographic reduction:   no permutations
handled 1 out of 1 symmetry components
(round 6, exhaustive) 69 del vars, 496 del conss, 13 add conss, 36 chg bounds, 19 chg sides, 26 chg coeffs, 1743 upgd conss, 2487 impls, 35 clqs, 0 implints
(round 7, fast)       70 del vars, 677 del conss, 13 add conss, 36 chg bounds, 19 chg sides, 124 chg coeffs, 1743 upgd conss, 2487 impls, 131 clqs, 0 implints
(round 8, medium)     85 del vars, 717 del conss, 13 add conss, 36 chg bounds, 19 chg sides, 137 chg coeffs, 1743 upgd conss, 2487 impls, 115 clqs, 0 implints
(round 9, fast)       86 del vars, 746 del conss, 13 add conss, 36 chg bounds, 19 chg sides, 137 chg coeffs, 1743 upgd conss, 2487 impls, 114 clqs, 0 implints
(round 10, medium)     87 del vars, 784 del conss, 13 add conss, 36 chg bounds, 19 chg sides, 149 chg coeffs, 1743 upgd conss, 2487 impls, 124 clqs, 0 implints
   (0.7s) probing: 669/821 (81.5%) - 0 fixings, 10 aggregations, 2433 implications, 0 bound changes
   (0.7s) probing aborted: 50/50 successive totally useless probings
(round 11, exhaustive) 97 del vars, 784 del conss, 13 add conss, 36 chg bounds, 19 chg sides, 149 chg coeffs, 1743 upgd conss, 2487 impls, 117 clqs, 0 implints
(round 12, fast)       97 del vars, 795 del conss, 13 add conss, 36 chg bounds, 19 chg sides, 149 chg coeffs, 1743 upgd conss, 2487 impls, 117 clqs, 0 implints
   (0.7s) probing: 674/821 (82.1%) - 0 fixings, 10 aggregations, 2433 implications, 0 bound changes
   (0.7s) probing aborted: 50/50 successive totally useless probings
presolving (13 rounds: 13 fast, 8 medium, 5 exhaustive):
 97 deleted vars, 795 deleted constraints, 13 added constraints, 36 tightened bounds, 0 added holes, 19 changed sides, 149 changed coefficients
 2487 implications, 117 cliques, 0 implied integral variables (0 bin, 0 int, 0 cont)
presolved problem has 805 variables (789 bin, 16 int, 0 cont) and 2571 constraints
     35 constraints of type <varbound>
     13 constraints of type <knapsack>
     20 constraints of type <setppc>
   1114 constraints of type <linear>
      6 constraints of type <orbitope_pp>
   1383 constraints of type <logicor>
transformed objective value is always integral (scale: 1)
Presolving Time: 0.67

 time | node  | left  |LP iter|LP it/n|mem/heur|mdpt |vars |cons |rows |cuts |sepa|confs|strbr|  dualbound   | primalbound  |  gap   | compl. 
  0.9s|     1 |     0 |   399 |     - |    27M |   0 | 805 |2595 |2565 |   0 |  0 |  30 |   0 | 4.000000e+01 |      --      |    Inf | unknown
  1.0s|     1 |     0 |  1182 |     - |    28M |   0 | 805 |2597 |2635 |  70 |  1 |  32 |   0 | 4.000000e+01 |      --      |    Inf | unknown
  1.1s|     1 |     0 |  1431 |     - |    28M |   0 | 805 |2599 |2651 |  86 |  2 |  34 |   0 | 4.000000e+01 |      --      |    Inf | unknown
  1.1s|     1 |     0 |  1559 |     - |    30M |   0 | 805 |2600 |2659 |  94 |  3 |  35 |   0 | 4.000000e+01 |      --      |    Inf | unknown
  1.2s|     1 |     0 |  1637 |     - |    30M |   0 | 805 |2600 |2663 |  98 |  4 |  35 |   0 | 4.000000e+01 |      --      |    Inf | unknown
  1.2s|     1 |     0 |  1686 |     - |    31M |   0 | 805 |2602 |2667 | 102 |  5 |  37 |   0 | 4.000000e+01 |      --      |    Inf | unknown
  1.2s|     1 |     0 |  1723 |     - |    31M |   0 | 805 |2604 |2671 | 106 |  6 |  39 |   0 | 4.000000e+01 |      --      |    Inf | unknown
  1.3s|     1 |     0 |  1769 |     - |    32M |   0 | 805 |2605 |2676 | 111 |  7 |  40 |   0 | 4.000000e+01 |      --      |    Inf | unknown
  1.3s|     1 |     0 |  1844 |     - |    32M |   0 | 805 |2606 |2681 | 116 |  8 |  41 |   0 | 4.000000e+01 |      --      |    Inf | unknown
  1.3s|     1 |     0 |  1883 |     - |    34M |   0 | 805 |2607 |2688 | 123 |  9 |  42 |   0 | 4.000000e+01 |      --      |    Inf | unknown
  1.3s|     1 |     0 |  1911 |     - |    34M |   0 | 805 |2609 |2692 | 127 | 10 |  44 |   0 | 4.000000e+01 |      --      |    Inf | unknown
  1.4s|     1 |     0 |  1926 |     - |    34M |   0 | 805 |2610 |2696 | 131 | 11 |  45 |   0 | 4.000000e+01 |      --      |    Inf | unknown
  1.4s|     1 |     0 |  1933 |     - |    35M |   0 | 805 |2611 |2698 | 133 | 12 |  46 |   0 | 4.000000e+01 |      --      |    Inf | unknown
  1.4s|     1 |     0 |  1947 |     - |    35M |   0 | 805 |2613 |2611 | 136 | 13 |  48 |   0 | 4.000000e+01 |      --      |    Inf | unknown
d 1.4s|     1 |     0 |  2240 |     - |conflict|   0 | 805 |2619 |2611 |   0 | 13 |  54 |   0 | 4.000000e+01 | 5.100000e+01 |  27.50%| unknown
 time | node  | left  |LP iter|LP it/n|mem/heur|mdpt |vars |cons |rows |cuts |sepa|confs|strbr|  dualbound   | primalbound  |  gap   | compl. 
  1.4s|     1 |     0 |  2240 |     - |    35M |   0 | 805 |1957 |2611 | 136 | 13 |  54 |   0 | 4.000000e+01 | 5.100000e+01 |  27.50%| unknown
  1.4s|     1 |     0 |  2240 |     - |    35M |   0 | 805 |1957 |1961 | 136 | 13 |  54 |   0 | 4.000000e+01 | 5.100000e+01 |  27.50%| unknown
  1.4s|     1 |     0 |  2252 |     - |    36M |   0 | 805 |1957 |1965 | 140 | 14 |  54 |   0 | 4.000000e+01 | 5.100000e+01 |  27.50%| unknown
  1.4s|     1 |     0 |  2256 |     - |    36M |   0 | 805 |1957 |1969 | 144 | 15 |  54 |   0 | 4.000000e+01 | 5.100000e+01 |  27.50%| unknown
(run 1, node 1) restarting after 327 global fixings of integer variables

(restart) converted 52 cuts from the global cut pool into linear constraints

presolving:
(round 1, fast)       379 del vars, 57 del conss, 0 add conss, 0 chg bounds, 617 chg sides, 671 chg coeffs, 0 upgd conss, 2565 impls, 758 clqs, 0 implints
(round 2, fast)       379 del vars, 58 del conss, 0 add conss, 0 chg bounds, 618 chg sides, 671 chg coeffs, 0 upgd conss, 2565 impls, 758 clqs, 0 implints
(round 3, medium)     379 del vars, 58 del conss, 3 add conss, 0 chg bounds, 621 chg sides, 677 chg coeffs, 0 upgd conss, 2565 impls, 758 clqs, 0 implints
(round 4, exhaustive) 379 del vars, 83 del conss, 3 add conss, 0 chg bounds, 621 chg sides, 677 chg coeffs, 0 upgd conss, 2565 impls, 758 clqs, 0 implints
(round 5, exhaustive) 379 del vars, 83 del conss, 3 add conss, 0 chg bounds, 621 chg sides, 677 chg coeffs, 91 upgd conss, 2565 impls, 758 clqs, 0 implints
(round 6, medium)     379 del vars, 92 del conss, 3 add conss, 0 chg bounds, 627 chg sides, 677 chg coeffs, 91 upgd conss, 2571 impls, 776 clqs, 0 implints
presolving (7 rounds: 7 fast, 5 medium, 3 exhaustive):
 379 deleted vars, 92 deleted constraints, 3 added constraints, 0 tightened bounds, 0 added holes, 627 changed sides, 677 changed coefficients
 2571 implications, 776 cliques, 0 implied integral variables (0 bin, 0 int, 0 cont)
presolved problem has 426 variables (410 bin, 16 int, 0 cont) and 1912 constraints
     27 constraints of type <varbound>
     29 constraints of type <knapsack>
     60 constraints of type <setppc>
    377 constraints of type <linear>
      6 constraints of type <orbitope_pp>
   1413 constraints of type <logicor>
transformed objective value is always integral (scale: 1)
Presolving Time: 0.69

 time | node  | left  |LP iter|LP it/n|mem/heur|mdpt |vars |cons |rows |cuts |sepa|confs|strbr|  dualbound   | primalbound  |  gap   | compl. 
  1.5s|     1 |     0 |  2535 |     - |    35M |   0 | 426 |1912 |1883 |   0 |  0 |  55 |   0 | 4.000000e+01 | 5.100000e+01 |  27.50%| unknown
  1.5s|     1 |     0 |  2535 |     - |    35M |   0 | 426 |1912 |1882 |   0 |  0 |  55 |   0 | 4.000000e+01 | 5.100000e+01 |  27.50%| unknown
  1.5s|     1 |     0 |  2655 |     - |    35M |   0 | 426 |2002 |1967 | 175 |  1 |  55 |   0 | 4.000000e+01 | 5.100000e+01 |  27.50%| unknown
  1.6s|     1 |     0 |  2851 |     - |    35M |   0 | 426 |1998 |1974 | 182 |  2 |  56 |   0 | 4.000000e+01 | 5.100000e+01 |  27.50%| unknown
  1.6s|     1 |     0 |  2960 |     - |    36M |   0 | 426 |1998 |1984 | 192 |  3 |  56 |   0 | 4.000000e+01 | 5.100000e+01 |  27.50%| unknown
  1.6s|     1 |     0 |  2980 |     - |    36M |   0 | 426 |2001 |1988 | 196 |  4 |  59 |   0 | 4.000000e+01 | 5.100000e+01 |  27.50%| unknown
  1.7s|     1 |     0 |  3014 |     - |    37M |   0 | 426 |2004 |1993 | 201 |  5 |  62 |   0 | 4.000000e+01 | 5.100000e+01 |  27.50%| unknown
  1.7s|     1 |     0 |  3071 |     - |    40M |   0 | 426 |2004 |1999 | 207 |  6 |  62 |   0 | 4.000000e+01 | 5.100000e+01 |  27.50%| unknown
  1.7s|     1 |     0 |  3097 |     - |    41M |   0 | 426 |2004 |2002 | 210 |  7 |  62 |   0 | 4.000000e+01 | 5.100000e+01 |  27.50%| unknown
  1.7s|     1 |     0 |  3119 |     - |    41M |   0 | 426 |2005 |2007 | 215 |  8 |  63 |   0 | 4.000000e+01 | 5.100000e+01 |  27.50%| unknown
  1.8s|     1 |     0 |  3163 |     - |    44M |   0 | 426 |2005 |2011 | 219 |  9 |  63 |   0 | 4.000000e+01 | 5.100000e+01 |  27.50%| unknown
  1.8s|     1 |     0 |  3221 |     - |    44M |   0 | 426 |2006 |2017 | 225 | 10 |  64 |   0 | 4.000000e+01 | 5.100000e+01 |  27.50%| unknown
  1.8s|     1 |     0 |  3264 |     - |    45M |   0 | 426 |2007 |2020 | 228 | 11 |  65 |   0 | 4.000000e+01 | 5.100000e+01 |  27.50%| unknown
d 1.8s|     1 |     0 |  3593 |     - |conflict|   0 | 426 |2010 |2020 |   0 | 11 |  68 |   0 | 4.000000e+01 | 4.900000e+01 |  22.50%| unknown
  1.8s|     1 |     0 |  3699 |     - |    45M |   0 | 426 |1741 |2020 | 228 | 11 |  68 |   0 | 4.000000e+01 | 4.900000e+01 |  22.50%| unknown
 time | node  | left  |LP iter|LP it/n|mem/heur|mdpt |vars |cons |rows |cuts |sepa|confs|strbr|  dualbound   | primalbound  |  gap   | compl. 
  1.8s|     1 |     0 |  3725 |     - |    45M |   0 | 426 |1722 |2024 | 232 | 12 |  68 |   0 | 4.000000e+01 | 4.900000e+01 |  22.50%| unknown
  1.8s|     1 |     0 |  3726 |     - |    45M |   0 | 426 |1723 |1879 | 233 | 13 |  69 |   0 | 4.000000e+01 | 4.900000e+01 |  22.50%| unknown
(run 2, node 1) restarting after 130 global fixings of integer variables

(restart) converted 37 cuts from the global cut pool into linear constraints

presolving:
(round 1, fast)       130 del vars, 226 del conss, 6 add conss, 0 chg bounds, 305 chg sides, 424 chg coeffs, 0 upgd conss, 2571 impls, 305 clqs, 0 implints
(round 2, medium)     171 del vars, 226 del conss, 8 add conss, 0 chg bounds, 309 chg sides, 430 chg coeffs, 0 upgd conss, 2571 impls, 202 clqs, 0 implints
(round 3, fast)       171 del vars, 439 del conss, 12 add conss, 0 chg bounds, 311 chg sides, 496 chg coeffs, 0 upgd conss, 2571 impls, 235 clqs, 0 implints
(round 4, exhaustive) 171 del vars, 458 del conss, 12 add conss, 0 chg bounds, 315 chg sides, 498 chg coeffs, 0 upgd conss, 2571 impls, 235 clqs, 0 implints
(round 5, exhaustive) 171 del vars, 458 del conss, 12 add conss, 0 chg bounds, 315 chg sides, 499 chg coeffs, 96 upgd conss, 2571 impls, 235 clqs, 0 implints
(round 6, medium)     171 del vars, 466 del conss, 12 add conss, 0 chg bounds, 315 chg sides, 499 chg coeffs, 96 upgd conss, 2571 impls, 235 clqs, 0 implints
(round 7, exhaustive) 171 del vars, 494 del conss, 12 add conss, 0 chg bounds, 315 chg sides, 530 chg coeffs, 96 upgd conss, 2571 impls, 235 clqs, 0 implints
(round 8, fast)       175 del vars, 517 del conss, 12 add conss, 0 chg bounds, 315 chg sides, 534 chg coeffs, 96 upgd conss, 2571 impls, 228 clqs, 0 implints
(round 9, exhaustive) 175 del vars, 521 del conss, 12 add conss, 0 chg bounds, 315 chg sides, 534 chg coeffs, 96 upgd conss, 2571 impls, 228 clqs, 0 implints
(round 10, exhaustive) 175 del vars, 521 del conss, 12 add conss, 0 chg bounds, 315 chg sides, 538 chg coeffs, 96 upgd conss, 2571 impls, 228 clqs, 0 implints
presolving (11 rounds: 11 fast, 8 medium, 6 exhaustive):
 175 deleted vars, 521 deleted constraints, 12 added constraints, 0 tightened bounds, 0 added holes, 315 changed sides, 538 changed coefficients
 2571 implications, 229 cliques, 0 implied integral variables (0 bin, 0 int, 0 cont)
presolved problem has 251 variables (235 bin, 16 int, 0 cont) and 1251 constraints
     33 constraints of type <varbound>
     18 constraints of type <knapsack>
     41 constraints of type <setppc>
    165 constraints of type <linear>
      6 constraints of type <orbitope_pp>
    960 constraints of type <logicor>
     28 constraints of type <bounddisjunction>
transformed objective value is always integral (scale: 1)
Presolving Time: 0.70

 time | node  | left  |LP iter|LP it/n|mem/heur|mdpt |vars |cons |rows |cuts |sepa|confs|strbr|  dualbound   | primalbound  |  gap   | compl. 
  1.9s|     1 |     0 |  3835 |     - |    45M |   0 | 251 |1251 |1162 |   0 |  0 |  69 |   0 | 4.000000e+01 | 4.900000e+01 |  22.50%| unknown
* 1.9s|     1 |     0 |  3835 |     - |    LP  |   0 | 251 |1253 |1162 |   0 |  0 |  71 |   0 | 4.000000e+01 | 4.000000e+01 |   0.00%| unknown
  1.9s|     1 |     0 |  3835 |     - |    45M |   0 | 251 |1265 |1162 |   0 |  1 |  71 |   0 | 4.000000e+01 | 4.000000e+01 |   0.00%| unknown
  1.9s|     1 |     0 |  3835 |     - |    45M |   0 | 251 |1265 |1162 |   0 |  1 |  71 |   0 | 4.000000e+01 | 4.000000e+01 |   0.00%| unknown

SCIP Status        : problem is solved [optimal solution found]
Solving Time (sec) : 1.90
Solving Nodes      : 1 (total of 3 nodes in 3 runs)
Primal Bound       : +4.00000000000000e+01 (3 solutions)
Dual Bound         : +4.00000000000000e+01
Gap                : 0.00 %

primal solution (original space):
=================================

objective value:                                   40
m_14_14                                             1 	(obj:0)
m_14_2                                              1 	(obj:0)
m_13_13                                             1 	(obj:0)
m_13_2                                              1 	(obj:0)
m_12_12                                             1 	(obj:0)
m_12_2                                              1 	(obj:0)
m_11_14                                             1 	(obj:0)
m_11_13                                             1 	(obj:0)
m_11_12                                             1 	(obj:0)
m_11_11                                             1 	(obj:0)
m_11_2                                              1 	(obj:0)
m_11_1                                              1 	(obj:0)
m_10_14                                             1 	(obj:0)
m_10_13                                             1 	(obj:0)
m_10_12                                             1 	(obj:0)
m_10_10                                             1 	(obj:0)
m_10_2                                              1 	(obj:0)
m_10_1                                              1 	(obj:0)
m_9_14                                              1 	(obj:0)
m_9_13                                              1 	(obj:0)
m_9_12                                              1 	(obj:0)
m_9_9                                               1 	(obj:0)
m_9_2                                               1 	(obj:0)
m_9_1                                               1 	(obj:0)
m_8_14                                              1 	(obj:0)
m_8_13                                              1 	(obj:0)
m_8_12                                              1 	(obj:0)
m_8_11                                              1 	(obj:0)
m_8_10                                              1 	(obj:0)
m_8_9                                               1 	(obj:0)
m_8_8                                               1 	(obj:0)
m_8_2                                               1 	(obj:0)
m_8_1                                               1 	(obj:0)
m_8_0                                               1 	(obj:0)
m_7_14                                              1 	(obj:0)
m_7_13                                              1 	(obj:0)
m_7_12                                              1 	(obj:0)
m_7_11                                              1 	(obj:0)
m_7_10                                              1 	(obj:0)
m_7_9                                               1 	(obj:0)
m_7_7                                               1 	(obj:0)
m_7_2                                               1 	(obj:0)
m_7_1                                               1 	(obj:0)
m_7_0                                               1 	(obj:0)
m_6_14                                              1 	(obj:0)
m_6_13                                              1 	(obj:0)
m_6_12                                              1 	(obj:0)
m_6_11                                              1 	(obj:0)
m_6_10                                              1 	(obj:0)
m_6_9                                               1 	(obj:0)
m_6_6                                               1 	(obj:0)
m_6_2                                               1 	(obj:0)
m_6_1                                               1 	(obj:0)
m_6_0                                               1 	(obj:0)
m_5_14                                              1 	(obj:0)
m_5_13                                              1 	(obj:0)
m_5_12                                              1 	(obj:0)
m_5_11                                              1 	(obj:0)
m_5_10                                              1 	(obj:0)
m_5_9                                               1 	(obj:0)
m_5_8                                               1 	(obj:0)
m_5_7                                               1 	(obj:0)
m_5_6                                               1 	(obj:0)
m_5_5                                               1 	(obj:0)
m_5_2                                               1 	(obj:0)
m_5_1                                               1 	(obj:0)
m_5_0                                               1 	(obj:0)
m_4_14                                              1 	(obj:0)
m_4_13                                              1 	(obj:0)
m_4_12                                              1 	(obj:0)
m_4_11                                              1 	(obj:0)
m_4_10                                              1 	(obj:0)
m_4_9                                               1 	(obj:0)
m_4_8                                               1 	(obj:0)
m_4_7                                               1 	(obj:0)
m_4_6                                               1 	(obj:0)
m_4_4                                               1 	(obj:0)
m_4_2                                               1 	(obj:0)
m_4_1                                               1 	(obj:0)
m_4_0                                               1 	(obj:0)
m_3_14                                              1 	(obj:0)
m_3_13                                              1 	(obj:0)
m_3_12                                              1 	(obj:0)
m_3_11                                              1 	(obj:0)
m_3_10                                              1 	(obj:0)
m_3_9                                               1 	(obj:0)
m_3_8                                               1 	(obj:0)
m_3_7                                               1 	(obj:0)
m_3_6                                               1 	(obj:0)
m_3_3                                               1 	(obj:0)
m_3_2                                               1 	(obj:0)
m_3_1                                               1 	(obj:0)
m_3_0                                               1 	(obj:0)
m_2_2                                               1 	(obj:0)
m_1_14                                              1 	(obj:0)
m_1_13                                              1 	(obj:0)
m_1_12                                              1 	(obj:0)
m_1_2                                               1 	(obj:0)
m_1_1                                               1 	(obj:0)
m_0_14                                              1 	(obj:0)
m_0_13                                              1 	(obj:0)
m_0_12                                              1 	(obj:0)
m_0_2                                               1 	(obj:0)
m_0_1                                               1 	(obj:0)
m_0_0                                               1 	(obj:0)
p_1_14                                              1 	(obj:0)
p_2_13                                              1 	(obj:0)
p_3_12                                              1 	(obj:0)
p_3_11                                              1 	(obj:0)
p_1_10                                              1 	(obj:0)
p_2_9                                               1 	(obj:0)
p_1_8                                               1 	(obj:0)
p_3_7                                               1 	(obj:0)
p_2_6                                               1 	(obj:0)
p_1_5                                               1 	(obj:0)
p_3_4                                               1 	(obj:0)
p_2_3                                               1 	(obj:0)
p_4_2                                               1 	(obj:0)
p_4_1                                               1 	(obj:0)
p_4_0                                               1 	(obj:0)
t_14_14                                             1 	(obj:0)
z_14_11                                             1 	(obj:0)
z_14_10                                             1 	(obj:0)
t_14_10                                             1 	(obj:0)
z_14_9                                              1 	(obj:0)
z_14_8                                              1 	(obj:0)
t_14_8                                              1 	(obj:0)
z_14_7                                              1 	(obj:0)
z_14_6                                              1 	(obj:0)
z_14_5                                              1 	(obj:0)
t_14_5                                              1 	(obj:0)
z_14_4                                              1 	(obj:0)
z_14_3                                              1 	(obj:0)
z_14_0                                              1 	(obj:0)
t_13_13                                             1 	(obj:0)
z_13_11                                             1 	(obj:0)
z_13_10                                             1 	(obj:0)
z_13_9                                              1 	(obj:0)
t_13_9                                              1 	(obj:0)
z_13_8                                              1 	(obj:0)
z_13_7                                              1 	(obj:0)
z_13_6                                              1 	(obj:0)
t_13_6                                              1 	(obj:0)
z_13_5                                              1 	(obj:0)
z_13_4                                              1 	(obj:0)
z_13_3                                              1 	(obj:0)
t_13_3                                              1 	(obj:0)
z_13_0                                              1 	(obj:0)
t_12_12                                             1 	(obj:0)
z_12_11                                             1 	(obj:0)
t_12_11                                             1 	(obj:0)
z_12_10                                             1 	(obj:0)
z_12_9                                              1 	(obj:0)
z_12_8                                              1 	(obj:0)
z_12_7                                              1 	(obj:0)
t_12_7                                              1 	(obj:0)
z_12_6                                              1 	(obj:0)
z_12_5                                              1 	(obj:0)
z_12_4                                              1 	(obj:0)
t_12_4                                              1 	(obj:0)
z_12_3                                              1 	(obj:0)
z_12_0                                              1 	(obj:0)
t_11_12                                             1 	(obj:0)
t_11_11                                             1 	(obj:0)
z_11_8                                              1 	(obj:0)
z_11_7                                              1 	(obj:0)
t_11_7                                              1 	(obj:0)
z_11_6                                              1 	(obj:0)
z_11_5                                              1 	(obj:0)
z_11_4                                              1 	(obj:0)
t_11_4                                              1 	(obj:0)
z_11_3                                              1 	(obj:0)
t_10_14                                             1 	(obj:0)
t_10_10                                             1 	(obj:0)
z_10_8                                              1 	(obj:0)
t_10_8                                              1 	(obj:0)
z_10_7                                              1 	(obj:0)
z_10_6                                              1 	(obj:0)
z_10_5                                              1 	(obj:0)
t_10_5                                              1 	(obj:0)
z_10_4                                              1 	(obj:0)
z_10_3                                              1 	(obj:0)
t_9_13                                              1 	(obj:0)
t_9_9                                               1 	(obj:0)
z_9_8                                               1 	(obj:0)
z_9_7                                               1 	(obj:0)
z_9_6                                               1 	(obj:0)
t_9_6                                               1 	(obj:0)
z_9_5                                               1 	(obj:0)
z_9_4                                               1 	(obj:0)
z_9_3                                               1 	(obj:0)
t_9_3                                               1 	(obj:0)
t_8_14                                              1 	(obj:0)
t_8_10                                              1 	(obj:0)
t_8_8                                               1 	(obj:0)
z_8_5                                               1 	(obj:0)
t_8_5                                               1 	(obj:0)
z_8_4                                               1 	(obj:0)
z_8_3                                               1 	(obj:0)
t_7_12                                              1 	(obj:0)
t_7_11                                              1 	(obj:0)
t_7_7                                               1 	(obj:0)
z_7_5                                               1 	(obj:0)
z_7_4                                               1 	(obj:0)
t_7_4                                               1 	(obj:0)
z_7_3                                               1 	(obj:0)
t_6_13                                              1 	(obj:0)
t_6_9                                               1 	(obj:0)
t_6_6                                               1 	(obj:0)
z_6_5                                               1 	(obj:0)
z_6_4                                               1 	(obj:0)
z_6_3                                               1 	(obj:0)
t_6_3                                               1 	(obj:0)
t_5_14                                              1 	(obj:0)
t_5_10                                              1 	(obj:0)
t_5_8                                               1 	(obj:0)
t_5_5                                               1 	(obj:0)
t_4_12                                              1 	(obj:0)
t_4_11                                              1 	(obj:0)
t_4_7                                               1 	(obj:0)
t_4_4                                               1 	(obj:0)
t_3_13                                              1 	(obj:0)
t_3_9                                               1 	(obj:0)
t_3_6                                               1 	(obj:0)
t_3_3                                               1 	(obj:0)
z_2_11                                              1 	(obj:0)
z_2_10                                              1 	(obj:0)
z_2_9                                               1 	(obj:0)
z_2_8                                               1 	(obj:0)
z_2_7                                               1 	(obj:0)
z_2_6                                               1 	(obj:0)
z_2_5                                               1 	(obj:0)
z_2_4                                               1 	(obj:0)
z_2_3                                               1 	(obj:0)
t_2_2                                               1 	(obj:0)
z_2_1                                               1 	(obj:0)
t_2_1                                               1 	(obj:0)
z_2_0                                               1 	(obj:0)
t_2_0                                               1 	(obj:0)
z_1_8                                               1 	(obj:0)
z_1_7                                               1 	(obj:0)
z_1_6                                               1 	(obj:0)
z_1_5                                               1 	(obj:0)
z_1_4                                               1 	(obj:0)
z_1_3                                               1 	(obj:0)
t_1_2                                               1 	(obj:0)
t_1_1                                               1 	(obj:0)
z_1_0                                               1 	(obj:0)
t_1_0                                               1 	(obj:0)
z_0_8                                               1 	(obj:0)
z_0_7                                               1 	(obj:0)
z_0_6                                               1 	(obj:0)
z_0_5                                               1 	(obj:0)
z_0_4                                               1 	(obj:0)
z_0_3                                               1 	(obj:0)
t_0_2                                               1 	(obj:0)
t_0_1                                               1 	(obj:0)
t_0_0                                               1 	(obj:0)
y_11_1_14                                           1 	(obj:0)
y_10_1_14                                           1 	(obj:0)
y_9_1_14                                            1 	(obj:0)
y_8_1_14                                            1 	(obj:0)
y_7_1_14                                            1 	(obj:0)
y_6_1_14                                            1 	(obj:0)
y_1_1_14                                            1 	(obj:0)
y_0_1_14                                            1 	(obj:0)
y_11_1_13                                           1 	(obj:0)
y_10_1_13                                           1 	(obj:0)
y_9_1_13                                            1 	(obj:0)
y_8_1_13                                            1 	(obj:0)
y_7_1_13                                            1 	(obj:0)
y_6_1_13                                            1 	(obj:0)
y_1_1_13                                            1 	(obj:0)
y_0_1_13                                            1 	(obj:0)
y_11_1_12                                           1 	(obj:0)
y_10_1_12                                           1 	(obj:0)
y_9_1_12                                            1 	(obj:0)
y_8_1_12                                            1 	(obj:0)
y_7_1_12                                            1 	(obj:0)
y_6_1_12                                            1 	(obj:0)
y_1_1_12                                            1 	(obj:0)
y_0_1_12                                            1 	(obj:0)
y_11_1_11                                           1 	(obj:0)
y_10_1_11                                           1 	(obj:0)
y_9_1_11                                            1 	(obj:0)
y_8_1_11                                            1 	(obj:0)
y_7_1_11                                            1 	(obj:0)
y_6_1_11                                            1 	(obj:0)
y_1_1_11                                            1 	(obj:0)
y_0_1_11                                            1 	(obj:0)
y_11_1_10                                           1 	(obj:0)
y_10_1_10                                           1 	(obj:0)
y_9_1_10                                            1 	(obj:0)
y_8_1_10                                            1 	(obj:0)
y_7_1_10                                            1 	(obj:0)
y_6_1_10                                            1 	(obj:0)
y_1_1_10                                            1 	(obj:0)
y_0_1_10                                            1 	(obj:0)
y_11_1_9                                            1 	(obj:0)
y_10_1_9                                            1 	(obj:0)
y_9_1_9                                             1 	(obj:0)
y_8_1_9                                             1 	(obj:0)
y_7_1_9                                             1 	(obj:0)
y_6_1_9                                             1 	(obj:0)
y_1_1_9                                             1 	(obj:0)
y_0_1_9                                             1 	(obj:0)
y_8_1_8                                             1 	(obj:0)
y_7_1_8                                             1 	(obj:0)
y_6_1_8                                             1 	(obj:0)
y_5_1_8                                             1 	(obj:0)
y_4_1_8                                             1 	(obj:0)
y_3_1_8                                             1 	(obj:0)
y_8_1_7                                             1 	(obj:0)
y_7_1_7                                             1 	(obj:0)
y_6_1_7                                             1 	(obj:0)
y_5_1_7                                             1 	(obj:0)
y_4_1_7                                             1 	(obj:0)
y_3_1_7                                             1 	(obj:0)
y_8_1_6                                             1 	(obj:0)
y_7_1_6                                             1 	(obj:0)
y_6_1_6                                             1 	(obj:0)
y_5_1_6                                             1 	(obj:0)
y_4_1_6                                             1 	(obj:0)
y_3_1_6                                             1 	(obj:0)
y_5_1_5                                             1 	(obj:0)
y_4_1_5                                             1 	(obj:0)
y_3_1_5                                             1 	(obj:0)
y_5_1_4                                             1 	(obj:0)
y_4_1_4                                             1 	(obj:0)
y_3_1_4                                             1 	(obj:0)
y_5_1_3                                             1 	(obj:0)
y_4_1_3                                             1 	(obj:0)
y_3_1_3                                             1 	(obj:0)
y_11_1_2                                            1 	(obj:0)
y_10_1_2                                            1 	(obj:0)
y_9_1_2                                             1 	(obj:0)
y_8_1_2                                             1 	(obj:0)
y_7_1_2                                             1 	(obj:0)
y_6_1_2                                             1 	(obj:0)
y_1_1_2                                             1 	(obj:0)
y_0_1_2                                             1 	(obj:0)
y_11_1_1                                            1 	(obj:0)
y_10_1_1                                            1 	(obj:0)
y_9_1_1                                             1 	(obj:0)
y_8_1_1                                             1 	(obj:0)
y_7_1_1                                             1 	(obj:0)
y_6_1_1                                             1 	(obj:0)
y_1_1_1                                             1 	(obj:0)
y_0_1_1                                             1 	(obj:0)
y_11_1_0                                            1 	(obj:0)
y_10_1_0                                            1 	(obj:0)
y_9_1_0                                             1 	(obj:0)
y_8_1_0                                             1 	(obj:0)
y_7_1_0                                             1 	(obj:0)
y_6_1_0                                             1 	(obj:0)
y_0_1_0                                             1 	(obj:0)
s_10                                               20 	(obj:0)
s_9                                                20 	(obj:0)
s_8                                                10 	(obj:0)
s_7                                                10 	(obj:0)
s_6                                                10 	(obj:0)
s_2                                                39 	(obj:0)
s_1                                                21 	(obj:0)
s_0                                                20 	(obj:0)
l                                                  40 	(obj:1)
s_14                                               30 	(obj:0)
s_13                                               30 	(obj:0)
s_12                                               30 	(obj:0)
s_11                                               20 	(obj:0)

Statistics
==========

SCIP Status        : problem is solved [optimal solution found]
Total Time         :       1.90
  solving          :       1.90
  presolving       :       0.70 (included in solving)
  reading          :       0.01
  copying          :       0.03 (6 #copies) (minimal 0.00, maximal 0.01, average 0.00)
Original Problem   :
  Problem name     : /Users/maxbig/Coursework_multiprocessing/Coursework/SCIP/SCIPOptSuite-9.2.1-Linux/inputs/new_no_tr/order/layered_15_buf_times_P4_M1350_up_right_input.lp
  Variables        : 901 (885 binary, 16 integer, 0 continuous)
  Implied int vars : 0 (0 binary, 0 integer, 0 continuous)
  Constraints      : 3353 initial, 3353 maximal
  Objective        : minimize, 1 non-zeros (abs.min = 1, abs.max = 1)
Presolved Problem  :
  Problem name     : t_/Users/maxbig/Coursework_multiprocessing/Coursework/SCIP/SCIPOptSuite-9.2.1-Linux/inputs/new_no_tr/order/layered_15_buf_times_P4_M1350_up_right_input.lp
  Variables        : 251 (235 binary, 16 integer, 0 continuous)
  Implied int vars : 0 (0 binary, 0 integer, 0 continuous)
  Constraints      : 1251 initial, 1265 maximal
  Objective        : minimize, 1 non-zeros (abs.min = 1, abs.max = 1)
  Nonzeros         : 4704 constraint, 478 clique table
Presolvers         :   ExecTime  SetupTime  Calls  FixedVars   AggrVars   ChgTypes  ChgBounds   AddHoles    DelCons    AddCons   ChgSides   ChgCoefs
  boundshift       :       0.00       0.00      0          0          0          0          0          0          0          0          0          0
  convertinttobin  :       0.00       0.00      0          0          0          0          0          0          0          0          0          0
  domcol           :       0.00       0.00      5          0          0          0          0          0          0          0          0          0
  dualagg          :       0.00       0.00      0          0          0          0          0          0          0          0          0          0
  dualcomp         :       0.00       0.00      0          0          0          0          0          0          0          0          0          0
  dualinfer        :       0.00       0.00      0          0          0          0          0          0          0          0          0          0
  dualsparsify     :       0.01       0.00      1          0          0          0          0          0          0          0          0          0
  gateextraction   :       0.00       0.00     12          0          0          0          0          0          0          0          0          0
  implics          :       0.00       0.00     21          0          0          0          0          0          0          0          0          0
  implint          :       0.00       0.00      0          0          0          0          0          0          0          0          0          0
  inttobinary      :       0.00       0.00     31          0          0          0          0          0          0          0          0          0
  milp             :       0.00       0.00      1          0          0          0          0          0          0          0          0          0
  qpkktref         :       0.00       0.00      0          0          0          0          0          0          0          0          0          0
  redvub           :       0.00       0.00      0          0          0          0          0          0          0          0          0          0
  sparsify         :       0.00       0.00      2          0          0          0          0          0          0          0          0          0
  stuffing         :       0.00       0.00      0          0          0          0          0          0          0          0          0          0
  trivial          :       0.00       0.00     31        495          0          0          0          0          0          0          0          0
  tworowbnd        :       0.00       0.00      0          0          0          0          0          0          0          0          0          0
  dualfix          :       0.00       0.00     31         19          0          0          0          0          0          0          0          0
  genvbounds       :       0.00       0.00      0          0          0          0          0          0          0          0          0          0
  probing          :       0.62       0.00      3          0         10          0          0          0          0          0          0          0
  pseudoobj        :       0.00       0.00      2          0          0          0          0          0          0          0          0          0
  symmetry         :       0.01       0.00      1          4          0          0          0          0          0          6          0          0
  vbounds          :       0.00       0.00      5          8         47          0          0          0          0          0          0          0
  varbound         :       0.00       0.00     46          0          0          0          0          0         17          0          6          0
  knapsack         :       0.00       0.00     58          0          0          0          0          0         11         21         15         36
  setppc           :       0.00       0.00     58          0          1          0          0          0         16          0          0          0
  linear           :       0.03       0.00     45         15         49          0         36          0        616          0        940        926
  orbitope_pp      :       0.00       0.00     17          2          0          0          0          0          0          0          0          0
  logicor          :       0.02       0.00     54          0          0          0          0          0        746          0          0        402
  bounddisjunction :       0.00       0.00     11          0          0          0          0          0          2          1          0          0
  components       :       0.00       0.00      3          0          0          0          0          0          0          0          0          0
  root node        :          -          -      -        557          -          -        611          -          -          -          -          -
Constraints        :     Number  MaxNumber  #Separate #Propagate    #EnfoLP    #EnfoRelax  #EnfoPS    #Check   #ResProp    Cutoffs    DomReds       Cuts    Applied      Conss   Children
  integral         :          0          0          0          0          0          0          0         28          0          0          0          0          0          0          0
  varbound         :         33         33         28       9532          0          0          0         19          1          0         21          0          0          0          0
  knapsack         :         18         18         28       9303          0          0          0          9          3          0         21          2          0          0          0
  setppc           :         41         41         28       7586          0          0          0         14         42         11          2          0          0          0          0
  linear           :        165        165         28       9521          0          0          0          6         81         56        371         13          6          0          0
  orbitope_pp      :          6          6          0       4257          0          0          0          3          3          1          0          0          0          0          0
  logicor          :        960+       962         28       1284          0          0          0          3         85         11          4         11          3          0          0
  bounddisjunction :         28+        40          0        342          0          0          0          0          2          0          0          0          0          0          0
  fixedvar         :          0          0          0          0          0          0          0          4          0          0          0          0          0          0          0
  countsols        :          0          0          0          0          0          0          0          4          0          0          0          0          0          0          0
  components       :          0          0          0          0          0          0          0          0          0          0          0          0          0          0          0
Constraint Timings :  TotalTime  SetupTime   Separate  Propagate     EnfoLP     EnfoPS     EnfoRelax   Check    ResProp    SB-Prop
  integral         :       0.00       0.00       0.00       0.00       0.00       0.00       0.00       0.00       0.00       0.00
  varbound         :       0.11       0.00       0.00       0.11       0.00       0.00       0.00       0.00       0.00       0.00
  knapsack         :       0.00       0.00       0.00       0.00       0.00       0.00       0.00       0.00       0.00       0.00
  setppc           :       0.00       0.00       0.00       0.00       0.00       0.00       0.00       0.00       0.00       0.00
  linear           :       0.47       0.00       0.00       0.47       0.00       0.00       0.00       0.00       0.00       0.00
  orbitope_pp      :       0.00       0.00       0.00       0.00       0.00       0.00       0.00       0.00       0.00       0.00
  logicor          :       0.02       0.00       0.00       0.01       0.00       0.00       0.00       0.00       0.00       0.00
  bounddisjunction :       0.00       0.00       0.00       0.00       0.00       0.00       0.00       0.00       0.00       0.00
  fixedvar         :       0.00       0.00       0.00       0.00       0.00       0.00       0.00       0.00       0.00       0.00
  countsols        :       0.00       0.00       0.00       0.00       0.00       0.00       0.00       0.00       0.00       0.00
  components       :       0.00       0.00       0.00       0.00       0.00       0.00       0.00       0.00       0.00       0.00
Propagators        : #Propagate   #ResProp    Cutoffs    DomReds
  dualfix          :         17          0          0         46
  genvbounds       :          0          0          0          0
  nlobbt           :          0          0          0          0
  obbt             :          0          0          0          0
  probing          :          0          0          0          0
  pseudoobj        :         45          0          0          2
  redcost          :         27          0          0         10
  rootredcost      :          0          0          0          0
  symmetry         :          0          0          0          0
  vbounds          :       2148         66          2         26
Propagator Timings :  TotalTime  SetupTime   Presolve  Propagate    ResProp    SB-Prop
  dualfix          :       0.00       0.00       0.00       0.00       0.00       0.00
  genvbounds       :       0.00       0.00       0.00       0.00       0.00       0.00
  nlobbt           :       0.00       0.00       0.00       0.00       0.00       0.00
  obbt             :       0.00       0.00       0.00       0.00       0.00       0.00
  probing          :       0.62       0.00       0.62       0.00       0.00       0.00
  pseudoobj        :       0.00       0.00       0.00       0.00       0.00       0.00
  redcost          :       0.00       0.00       0.00       0.00       0.00       0.00
  rootredcost      :       0.00       0.00       0.00       0.00       0.00       0.00
  symmetry         :       0.01       0.00       0.01       0.00       0.00       0.00
  vbounds          :       0.03       0.00       0.00       0.03       0.00       0.00
Symmetry           :
  #affected vars   :        682 (674 bin, 8 int, 0 cont)
  orbitopal red.   :          0 reductions applied,          0 cutoffs
  orbital reduction:          0 reductions applied,          0 cutoffs
  lexicographic red:          0 reductions applied,          0 cutoffs
  shadow tree time :       0.00 s
Conflict Analysis  :       Time      Calls    Success    DomReds  Conflicts   Literals    Reconvs ReconvLits   Dualrays   Nonzeros   LP Iters   (pool size: [10000,10000])
  propagation      :       0.00         52         46          -         58        4.2          1        2.0          -          -          -
  infeasible LP    :       0.00          6          9          -          7        2.6          0        0.0          6        2.3          0
  bound exceed. LP :       0.00          0          0          -          0        0.0          0        0.0          0        0.0          0
  strong branching :       0.00          0          0          -          0        0.0          0        0.0          -          -          0
  pseudo solution  :       0.00          0          0          -          0        0.0          0        0.0          -          -          -
  applied globally :       0.00          -          -          3         65        3.9          -          -          6          -          -
  applied locally  :          -          -          -          0          0        0.0          -          -          0          -          -
Gen. Resolution CA :       Time      Calls    Success  Conflicts  LargeCoef  LongConfs    Length
  propagation      :       0.00          0          0          0          0          0       0.0
Separators         :   ExecTime  SetupTime      Calls  RootCalls    Cutoffs    DomReds  FoundCuts ViaPoolAdd  DirectAdd    Applied ViaPoolApp  DirectApp      Conss
  cut pool         :       0.00          -         52         52          -          -       3825       5189          -          -          -          -          -    (maximal pool size:       2123)
  aggregation      :       0.03       0.00         27         27          0          0         42         45          0         22         22          0          0
  > cmir           :          -          -          -          -          -          -          -         41          0         21         21          0          -
  > flowcover      :          -          -          -          -          -          -          -          4          0          1          1          0          -
  > knapsackcover  :          -          -          -          -          -          -          -          0          0          0          0          0          -
  cgmip            :       0.00       0.00          0          0          0          0          0          0          0          0          0          0          0
  clique           :       0.00       0.00         27         27          0          0          0          0          0          0          0          0          0
  closecuts        :       0.00       0.00          0          0          0          0          0          0          0          0          0          0          0
  convexproj       :       0.00       0.00          0          0          0          0          0          0          0          0          0          0          0
  disjunctive      :       0.00       0.00          0          0          0          0          0          0          0          0          0          0          0
  eccuts           :       0.00       0.00          0          0          0          0          0          0          0          0          0          0          0
  flower           :       0.00       0.00         27         27          0          0          0          0          0          0          0          0          0
  gauge            :       0.00       0.00          0          0          0          0          0          0          0          0          0          0          0
  gomory           :       0.39       0.00         21         21          0          0       3377       4608         86        190        104         86          0
  > gomorymi       :          -          -          -          -          -          -          -       2167         43         81         38         43          -
  > strongcg       :          -          -          -          -          -          -          -       2441         43        109         66         43          -
  impliedbounds    :       0.00       0.00         27         27          0          0        407        413          0        111        111          0          0
  interminor       :       0.00       0.00          0          0          0          0          0          0          0          0          0          0          0
  intobj           :       0.00       0.00          0          0          0          0          0          0          0          0          0          0          0
  lagromory        :       0.00       0.00          0          0          0          0          0          0          0          0          0          0          0
  mcf              :       0.00       0.00          3          3          0          0          0          0          0          0          0          0          0
  minor            :       0.00       0.00          0          0          0          0          0          0          0          0          0          0          0
  mixing           :       0.00       0.00         27         27          0          0          0          0          0          0          0          0          0
  oddcycle         :       0.00       0.00          0          0          0          0          0          0          0          0          0          0          0
  rapidlearning    :       0.23       0.00          3          3          0        104          0          0          0          0          0          0        103
  rlt              :       0.00       0.00         21         21          0          0          0          0          0          0          0          0          0
  zerohalf         :       0.02       0.00         27         27          0          0         85        123          0         45         45          0          0
Cutselectors       :   ExecTime  SetupTime      Calls  RootCalls   Selected     Forced   Filtered  RootSelec   RootForc   RootFilt 
  hybrid           :       0.00       0.00         28         28        291         86       5010        291         86       5010
  ensemble         :       0.00       0.00          0          0          0          0          0          0          0          0
  dynamic          :       0.00       0.00          0          0          0          0          0          0          0          0
Pricers            :   ExecTime  SetupTime      Calls       Vars
  problem variables:       0.00          -          0          0
Branching Rules    :   ExecTime  SetupTime   BranchLP  BranchExt   BranchPS    Cutoffs    DomReds       Cuts      Conss   Children
  allfullstrong    :       0.00       0.00          0          0          0          0          0          0          0          0
  cloud            :       0.00       0.00          0          0          0          0          0          0          0          0
  distribution     :       0.00       0.00          0          0          0          0          0          0          0          0
  fullstrong       :       0.00       0.00          0          0          0          0          0          0          0          0
  gomory           :       0.00       0.00          0          0          0          0          0          0          0          0
  inference        :       0.00       0.00          0          0          0          0          0          0          0          0
  leastinf         :       0.00       0.00          0          0          0          0          0          0          0          0
  lookahead        :       0.00       0.00          0          0          0          0          0          0          0          0
  mostinf          :       0.00       0.00          0          0          0          0          0          0          0          0
  multaggr         :       0.00       0.00          0          0          0          0          0          0          0          0
  nodereopt        :       0.00       0.00          0          0          0          0          0          0          0          0
  pscost           :       0.00       0.00          0          0          0          0          0          0          0          0
  random           :       0.00       0.00          0          0          0          0          0          0          0          0
  relpscost        :       0.00       0.00          0          0          0          0          0          0          0          0
  vanillafullstrong:       0.00       0.00          0          0          0          0          0          0          0          0
Primal Heuristics  :   ExecTime  SetupTime      Calls      Found       Best
  LP solutions     :       0.00          -          -          0          0
  relax solutions  :       0.00          -          -          0          0
  pseudo solutions :       0.00          -          -          0          0
  strong branching :       0.00          -          -          0          0
  actconsdiving    :       0.00       0.00          0          0          0
  adaptivediving   :       0.00       0.00          0          0          0
  alns             :       0.01       0.00          1          0          0
  bound            :       0.00       0.00          0          0          0
  clique           :       0.01       0.00          1          0          0
  coefdiving       :       0.00       0.00          0          0          0
  completesol      :       0.00       0.00          0          0          0
  conflictdiving   :       0.04       0.00          2          2          2
  crossover        :       0.00       0.00          0          0          0
  dins             :       0.00       0.00          0          0          0
  distributiondivin:       0.00       0.00          0          0          0
  dks              :       0.00       0.00          0          0          0
  dps              :       0.00       0.00          0          0          0
  dualval          :       0.00       0.00          0          0          0
  farkasdiving     :       0.00       0.00          0          0          0
  feaspump         :       0.01       0.00          1          0          0
  fixandinfer      :       0.00       0.00          0          0          0
  fracdiving       :       0.00       0.00          0          0          0
  gins             :       0.00       0.00          0          0          0
  guideddiving     :       0.00       0.00          0          0          0
  indicator        :       0.00       0.00          0          0          0
  indicatordiving  :       0.00       0.00          0          0          0
  intdiving        :       0.00       0.00          0          0          0
  intshifting      :       0.00       0.00          0          0          0
  linesearchdiving :       0.00       0.00          0          0          0
  localbranching   :       0.00       0.00          0          0          0
  locks            :       0.03       0.00          1          0          0
  lpface           :       0.00       0.00          0          0          0
  mpec             :       0.00       0.00          0          0          0
  multistart       :       0.00       0.00          0          0          0
  mutation         :       0.00       0.00          0          0          0
  nlpdiving        :       0.00       0.00          0          0          0
  objpscostdiving  :       0.00       0.00          0          0          0
  octane           :       0.00       0.00          0          0          0
  ofins            :       0.00       0.00          0          0          0
  oneopt           :       0.00       0.00          2          0          0
  padm             :       0.00       0.00          0          0          0
  proximity        :       0.00       0.00          0          0          0
  pscostdiving     :       0.00       0.00          0          0          0
  randrounding     :       0.11       0.00         33          0          0
  rens             :       0.02       0.00          2          0          0
  reoptsols        :       0.00       0.00          0          0          0
  repair           :       0.00       0.00          0          0          0
  rins             :       0.00       0.00          0          0          0
  rootsoldiving    :       0.00       0.00          0          0          0
  rounding         :       0.00       0.00         33          0          0
  scheduler        :       0.00       0.00          0          0          0
  shiftandpropagate:       0.03       0.00          1          0          0
  shifting         :       0.02       0.00         33          0          0
  simplerounding   :       0.00       0.00         35          0          0
  subnlp           :       0.00       0.00          0          0          0
  trivial          :       0.00       0.00          6          0          0
  trivialnegation  :       0.00       0.00          0          0          0
  trustregion      :       0.00       0.00          0          0          0
  trysol           :       0.00       0.00          0          0          0
  twoopt           :       0.00       0.00          0          0          0
  undercover       :       0.00       0.00          0          0          0
  vbounds          :       0.12       0.00          3          0          0
  veclendiving     :       0.00       0.00          0          0          0
  zeroobj          :       0.00       0.00          0          0          0
  zirounding       :       0.00       0.00          2          0          0
  other solutions  :          -          -          -          0          -
LNS (Scheduler)    :      Calls  SetupTime  SolveTime SolveNodes       Sols       Best       Exp3    Exp3-IX  EpsGreedy        UCB TgtFixRate  Opt  Inf Node Stal  Sol  Usr Othr Actv
  rens             :          0       0.00       0.00          0          0          0    0.00000    0.12500   -1.00000    1.00000      0.900    0    0    0    0    0    0    0    1
  rins             :          0       0.00       0.00          0          0          0    0.00000    0.12500   -1.00000    1.00000      0.900    0    0    0    0    0    0    0    1
  mutation         :          0       0.00       0.00          0          0          0    0.00000    0.12500   -1.00000    1.00000      0.900    0    0    0    0    0    0    0    1
  localbranching   :          0       0.00       0.00          0          0          0    0.00000    0.12500   -1.00000    1.00000      0.900    0    0    0    0    0    0    0    1
  crossover        :          0       0.00       0.00          0          0          0    0.00000    0.12500   -1.00000    1.00000      0.900    0    0    0    0    0    0    0    1
  proximity        :          0       0.00       0.00          0          0          0    0.00000    0.12500   -1.00000    1.00000      0.900    0    0    0    0    0    0    0    1
  zeroobjective    :          0       0.00       0.00          0          0          0    0.00000    0.12500   -1.00000    1.00000      0.900    0    0    0    0    0    0    0    1
  dins             :          0       0.00       0.00          0          0          0    0.00000    0.12500   -1.00000    1.00000      0.900    0    0    0    0    0    0    0    1
  trustregion      :          0       0.00       0.00          0          0          0    0.00000    0.00000   -1.00000    1.00000      0.900    0    0    0    0    0    0    0    0
LP                 :       Time      Calls Iterations  Iter/call   Iter/sec  Time-0-It Calls-0-It
  primal LP        :       0.00          2          0       0.00          -       0.00          2
  dual LP          :       0.06         37       2204      66.79   34519.48       0.00          4
  lex dual LP      :       0.00          0          0       0.00          -
  barrier LP       :       0.00          0          0       0.00          -       0.00          0
  resolve instable :       0.00          0          0       0.00          -
  diving/probing LP:       0.12         40       1631      40.77   13854.44
  strong branching :       0.00          0          0       0.00          -          -          -          0
    (at root node) :          -          0          0       0.00          -
  conflict analysis:       0.00          0          0       0.00          -
Relaxators         :       Time      Calls    Cutoffs ImprBounds   ImprTime ReducedDom  Separated AddedConss
  benders          :       0.00          0          0          0       0.00          0          0          0
B&B Tree           :
  number of runs   :          3
  nodes            :          1 (0 internal, 1 leaves)
  feasible leaves  :          0
  infeas. leaves   :          0
  objective leaves :          0
  nodes (total)    :          3 (0 internal, 3 leaves)
  nodes left       :          0
  max depth        :          0
  max depth (total):          0
  backtracks       :          0 (0.0%)
  early backtracks :          0 (0.0%)
  nodes exc. ref.  :          0 (0.0%)
  delayed cutoffs  :          0
  repropagations   :          0 (0 domain reductions, 0 cutoffs)
  avg switch length:       2.00
  switching time   :       0.00
Root Node          :
  First LP value   : +4.00000000000000e+01
  First LP Iters   :        343 (40229.89 Iter/sec)
  First LP Time    :       0.01
  Final Dual Bound :          -
  Final Root Iters :       3112
  Root LP Estimate :                     -
Solution           :
  Solutions found  :          3 (3 improvements)
  First Solution   : +5.10000000000000e+01   (in run 1, after 1 nodes, 1.39 seconds, depth 23, found by <conflictdiving>)
  Gap First Sol.   :      27.50 %
  Gap Last Sol.    :       0.00 %
  Primal Bound     : +4.00000000000000e+01   (in run 3, after 1 nodes, 1.89 seconds, depth 0, found by <relaxation>)
  Dual Bound       : +4.00000000000000e+01
  Gap              :       0.00 %
Integrals          :      Total       Avg%
  primal-dual      :     149.87      79.02
  primal-ref       :          -          - (not evaluated)
  dual-ref         :          -          - (not evaluated)
