SCIP version 10.0.0 [precision: 8 byte] [memory: block] [mode: optimized] [LP solver: SoPlex 8.0.0] [GitHash: 0c80fdd8e9]
Copyright (c) 2002-2025 Zuse Institute Berlin (ZIB)

External libraries: 
  Readline 8.3         GNU library for command line editing (gnu.org/s/readline)
  SoPlex 8.0.0         Linear programming solver developed at Zuse Institute Berlin (soplex.zib.de) [GitHash: 2207cfb2]
  CppAD 20180000.0     Algorithmic Differentiation of C++ algorithms developed by B. Bell (github.com/coin-or/CppAD)
  ZLIB 1.2.12          General purpose compression library by J. Gailly and M. Adler (zlib.net)
  MPFR 4.2.2           GNU Multiple Precision Floating-Point Reliable Library (mpfr.org)
  Boost 1.89.0         Boost C++ Libraries (boost.org)
  TinyCThread 1.2      small portable implementation of the C11 threads API (tinycthread.github.io)
  GMP 6.3.0            GNU Multiple Precision Arithmetic Library developed by T. Granlund (gmplib.org)
  AMPL/MP 4.0.3        AMPL .nl file reader library (github.com/ampl/mp)
  PaPILO 3.0.0         parallel presolve for integer and linear optimization (github.com/scipopt/papilo) (built with TBB)
  Nauty 2.8.8          Computing Graph Automorphism Groups by Brendan D. McKay (users.cecs.anu.edu.au/~bdm/nauty)
  sassy 2.0            Symmetry preprocessor by Markus Anders (github.com/markusa4/sassy)
  Ipopt 3.14.19        Interior Point Optimizer developed by A. Waechter et.al. (github.com/coin-or/Ipopt)

reading user parameter file </Users/maxbig/SCIP/SCIPOptSuite-9.2.1-Linux/only_time.set>

read problem </Users/maxbig/SCIP/SCIPOptSuite-9.2.1-Linux/inputs/new_no_tr/order/layered_12_2_buf_times_P2_M9500_up_right_input.lp>
============

original problem has 613 variables (600 bin, 13 int, 0 cont) and 1743 constraints

solve problem
=============

presolving:
(round 1, fast)       69 del vars, 36 del conss, 0 add conss, 20 chg bounds, 0 chg sides, 0 chg coeffs, 0 upgd conss, 0 impls, 0 clqs, 0 implints
(round 2, fast)       69 del vars, 36 del conss, 0 add conss, 28 chg bounds, 0 chg sides, 0 chg coeffs, 0 upgd conss, 0 impls, 0 clqs, 0 implints
   (0.0s) running MILP presolver
   (0.0s) MILP presolver (2 rounds): 0 aggregations, 0 fixings, 1 bound changes
(round 3, exhaustive) 69 del vars, 320 del conss, 0 add conss, 29 chg bounds, 0 chg sides, 0 chg coeffs, 0 upgd conss, 0 impls, 0 clqs, 0 implints
(round 4, exhaustive) 69 del vars, 361 del conss, 0 add conss, 29 chg bounds, 61 chg sides, 0 chg coeffs, 0 upgd conss, 0 impls, 0 clqs, 0 implints
(round 5, fast)       89 del vars, 364 del conss, 0 add conss, 29 chg bounds, 61 chg sides, 0 chg coeffs, 0 upgd conss, 0 impls, 0 clqs, 0 implints
(round 6, exhaustive) 89 del vars, 374 del conss, 0 add conss, 29 chg bounds, 61 chg sides, 0 chg coeffs, 0 upgd conss, 0 impls, 0 clqs, 0 implints
(round 7, exhaustive) 89 del vars, 374 del conss, 0 add conss, 29 chg bounds, 61 chg sides, 0 chg coeffs, 579 upgd conss, 0 impls, 0 clqs, 0 implints
   (0.6s) probing cycle finished: starting next cycle
   (0.6s) symmetry computation started: requiring (bin +, int +, cont +), (fixed: bin -, int -, cont -)
   (0.6s) no symmetry present (symcode time: 0.00)
presolving (8 rounds: 8 fast, 5 medium, 5 exhaustive):
 89 deleted vars, 374 deleted constraints, 0 added constraints, 29 tightened bounds, 0 added holes, 61 changed sides, 0 changed coefficients
 2306 implications, 0 cliques, 0 implied integral variables (0 bin, 0 int, 0 cont)
presolved problem has 524 variables (511 bin, 13 int, 0 cont) and 1369 constraints
     42 constraints of type <varbound>
      9 constraints of type <knapsack>
    790 constraints of type <linear>
    528 constraints of type <logicor>
transformed objective value is always integral (scale: 1)
Presolving Time: 0.61

 time | node  | left  |LP iter|LP it/n|mem/heur|mdpt |vars |cons |rows |cuts |sepa|confs|strbr|  dualbound   | primalbound  |  gap   | compl. 
  0.7s|     1 |     0 |   345 |     - |    13M |   0 | 524 |1375 |1369 |   0 |  0 |   6 |   0 | 2.100000e+01 |      --      |    Inf | unknown
  2.8s|     1 |     0 |   968 |     - |    14M |   0 | 524 |1376 |1459 |  90 |  1 |   7 |   0 | 2.100000e+01 |      --      |    Inf | unknown
  2.8s|     1 |     0 |  1143 |     - |    15M |   0 | 524 |1376 |1483 | 114 |  2 |   7 |   0 | 2.186761e+01 |      --      |    Inf | unknown
  2.8s|     1 |     0 |  1173 |     - |    15M |   0 | 524 |1376 |1483 | 114 |  2 |   7 |   0 | 2.200000e+01 |      --      |    Inf | unknown
  2.8s|     1 |     0 |  1239 |     - |    15M |   0 | 524 |1376 |1508 | 139 |  3 |   7 |   0 | 2.306157e+01 |      --      |    Inf | unknown
  2.9s|     1 |     0 |  1260 |     - |    15M |   0 | 524 |1377 |1507 | 139 |  3 |   8 |   0 | 2.400000e+01 |      --      |    Inf | unknown
  2.9s|     1 |     0 |  1339 |     - |    15M |   0 | 524 |1377 |1530 | 162 |  4 |   8 |   0 | 2.433369e+01 |      --      |    Inf | unknown
  2.9s|     1 |     0 |  1376 |     - |    15M |   0 | 524 |1378 |1530 | 162 |  4 |   9 |   0 | 2.500000e+01 |      --      |    Inf | unknown
  2.9s|     1 |     0 |  1426 |     - |    15M |   0 | 524 |1379 |1551 | 183 |  5 |  10 |   0 | 2.578732e+01 |      --      |    Inf | unknown
  2.9s|     1 |     0 |  1461 |     - |    15M |   0 | 524 |1380 |1550 | 183 |  5 |  11 |   0 | 2.600000e+01 |      --      |    Inf | unknown
  2.9s|     1 |     0 |  1572 |     - |    16M |   0 | 524 |1380 |1566 | 199 |  6 |  11 |   0 | 2.619632e+01 |      --      |    Inf | unknown
  2.9s|     1 |     0 |  1607 |     - |    16M |   0 | 524 |1380 |1559 | 199 |  6 |  11 |   0 | 2.700000e+01 |      --      |    Inf | unknown
  2.9s|     1 |     0 |  1648 |     - |    16M |   0 | 524 |1381 |1574 | 214 |  7 |  12 |   0 | 2.700000e+01 |      --      |    Inf | unknown
  2.9s|     1 |     0 |  1789 |     - |    17M |   0 | 524 |1381 |1589 | 229 |  8 |  12 |   0 | 2.700000e+01 |      --      |    Inf | unknown
  2.9s|     1 |     0 |  1870 |     - |    18M |   0 | 524 |1381 |1602 | 242 |  9 |  12 |   0 | 2.700000e+01 |      --      |    Inf | unknown
 time | node  | left  |LP iter|LP it/n|mem/heur|mdpt |vars |cons |rows |cuts |sepa|confs|strbr|  dualbound   | primalbound  |  gap   | compl. 
  3.0s|     1 |     0 |  1938 |     - |    19M |   0 | 524 |1382 |1614 | 254 | 10 |  13 |   0 | 2.737500e+01 |      --      |    Inf | unknown
  3.0s|     1 |     0 |  1962 |     - |    19M |   0 | 524 |1383 |1472 | 254 | 10 |  14 |   0 | 2.800000e+01 |      --      |    Inf | unknown
  3.0s|     1 |     0 |  1990 |     - |    19M |   0 | 524 |1385 |1483 | 265 | 11 |  16 |   0 | 2.800000e+01 |      --      |    Inf | unknown
  3.0s|     1 |     0 |  2019 |     - |    19M |   0 | 524 |1386 |1491 | 273 | 12 |  17 |   0 | 2.800000e+01 |      --      |    Inf | unknown
  3.0s|     1 |     0 |  2038 |     - |    19M |   0 | 524 |1387 |1496 | 278 | 13 |  18 |   0 | 2.800000e+01 |      --      |    Inf | unknown
  3.0s|     1 |     0 |  2059 |     - |    19M |   0 | 524 |1389 |1502 | 284 | 14 |  20 |   0 | 2.800000e+01 |      --      |    Inf | unknown
  3.0s|     1 |     0 |  2066 |     - |    20M |   0 | 524 |1390 |1507 | 289 | 15 |  21 |   0 | 2.800000e+01 |      --      |    Inf | unknown
  3.0s|     1 |     0 |  2085 |     - |    20M |   0 | 524 |1392 |1465 | 294 | 16 |  23 |   0 | 2.800000e+01 |      --      |    Inf | unknown
  3.0s|     1 |     0 |  2090 |     - |    20M |   0 | 524 |1393 |1467 | 296 | 17 |  24 |   0 | 2.800000e+01 |      --      |    Inf | unknown
  3.0s|     1 |     0 |  2096 |     - |    20M |   0 | 524 |1394 |1468 | 297 | 18 |  25 |   0 | 2.800000e+01 |      --      |    Inf | unknown
  3.0s|     1 |     0 |  2103 |     - |    20M |   0 | 524 |1395 |1470 | 299 | 19 |  26 |   0 | 2.800000e+01 |      --      |    Inf | unknown
  3.0s|     1 |     0 |  2104 |     - |    20M |   0 | 524 |1397 |1438 | 300 | 20 |  28 |   0 | 2.800000e+01 |      --      |    Inf | unknown
  3.0s|     1 |     0 |  2106 |     - |    20M |   0 | 524 |1398 |1439 | 301 | 21 |  29 |   0 | 2.800000e+01 |      --      |    Inf | unknown
  3.1s|     1 |     2 |  2327 |     - |    20M |   0 | 524 |1403 |1439 | 301 | 21 |  34 |  19 | 2.800000e+01 |      --      |    Inf | unknown

SCIP Status        : solving was interrupted [termination signal received]
Solving Time (sec) : 4.34
Solving Nodes      : 6
Primal Bound       : +1.00000000000000e+20 (0 solutions)
Dual Bound         : +2.80000000000000e+01
Gap                : infinite

primal solution (original space):
=================================

no solution available

Statistics
==========

SCIP Status        : solving was interrupted [termination signal received]
Total Time         :       4.35
  solving          :       4.34
  presolving       :       0.61 (included in solving)
  reading          :       0.00
  copying          :       0.01 (4 #copies) (minimal 0.00, maximal 0.00, average 0.00)
Original Problem   :
  Problem name     : /Users/maxbig/SCIP/SCIPOptSuite-9.2.1-Linux/inputs/new_no_tr/order/layered_12_2_buf_times_P2_M9500_up_right_input.lp
  Variables        : 613 (600 binary, 13 integer, 0 continuous)
  Implied int vars : 0 (0 binary, 0 integer, 0 continuous)
  Constraints      : 1743 initial, 1743 maximal
  Objective        : minimize, 1 non-zeros (abs.min = 1, abs.max = 1)
Presolved Problem  :
  Problem name     : t_/Users/maxbig/SCIP/SCIPOptSuite-9.2.1-Linux/inputs/new_no_tr/order/layered_12_2_buf_times_P2_M9500_up_right_input.lp
  Variables        : 524 (511 binary, 13 integer, 0 continuous)
  Implied int vars : 0 (0 binary, 0 integer, 0 continuous)
  Constraints      : 1369 initial, 1403 maximal
  Objective        : minimize, 1 non-zeros (abs.min = 1, abs.max = 1)
  Nonzeros         : 4551 constraint, 6 clique table
Presolvers         :   ExecTime  SetupTime  Calls  FixedVars   AggrVars   ChgTypes  ChgBounds   AddHoles    DelCons    AddCons   ChgSides   ChgCoefs
  boundshift       :       0.00       0.00      0          0          0          0          0          0          0          0          0          0
  convertinttobin  :       0.00       0.00      0          0          0          0          0          0          0          0          0          0
  domcol           :       0.00       0.00      1          0          0          0          0          0          0          0          0          0
  dualagg          :       0.00       0.00      0          0          0          0          0          0          0          0          0          0
  dualcomp         :       0.00       0.00      0          0          0          0          0          0          0          0          0          0
  dualinfer        :       0.00       0.00      0          0          0          0          0          0          0          0          0          0
  dualsparsify     :       0.01       0.00      1          0          0          0          0          0          0          0          0          0
  gateextraction   :       0.00       0.00      0          0          0          0          0          0          0          0          0          0
  implics          :       0.00       0.00      5          0          0          0          0          0          0          0          0          0
  implint          :       0.00       0.00      0          0          0          0          0          0          0          0          0          0
  inttobinary      :       0.00       0.00      8          0          0          0          0          0          0          0          0          0
  milp             :       0.00       0.00      1          0          0          0          1          0          0          0          0          0
  qpkktref         :       0.00       0.00      0          0          0          0          0          0          0          0          0          0
  redvub           :       0.00       0.00      0          0          0          0          0          0          0          0          0          0
  sparsify         :       0.00       0.00      1          0          0          0          0          0          0          0          0          0
  stuffing         :       0.00       0.00      0          0          0          0          0          0          0          0          0          0
  trivial          :       0.00       0.00      8         45          0          0          0          0          0          0          0          0
  tworowbnd        :       0.00       0.00      0          0          0          0          0          0          0          0          0          0
  dualfix          :       0.00       0.00      8         32          0          0          0          0          0          0          0          0
  genvbounds       :       0.00       0.00      0          0          0          0          0          0          0          0          0          0
  probing          :       0.56       0.00      1          0          0          0          0          0          0          0          0          0
  pseudoobj        :       0.00       0.00      0          0          0          0          0          0          0          0          0          0
  symmetry         :       0.00       0.00      1          0          0          0          0          0          0          0          0          0
  vbounds          :       0.00       0.00      0          0          0          0          0          0          0          0          0          0
  varbound         :       0.00       0.00      2          0          0          0          0          0          0          0          0          0
  knapsack         :       0.00       0.00      3          0          0          0          0          0          0          0          0          0
  setppc           :       0.00       0.00      0          0          0          0          0          0          0          0          0          0
  linear           :       0.03       0.00     13          0         12          0         28          0        374          0         61          0
  logicor          :       0.00       0.00      3          0          0          0          0          0          0          0          0          0
  bounddisjunction :       0.00       0.00      0          0          0          0          0          0          0          0          0          0
  components       :       0.00       0.00      1          0          0          0          0          0          0          0          0          0
  root node        :          -          -      -          0          -          -          6          -          -          -          -          -
Constraints        :     Number  MaxNumber  #Separate #Propagate    #EnfoLP    #EnfoRelax  #EnfoPS    #Check   #ResProp    Cutoffs    DomReds       Cuts    Applied      Conss   Children
  integral         :          0          0          0          0          5          0          0         11          0          0          0          0          0          0         10
  varbound         :         42         42         21       7015          0          0          0          7          0          0          0          0          0          0          0
  knapsack         :          9          9         21       6786          0          0          0          5          1          0          0         77         14          0          0
  setppc           :          0+         6         21        830          0          0          0          0          0          0          0          0          0          0          0
  linear           :        790        790         21       7015          0          0          0          5          6         16          0          0          0          0          0
  logicor          :        528+       550         21        544          0          0          0          0         51         18         20          1          1          0          0
  bounddisjunction :          0+         6          0        204          0          0          0          0          0          0          0          0          0          0          0
  fixedvar         :          0          0          0          0          0          0          0          0          0          0          0          0          0          0          0
  countsols        :          0          0          0          0          0          0          0          0          0          0          0          0          0          0          0
  components       :          0          0          0          0          0          0          0          0          0          0          0          0          0          0          0
Constraint Timings :  TotalTime  SetupTime   Separate  Propagate     EnfoLP     EnfoPS     EnfoRelax   Check    ResProp    SB-Prop
  integral         :       0.03       0.00       0.00       0.00       0.03       0.00       0.00       0.00       0.00       0.00
  varbound         :       0.12       0.00       0.00       0.12       0.00       0.00       0.00       0.00       0.00       0.00
  knapsack         :       0.00       0.00       0.00       0.00       0.00       0.00       0.00       0.00       0.00       0.00
  setppc           :       0.00       0.00       0.00       0.00       0.00       0.00       0.00       0.00       0.00       0.00
  linear           :       0.34       0.00       0.00       0.34       0.00       0.00       0.00       0.00       0.00       0.00
  logicor          :       0.00       0.00       0.00       0.00       0.00       0.00       0.00       0.00       0.00       0.00
  bounddisjunction :       0.00       0.00       0.00       0.00       0.00       0.00       0.00       0.00       0.00       0.00
  fixedvar         :       0.00       0.00       0.00       0.00       0.00       0.00       0.00       0.00       0.00       0.00
  countsols        :       0.00       0.00       0.00       0.00       0.00       0.00       0.00       0.00       0.00       0.00
  components       :       0.00       0.00       0.00       0.00       0.00       0.00       0.00       0.00       0.00       0.00
Propagators        : #Propagate   #ResProp    Cutoffs    DomReds
  dualfix          :          2          0          0          0
  genvbounds       :          0          0          0          0
  nlobbt           :          0          0          0          0
  obbt             :          0          0          0          0
  probing          :          0          0          0          0
  pseudoobj        :          6          0          0          6
  redcost          :          0          0          0          0
  rootredcost      :          0          0          0          0
  symmetry         :          0          0          0          0
  vbounds          :        614          7          0          0
Propagator Timings :  TotalTime  SetupTime   Presolve  Propagate    ResProp    SB-Prop
  dualfix          :       0.00       0.00       0.00       0.00       0.00       0.00
  genvbounds       :       0.00       0.00       0.00       0.00       0.00       0.00
  nlobbt           :       0.00       0.00       0.00       0.00       0.00       0.00
  obbt             :       0.00       0.00       0.00       0.00       0.00       0.00
  probing          :       0.56       0.00       0.56       0.00       0.00       0.00
  pseudoobj        :       0.00       0.00       0.00       0.00       0.00       0.00
  redcost          :       0.00       0.00       0.00       0.00       0.00       0.00
  rootredcost      :       0.00       0.00       0.00       0.00       0.00       0.00
  symmetry         :       0.00       0.00       0.00       0.00       0.00       0.00
  vbounds          :       0.01       0.00       0.00       0.01       0.00       0.00
Conflict Analysis  :       Time      Calls    Success    DomReds  Conflicts   Literals    Reconvs ReconvLits   Dualrays   Nonzeros   LP Iters   (pool size: [10000,10000])
  propagation      :       0.00         24         24          -         28        4.0          0        0.0          -          -          -
  infeasible LP    :       0.00          3          3          -          3        2.0          0        0.0          3        2.0          0
  bound exceed. LP :       0.00          0          0          -          0        0.0          0        0.0          0        0.0          0
  strong branching :       0.00          0          0          -          0        0.0          0        0.0          -          -          0
  pseudo solution  :       0.00          0          0          -          0        0.0          0        0.0          -          -          -
  applied globally :       0.00          -          -          0         31        3.8          -          -          3          -          -
  applied locally  :          -          -          -          0          0        0.0          -          -          0          -          -
Gen. Resolution CA :       Time      Calls    Success  Conflicts  LargeCoef  LongConfs    Length
  propagation      :       0.00          0          0          0          0          0       0.0
Separators         :   ExecTime  SetupTime      Calls  RootCalls    Cutoffs    DomReds  FoundCuts ViaPoolAdd  DirectAdd    Applied ViaPoolApp  DirectApp      Conss
  cut pool         :       0.00          -         40         40          -          -       2095       2581          -          -          -          -          -    (maximal pool size:       2074)
  aggregation      :       0.01       0.00         21         21          0          0         94        111          0         54         54          0          0
  > cmir           :          -          -          -          -          -          -          -        103          0         52         52          0          -
  > flowcover      :          -          -          -          -          -          -          -          2          0          2          2          0          -
  > knapsackcover  :          -          -          -          -          -          -          -          6          0          0          0          0          -
  cgmip            :       0.00       0.00          0          0          0          0          0          0          0          0          0          0          0
  clique           :       0.00       0.00         21         21          0          0          0          0          0          0          0          0          0
  closecuts        :       0.00       0.00          0          0          0          0          0          0          0          0          0          0          0
  convexproj       :       0.00       0.00          0          0          0          0          0          0          0          0          0          0          0
  disjunctive      :       0.00       0.00          0          0          0          0          0          0          0          0          0          0          0
  eccuts           :       0.00       0.00          0          0          0          0          0          0          0          0          0          0          0
  flower           :       0.00       0.00         23         21          0          0          0          0          0          0          0          0          0
  gauge            :       0.00       0.00          0          0          0          0          0          0          0          0          0          0          0
  gomory           :       0.07       0.00         10         10          0          0       1524       1866          0        127        127          0          0
  > gomorymi       :          -          -          -          -          -          -          -        838          0         44         44          0          -
  > strongcg       :          -          -          -          -          -          -          -       1028          0         83         83          0          -
  impliedbounds    :       0.00       0.00         21         21          0          0        367        496          0         60         60          0          0
  interminor       :       0.00       0.00          0          0          0          0          0          0          0          0          0          0          0
  intobj           :       0.00       0.00          0          0          0          0          0          0          0          0          0          0          0
  lagromory        :       0.00       0.00          0          0          0          0          0          0          0          0          0          0          0
  mcf              :       0.00       0.00          1          1          0          0          0          0          0          0          0          0          0
  minor            :       0.00       0.00          0          0          0          0          0          0          0          0          0          0          0
  mixing           :       0.00       0.00         21         21          0          0          0          0          0          0          0          0          0
  oddcycle         :       0.00       0.00          0          0          0          0          0          0          0          0          0          0          0
  rapidlearning    :       3.38       0.00          2          1          0          0          0          0          0          0          0          0          0
  rlt              :       0.00       0.00         10         10          0          0          0          0          0          0          0          0          0
  zerohalf         :       0.01       0.00         20         20          0          0         89        108          0         45         45          0          0
Cutselectors       :   ExecTime  SetupTime      Calls  RootCalls   Selected     Forced   Filtered  RootSelec   RootForc   RootFilt 
  hybrid           :       0.00       0.00         21         21        301          0       2358        301          0       2358
  ensemble         :       0.00       0.00          0          0          0          0          0          0          0          0
  dynamic          :       0.00       0.00          0          0          0          0          0          0          0          0
Pricers            :   ExecTime  SetupTime      Calls       Vars
  problem variables:       0.00          -          0          0
Branching Rules    :   ExecTime  SetupTime   BranchLP  BranchExt   BranchPS    Cutoffs    DomReds       Cuts      Conss   Children
  allfullstrong    :       0.00       0.00          0          0          0          0          0          0          0          0
  cloud            :       0.00       0.00          0          0          0          0          0          0          0          0
  distribution     :       0.00       0.00          0          0          0          0          0          0          0          0
  fullstrong       :       0.00       0.00          0          0          0          0          0          0          0          0
  gomory           :       0.00       0.00          0          0          0          0          0          0          0          0
  inference        :       0.00       0.00          0          0          0          0          0          0          0          0
  leastinf         :       0.00       0.00          0          0          0          0          0          0          0          0
  lookahead        :       0.00       0.00          0          0          0          0          0          0          0          0
  mostinf          :       0.00       0.00          0          0          0          0          0          0          0          0
  multaggr         :       0.00       0.00          0          0          0          0          0          0          0          0
  nodereopt        :       0.00       0.00          0          0          0          0          0          0          0          0
  pscost           :       0.00       0.00          0          0          0          0          0          0          0          0
  random           :       0.00       0.00          0          0          0          0          0          0          0          0
  relpscost        :       0.03       0.00          5          0          0          0          0          0          0         10
  vanillafullstrong:       0.00       0.00          0          0          0          0          0          0          0          0
Primal Heuristics  :   ExecTime  SetupTime      Calls      Found       Best
  LP solutions     :       0.00          -          -          0          0
  relax solutions  :       0.00          -          -          0          0
  pseudo solutions :       0.00          -          -          0          0
  strong branching :       0.00          -          -          0          0
  actconsdiving    :       0.00       0.00          0          0          0
  adaptivediving   :       0.00       0.00          0          0          0
  alns             :       0.01       0.00          1          0          0
  bound            :       0.00       0.00          0          0          0
  clique           :       0.00       0.00          0          0          0
  coefdiving       :       0.00       0.00          0          0          0
  completesol      :       0.00       0.00          0          0          0
  conflictdiving   :       0.01       0.00          1          0          0
  crossover        :       0.00       0.00          0          0          0
  dins             :       0.00       0.00          0          0          0
  distributiondivin:       0.00       0.00          0          0          0
  dks              :       0.00       0.00          0          0          0
  dps              :       0.00       0.00          0          0          0
  dualval          :       0.00       0.00          0          0          0
  farkasdiving     :       0.00       0.00          0          0          0
  feaspump         :       0.01       0.00          1          0          0
  fixandinfer      :       0.00       0.00          0          0          0
  fracdiving       :       0.00       0.00          0          0          0
  gins             :       0.00       0.00          0          0          0
  guideddiving     :       0.00       0.00          0          0          0
  indicator        :       0.00       0.00          0          0          0
  indicatordiving  :       0.00       0.00          0          0          0
  intdiving        :       0.00       0.00          0          0          0
  intshifting      :       0.00       0.00          0          0          0
  linesearchdiving :       0.00       0.00          0          0          0
  localbranching   :       0.00       0.00          0          0          0
  locks            :       0.02       0.00          1          0          0
  lpface           :       0.00       0.00          0          0          0
  mpec             :       0.00       0.00          0          0          0
  multistart       :       0.00       0.00          0          0          0
  mutation         :       0.00       0.00          0          0          0
  nlpdiving        :       0.00       0.00          0          0          0
  objpscostdiving  :       0.00       0.00          0          0          0
  octane           :       0.00       0.00          0          0          0
  ofins            :       0.00       0.00          0          0          0
  oneopt           :       0.00       0.00          0          0          0
  padm             :       0.00       0.00          0          0          0
  proximity        :       0.00       0.00          0          0          0
  pscostdiving     :       0.00       0.00          0          0          0
  randrounding     :       0.10       0.00         28          0          0
  rens             :       0.01       0.00          1          0          0
  reoptsols        :       0.00       0.00          0          0          0
  repair           :       0.00       0.00          0          0          0
  rins             :       0.00       0.00          0          0          0
  rootsoldiving    :       0.00       0.00          0          0          0
  rounding         :       0.00       0.00         28          0          0
  scheduler        :       0.00       0.00          0          0          0
  shiftandpropagate:       0.01       0.00          1          0          0
  shifting         :       0.02       0.00         24          0          0
  simplerounding   :       0.00       0.00         33          0          0
  subnlp           :       0.00       0.00          0          0          0
  trivial          :       0.00       0.00          2          0          0
  trivialnegation  :       0.00       0.00          0          0          0
  trustregion      :       0.00       0.00          0          0          0
  trysol           :       0.00       0.00          0          0          0
  twoopt           :       0.00       0.00          0          0          0
  undercover       :       0.00       0.00          0          0          0
  vbounds          :       0.00       0.00          0          0          0
  veclendiving     :       0.00       0.00          0          0          0
  zeroobj          :       0.00       0.00          0          0          0
  zirounding       :       0.00       0.00          5          0          0
  other solutions  :          -          -          -          0          -
LNS (Scheduler)    :      Calls  SetupTime  SolveTime SolveNodes       Sols       Best       Exp3    Exp3-IX  EpsGreedy        UCB TgtFixRate  Opt  Inf Node Stal  Sol  Usr Othr Actv
  rens             :          0       0.00       0.00          0          0          0    0.00000    0.12500   -1.00000    1.00000      0.900    0    0    0    0    0    0    0    1
  rins             :          0       0.00       0.00          0          0          0    0.00000    0.12500   -1.00000    1.00000      0.900    0    0    0    0    0    0    0    1
  mutation         :          0       0.00       0.00          0          0          0    0.00000    0.12500   -1.00000    1.00000      0.900    0    0    0    0    0    0    0    1
  localbranching   :          0       0.00       0.00          0          0          0    0.00000    0.12500   -1.00000    1.00000      0.900    0    0    0    0    0    0    0    1
  crossover        :          0       0.00       0.00          0          0          0    0.00000    0.12500   -1.00000    1.00000      0.900    0    0    0    0    0    0    0    1
  proximity        :          0       0.00       0.00          0          0          0    0.00000    0.12500   -1.00000    1.00000      0.900    0    0    0    0    0    0    0    1
  zeroobjective    :          0       0.00       0.00          0          0          0    0.00000    0.12500   -1.00000    1.00000      0.900    0    0    0    0    0    0    0    1
  dins             :          0       0.00       0.00          0          0          0    0.00000    0.12500   -1.00000    1.00000      0.900    0    0    0    0    0    0    0    1
  trustregion      :          0       0.00       0.00          0          0          0    0.00000    0.00000   -1.00000    1.00000      0.900    0    0    0    0    0    0    0    0
LP                 :       Time      Calls Iterations  Iter/call   Iter/sec  Time-0-It Calls-0-It
  primal LP        :       0.00          4          0       0.00          -       0.00          4
  dual LP          :       0.02         33       1270      38.48   51143.69       0.00          0
  lex dual LP      :       0.00          0          0       0.00          -
  barrier LP       :       0.00          0          0       0.00          -       0.00          0
  resolve instable :       0.00          0          0       0.00          -
  diving/probing LP:       0.07         37       1124      30.38   15438.29
  strong branching :       0.02         19        938      49.37   46284.42          -          -          0
    (at root node) :          -         19        938      49.37          -
  conflict analysis:       0.00          0          0       0.00          -
Relaxators         :       Time      Calls    Cutoffs ImprBounds   ImprTime ReducedDom  Separated AddedConss
  benders          :       0.00          0          0          0       0.00          0          0          0
B&B Tree           :
  number of runs   :          1
  nodes            :          6 (5 internal, 1 leaves)
  feasible leaves  :          0
  infeas. leaves   :          0
  objective leaves :          0
  nodes (total)    :          6 (5 internal, 1 leaves)
  nodes left       :          6
  max depth        :          5
  max depth (total):          5
  backtracks       :          0 (0.0%)
  early backtracks :          0 (0.0%)
  nodes exc. ref.  :          0 (0.0%)
  delayed cutoffs  :          0
  repropagations   :          0 (0 domain reductions, 0 cutoffs)
  avg switch length:       1.00
  switching time   :       0.00
Root Node          :
  First LP value   : +2.10000000000000e+01
  First LP Iters   :        321 (51549.70 Iter/sec)
  First LP Time    :       0.01
  Final Dual Bound : +2.80000000000000e+01
  Final Root Iters :       2082
  Root LP Estimate : +2.80014138888889e+01
Solution           :
  Solutions found  :          0 (0 improvements)
  Primal Bound     :          -
  Dual Bound       : +2.80000000000000e+01
  Gap              :   infinite
Integrals          :      Total       Avg%
  primal-dual      :     434.43     100.00
  primal-ref       :          -          - (not evaluated)
  dual-ref         :          -          - (not evaluated)
