SCIP version 10.0.0 [precision: 8 byte] [memory: block] [mode: optimized] [LP solver: SoPlex 8.0.0] [GitHash: 0c80fdd8e9]
Copyright (c) 2002-2025 Zuse Institute Berlin (ZIB)

External libraries: 
  Readline 8.3         GNU library for command line editing (gnu.org/s/readline)
  SoPlex 8.0.0         Linear programming solver developed at Zuse Institute Berlin (soplex.zib.de) [GitHash: 2207cfb2]
  CppAD 20180000.0     Algorithmic Differentiation of C++ algorithms developed by B. Bell (github.com/coin-or/CppAD)
  ZLIB 1.2.12          General purpose compression library by J. Gailly and M. Adler (zlib.net)
  MPFR 4.2.2           GNU Multiple Precision Floating-Point Reliable Library (mpfr.org)
  Boost 1.89.0         Boost C++ Libraries (boost.org)
  TinyCThread 1.2      small portable implementation of the C11 threads API (tinycthread.github.io)
  GMP 6.3.0            GNU Multiple Precision Arithmetic Library developed by T. Granlund (gmplib.org)
  AMPL/MP 4.0.3        AMPL .nl file reader library (github.com/ampl/mp)
  PaPILO 3.0.0         parallel presolve for integer and linear optimization (github.com/scipopt/papilo) (built with TBB)
  Nauty 2.8.8          Computing Graph Automorphism Groups by Brendan D. McKay (users.cecs.anu.edu.au/~bdm/nauty)
  sassy 2.0            Symmetry preprocessor by Markus Anders (github.com/markusa4/sassy)
  Ipopt 3.14.19        Interior Point Optimizer developed by A. Waechter et.al. (github.com/coin-or/Ipopt)

reading user parameter file </Users/maxbig/SCIP/SCIPOptSuite-9.2.1-Linux/only_time.set>

read problem </Users/maxbig/SCIP/SCIPOptSuite-9.2.1-Linux/inputs/new_no_tr/order/layered_12_2_buf_times_P2_M8500_down_left_input.lp>
============

original problem has 613 variables (600 bin, 13 int, 0 cont) and 1732 constraints

solve problem
=============

presolving:
(round 1, fast)       68 del vars, 36 del conss, 0 add conss, 18 chg bounds, 0 chg sides, 0 chg coeffs, 0 upgd conss, 0 impls, 1 clqs, 0 implints
   (0.0s) running MILP presolver
   (0.0s) MILP presolver (2 rounds): 0 aggregations, 0 fixings, 0 bound changes
(round 2, exhaustive) 68 del vars, 321 del conss, 0 add conss, 18 chg bounds, 2 chg sides, 0 chg coeffs, 0 upgd conss, 0 impls, 1 clqs, 0 implints
(round 3, fast)       69 del vars, 321 del conss, 0 add conss, 18 chg bounds, 2 chg sides, 0 chg coeffs, 0 upgd conss, 0 impls, 1 clqs, 0 implints
(round 4, exhaustive) 69 del vars, 321 del conss, 0 add conss, 18 chg bounds, 2 chg sides, 0 chg coeffs, 572 upgd conss, 0 impls, 1 clqs, 0 implints
(round 5, medium)     69 del vars, 321 del conss, 1 add conss, 18 chg bounds, 3 chg sides, 3 chg coeffs, 572 upgd conss, 0 impls, 1 clqs, 0 implints
(round 6, exhaustive) 69 del vars, 324 del conss, 1 add conss, 18 chg bounds, 6 chg sides, 3 chg coeffs, 572 upgd conss, 0 impls, 1 clqs, 0 implints
   (0.7s) probing cycle finished: starting next cycle
   (0.7s) symmetry computation started: requiring (bin +, int +, cont +), (fixed: bin -, int -, cont -)
   (0.7s) no symmetry present (symcode time: 0.00)
presolving (7 rounds: 7 fast, 5 medium, 4 exhaustive):
 69 deleted vars, 324 deleted constraints, 1 added constraints, 18 tightened bounds, 0 added holes, 6 changed sides, 3 changed coefficients
 2416 implications, 1 cliques, 0 implied integral variables (0 bin, 0 int, 0 cont)
presolved problem has 544 variables (531 bin, 13 int, 0 cont) and 1409 constraints
     32 constraints of type <varbound>
     12 constraints of type <knapsack>
      1 constraints of type <setppc>
    836 constraints of type <linear>
    528 constraints of type <logicor>
transformed objective value is always integral (scale: 1)
Presolving Time: 0.70

 time | node  | left  |LP iter|LP it/n|mem/heur|mdpt |vars |cons |rows |cuts |sepa|confs|strbr|  dualbound   | primalbound  |  gap   | compl. 
  0.7s|     1 |     0 |   361 |     - |    13M |   0 | 544 |1418 |1409 |   0 |  0 |   9 |   0 | 2.000000e+01 |      --      |    Inf | unknown
  0.8s|     1 |     0 |   988 |     - |    14M |   0 | 544 |1419 |1480 |  75 |  1 |  10 |   0 | 2.000000e+01 |      --      |    Inf | unknown
  0.8s|     1 |     0 |  1185 |     - |    15M |   0 | 544 |1419 |1525 | 120 |  2 |  10 |   0 | 2.200000e+01 |      --      |    Inf | unknown
  0.8s|     1 |     0 |  1257 |     - |    15M |   0 | 544 |1420 |1525 | 120 |  2 |  11 |   0 | 2.200000e+01 |      --      |    Inf | unknown
  0.8s|     1 |     0 |  1309 |     - |    15M |   0 | 544 |1421 |1555 | 150 |  3 |  12 |   0 | 2.368932e+01 |      --      |    Inf | unknown
  0.8s|     1 |     0 |  1338 |     - |    15M |   0 | 544 |1421 |1552 | 150 |  3 |  12 |   0 | 2.400000e+01 |      --      |    Inf | unknown
  0.8s|     1 |     0 |  1394 |     - |    15M |   0 | 544 |1421 |1573 | 171 |  4 |  12 |   0 | 2.400000e+01 |      --      |    Inf | unknown
  0.9s|     1 |     0 |  1492 |     - |    16M |   0 | 544 |1421 |1595 | 193 |  5 |  12 |   0 | 2.460000e+01 |      --      |    Inf | unknown
  0.9s|     1 |     0 |  1552 |     - |    16M |   0 | 544 |1422 |1589 | 193 |  5 |  13 |   0 | 2.500000e+01 |      --      |    Inf | unknown
  0.9s|     1 |     0 |  1669 |     - |    16M |   0 | 544 |1422 |1604 | 208 |  6 |  13 |   0 | 2.500000e+01 |      --      |    Inf | unknown
  0.9s|     1 |     0 |  1769 |     - |    17M |   0 | 544 |1424 |1631 | 235 |  7 |  15 |   0 | 2.500000e+01 |      --      |    Inf | unknown
  0.9s|     1 |     0 |  1910 |     - |    18M |   0 | 544 |1426 |1653 | 257 |  8 |  17 |   0 | 2.576923e+01 |      --      |    Inf | unknown
  0.9s|     1 |     0 |  1946 |     - |    18M |   0 | 544 |1426 |1647 | 257 |  8 |  17 |   0 | 2.600000e+01 |      --      |    Inf | unknown
  0.9s|     1 |     0 |  2014 |     - |    18M |   0 | 544 |1427 |1665 | 275 |  9 |  18 |   0 | 2.607143e+01 |      --      |    Inf | unknown
  0.9s|     1 |     0 |  2061 |     - |    18M |   0 | 544 |1427 |1658 | 275 |  9 |  18 |   0 | 2.700000e+01 |      --      |    Inf | unknown
 time | node  | left  |LP iter|LP it/n|mem/heur|mdpt |vars |cons |rows |cuts |sepa|confs|strbr|  dualbound   | primalbound  |  gap   | compl. 
  1.0s|     1 |     0 |  2134 |     - |    18M |   0 | 544 |1428 |1677 | 294 | 10 |  19 |   0 | 2.700000e+01 |      --      |    Inf | unknown
  1.0s|     1 |     0 |  2191 |     - |    18M |   0 | 544 |1429 |1688 | 305 | 11 |  20 |   0 | 2.712500e+01 |      --      |    Inf | unknown
  1.0s|     1 |     0 |  2225 |     - |    18M |   0 | 544 |1429 |1675 | 305 | 11 |  20 |   0 | 2.800000e+01 |      --      |    Inf | unknown
  1.0s|     1 |     0 |  2244 |     - |    19M |   0 | 544 |1429 |1683 | 313 | 12 |  20 |   0 | 2.800000e+01 |      --      |    Inf | unknown
  1.0s|     1 |     0 |  2268 |     - |    19M |   0 | 544 |1430 |1536 | 318 | 13 |  21 |   0 | 2.800000e+01 |      --      |    Inf | unknown
  1.0s|     1 |     0 |  2291 |     - |    19M |   0 | 544 |1431 |1543 | 325 | 14 |  22 |   0 | 2.800000e+01 |      --      |    Inf | unknown
  1.0s|     1 |     0 |  2303 |     - |    19M |   0 | 544 |1432 |1547 | 329 | 15 |  23 |   0 | 2.800000e+01 |      --      |    Inf | unknown
  1.0s|     1 |     0 |  2355 |     - |    19M |   0 | 544 |1433 |1516 | 335 | 16 |  24 |   0 | 2.800000e+01 |      --      |    Inf | unknown
  1.0s|     1 |     0 |  2416 |     - |    19M |   0 | 544 |1436 |1532 | 351 | 17 |  27 |   0 | 2.803448e+01 |      --      |    Inf | unknown
  1.0s|     1 |     0 |  2433 |     - |    19M |   0 | 544 |1437 |1528 | 351 | 17 |  28 |   0 | 2.900000e+01 |      --      |    Inf | unknown
  1.0s|     1 |     0 |  2461 |     - |    20M |   0 | 544 |1438 |1540 | 363 | 18 |  29 |   0 | 2.900000e+01 |      --      |    Inf | unknown
  1.0s|     1 |     0 |  2502 |     - |    20M |   0 | 544 |1440 |1549 | 372 | 19 |  31 |   0 | 2.900000e+01 |      --      |    Inf | unknown
  1.0s|     1 |     0 |  2528 |     - |    20M |   0 | 544 |1440 |1553 | 376 | 20 |  31 |   0 | 2.900000e+01 |      --      |    Inf | unknown
  1.1s|     1 |     2 |  3048 |     - |    20M |   0 | 544 |1450 |1553 | 376 | 21 |  41 |  20 | 2.900000e+01 |      --      |    Inf | unknown
* 1.2s|     6 |     5 |  3172 | 130.4 |    LP  |   5 | 544 |1450 |1462 | 376 |  0 |  41 |  20 | 2.900000e+01 | 5.500000e+01 |  89.66%| unknown
 time | node  | left  |LP iter|LP it/n|mem/heur|mdpt |vars |cons |rows |cuts |sepa|confs|strbr|  dualbound   | primalbound  |  gap   | compl. 
* 1.3s|    11 |    10 |  4027 | 150.7 |    LP  |   5 | 544 |1451 |1462 | 376 |  0 |  54 |  20 | 2.900000e+01 | 5.000000e+01 |  72.41%| unknown
  1.9s|   100 |    17 |  9155 |  67.0 |    21M |  19 | 544 |1494 |1462 | 447 |  1 | 113 |  20 | 2.900000e+01 | 5.000000e+01 |  72.41%|  42.79%
  2.3s|   200 |     6 | 11577 |  45.5 |    22M |  20 | 544 |1523 |1505 | 627 |  1 | 142 |  20 | 3.800000e+01 | 5.000000e+01 |  31.58%|  89.37%

SCIP Status        : solving was interrupted [termination signal received]
Solving Time (sec) : 2.47
Solving Nodes      : 254
Primal Bound       : +5.00000000000000e+01 (2 solutions)
Dual Bound         : +3.90000000000000e+01
Gap                : 28.21 %

primal solution (original space):
=================================

objective value:                                   50
m_0_0                                               1 	(obj:0)
m_0_4                                               1 	(obj:0)
m_0_5                                               1 	(obj:0)
m_0_6                                               1 	(obj:0)
m_0_7                                               1 	(obj:0)
m_0_8                                               1 	(obj:0)
m_0_9                                               1 	(obj:0)
m_0_10                                              1 	(obj:0)
m_0_11                                              1 	(obj:0)
m_1_0                                               1 	(obj:0)
m_1_1                                               1 	(obj:0)
m_1_2                                               1 	(obj:0)
m_1_4                                               1 	(obj:0)
m_1_5                                               1 	(obj:0)
m_1_6                                               1 	(obj:0)
m_1_7                                               1 	(obj:0)
m_1_8                                               1 	(obj:0)
m_1_9                                               1 	(obj:0)
m_1_10                                              1 	(obj:0)
m_1_11                                              1 	(obj:0)
m_2_0                                               1 	(obj:0)
m_2_2                                               1 	(obj:0)
m_2_4                                               1 	(obj:0)
m_2_5                                               1 	(obj:0)
m_2_6                                               1 	(obj:0)
m_2_7                                               1 	(obj:0)
m_2_8                                               1 	(obj:0)
m_2_9                                               1 	(obj:0)
m_2_10                                              1 	(obj:0)
m_2_11                                              1 	(obj:0)
m_3_0                                               1 	(obj:0)
m_3_2                                               1 	(obj:0)
m_3_3                                               1 	(obj:0)
m_3_4                                               1 	(obj:0)
m_3_5                                               1 	(obj:0)
m_3_6                                               1 	(obj:0)
m_3_7                                               1 	(obj:0)
m_3_8                                               1 	(obj:0)
m_3_9                                               1 	(obj:0)
m_3_10                                              1 	(obj:0)
m_3_11                                              1 	(obj:0)
m_4_4                                               1 	(obj:0)
m_4_8                                               1 	(obj:0)
m_5_4                                               1 	(obj:0)
m_5_5                                               1 	(obj:0)
m_5_8                                               1 	(obj:0)
m_5_9                                               1 	(obj:0)
m_5_10                                              1 	(obj:0)
m_6_4                                               1 	(obj:0)
m_6_5                                               1 	(obj:0)
m_6_6                                               1 	(obj:0)
m_6_8                                               1 	(obj:0)
m_6_9                                               1 	(obj:0)
m_6_10                                              1 	(obj:0)
m_6_11                                              1 	(obj:0)
m_7_4                                               1 	(obj:0)
m_7_5                                               1 	(obj:0)
m_7_7                                               1 	(obj:0)
m_7_8                                               1 	(obj:0)
m_7_9                                               1 	(obj:0)
m_7_10                                              1 	(obj:0)
m_7_11                                              1 	(obj:0)
m_8_8                                               1 	(obj:0)
m_9_4                                               1 	(obj:0)
m_9_8                                               1 	(obj:0)
m_9_9                                               1 	(obj:0)
m_10_4                                              1 	(obj:0)
m_10_8                                              1 	(obj:0)
m_10_10                                             1 	(obj:0)
m_11_4                                              1 	(obj:0)
m_11_8                                              1 	(obj:0)
m_11_9                                              1 	(obj:0)
m_11_10                                             1 	(obj:0)
m_11_11                                             1 	(obj:0)
p_2_0                                               1 	(obj:0)
p_1_1                                               1 	(obj:0)
p_1_2                                               1 	(obj:0)
p_2_3                                               1 	(obj:0)
p_2_4                                               1 	(obj:0)
p_1_5                                               1 	(obj:0)
p_2_6                                               1 	(obj:0)
p_1_7                                               1 	(obj:0)
p_2_8                                               1 	(obj:0)
p_2_9                                               1 	(obj:0)
p_1_10                                              1 	(obj:0)
p_2_11                                              1 	(obj:0)
t_0_0                                               1 	(obj:0)
z_0_1                                               1 	(obj:0)
z_0_3                                               1 	(obj:0)
t_0_3                                               1 	(obj:0)
t_0_4                                               1 	(obj:0)
t_0_6                                               1 	(obj:0)
t_0_8                                               1 	(obj:0)
t_0_9                                               1 	(obj:0)
t_0_11                                              1 	(obj:0)
t_1_1                                               1 	(obj:0)
t_1_2                                               1 	(obj:0)
t_1_5                                               1 	(obj:0)
t_1_7                                               1 	(obj:0)
t_1_10                                              1 	(obj:0)
z_2_1                                               1 	(obj:0)
t_2_1                                               1 	(obj:0)
t_2_2                                               1 	(obj:0)
t_2_5                                               1 	(obj:0)
t_2_7                                               1 	(obj:0)
t_2_10                                              1 	(obj:0)
t_3_0                                               1 	(obj:0)
t_3_3                                               1 	(obj:0)
t_3_4                                               1 	(obj:0)
t_3_6                                               1 	(obj:0)
t_3_8                                               1 	(obj:0)
t_3_9                                               1 	(obj:0)
t_3_11                                              1 	(obj:0)
z_4_0                                               1 	(obj:0)
t_4_0                                               1 	(obj:0)
z_4_1                                               1 	(obj:0)
z_4_2                                               1 	(obj:0)
z_4_3                                               1 	(obj:0)
t_4_3                                               1 	(obj:0)
t_4_4                                               1 	(obj:0)
z_4_5                                               1 	(obj:0)
z_4_6                                               1 	(obj:0)
t_4_6                                               1 	(obj:0)
z_4_7                                               1 	(obj:0)
t_4_8                                               1 	(obj:0)
z_4_9                                               1 	(obj:0)
t_4_9                                               1 	(obj:0)
z_4_10                                              1 	(obj:0)
z_4_11                                              1 	(obj:0)
t_4_11                                              1 	(obj:0)
z_5_0                                               1 	(obj:0)
z_5_1                                               1 	(obj:0)
t_5_1                                               1 	(obj:0)
z_5_2                                               1 	(obj:0)
t_5_2                                               1 	(obj:0)
z_5_3                                               1 	(obj:0)
t_5_5                                               1 	(obj:0)
z_5_6                                               1 	(obj:0)
z_5_7                                               1 	(obj:0)
t_5_7                                               1 	(obj:0)
t_5_10                                              1 	(obj:0)
z_6_0                                               1 	(obj:0)
t_6_0                                               1 	(obj:0)
z_6_1                                               1 	(obj:0)
z_6_2                                               1 	(obj:0)
z_6_3                                               1 	(obj:0)
t_6_3                                               1 	(obj:0)
t_6_4                                               1 	(obj:0)
t_6_6                                               1 	(obj:0)
t_6_8                                               1 	(obj:0)
t_6_9                                               1 	(obj:0)
t_6_11                                              1 	(obj:0)
z_7_0                                               1 	(obj:0)
z_7_1                                               1 	(obj:0)
t_7_1                                               1 	(obj:0)
z_7_2                                               1 	(obj:0)
t_7_2                                               1 	(obj:0)
z_7_3                                               1 	(obj:0)
t_7_5                                               1 	(obj:0)
t_7_7                                               1 	(obj:0)
t_7_10                                              1 	(obj:0)
z_8_0                                               1 	(obj:0)
t_8_0                                               1 	(obj:0)
z_8_1                                               1 	(obj:0)
z_8_2                                               1 	(obj:0)
z_8_3                                               1 	(obj:0)
t_8_3                                               1 	(obj:0)
z_8_4                                               1 	(obj:0)
t_8_4                                               1 	(obj:0)
z_8_5                                               1 	(obj:0)
z_8_6                                               1 	(obj:0)
t_8_6                                               1 	(obj:0)
z_8_7                                               1 	(obj:0)
t_8_8                                               1 	(obj:0)
z_8_9                                               1 	(obj:0)
t_8_9                                               1 	(obj:0)
z_8_10                                              1 	(obj:0)
z_8_11                                              1 	(obj:0)
t_8_11                                              1 	(obj:0)
z_9_0                                               1 	(obj:0)
t_9_0                                               1 	(obj:0)
z_9_1                                               1 	(obj:0)
z_9_2                                               1 	(obj:0)
z_9_3                                               1 	(obj:0)
t_9_3                                               1 	(obj:0)
t_9_4                                               1 	(obj:0)
z_9_5                                               1 	(obj:0)
z_9_6                                               1 	(obj:0)
t_9_6                                               1 	(obj:0)
z_9_7                                               1 	(obj:0)
t_9_8                                               1 	(obj:0)
t_9_9                                               1 	(obj:0)
z_9_11                                              1 	(obj:0)
t_9_11                                              1 	(obj:0)
z_10_0                                              1 	(obj:0)
z_10_1                                              1 	(obj:0)
t_10_1                                              1 	(obj:0)
z_10_2                                              1 	(obj:0)
t_10_2                                              1 	(obj:0)
z_10_3                                              1 	(obj:0)
z_10_5                                              1 	(obj:0)
t_10_5                                              1 	(obj:0)
z_10_6                                              1 	(obj:0)
z_10_7                                              1 	(obj:0)
t_10_7                                              1 	(obj:0)
t_10_10                                             1 	(obj:0)
z_10_11                                             1 	(obj:0)
z_11_0                                              1 	(obj:0)
t_11_0                                              1 	(obj:0)
z_11_1                                              1 	(obj:0)
z_11_2                                              1 	(obj:0)
z_11_3                                              1 	(obj:0)
t_11_3                                              1 	(obj:0)
t_11_4                                              1 	(obj:0)
z_11_6                                              1 	(obj:0)
t_11_6                                              1 	(obj:0)
z_11_7                                              1 	(obj:0)
t_11_8                                              1 	(obj:0)
t_11_9                                              1 	(obj:0)
t_11_11                                             1 	(obj:0)
y_0_1_0                                             1 	(obj:0)
y_1_1_0                                             1 	(obj:0)
y_2_1_0                                             1 	(obj:0)
y_3_1_0                                             1 	(obj:0)
y_1_1_1                                             1 	(obj:0)
y_3_1_1                                             1 	(obj:0)
y_0_1_2                                             1 	(obj:0)
y_1_1_2                                             1 	(obj:0)
y_2_1_2                                             1 	(obj:0)
y_3_1_2                                             1 	(obj:0)
y_1_1_3                                             1 	(obj:0)
y_2_1_3                                             1 	(obj:0)
y_3_1_3                                             1 	(obj:0)
y_0_1_4                                             1 	(obj:0)
y_4_1_4                                             1 	(obj:0)
y_5_1_4                                             1 	(obj:0)
y_6_1_4                                             1 	(obj:0)
y_7_1_4                                             1 	(obj:0)
y_0_1_5                                             1 	(obj:0)
y_1_1_5                                             1 	(obj:0)
y_5_1_5                                             1 	(obj:0)
y_5_2_5                                             1 	(obj:0)
y_5_3_5                                             1 	(obj:0)
y_6_1_5                                             1 	(obj:0)
y_6_2_5                                             1 	(obj:0)
y_6_3_5                                             1 	(obj:0)
y_7_1_5                                             1 	(obj:0)
y_7_2_5                                             1 	(obj:0)
y_0_1_6                                             1 	(obj:0)
y_1_1_6                                             1 	(obj:0)
y_2_1_6                                             1 	(obj:0)
y_3_1_6                                             1 	(obj:0)
y_6_1_6                                             1 	(obj:0)
y_6_2_6                                             1 	(obj:0)
y_6_3_6                                             1 	(obj:0)
y_7_1_6                                             1 	(obj:0)
y_7_2_6                                             1 	(obj:0)
y_0_1_7                                             1 	(obj:0)
y_1_1_7                                             1 	(obj:0)
y_2_1_7                                             1 	(obj:0)
y_3_1_7                                             1 	(obj:0)
y_6_1_7                                             1 	(obj:0)
y_6_2_7                                             1 	(obj:0)
y_6_3_7                                             1 	(obj:0)
y_7_1_7                                             1 	(obj:0)
y_7_2_7                                             1 	(obj:0)
y_4_1_8                                             1 	(obj:0)
y_5_1_8                                             1 	(obj:0)
y_6_1_8                                             1 	(obj:0)
y_7_1_8                                             1 	(obj:0)
y_0_1_9                                             1 	(obj:0)
y_5_1_9                                             1 	(obj:0)
y_5_2_9                                             1 	(obj:0)
y_5_3_9                                             1 	(obj:0)
y_6_1_9                                             1 	(obj:0)
y_6_2_9                                             1 	(obj:0)
y_6_3_9                                             1 	(obj:0)
y_7_1_9                                             1 	(obj:0)
y_7_2_9                                             1 	(obj:0)
y_0_1_10                                            1 	(obj:0)
y_5_1_10                                            1 	(obj:0)
y_5_2_10                                            1 	(obj:0)
y_5_3_10                                            1 	(obj:0)
y_6_1_10                                            1 	(obj:0)
y_6_2_10                                            1 	(obj:0)
y_6_3_10                                            1 	(obj:0)
y_7_1_10                                            1 	(obj:0)
y_7_2_10                                            1 	(obj:0)
y_0_1_11                                            1 	(obj:0)
y_1_1_11                                            1 	(obj:0)
y_5_1_11                                            1 	(obj:0)
y_5_2_11                                            1 	(obj:0)
y_5_3_11                                            1 	(obj:0)
y_6_1_11                                            1 	(obj:0)
y_6_2_11                                            1 	(obj:0)
y_6_3_11                                            1 	(obj:0)
y_7_1_11                                            1 	(obj:0)
y_7_2_11                                            1 	(obj:0)
s_2                                                 7 	(obj:0)
s_4                                                35 	(obj:0)
s_5                                                22 	(obj:0)
s_6                                                15 	(obj:0)
s_7                                                15 	(obj:0)
s_8                                                45 	(obj:0)
s_9                                                30 	(obj:0)
s_10                                               30 	(obj:0)
s_11                                               22 	(obj:0)
l                                                  50 	(obj:1)
s_0                                                10 	(obj:0)

Statistics
==========

SCIP Status        : solving was interrupted [termination signal received]
Total Time         :       2.47
  solving          :       2.47
  presolving       :       0.70 (included in solving)
  reading          :       0.00
  copying          :       0.15 (42 #copies) (minimal 0.00, maximal 0.01, average 0.00)
Original Problem   :
  Problem name     : /Users/maxbig/SCIP/SCIPOptSuite-9.2.1-Linux/inputs/new_no_tr/order/layered_12_2_buf_times_P2_M8500_down_left_input.lp
  Variables        : 613 (600 binary, 13 integer, 0 continuous)
  Implied int vars : 0 (0 binary, 0 integer, 0 continuous)
  Constraints      : 1732 initial, 1732 maximal
  Objective        : minimize, 1 non-zeros (abs.min = 1, abs.max = 1)
Presolved Problem  :
  Problem name     : t_/Users/maxbig/SCIP/SCIPOptSuite-9.2.1-Linux/inputs/new_no_tr/order/layered_12_2_buf_times_P2_M8500_down_left_input.lp
  Variables        : 544 (531 binary, 13 integer, 0 continuous)
  Implied int vars : 0 (0 binary, 0 integer, 0 continuous)
  Constraints      : 1409 initial, 1525 maximal
  Objective        : minimize, 1 non-zeros (abs.min = 1, abs.max = 1)
  Nonzeros         : 4716 constraint, 15 clique table
Presolvers         :   ExecTime  SetupTime  Calls  FixedVars   AggrVars   ChgTypes  ChgBounds   AddHoles    DelCons    AddCons   ChgSides   ChgCoefs
  boundshift       :       0.00       0.00      0          0          0          0          0          0          0          0          0          0
  convertinttobin  :       0.00       0.00      0          0          0          0          0          0          0          0          0          0
  domcol           :       0.00       0.00      1          0          0          0          0          0          0          0          0          0
  dualagg          :       0.00       0.00      0          0          0          0          0          0          0          0          0          0
  dualcomp         :       0.00       0.00      0          0          0          0          0          0          0          0          0          0
  dualinfer        :       0.00       0.00      0          0          0          0          0          0          0          0          0          0
  dualsparsify     :       0.01       0.00      1          0          0          0          0          0          0          0          0          0
  gateextraction   :       0.00       0.00      2          0          0          0          0          0          0          0          0          0
  implics          :       0.00       0.00      5          0          0          0          0          0          0          0          0          0
  implint          :       0.00       0.00      0          0          0          0          0          0          0          0          0          0
  inttobinary      :       0.00       0.00      7          0          0          0          0          0          0          0          0          0
  milp             :       0.00       0.00      1          0          0          0          0          0          0          0          0          0
  qpkktref         :       0.00       0.00      0          0          0          0          0          0          0          0          0          0
  redvub           :       0.00       0.00      0          0          0          0          0          0          0          0          0          0
  sparsify         :       0.00       0.00      1          0          0          0          0          0          0          0          0          0
  stuffing         :       0.00       0.00      0          0          0          0          0          0          0          0          0          0
  trivial          :       0.00       0.00      7         44          0          0          0          0          0          0          0          0
  tworowbnd        :       0.00       0.00      0          0          0          0          0          0          0          0          0          0
  dualfix          :       0.00       0.00      7         13          0          0          0          0          0          0          0          0
  genvbounds       :       0.00       0.00      0          0          0          0          0          0          0          0          0          0
  probing          :       0.67       0.00      1          0          0          0          0          0          0          0          0          0
  pseudoobj        :       0.00       0.00      0          0          0          0          0          0          0          0          0          0
  symmetry         :       0.00       0.00      1          0          0          0          0          0          0          0          0          0
  vbounds          :       0.00       0.00      0          0          0          0          0          0          0          0          0          0
  varbound         :       0.00       0.00      6          0          0          0          0          0          0          0          0          0
  knapsack         :       0.00       0.00      8          0          0          0          0          0          0          1          1          3
  setppc           :       0.00       0.00      7          0          0          0          0          0          0          0          0          0
  linear           :       0.01       0.00     11          0         12          0         18          0        324          0          5          0
  logicor          :       0.00       0.00      7          0          0          0          0          0          0          0          0          0
  bounddisjunction :       0.00       0.00      0          0          0          0          0          0          0          0          0          0
  components       :       0.00       0.00      1          0          0          0          0          0          0          0          0          0
  root node        :          -          -      -        194          -          -        259          -          -          -          -          -
Constraints        :     Number  MaxNumber  #Separate #Propagate    #EnfoLP    #EnfoRelax  #EnfoPS    #Check   #ResProp    Cutoffs    DomReds       Cuts    Applied      Conss   Children
  integral         :          0          0          0          0        136          0          0         57          0          0          0          0          0          0        272
  varbound         :         32+        34         21       9116          0          0          0         52          0          0          0          0          0          0          0
  knapsack         :         12         12         21       8985          0          0          0         48         20         19        139        120         24          0          0
  setppc           :          1+        12         21       8508          0          0          0         23         18          1         24          0          0          0          0
  linear           :        836+       838         21       9096          0          0          0         26        506        170       3694          0          0          0          0
  logicor          :        528+       556         21       1268          0          0          0          2         72         22       1291          0          0          0          0
  bounddisjunction :          0+        95          0        973          0          0          0          0         68          6        119          0          0          0          0
  fixedvar         :          0          0          0          0          0          0          0          3          0          0          0          0          0          0          0
  countsols        :          0          0          0          0          0          0          0          3          0          0          0          0          0          0          0
  components       :          0          0          0          0          0          0          0          0          0          0          0          0          0          0          0
Constraint Timings :  TotalTime  SetupTime   Separate  Propagate     EnfoLP     EnfoPS     EnfoRelax   Check    ResProp    SB-Prop
  integral         :       0.03       0.00       0.00       0.00       0.03       0.00       0.00       0.00       0.00       0.00
  varbound         :       0.14       0.00       0.00       0.14       0.00       0.00       0.00       0.00       0.00       0.00
  knapsack         :       0.00       0.00       0.00       0.00       0.00       0.00       0.00       0.00       0.00       0.00
  setppc           :       0.00       0.00       0.00       0.00       0.00       0.00       0.00       0.00       0.00       0.00
  linear           :       0.44       0.00       0.00       0.44       0.00       0.00       0.00       0.00       0.00       0.00
  logicor          :       0.01       0.00       0.00       0.01       0.00       0.00       0.00       0.00       0.00       0.00
  bounddisjunction :       0.00       0.00       0.00       0.00       0.00       0.00       0.00       0.00       0.00       0.00
  fixedvar         :       0.00       0.00       0.00       0.00       0.00       0.00       0.00       0.00       0.00       0.00
  countsols        :       0.00       0.00       0.00       0.00       0.00       0.00       0.00       0.00       0.00       0.00
  components       :       0.00       0.00       0.00       0.00       0.00       0.00       0.00       0.00       0.00       0.00
Propagators        : #Propagate   #ResProp    Cutoffs    DomReds
  dualfix          :          2          0          0          0
  genvbounds       :          0          0          0          0
  nlobbt           :          0          0          0          0
  obbt             :          0          0          0          0
  probing          :          0          0          0          0
  pseudoobj        :        932          0          0          9
  redcost          :        319          0          0          0
  rootredcost      :          2          0          0        115
  symmetry         :          0          0          0          0
  vbounds          :       1753        164          7        630
Propagator Timings :  TotalTime  SetupTime   Presolve  Propagate    ResProp    SB-Prop
  dualfix          :       0.00       0.00       0.00       0.00       0.00       0.00
  genvbounds       :       0.00       0.00       0.00       0.00       0.00       0.00
  nlobbt           :       0.00       0.00       0.00       0.00       0.00       0.00
  obbt             :       0.00       0.00       0.00       0.00       0.00       0.00
  probing          :       0.67       0.00       0.67       0.00       0.00       0.00
  pseudoobj        :       0.00       0.00       0.00       0.00       0.00       0.00
  redcost          :       0.00       0.00       0.00       0.00       0.00       0.00
  rootredcost      :       0.00       0.00       0.00       0.00       0.00       0.00
  symmetry         :       0.00       0.00       0.00       0.00       0.00       0.00
  vbounds          :       0.03       0.00       0.00       0.03       0.00       0.00
Conflict Analysis  :       Time      Calls    Success    DomReds  Conflicts   Literals    Reconvs ReconvLits   Dualrays   Nonzeros   LP Iters   (pool size: [10000,10000])
  propagation      :       0.00         65         63          -        119        6.6         16        4.4          -          -          -
  infeasible LP    :       0.00         12         12          -         12        2.7          1        2.0         13        3.8          0
  bound exceed. LP :       0.00          1          1          -          1        8.0          0        0.0          0        0.0          0
  strong branching :       0.00          0          0          -          0        0.0          0        0.0          -          -          0
  pseudo solution  :       0.00          0          0          -          0        0.0          0        0.0          -          -          -
  applied globally :       0.00          -          -          0        132        5.5          -          -         13          -          -
  applied locally  :          -          -          -          0          0        0.0          -          -          0          -          -
Gen. Resolution CA :       Time      Calls    Success  Conflicts  LargeCoef  LongConfs    Length
  propagation      :       0.00          0          0          0          0          0       0.0
Separators         :   ExecTime  SetupTime      Calls  RootCalls    Cutoffs    DomReds  FoundCuts ViaPoolAdd  DirectAdd    Applied ViaPoolApp  DirectApp      Conss
  cut pool         :       0.01          -         78         40          -          -       2816       4471          -          -          -          -          -    (maximal pool size:       2772)
  aggregation      :       0.02       0.00         33         21          0          0        135        297          0        128        128          0          0
  > cmir           :          -          -          -          -          -          -          -        203          0         82         82          0          -
  > flowcover      :          -          -          -          -          -          -          -         80          0         40         40          0          -
  > knapsackcover  :          -          -          -          -          -          -          -         14          0          6          6          0          -
  cgmip            :       0.00       0.00          0          0          0          0          0          0          0          0          0          0          0
  clique           :       0.00       0.00         21         21          0          0          0          0          0          0          0          0          0
  closecuts        :       0.00       0.00          0          0          0          0          0          0          0          0          0          0          0
  convexproj       :       0.00       0.00          0          0          0          0          0          0          0          0          0          0          0
  disjunctive      :       0.00       0.00          0          0          0          0          0          0          0          0          0          0          0
  eccuts           :       0.00       0.00          0          0          0          0          0          0          0          0          0          0          0
  flower           :       0.00       0.00         47         21          0          0          0          0          0          0          0          0          0
  gauge            :       0.00       0.00          0          0          0          0          0          0          0          0          0          0          0
  gomory           :       0.12       0.00         22         10          0          0       2070       3134          4        286        284          2          0
  > gomorymi       :          -          -          -          -          -          -          -       1375          2        153        151          2          -
  > strongcg       :          -          -          -          -          -          -          -       1759          2        133        133          0          -
  impliedbounds    :       0.00       0.00         33         21          0          0        462        817          0        120        120          0          0
  interminor       :       0.00       0.00          0          0          0          0          0          0          0          0          0          0          0
  intobj           :       0.00       0.00          0          0          0          0          0          0          0          0          0          0          0
  lagromory        :       0.00       0.00          0          0          0          0          0          0          0          0          0          0          0
  mcf              :       0.00       0.00          1          1          0          0          0          0          0          0          0          0          0
  minor            :       0.00       0.00          0          0          0          0          0          0          0          0          0          0          0
  mixing           :       0.00       0.00         33         21          0          0          0          0          0          0          0          0          0
  oddcycle         :       0.00       0.00          0          0          0          0          0          0          0          0          0          0          0
  rapidlearning    :       0.71       0.00         33          1          0       1153          0          0          0          0          0          0         52
  rlt              :       0.00       0.00         10         10          0          0          0          0          0          0          0          0          0
  zerohalf         :       0.01       0.00         32         20          0          0        109        223          0         88         88          0          0
Cutselectors       :   ExecTime  SetupTime      Calls  RootCalls   Selected     Forced   Filtered  RootSelec   RootForc   RootFilt 
  hybrid           :       0.00       0.00         44         20        644          4       3951        372          4       2776
  ensemble         :       0.00       0.00          0          0          0          0          0          0          0          0
  dynamic          :       0.00       0.00          0          0          0          0          0          0          0          0
Pricers            :   ExecTime  SetupTime      Calls       Vars
  problem variables:       0.00          -          0          0
Branching Rules    :   ExecTime  SetupTime   BranchLP  BranchExt   BranchPS    Cutoffs    DomReds       Cuts      Conss   Children
  allfullstrong    :       0.00       0.00          0          0          0          0          0          0          0          0
  cloud            :       0.00       0.00          0          0          0          0          0          0          0          0
  distribution     :       0.00       0.00          0          0          0          0          0          0          0          0
  fullstrong       :       0.00       0.00          0          0          0          0          0          0          0          0
  gomory           :       0.00       0.00          0          0          0          0          0          0          0          0
  inference        :       0.00       0.00          0          0          0          0          0          0          0          0
  leastinf         :       0.00       0.00          0          0          0          0          0          0          0          0
  lookahead        :       0.00       0.00          0          0          0          0          0          0          0          0
  mostinf          :       0.00       0.00          0          0          0          0          0          0          0          0
  multaggr         :       0.00       0.00          0          0          0          0          0          0          0          0
  nodereopt        :       0.00       0.00          0          0          0          0          0          0          0          0
  pscost           :       0.00       0.00          0          0          0          0          0          0          0          0
  random           :       0.00       0.00          0          0          0          0          0          0          0          0
  relpscost        :       0.03       0.00        136          0          0          0          0          0          0        272
  vanillafullstrong:       0.00       0.00          0          0          0          0          0          0          0          0
Primal Heuristics  :   ExecTime  SetupTime      Calls      Found       Best
  LP solutions     :       0.00          -          -          0          0
  relax solutions  :       0.00          -          -          0          0
  pseudo solutions :       0.00          -          -          0          0
  strong branching :       0.00          -          -          0          0
  actconsdiving    :       0.00       0.00          0          0          0
  adaptivediving   :       0.03       0.00          7          0          0
  alns             :       0.04       0.00          5          0          0
  bound            :       0.00       0.00          0          0          0
  clique           :       0.00       0.00          1          0          0
  coefdiving       :       0.00       0.00          0          0          0
  completesol      :       0.00       0.00          0          0          0
  conflictdiving   :       0.03       0.00          3          0          0
  crossover        :       0.00       0.00          0          0          0
  dins             :       0.00       0.00          0          0          0
  distributiondivin:       0.01       0.00          3          0          0
  dks              :       0.00       0.00          0          0          0
  dps              :       0.00       0.00          0          0          0
  dualval          :       0.00       0.00          0          0          0
  farkasdiving     :       0.00       0.00          0          0          0
  feaspump         :       0.02       0.00          2          0          0
  fixandinfer      :       0.00       0.00          0          0          0
  fracdiving       :       0.01       0.00          4          0          0
  gins             :       0.00       0.00          0          0          0
  guideddiving     :       0.01       0.00          5          0          0
  indicator        :       0.00       0.00          0          0          0
  indicatordiving  :       0.00       0.00          0          0          0
  intdiving        :       0.00       0.00          0          0          0
  intshifting      :       0.00       0.00          0          0          0
  linesearchdiving :       0.01       0.00          5          0          0
  localbranching   :       0.00       0.00          0          0          0
  locks            :       0.02       0.00          1          0          0
  lpface           :       0.00       0.00          0          0          0
  mpec             :       0.00       0.00          0          0          0
  multistart       :       0.00       0.00          0          0          0
  mutation         :       0.00       0.00          0          0          0
  nlpdiving        :       0.00       0.00          0          0          0
  objpscostdiving  :       0.09       0.00          2          0          0
  octane           :       0.00       0.00          0          0          0
  ofins            :       0.00       0.00          0          0          0
  oneopt           :       0.00       0.00          2          0          0
  padm             :       0.00       0.00          0          0          0
  proximity        :       0.00       0.00          0          0          0
  pscostdiving     :       0.02       0.00          5          0          0
  randrounding     :       0.13       0.00         70          0          0
  rens             :       0.01       0.00          1          0          0
  reoptsols        :       0.00       0.00          0          0          0
  repair           :       0.00       0.00          0          0          0
  rins             :       0.06       0.00          3          0          0
  rootsoldiving    :       0.03       0.00          2          0          0
  rounding         :       0.00       0.00        158          0          0
  scheduler        :       0.00       0.00          0          0          0
  shiftandpropagate:       0.01       0.00          1          0          0
  shifting         :       0.08       0.00         94          0          0
  simplerounding   :       0.00       0.00        221          0          0
  subnlp           :       0.00       0.00          0          0          0
  trivial          :       0.00       0.00          2          0          0
  trivialnegation  :       0.00       0.00          0          0          0
  trustregion      :       0.00       0.00          0          0          0
  trysol           :       0.00       0.00          0          0          0
  twoopt           :       0.00       0.00          0          0          0
  undercover       :       0.00       0.00          0          0          0
  vbounds          :       0.00       0.00          0          0          0
  veclendiving     :       0.01       0.00          4          0          0
  zeroobj          :       0.00       0.00          0          0          0
  zirounding       :       0.01       0.00        134          0          0
  other solutions  :          -          -          -          0          -
LNS (Scheduler)    :      Calls  SetupTime  SolveTime SolveNodes       Sols       Best       Exp3    Exp3-IX  EpsGreedy        UCB TgtFixRate  Opt  Inf Node Stal  Sol  Usr Othr Actv
  rens             :          0       0.00       0.00          0          0          0    0.00000    0.12500   -1.00000    1.00000      0.900    0    0    0    0    0    0    0    1
  rins             :          0       0.00       0.00          0          0          0    0.00000    0.12500   -1.00000    1.00000      0.900    0    0    0    0    0    0    0    1
  mutation         :          0       0.00       0.00          0          0          0    0.00000    0.12500   -1.00000    1.00000      0.900    0    0    0    0    0    0    0    1
  localbranching   :          0       0.00       0.00          0          0          0    0.00000    0.12500   -1.00000    1.00000      0.900    0    0    0    0    0    0    0    1
  crossover        :          0       0.00       0.00          0          0          0    0.00000    0.12500   -1.00000    1.00000      0.900    0    0    0    0    0    0    0    1
  proximity        :          0       0.00       0.00          0          0          0    0.00000    0.12500   -1.00000    1.00000      0.900    0    0    0    0    0    0    0    1
  zeroobjective    :          0       0.00       0.00          0          0          0    0.00000    0.12500   -1.00000    1.00000      0.900    0    0    0    0    0    0    0    1
  dins             :          0       0.00       0.00          0          0          0    0.00000    0.12500   -1.00000    1.00000      0.900    0    0    0    0    0    0    0    1
  trustregion      :          0       0.00       0.00          0          0          0    0.00000    0.00000   -1.00000    1.00000      0.900    0    0    0    0    0    0    0    0
LP                 :       Time      Calls Iterations  Iter/call   Iter/sec  Time-0-It Calls-0-It
  primal LP        :       0.00         10          0       0.00          -       0.00         10
  dual LP          :       0.14        230       5030      22.86   36890.36       0.00         10
  lex dual LP      :       0.00          0          0       0.00          -
  barrier LP       :       0.00          0          0       0.00          -       0.00          0
  resolve instable :       0.00          0          0       0.00          -
  diving/probing LP:       0.26        181       7097      39.21   26786.79
  strong branching :       0.02         20        705      35.25   37040.93          -          -          0
    (at root node) :          -         20        705      35.25          -
  conflict analysis:       0.00          1          0       0.00          -
Relaxators         :       Time      Calls    Cutoffs ImprBounds   ImprTime ReducedDom  Separated AddedConss
  benders          :       0.00          0          0          0       0.00          0          0          0
B&B Tree           :
  number of runs   :          1
  nodes            :        254 (136 internal, 118 leaves)
  feasible leaves  :          0
  infeas. leaves   :        117
  objective leaves :          1
  nodes (total)    :        254 (136 internal, 118 leaves)
  nodes left       :          4
  max depth        :         20
  max depth (total):         20
  backtracks       :         93 (36.6%)
  early backtracks :          0 (0.0%)
  nodes exc. ref.  :          0 (0.0%)
  delayed cutoffs  :         15
  repropagations   :         52 (484 domain reductions, 3 cutoffs)
  avg switch length:       3.99
  switching time   :       0.02
Root Node          :
  First LP value   : +2.00000000000000e+01
  First LP Iters   :        350 (55257.34 Iter/sec)
  First LP Time    :       0.01
  Final Dual Bound : +2.90000000000000e+01
  Final Root Iters :       2520
  Root LP Estimate : +3.47971718397983e+01
Solution           :
  Solutions found  :          2 (2 improvements)
  First Solution   : +5.50000000000000e+01   (in run 1, after 6 nodes, 1.20 seconds, depth 5, found by <relaxation>)
  Gap First Sol.   :      89.66 %
  Gap Last Sol.    :      72.41 %
  Primal Bound     : +5.00000000000000e+01   (in run 1, after 11 nodes, 1.29 seconds, depth 5, found by <relaxation>)
  Dual Bound       : +3.90000000000000e+01
  Gap              :      28.21 %
Integrals          :      Total       Avg%
  primal-dual      :     166.86      67.65
  primal-ref       :          -          - (not evaluated)
  dual-ref         :          -          - (not evaluated)
