SCIP version 10.0.0 [precision: 8 byte] [memory: block] [mode: optimized] [LP solver: SoPlex 8.0.0] [GitHash: 0c80fdd8e9]
Copyright (c) 2002-2025 Zuse Institute Berlin (ZIB)

External libraries: 
  Readline 8.3         GNU library for command line editing (gnu.org/s/readline)
  SoPlex 8.0.0         Linear programming solver developed at Zuse Institute Berlin (soplex.zib.de) [GitHash: 2207cfb2]
  CppAD 20180000.0     Algorithmic Differentiation of C++ algorithms developed by B. Bell (github.com/coin-or/CppAD)
  ZLIB 1.2.12          General purpose compression library by J. Gailly and M. Adler (zlib.net)
  MPFR 4.2.2           GNU Multiple Precision Floating-Point Reliable Library (mpfr.org)
  Boost 1.89.0         Boost C++ Libraries (boost.org)
  TinyCThread 1.2      small portable implementation of the C11 threads API (tinycthread.github.io)
  GMP 6.3.0            GNU Multiple Precision Arithmetic Library developed by T. Granlund (gmplib.org)
  AMPL/MP 4.0.3        AMPL .nl file reader library (github.com/ampl/mp)
  PaPILO 3.0.0         parallel presolve for integer and linear optimization (github.com/scipopt/papilo) (built with TBB)
  Nauty 2.8.8          Computing Graph Automorphism Groups by Brendan D. McKay (users.cecs.anu.edu.au/~bdm/nauty)
  sassy 2.0            Symmetry preprocessor by Markus Anders (github.com/markusa4/sassy)
  Ipopt 3.14.19        Interior Point Optimizer developed by A. Waechter et.al. (github.com/coin-or/Ipopt)

reading user parameter file </Users/maxbig/Coursework_multiprocessing/Coursework/SCIP/SCIPOptSuite-9.2.1-Linux/only_time.set>

read problem </Users/maxbig/Coursework_multiprocessing/Coursework/SCIP/SCIPOptSuite-9.2.1-Linux/inputs/new_no_tr/order/layered_15_buf_times_P3_M1050_down_left_input.lp>
============

original problem has 886 variables (870 bin, 16 int, 0 cont) and 2918 constraints

solve problem
=============

presolving:
(round 1, fast)       73 del vars, 46 del conss, 0 add conss, 37 chg bounds, 0 chg sides, 0 chg coeffs, 0 upgd conss, 0 impls, 58 clqs, 0 implints
   (0.0s) running MILP presolver
   (0.0s) MILP presolver (2 rounds): 0 aggregations, 0 fixings, 0 bound changes
(round 2, exhaustive) 73 del vars, 480 del conss, 0 add conss, 37 chg bounds, 0 chg sides, 0 chg coeffs, 0 upgd conss, 0 impls, 58 clqs, 0 implints
(round 3, exhaustive) 73 del vars, 480 del conss, 0 add conss, 37 chg bounds, 0 chg sides, 0 chg coeffs, 1333 upgd conss, 0 impls, 58 clqs, 0 implints
(round 4, medium)     73 del vars, 480 del conss, 6 add conss, 37 chg bounds, 6 chg sides, 12 chg coeffs, 1333 upgd conss, 0 impls, 58 clqs, 0 implints
   (0.8s) probing: 581/797 (72.9%) - 0 fixings, 0 aggregations, 2372 implications, 1 bound changes
   (0.8s) probing aborted: 50/50 successive totally useless probings
   (0.8s) symmetry computation started: requiring (bin +, int +, cont +), (fixed: bin -, int -, cont -)
   (0.8s) symmetry computation finished: 3 generators found (max: 1500, log10 of symmetry group size: 1.08) (symcode time: 0.00)
dynamic symmetry handling statistics:
   orbitopal reduction:       no components
   orbital reduction:         no components
   lexicographic reduction:   no permutations
handled 1 out of 1 symmetry components
(round 5, exhaustive) 76 del vars, 480 del conss, 9 add conss, 38 chg bounds, 6 chg sides, 12 chg coeffs, 1333 upgd conss, 2453 impls, 57 clqs, 0 implints
(round 6, fast)       77 del vars, 579 del conss, 9 add conss, 38 chg bounds, 6 chg sides, 82 chg coeffs, 1333 upgd conss, 2453 impls, 127 clqs, 0 implints
(round 7, medium)     92 del vars, 619 del conss, 9 add conss, 38 chg bounds, 6 chg sides, 95 chg coeffs, 1333 upgd conss, 2453 impls, 111 clqs, 0 implints
(round 8, fast)       93 del vars, 648 del conss, 9 add conss, 38 chg bounds, 6 chg sides, 95 chg coeffs, 1333 upgd conss, 2453 impls, 110 clqs, 0 implints
   (0.8s) probing: 644/797 (80.8%) - 0 fixings, 12 aggregations, 2373 implications, 1 bound changes
   (0.8s) probing aborted: 50/50 successive totally useless probings
(round 9, exhaustive) 105 del vars, 648 del conss, 9 add conss, 38 chg bounds, 6 chg sides, 95 chg coeffs, 1333 upgd conss, 2453 impls, 98 clqs, 0 implints
(round 10, fast)       105 del vars, 661 del conss, 9 add conss, 38 chg bounds, 6 chg sides, 95 chg coeffs, 1333 upgd conss, 2453 impls, 98 clqs, 0 implints
   (0.8s) probing: 649/797 (81.4%) - 0 fixings, 12 aggregations, 2373 implications, 1 bound changes
   (0.8s) probing aborted: 50/50 successive totally useless probings
presolving (11 rounds: 11 fast, 7 medium, 5 exhaustive):
 105 deleted vars, 661 deleted constraints, 9 added constraints, 38 tightened bounds, 0 added holes, 6 changed sides, 95 changed coefficients
 2453 implications, 98 cliques, 0 implied integral variables (0 bin, 0 int, 0 cont)
presolved problem has 782 variables (766 bin, 16 int, 0 cont) and 2266 constraints
     44 constraints of type <varbound>
     13 constraints of type <knapsack>
     20 constraints of type <setppc>
   1105 constraints of type <linear>
      3 constraints of type <orbitope_pp>
   1081 constraints of type <logicor>
transformed objective value is always integral (scale: 1)
Presolving Time: 0.83

 time | node  | left  |LP iter|LP it/n|mem/heur|mdpt |vars |cons |rows |cuts |sepa|confs|strbr|  dualbound   | primalbound  |  gap   | compl. 
  1.1s|     1 |     0 |   446 |     - |    25M |   0 | 782 |2290 |2263 |   0 |  0 |  28 |   0 | 4.800000e+01 |      --      |    Inf | unknown
  1.7s|     1 |     0 |  1281 |     - |    26M |   0 | 782 |2290 |2353 |  90 |  1 |  28 |   0 | 4.800000e+01 |      --      |    Inf | unknown
  1.8s|     1 |     0 |  1453 |     - |    26M |   0 | 782 |2290 |2402 | 139 |  2 |  28 |   0 | 4.859783e+01 |      --      |    Inf | unknown
  1.8s|     1 |     0 |  1537 |     - |    26M |   0 | 782 |2290 |2402 | 139 |  2 |  28 |   0 | 4.900000e+01 |      --      |    Inf | unknown
  1.8s|     1 |     0 |  1668 |     - |    27M |   0 | 782 |2290 |2418 | 155 |  3 |  28 |   0 | 5.107692e+01 |      --      |    Inf | unknown
  1.8s|     1 |     0 |  1774 |     - |    27M |   0 | 782 |2290 |2416 | 155 |  3 |  28 |   0 | 5.200000e+01 |      --      |    Inf | unknown
  1.8s|     1 |     0 |  1865 |     - |    28M |   0 | 782 |2290 |2430 | 169 |  4 |  28 |   0 | 5.219565e+01 |      --      |    Inf | unknown
  1.9s|     1 |     0 |  1924 |     - |    28M |   0 | 782 |2293 |2429 | 169 |  4 |  31 |   0 | 5.300000e+01 |      --      |    Inf | unknown
  1.9s|     1 |     0 |  2003 |     - |    29M |   0 | 782 |2293 |2445 | 185 |  5 |  31 |   0 | 5.318237e+01 |      --      |    Inf | unknown
  1.9s|     1 |     0 |  2052 |     - |    29M |   0 | 782 |2293 |2445 | 185 |  5 |  31 |   0 | 5.400000e+01 |      --      |    Inf | unknown
  1.9s|     1 |     0 |  2091 |     - |    30M |   0 | 782 |2293 |2457 | 197 |  6 |  31 |   0 | 5.413043e+01 |      --      |    Inf | unknown
  1.9s|     1 |     0 |  2139 |     - |    30M |   0 | 782 |2295 |2451 | 197 |  6 |  33 |   0 | 5.500000e+01 |      --      |    Inf | unknown
  2.0s|     1 |     0 |  2237 |     - |    31M |   0 | 782 |2296 |2467 | 213 |  7 |  34 |   0 | 5.500000e+01 |      --      |    Inf | unknown
  2.0s|     1 |     0 |  2337 |     - |    31M |   0 | 782 |2297 |2486 | 232 |  8 |  35 |   0 | 5.562500e+01 |      --      |    Inf | unknown
  2.0s|     1 |     0 |  2370 |     - |    31M |   0 | 782 |2298 |2351 | 232 |  8 |  36 |   0 | 5.600000e+01 |      --      |    Inf | unknown
 time | node  | left  |LP iter|LP it/n|mem/heur|mdpt |vars |cons |rows |cuts |sepa|confs|strbr|  dualbound   | primalbound  |  gap   | compl. 
  2.0s|     1 |     0 |  2429 |     - |    33M |   0 | 782 |2299 |2359 | 240 |  9 |  37 |   0 | 5.603448e+01 |      --      |    Inf | unknown
  2.0s|     1 |     0 |  2472 |     - |    33M |   0 | 782 |2301 |2352 | 240 |  9 |  39 |   0 | 5.700000e+01 |      --      |    Inf | unknown
  2.1s|     1 |     0 |  2520 |     - |    33M |   0 | 782 |2302 |2355 | 256 | 10 |  40 |   0 | 5.700000e+01 |      --      |    Inf | unknown
  2.1s|     1 |     0 |  2615 |     - |    33M |   0 | 782 |2302 |2366 | 267 | 11 |  40 |   0 | 5.700000e+01 |      --      |    Inf | unknown
  2.1s|     1 |     0 |  2712 |     - |    34M |   0 | 782 |2302 |2374 | 275 | 12 |  40 |   0 | 5.705513e+01 |      --      |    Inf | unknown
  2.1s|     1 |     0 |  2765 |     - |    34M |   0 | 782 |2302 |2367 | 275 | 12 |  40 |   0 | 5.800000e+01 |      --      |    Inf | unknown
  2.1s|     1 |     0 |  2781 |     - |    34M |   0 | 782 |2302 |2375 | 283 | 13 |  40 |   0 | 5.800000e+01 |      --      |    Inf | unknown
  2.2s|     1 |     0 |  2818 |     - |    34M |   0 | 782 |2303 |2378 | 286 | 14 |  41 |   0 | 5.800000e+01 |      --      |    Inf | unknown
  2.2s|     1 |     0 |  2875 |     - |    34M |   0 | 782 |2305 |2381 | 289 | 15 |  43 |   0 | 5.800000e+01 |      --      |    Inf | unknown
  2.2s|     1 |     0 |  2949 |     - |    35M |   0 | 782 |2305 |2387 | 295 | 16 |  43 |   0 | 5.800000e+01 |      --      |    Inf | unknown
  2.2s|     1 |     0 |  3012 |     - |    35M |   0 | 782 |2307 |2394 | 302 | 17 |  45 |   0 | 5.800613e+01 |      --      |    Inf | unknown
  2.2s|     1 |     0 |  3075 |     - |    35M |   0 | 782 |2307 |2383 | 302 | 17 |  45 |   0 | 5.900000e+01 |      --      |    Inf | unknown
  2.2s|     1 |     0 |  3094 |     - |    35M |   0 | 782 |2309 |2340 | 311 | 18 |  47 |   0 | 5.900000e+01 |      --      |    Inf | unknown
  2.2s|     1 |     0 |  3123 |     - |    35M |   0 | 782 |2310 |2343 | 314 | 19 |  48 |   0 | 5.900000e+01 |      --      |    Inf | unknown
  2.3s|     1 |     0 |  3133 |     - |    36M |   0 | 782 |2310 |2346 | 317 | 20 |  48 |   0 | 5.900000e+01 |      --      |    Inf | unknown
 time | node  | left  |LP iter|LP it/n|mem/heur|mdpt |vars |cons |rows |cuts |sepa|confs|strbr|  dualbound   | primalbound  |  gap   | compl. 
  2.3s|     1 |     0 |  3134 |     - |    36M |   0 | 782 |2311 |2347 | 318 | 21 |  49 |   0 | 5.900000e+01 |      --      |    Inf | unknown
  2.6s|     1 |     2 |  4708 |     - |    36M |   0 | 782 |2358 |2347 | 318 | 22 |  96 |  17 | 5.900000e+01 |      --      |    Inf | unknown

SCIP Status        : solving was interrupted [termination signal received]
Solving Time (sec) : 6.16
Solving Nodes      : 13
Primal Bound       : +1.00000000000000e+20 (0 solutions)
Dual Bound         : +5.90000000000000e+01
Gap                : infinite

primal solution (original space):
=================================

no solution available

Statistics
==========

SCIP Status        : solving was interrupted [termination signal received]
Total Time         :       6.16
  solving          :       6.16
  presolving       :       0.83 (included in solving)
  reading          :       0.00
  copying          :       0.03 (4 #copies) (minimal 0.00, maximal 0.01, average 0.01)
Original Problem   :
  Problem name     : /Users/maxbig/Coursework_multiprocessing/Coursework/SCIP/SCIPOptSuite-9.2.1-Linux/inputs/new_no_tr/order/layered_15_buf_times_P3_M1050_down_left_input.lp
  Variables        : 886 (870 binary, 16 integer, 0 continuous)
  Implied int vars : 0 (0 binary, 0 integer, 0 continuous)
  Constraints      : 2918 initial, 2918 maximal
  Objective        : minimize, 1 non-zeros (abs.min = 1, abs.max = 1)
Presolved Problem  :
  Problem name     : t_/Users/maxbig/Coursework_multiprocessing/Coursework/SCIP/SCIPOptSuite-9.2.1-Linux/inputs/new_no_tr/order/layered_15_buf_times_P3_M1050_down_left_input.lp
  Variables        : 782 (766 binary, 16 integer, 0 continuous)
  Implied int vars : 0 (0 binary, 0 integer, 0 continuous)
  Constraints      : 2266 initial, 2362 maximal
  Objective        : minimize, 1 non-zeros (abs.min = 1, abs.max = 1)
  Nonzeros         : 7410 constraint, 224 clique table
Presolvers         :   ExecTime  SetupTime  Calls  FixedVars   AggrVars   ChgTypes  ChgBounds   AddHoles    DelCons    AddCons   ChgSides   ChgCoefs
  boundshift       :       0.00       0.00      0          0          0          0          0          0          0          0          0          0
  convertinttobin  :       0.00       0.00      0          0          0          0          0          0          0          0          0          0
  domcol           :       0.00       0.00      3          0          0          0          0          0          0          0          0          0
  dualagg          :       0.00       0.00      0          0          0          0          0          0          0          0          0          0
  dualcomp         :       0.00       0.00      0          0          0          0          0          0          0          0          0          0
  dualinfer        :       0.00       0.00      0          0          0          0          0          0          0          0          0          0
  dualsparsify     :       0.01       0.00      1          0          0          0          0          0          0          0          0          0
  gateextraction   :       0.00       0.00      3          0          0          0          0          0          0          0          0          0
  implics          :       0.00       0.00      7          0          0          0          0          0          0          0          0          0
  implint          :       0.00       0.00      0          0          0          0          0          0          0          0          0          0
  inttobinary      :       0.00       0.00     11          0          0          0          0          0          0          0          0          0
  milp             :       0.01       0.00      1          0          0          0          0          0          0          0          0          0
  qpkktref         :       0.00       0.00      0          0          0          0          0          0          0          0          0          0
  redvub           :       0.00       0.00      0          0          0          0          0          0          0          0          0          0
  sparsify         :       0.00       0.00      1          0          0          0          0          0          0          0          0          0
  stuffing         :       0.00       0.00      0          0          0          0          0          0          0          0          0          0
  trivial          :       0.00       0.00     11         38          0          0          0          0          0          0          0          0
  tworowbnd        :       0.00       0.00      0          0          0          0          0          0          0          0          0          0
  dualfix          :       0.00       0.00     11         15          0          0          0          0          0          0          0          0
  genvbounds       :       0.00       0.00      0          0          0          0          0          0          0          0          0          0
  probing          :       0.77       0.00      3          0         12          0          1          0          0          0          0          0
  pseudoobj        :       0.00       0.00      0          0          0          0          0          0          0          0          0          0
  symmetry         :       0.01       0.00      1          2          0          0          0          0          0          3          0          0
  vbounds          :       0.00       0.00      2          0         14          0          0          0          0          0          0          0
  varbound         :       0.00       0.00     13          0          0          0          0          0          0          0          0          0
  knapsack         :       0.00       0.00     16          0          0          0          0          0          0          6          6         12
  setppc           :       0.00       0.00     16          0          1          0          0          0          2          0          0          0
  linear           :       0.02       0.00     16         21          0          0         37          0        480          0          0          0
  orbitope_pp      :       0.00       0.00      3          1          0          0          0          0          0          0          0          0
  logicor          :       0.01       0.00     16          0          0          0          0          0        179          0          0         83
  bounddisjunction :       0.00       0.00      0          0          0          0          0          0          0          0          0          0
  components       :       0.00       0.00      1          0          0          0          0          0          0          0          0          0
  root node        :          -          -      -          2          -          -         11          -          -          -          -          -
Constraints        :     Number  MaxNumber  #Separate #Propagate    #EnfoLP    #EnfoRelax  #EnfoPS    #Check   #ResProp    Cutoffs    DomReds       Cuts    Applied      Conss   Children
  integral         :          0          0          0          0         12          0          0         13          0          0          0          0          0          0         24
  varbound         :         44         44         22       9998          0          0          0          9          0          0          0          0          0          0          0
  knapsack         :         13         13         22       9892          0          0          0          7          4          0          0         45          1          0          0
  setppc           :         20+        30         22       8245          0          0          0          6         34          6         12          0          0          0          0
  linear           :       1105+      1106         22       9992          0          0          0          7         62         54          1          0          0          0          0
  orbitope_pp      :          3          3          0       4770          0          0          0          0          1          0          0          0          0          0          0
  logicor          :       1081+      1141         22       1032          0          0          0          0         65          5         33          0          0          0          0
  bounddisjunction :          0+        25          0       1146          0          0          0          0          0          0          0          0          0          0          0
  fixedvar         :          0          0          0          0          0          0          0          0          0          0          0          0          0          0          0
  countsols        :          0          0          0          0          0          0          0          0          0          0          0          0          0          0          0
  components       :          0          0          0          0          0          0          0          0          0          0          0          0          0          0          0
Constraint Timings :  TotalTime  SetupTime   Separate  Propagate     EnfoLP     EnfoPS     EnfoRelax   Check    ResProp    SB-Prop
  integral         :       0.07       0.00       0.00       0.00       0.07       0.00       0.00       0.00       0.00       0.00
  varbound         :       0.14       0.00       0.00       0.14       0.00       0.00       0.00       0.00       0.00       0.00
  knapsack         :       0.00       0.00       0.00       0.00       0.00       0.00       0.00       0.00       0.00       0.00
  setppc           :       0.00       0.00       0.00       0.00       0.00       0.00       0.00       0.00       0.00       0.00
  linear           :       0.74       0.00       0.00       0.73       0.00       0.00       0.00       0.00       0.00       0.00
  orbitope_pp      :       0.00       0.00       0.00       0.00       0.00       0.00       0.00       0.00       0.00       0.00
  logicor          :       0.02       0.00       0.01       0.01       0.00       0.00       0.00       0.00       0.00       0.00
  bounddisjunction :       0.00       0.00       0.00       0.00       0.00       0.00       0.00       0.00       0.00       0.00
  fixedvar         :       0.00       0.00       0.00       0.00       0.00       0.00       0.00       0.00       0.00       0.00
  countsols        :       0.00       0.00       0.00       0.00       0.00       0.00       0.00       0.00       0.00       0.00
  components       :       0.00       0.00       0.00       0.00       0.00       0.00       0.00       0.00       0.00       0.00
Propagators        : #Propagate   #ResProp    Cutoffs    DomReds
  dualfix          :          2          0          0          0
  genvbounds       :          0          0          0          0
  nlobbt           :          0          0          0          0
  obbt             :          0          0          0          0
  probing          :          0          0          0          0
  pseudoobj        :          9          0          0          9
  redcost          :          0          0          0          0
  rootredcost      :          0          0          0          0
  symmetry         :          0          0          0          0
  vbounds          :       2740         93          5          2
Propagator Timings :  TotalTime  SetupTime   Presolve  Propagate    ResProp    SB-Prop
  dualfix          :       0.00       0.00       0.00       0.00       0.00       0.00
  genvbounds       :       0.00       0.00       0.00       0.00       0.00       0.00
  nlobbt           :       0.00       0.00       0.00       0.00       0.00       0.00
  obbt             :       0.00       0.00       0.00       0.00       0.00       0.00
  probing          :       0.77       0.00       0.77       0.00       0.00       0.00
  pseudoobj        :       0.00       0.00       0.00       0.00       0.00       0.00
  redcost          :       0.00       0.00       0.00       0.00       0.00       0.00
  rootredcost      :       0.00       0.00       0.00       0.00       0.00       0.00
  symmetry         :       0.01       0.00       0.01       0.00       0.00       0.00
  vbounds          :       0.08       0.00       0.00       0.08       0.00       0.00
Symmetry           :
  #affected vars   :        661 (653 bin, 8 int, 0 cont)
  orbitopal red.   :          0 reductions applied,          0 cutoffs
  orbital reduction:          0 reductions applied,          0 cutoffs
  lexicographic red:          0 reductions applied,          0 cutoffs
  shadow tree time :       0.00 s
Conflict Analysis  :       Time      Calls    Success    DomReds  Conflicts   Literals    Reconvs ReconvLits   Dualrays   Nonzeros   LP Iters   (pool size: [10000,10000])
  propagation      :       0.00         36         36          -         45        4.2          0        0.0          -          -          -
  infeasible LP    :       0.00         25         27          -         32        3.2          0        0.0         25        3.1          0
  bound exceed. LP :       0.00          0          0          -          0        0.0          0        0.0          0        0.0          0
  strong branching :       0.00          0          0          -          0        0.0          0        0.0          -          -          0
  pseudo solution  :       0.00          0          0          -          0        0.0          0        0.0          -          -          -
  applied globally :       0.00          -          -          2         75        3.7          -          -         25          -          -
  applied locally  :          -          -          -          0          0        0.0          -          -          0          -          -
Gen. Resolution CA :       Time      Calls    Success  Conflicts  LargeCoef  LongConfs    Length
  propagation      :       0.00          0          0          0          0          0       0.0
Separators         :   ExecTime  SetupTime      Calls  RootCalls    Cutoffs    DomReds  FoundCuts ViaPoolAdd  DirectAdd    Applied ViaPoolApp  DirectApp      Conss
  cut pool         :       0.01          -         45         41          -          -       2435       2965          -          -          -          -          -    (maximal pool size:       2417)
  aggregation      :       0.03       0.00         24         22          0          0         62         72          0         32         32          0          0
  > cmir           :          -          -          -          -          -          -          -         71          0         32         32          0          -
  > flowcover      :          -          -          -          -          -          -          -          1          0          0          0          0          -
  > knapsackcover  :          -          -          -          -          -          -          -          0          0          0          0          0          -
  cgmip            :       0.00       0.00          0          0          0          0          0          0          0          0          0          0          0
  clique           :       0.00       0.00         22         22          0          0          0          0          0          0          0          0          0
  closecuts        :       0.00       0.00          0          0          0          0          0          0          0          0          0          0          0
  convexproj       :       0.00       0.00          0          0          0          0          0          0          0          0          0          0          0
  disjunctive      :       0.00       0.00          0          0          0          0          0          0          0          0          0          0          0
  eccuts           :       0.00       0.00          0          0          0          0          0          0          0          0          0          0          0
  flower           :       0.00       0.00         25         22          0          0          0          0          0          0          0          0          0
  gauge            :       0.00       0.00          0          0          0          0          0          0          0          0          0          0          0
  gomory           :       0.11       0.00         12         10          0          0       1952       2250          0        127        127          0          0
  > gomorymi       :          -          -          -          -          -          -          -       1051          0         56         56          0          -
  > strongcg       :          -          -          -          -          -          -          -       1199          0         71         71          0          -
  impliedbounds    :       0.00       0.00         24         22          0          0        334        568          0        109        109          0          0
  interminor       :       0.00       0.00          0          0          0          0          0          0          0          0          0          0          0
  intobj           :       0.00       0.00          0          0          0          0          0          0          0          0          0          0          0
  lagromory        :       0.00       0.00          0          0          0          0          0          0          0          0          0          0          0
  mcf              :       0.00       0.00          1          1          0          0          0          0          0          0          0          0          0
  minor            :       0.00       0.00          0          0          0          0          0          0          0          0          0          0          0
  mixing           :       0.00       0.00         24         22          0          0          0          0          0          0          0          0          0
  oddcycle         :       0.00       0.00          0          0          0          0          0          0          0          0          0          0          0
  rapidlearning    :       4.05       0.00          3          1          0          3          0          0          0          0          0          0          0
  rlt              :       0.00       0.00         10         10          0          0          0          0          0          0          0          0          0
  zerohalf         :       0.02       0.00         22         20          0          0         72         75          3         59         57          2          0
Cutselectors       :   ExecTime  SetupTime      Calls  RootCalls   Selected     Forced   Filtered  RootSelec   RootForc   RootFilt 
  hybrid           :       0.00       0.00         23         21        328          0       2685        318          0       2583
  ensemble         :       0.00       0.00          0          0          0          0          0          0          0          0
  dynamic          :       0.00       0.00          0          0          0          0          0          0          0          0
Pricers            :   ExecTime  SetupTime      Calls       Vars
  problem variables:       0.00          -          0          0
Branching Rules    :   ExecTime  SetupTime   BranchLP  BranchExt   BranchPS    Cutoffs    DomReds       Cuts      Conss   Children
  allfullstrong    :       0.00       0.00          0          0          0          0          0          0          0          0
  cloud            :       0.00       0.00          0          0          0          0          0          0          0          0
  distribution     :       0.00       0.00          0          0          0          0          0          0          0          0
  fullstrong       :       0.00       0.00          0          0          0          0          0          0          0          0
  gomory           :       0.00       0.00          0          0          0          0          0          0          0          0
  inference        :       0.00       0.00          0          0          0          0          0          0          0          0
  leastinf         :       0.00       0.00          0          0          0          0          0          0          0          0
  lookahead        :       0.00       0.00          0          0          0          0          0          0          0          0
  mostinf          :       0.00       0.00          0          0          0          0          0          0          0          0
  multaggr         :       0.00       0.00          0          0          0          0          0          0          0          0
  nodereopt        :       0.00       0.00          0          0          0          0          0          0          0          0
  pscost           :       0.00       0.00          0          0          0          0          0          0          0          0
  random           :       0.00       0.00          0          0          0          0          0          0          0          0
  relpscost        :       0.07       0.00         12          0          0          0          0          0          0         24
  vanillafullstrong:       0.00       0.00          0          0          0          0          0          0          0          0
Primal Heuristics  :   ExecTime  SetupTime      Calls      Found       Best
  LP solutions     :       0.00          -          -          0          0
  relax solutions  :       0.00          -          -          0          0
  pseudo solutions :       0.00          -          -          0          0
  strong branching :       0.00          -          -          0          0
  actconsdiving    :       0.00       0.00          0          0          0
  adaptivediving   :       0.00       0.00          0          0          0
  alns             :       0.00       0.00          0          0          0
  bound            :       0.00       0.00          0          0          0
  clique           :       0.01       0.00          1          0          0
  coefdiving       :       0.00       0.00          0          0          0
  completesol      :       0.00       0.00          0          0          0
  conflictdiving   :       0.24       0.00          1          0          0
  crossover        :       0.00       0.00          0          0          0
  dins             :       0.00       0.00          0          0          0
  distributiondivin:       0.00       0.00          0          0          0
  dks              :       0.00       0.00          0          0          0
  dps              :       0.00       0.00          0          0          0
  dualval          :       0.00       0.00          0          0          0
  farkasdiving     :       0.00       0.00          0          0          0
  feaspump         :       0.01       0.00          1          0          0
  fixandinfer      :       0.00       0.00          0          0          0
  fracdiving       :       0.00       0.00          0          0          0
  gins             :       0.00       0.00          0          0          0
  guideddiving     :       0.00       0.00          0          0          0
  indicator        :       0.00       0.00          0          0          0
  indicatordiving  :       0.00       0.00          0          0          0
  intdiving        :       0.00       0.00          0          0          0
  intshifting      :       0.00       0.00          0          0          0
  linesearchdiving :       0.00       0.00          0          0          0
  localbranching   :       0.00       0.00          0          0          0
  locks            :       0.03       0.00          1          0          0
  lpface           :       0.00       0.00          0          0          0
  mpec             :       0.00       0.00          0          0          0
  multistart       :       0.00       0.00          0          0          0
  mutation         :       0.00       0.00          0          0          0
  nlpdiving        :       0.00       0.00          0          0          0
  objpscostdiving  :       0.00       0.00          0          0          0
  octane           :       0.00       0.00          0          0          0
  ofins            :       0.00       0.00          0          0          0
  oneopt           :       0.00       0.00          0          0          0
  padm             :       0.00       0.00          0          0          0
  proximity        :       0.00       0.00          0          0          0
  pscostdiving     :       0.04       0.00          1          0          0
  randrounding     :       0.33       0.00         34          0          0
  rens             :       0.01       0.00          1          0          0
  reoptsols        :       0.00       0.00          0          0          0
  repair           :       0.00       0.00          0          0          0
  rins             :       0.00       0.00          0          0          0
  rootsoldiving    :       0.00       0.00          0          0          0
  rounding         :       0.00       0.00         37          0          0
  scheduler        :       0.00       0.00          0          0          0
  shiftandpropagate:       0.04       0.00          1          0          0
  shifting         :       0.05       0.00         28          0          0
  simplerounding   :       0.00       0.00         46          0          0
  subnlp           :       0.00       0.00          0          0          0
  trivial          :       0.00       0.00          2          0          0
  trivialnegation  :       0.00       0.00          0          0          0
  trustregion      :       0.00       0.00          0          0          0
  trysol           :       0.00       0.00          0          0          0
  twoopt           :       0.00       0.00          0          0          0
  undercover       :       0.00       0.00          0          0          0
  vbounds          :       0.14       0.00          1          0          0
  veclendiving     :       0.00       0.00          0          0          0
  zeroobj          :       0.00       0.00          0          0          0
  zirounding       :       0.00       0.00         12          0          0
  other solutions  :          -          -          -          0          -
LNS (Scheduler)    :      Calls  SetupTime  SolveTime SolveNodes       Sols       Best       Exp3    Exp3-IX  EpsGreedy        UCB TgtFixRate  Opt  Inf Node Stal  Sol  Usr Othr Actv
  rens             :          0       0.00       0.00          0          0          0    0.00000    0.12500   -1.00000    1.00000      0.900    0    0    0    0    0    0    0    1
  rins             :          0       0.00       0.00          0          0          0    0.00000    0.12500   -1.00000    1.00000      0.900    0    0    0    0    0    0    0    1
  mutation         :          0       0.00       0.00          0          0          0    0.00000    0.12500   -1.00000    1.00000      0.900    0    0    0    0    0    0    0    1
  localbranching   :          0       0.00       0.00          0          0          0    0.00000    0.12500   -1.00000    1.00000      0.900    0    0    0    0    0    0    0    1
  crossover        :          0       0.00       0.00          0          0          0    0.00000    0.12500   -1.00000    1.00000      0.900    0    0    0    0    0    0    0    1
  proximity        :          0       0.00       0.00          0          0          0    0.00000    0.12500   -1.00000    1.00000      0.900    0    0    0    0    0    0    0    1
  zeroobjective    :          0       0.00       0.00          0          0          0    0.00000    0.12500   -1.00000    1.00000      0.900    0    0    0    0    0    0    0    1
  dins             :          0       0.00       0.00          0          0          0    0.00000    0.12500   -1.00000    1.00000      0.900    0    0    0    0    0    0    0    1
  trustregion      :          0       0.00       0.00          0          0          0    0.00000    0.00000   -1.00000    1.00000      0.900    0    0    0    0    0    0    0    0
LP                 :       Time      Calls Iterations  Iter/call   Iter/sec  Time-0-It Calls-0-It
  primal LP        :       0.00          5          0       0.00          -       0.00          5
  dual LP          :       0.08         46       2292      50.93   30219.13       0.00          1
  lex dual LP      :       0.00          0          0       0.00          -
  barrier LP       :       0.00          0          0       0.00          -       0.00          0
  resolve instable :       0.00          0          0       0.00          -
  diving/probing LP:       0.25         60       2974      49.57   12034.05
  strong branching :       0.06         17       1253      73.71   22059.47          -          -          0
    (at root node) :          -         17       1253      73.71          -
  conflict analysis:       0.00          0          0       0.00          -
Relaxators         :       Time      Calls    Cutoffs ImprBounds   ImprTime ReducedDom  Separated AddedConss
  benders          :       0.00          0          0          0       0.00          0          0          0
B&B Tree           :
  number of runs   :          1
  nodes            :         13 (12 internal, 1 leaves)
  feasible leaves  :          0
  infeas. leaves   :          0
  objective leaves :          0
  nodes (total)    :         13 (12 internal, 1 leaves)
  nodes left       :         13
  max depth        :         10
  max depth (total):         10
  backtracks       :          1 (7.7%)
  early backtracks :          0 (0.0%)
  nodes exc. ref.  :          0 (0.0%)
  delayed cutoffs  :          0
  repropagations   :          0 (0 domain reductions, 0 cutoffs)
  avg switch length:       1.54
  switching time   :       0.00
Root Node          :
  First LP value   : +4.80000000000000e+01
  First LP Iters   :        392 (56852.79 Iter/sec)
  First LP Time    :       0.01
  Final Dual Bound : +5.90000000000000e+01
  Final Root Iters :       3080
  Root LP Estimate : +5.90026468846331e+01
Solution           :
  Solutions found  :          0 (0 improvements)
  Primal Bound     :          -
  Dual Bound       : +5.90000000000000e+01
  Gap              :   infinite
Integrals          :      Total       Avg%
  primal-dual      :     615.97     100.00
  primal-ref       :          -          - (not evaluated)
  dual-ref         :          -          - (not evaluated)
