SCIP version 10.0.0 [precision: 8 byte] [memory: block] [mode: optimized] [LP solver: SoPlex 8.0.0] [GitHash: 0c80fdd8e9]
Copyright (c) 2002-2025 Zuse Institute Berlin (ZIB)

External libraries: 
  Readline 8.3         GNU library for command line editing (gnu.org/s/readline)
  SoPlex 8.0.0         Linear programming solver developed at Zuse Institute Berlin (soplex.zib.de) [GitHash: 2207cfb2]
  CppAD 20180000.0     Algorithmic Differentiation of C++ algorithms developed by B. Bell (github.com/coin-or/CppAD)
  ZLIB 1.2.12          General purpose compression library by J. Gailly and M. Adler (zlib.net)
  MPFR 4.2.2           GNU Multiple Precision Floating-Point Reliable Library (mpfr.org)
  Boost 1.89.0         Boost C++ Libraries (boost.org)
  TinyCThread 1.2      small portable implementation of the C11 threads API (tinycthread.github.io)
  GMP 6.3.0            GNU Multiple Precision Arithmetic Library developed by T. Granlund (gmplib.org)
  AMPL/MP 4.0.3        AMPL .nl file reader library (github.com/ampl/mp)
  PaPILO 3.0.0         parallel presolve for integer and linear optimization (github.com/scipopt/papilo) (built with TBB)
  Nauty 2.8.8          Computing Graph Automorphism Groups by Brendan D. McKay (users.cecs.anu.edu.au/~bdm/nauty)
  sassy 2.0            Symmetry preprocessor by Markus Anders (github.com/markusa4/sassy)
  Ipopt 3.14.19        Interior Point Optimizer developed by A. Waechter et.al. (github.com/coin-or/Ipopt)

reading user parameter file </Users/maxbig/SCIP/SCIPOptSuite-9.2.1-Linux/only_time.set>

read problem </Users/maxbig/SCIP/SCIPOptSuite-9.2.1-Linux/inputs/new_no_tr/order/layered_12_2_buf_times_P3_M11500_tiers_input.lp>
============

original problem has 625 variables (612 bin, 13 int, 0 cont) and 2019 constraints

solve problem
=============

presolving:
(round 1, fast)       57 del vars, 36 del conss, 0 add conss, 21 chg bounds, 0 chg sides, 0 chg coeffs, 0 upgd conss, 0 impls, 12 clqs, 0 implints
   (0.0s) running MILP presolver
   (0.0s) MILP presolver (2 rounds): 0 aggregations, 0 fixings, 0 bound changes
(round 2, exhaustive) 57 del vars, 322 del conss, 0 add conss, 21 chg bounds, 2 chg sides, 0 chg coeffs, 0 upgd conss, 0 impls, 12 clqs, 0 implints
(round 3, fast)       58 del vars, 323 del conss, 0 add conss, 21 chg bounds, 2 chg sides, 0 chg coeffs, 0 upgd conss, 0 impls, 12 clqs, 0 implints
(round 4, exhaustive) 58 del vars, 323 del conss, 0 add conss, 21 chg bounds, 2 chg sides, 0 chg coeffs, 848 upgd conss, 0 impls, 12 clqs, 0 implints
(round 5, exhaustive) 58 del vars, 326 del conss, 0 add conss, 21 chg bounds, 5 chg sides, 0 chg coeffs, 848 upgd conss, 0 impls, 12 clqs, 0 implints
   (0.7s) probing cycle finished: starting next cycle
   (0.7s) symmetry computation started: requiring (bin +, int +, cont +), (fixed: bin -, int -, cont -)
   (0.7s) symmetry computation finished: 2 generators found (max: 1500, log10 of symmetry group size: 0.78) (symcode time: 0.00)
dynamic symmetry handling statistics:
   orbitopal reduction:       no components
   orbital reduction:         no components
   lexicographic reduction:   no permutations
handled 1 out of 1 symmetry components
(round 6, exhaustive) 62 del vars, 326 del conss, 1 add conss, 21 chg bounds, 5 chg sides, 0 chg coeffs, 848 upgd conss, 2436 impls, 11 clqs, 0 implints
(round 7, fast)       64 del vars, 436 del conss, 1 add conss, 21 chg bounds, 5 chg sides, 66 chg coeffs, 848 upgd conss, 2436 impls, 74 clqs, 0 implints
(round 8, medium)     76 del vars, 436 del conss, 1 add conss, 21 chg bounds, 5 chg sides, 66 chg coeffs, 848 upgd conss, 2436 impls, 50 clqs, 0 implints
(round 9, fast)       76 del vars, 460 del conss, 1 add conss, 21 chg bounds, 5 chg sides, 66 chg coeffs, 848 upgd conss, 2436 impls, 50 clqs, 0 implints
   (0.8s) probing cycle finished: starting next cycle
(round 10, exhaustive) 86 del vars, 460 del conss, 1 add conss, 21 chg bounds, 5 chg sides, 66 chg coeffs, 848 upgd conss, 2436 impls, 42 clqs, 0 implints
(round 11, fast)       86 del vars, 470 del conss, 1 add conss, 21 chg bounds, 5 chg sides, 66 chg coeffs, 848 upgd conss, 2436 impls, 42 clqs, 0 implints
   (0.9s) probing: 472/527 (89.6%) - 0 fixings, 10 aggregations, 3042 implications, 0 bound changes
   (0.9s) probing aborted: 50/50 successive totally useless probings
presolving (12 rounds: 12 fast, 7 medium, 6 exhaustive):
 86 deleted vars, 470 deleted constraints, 1 added constraints, 21 tightened bounds, 0 added holes, 5 changed sides, 66 changed coefficients
 2436 implications, 42 cliques, 0 implied integral variables (0 bin, 0 int, 0 cont)
presolved problem has 540 variables (527 bin, 13 int, 0 cont) and 1550 constraints
     33 constraints of type <varbound>
     11 constraints of type <knapsack>
     10 constraints of type <setppc>
    845 constraints of type <linear>
      1 constraints of type <orbitope_pp>
    650 constraints of type <logicor>
transformed objective value is always integral (scale: 1)
Presolving Time: 0.85

 time | node  | left  |LP iter|LP it/n|mem/heur|mdpt |vars |cons |rows |cuts |sepa|confs|strbr|  dualbound   | primalbound  |  gap   | compl. 
  1.0s|     1 |     0 |   349 |     - |    19M |   0 | 540 |1569 |1549 |   0 |  0 |  21 |   0 | 2.100000e+01 |      --      |    Inf | unknown
  2.5s|     1 |     0 |   867 |     - |    19M |   0 | 540 |1569 |1628 |  79 |  1 |  21 |   0 | 2.100000e+01 |      --      |    Inf | unknown
  2.5s|     1 |     0 |   998 |     - |    19M |   0 | 540 |1570 |1678 | 129 |  2 |  22 |   0 | 2.100000e+01 |      --      |    Inf | unknown
  2.5s|     1 |     0 |  1113 |     - |    20M |   0 | 540 |1571 |1689 | 140 |  3 |  23 |   0 | 2.100000e+01 |      --      |    Inf | unknown
  2.5s|     1 |     0 |  1188 |     - |    21M |   0 | 540 |1573 |1698 | 149 |  4 |  25 |   0 | 2.100000e+01 |      --      |    Inf | unknown
  2.6s|     1 |     0 |  1276 |     - |    22M |   0 | 540 |1575 |1707 | 158 |  5 |  27 |   0 | 2.141492e+01 |      --      |    Inf | unknown
  2.6s|     1 |     0 |  1323 |     - |    22M |   0 | 540 |1575 |1705 | 158 |  5 |  27 |   0 | 2.200000e+01 |      --      |    Inf | unknown
  2.6s|     1 |     0 |  1377 |     - |    23M |   0 | 540 |1576 |1719 | 172 |  6 |  28 |   0 | 2.208252e+01 |      --      |    Inf | unknown
  2.6s|     1 |     0 |  1412 |     - |    23M |   0 | 540 |1578 |1718 | 172 |  6 |  30 |   0 | 2.300000e+01 |      --      |    Inf | unknown
  2.6s|     1 |     0 |  1447 |     - |    25M |   0 | 540 |1579 |1728 | 182 |  7 |  31 |   0 | 2.300000e+01 |      --      |    Inf | unknown
  2.6s|     1 |     0 |  1485 |     - |    25M |   0 | 540 |1579 |1739 | 193 |  8 |  31 |   0 | 2.300000e+01 |      --      |    Inf | unknown
  2.6s|     1 |     0 |  1526 |     - |    25M |   0 | 540 |1580 |1752 | 206 |  9 |  32 |   0 | 2.374719e+01 |      --      |    Inf | unknown
  2.7s|     1 |     0 |  1536 |     - |    25M |   0 | 540 |1582 |1751 | 206 |  9 |  34 |   0 | 2.400000e+01 |      --      |    Inf | unknown
  2.7s|     1 |     0 |  1602 |     - |    27M |   0 | 540 |1583 |1772 | 227 | 10 |  35 |   0 | 2.411953e+01 |      --      |    Inf | unknown
  2.7s|     1 |     0 |  1644 |     - |    27M |   0 | 540 |1584 |1637 | 227 | 10 |  36 |   0 | 2.500000e+01 |      --      |    Inf | unknown
 time | node  | left  |LP iter|LP it/n|mem/heur|mdpt |vars |cons |rows |cuts |sepa|confs|strbr|  dualbound   | primalbound  |  gap   | compl. 
  2.7s|     1 |     0 |  1701 |     - |    27M |   0 | 540 |1584 |1647 | 237 | 11 |  36 |   0 | 2.500000e+01 |      --      |    Inf | unknown
  2.7s|     1 |     0 |  1780 |     - |    27M |   0 | 540 |1584 |1658 | 248 | 12 |  36 |   0 | 2.500000e+01 |      --      |    Inf | unknown
  2.7s|     1 |     0 |  1812 |     - |    27M |   0 | 540 |1586 |1645 | 257 | 13 |  38 |   0 | 2.523777e+01 |      --      |    Inf | unknown
  2.7s|     1 |     0 |  1825 |     - |    27M |   0 | 540 |1588 |1639 | 257 | 13 |  40 |   0 | 2.600000e+01 |      --      |    Inf | unknown
  2.7s|     1 |     0 |  1843 |     - |    27M |   0 | 540 |1589 |1646 | 264 | 14 |  41 |   0 | 2.600000e+01 |      --      |    Inf | unknown
  2.7s|     1 |     0 |  1892 |     - |    27M |   0 | 540 |1592 |1654 | 272 | 15 |  44 |   0 | 2.600000e+01 |      --      |    Inf | unknown
  2.7s|     1 |     0 |  1917 |     - |    28M |   0 | 540 |1593 |1658 | 276 | 16 |  45 |   0 | 2.600000e+01 |      --      |    Inf | unknown
  2.7s|     1 |     0 |  1945 |     - |    28M |   0 | 540 |1594 |1663 | 281 | 17 |  46 |   0 | 2.615027e+01 |      --      |    Inf | unknown
  2.7s|     1 |     0 |  1965 |     - |    28M |   0 | 540 |1595 |1657 | 281 | 17 |  47 |   0 | 2.700000e+01 |      --      |    Inf | unknown
  2.7s|     1 |     0 |  1977 |     - |    28M |   0 | 540 |1595 |1661 | 285 | 18 |  47 |   0 | 2.700000e+01 |      --      |    Inf | unknown
  2.8s|     1 |     0 |  2033 |     - |    28M |   0 | 540 |1595 |1667 | 291 | 19 |  47 |   0 | 2.700000e+01 |      --      |    Inf | unknown
  2.8s|     1 |     0 |  2076 |     - |    28M |   0 | 540 |1596 |1674 | 298 | 20 |  48 |   0 | 2.700000e+01 |      --      |    Inf | unknown
  2.8s|     1 |     2 |  2394 |     - |    28M |   0 | 540 |1607 |1674 | 298 | 21 |  59 |  17 | 2.700000e+01 |      --      |    Inf | unknown

SCIP Status        : solving was interrupted [termination signal received]
Solving Time (sec) : 4.94
Solving Nodes      : 6
Primal Bound       : +1.00000000000000e+20 (0 solutions)
Dual Bound         : +2.70000000000000e+01
Gap                : infinite

primal solution (original space):
=================================

no solution available

Statistics
==========

SCIP Status        : solving was interrupted [termination signal received]
Total Time         :       4.95
  solving          :       4.94
  presolving       :       0.85 (included in solving)
  reading          :       0.00
  copying          :       0.01 (3 #copies) (minimal 0.00, maximal 0.01, average 0.00)
Original Problem   :
  Problem name     : /Users/maxbig/SCIP/SCIPOptSuite-9.2.1-Linux/inputs/new_no_tr/order/layered_12_2_buf_times_P3_M11500_tiers_input.lp
  Variables        : 625 (612 binary, 13 integer, 0 continuous)
  Implied int vars : 0 (0 binary, 0 integer, 0 continuous)
  Constraints      : 2019 initial, 2019 maximal
  Objective        : minimize, 1 non-zeros (abs.min = 1, abs.max = 1)
Presolved Problem  :
  Problem name     : t_/Users/maxbig/SCIP/SCIPOptSuite-9.2.1-Linux/inputs/new_no_tr/order/layered_12_2_buf_times_P3_M11500_tiers_input.lp
  Variables        : 540 (527 binary, 13 integer, 0 continuous)
  Implied int vars : 0 (0 binary, 0 integer, 0 continuous)
  Constraints      : 1550 initial, 1607 maximal
  Objective        : minimize, 1 non-zeros (abs.min = 1, abs.max = 1)
  Nonzeros         : 5113 constraint, 98 clique table
Presolvers         :   ExecTime  SetupTime  Calls  FixedVars   AggrVars   ChgTypes  ChgBounds   AddHoles    DelCons    AddCons   ChgSides   ChgCoefs
  boundshift       :       0.00       0.00      0          0          0          0          0          0          0          0          0          0
  convertinttobin  :       0.00       0.00      0          0          0          0          0          0          0          0          0          0
  domcol           :       0.00       0.00      3          0          0          0          0          0          0          0          0          0
  dualagg          :       0.00       0.00      0          0          0          0          0          0          0          0          0          0
  dualcomp         :       0.00       0.00      0          0          0          0          0          0          0          0          0          0
  dualinfer        :       0.00       0.00      0          0          0          0          0          0          0          0          0          0
  dualsparsify     :       0.01       0.00      1          0          0          0          0          0          0          0          0          0
  gateextraction   :       0.00       0.00      4          0          0          0          0          0          0          0          0          0
  implics          :       0.00       0.00      7          0          0          0          0          0          0          0          0          0
  implint          :       0.00       0.00      0          0          0          0          0          0          0          0          0          0
  inttobinary      :       0.00       0.00     12          0          0          0          0          0          0          0          0          0
  milp             :       0.00       0.00      1          0          0          0          0          0          0          0          0          0
  qpkktref         :       0.00       0.00      0          0          0          0          0          0          0          0          0          0
  redvub           :       0.00       0.00      0          0          0          0          0          0          0          0          0          0
  sparsify         :       0.00       0.00      1          0          0          0          0          0          0          0          0          0
  stuffing         :       0.00       0.00      0          0          0          0          0          0          0          0          0          0
  trivial          :       0.00       0.00     12         46          0          0          0          0          0          0          0          0
  tworowbnd        :       0.00       0.00      0          0          0          0          0          0          0          0          0          0
  dualfix          :       0.00       0.00     12         13          0          0          0          0          0          0          0          0
  genvbounds       :       0.00       0.00      0          0          0          0          0          0          0          0          0          0
  probing          :       0.81       0.00      3          0         10          0          0          0          0          0          0          0
  pseudoobj        :       0.00       0.00      0          0          0          0          0          0          0          0          0          0
  symmetry         :       0.00       0.00      1          3          0          0          0          0          0          1          0          0
  vbounds          :       0.00       0.00      2          0         12          0          0          0          0          0          0          0
  varbound         :       0.00       0.00     13          0          0          0          0          0          0          0          0          0
  knapsack         :       0.00       0.00     17          0          0          0          0          0          0          0          0          0
  setppc           :       0.00       0.00     17          0          1          0          0          0          2          0          0          0
  linear           :       0.02       0.00     18          0          0          0         21          0        326          0          5          0
  orbitope_pp      :       0.00       0.00      3          0          0          0          0          0          0          0          0          0
  logicor          :       0.00       0.00     16          0          0          0          0          0        142          0          0         66
  bounddisjunction :       0.00       0.00      0          0          0          0          0          0          0          0          0          0
  components       :       0.00       0.00      1          0          0          0          0          0          0          0          0          0
  root node        :          -          -      -          1          -          -          7          -          -          -          -          -
Constraints        :     Number  MaxNumber  #Separate #Propagate    #EnfoLP    #EnfoRelax  #EnfoPS    #Check   #ResProp    Cutoffs    DomReds       Cuts    Applied      Conss   Children
  integral         :          0          0          0          0          5          0          0         13          0          0          0          0          0          0         10
  varbound         :         33         33         21      11036          0          0          0          9          0          0          0          0          0          0          0
  knapsack         :         11         11         21      10929          0          0          0          7          0          1          0         85          9          0          0
  setppc           :         10+        13         21       9271          0          0          0          2         30          6          3          0          0          0          0
  linear           :        845        845         21      11029          0          0          0          4         80         31          0          0          0          0          0
  orbitope_pp      :          1          1          0       5350          0          0          0          0          0          0          0          0          0          0          0
  logicor          :        650+       685         21       1454          0          0          0          0         61         13          7          2          1          0          0
  bounddisjunction :          0+        19          0        504          0          0          0          0          0          0          0          0          0          0          0
  fixedvar         :          0          0          0          0          0          0          0          0          0          0          0          0          0          0          0
  countsols        :          0          0          0          0          0          0          0          0          0          0          0          0          0          0          0
  components       :          0          0          0          0          0          0          0          0          0          0          0          0          0          0          0
Constraint Timings :  TotalTime  SetupTime   Separate  Propagate     EnfoLP     EnfoPS     EnfoRelax   Check    ResProp    SB-Prop
  integral         :       0.04       0.00       0.00       0.00       0.04       0.00       0.00       0.00       0.00       0.00
  varbound         :       0.14       0.00       0.00       0.14       0.00       0.00       0.00       0.00       0.00       0.00
  knapsack         :       0.00       0.00       0.00       0.00       0.00       0.00       0.00       0.00       0.00       0.00
  setppc           :       0.00       0.00       0.00       0.00       0.00       0.00       0.00       0.00       0.00       0.00
  linear           :       0.50       0.00       0.00       0.50       0.00       0.00       0.00       0.00       0.00       0.00
  orbitope_pp      :       0.00       0.00       0.00       0.00       0.00       0.00       0.00       0.00       0.00       0.00
  logicor          :       0.01       0.00       0.00       0.01       0.00       0.00       0.00       0.00       0.00       0.00
  bounddisjunction :       0.00       0.00       0.00       0.00       0.00       0.00       0.00       0.00       0.00       0.00
  fixedvar         :       0.00       0.00       0.00       0.00       0.00       0.00       0.00       0.00       0.00       0.00
  countsols        :       0.00       0.00       0.00       0.00       0.00       0.00       0.00       0.00       0.00       0.00
  components       :       0.00       0.00       0.00       0.00       0.00       0.00       0.00       0.00       0.00       0.00
Propagators        : #Propagate   #ResProp    Cutoffs    DomReds
  dualfix          :          2          0          0          0
  genvbounds       :          0          0          0          0
  nlobbt           :          0          0          0          0
  obbt             :          0          0          0          0
  probing          :          0          0          0          0
  pseudoobj        :          6          0          0          6
  redcost          :          0          0          0          0
  rootredcost      :          0          0          0          0
  symmetry         :          0          0          0          0
  vbounds          :       1693        115          7          0
Propagator Timings :  TotalTime  SetupTime   Presolve  Propagate    ResProp    SB-Prop
  dualfix          :       0.00       0.00       0.00       0.00       0.00       0.00
  genvbounds       :       0.00       0.00       0.00       0.00       0.00       0.00
  nlobbt           :       0.00       0.00       0.00       0.00       0.00       0.00
  obbt             :       0.00       0.00       0.00       0.00       0.00       0.00
  probing          :       0.81       0.00       0.81       0.00       0.00       0.00
  pseudoobj        :       0.00       0.00       0.00       0.00       0.00       0.00
  redcost          :       0.00       0.00       0.00       0.00       0.00       0.00
  rootredcost      :       0.00       0.00       0.00       0.00       0.00       0.00
  symmetry         :       0.00       0.00       0.00       0.00       0.00       0.00
  vbounds          :       0.03       0.00       0.00       0.03       0.00       0.00
Symmetry           :
  #affected vars   :         36 (36 bin, 0 int, 0 cont)
  orbitopal red.   :          0 reductions applied,          0 cutoffs
  orbital reduction:          0 reductions applied,          0 cutoffs
  lexicographic red:          0 reductions applied,          0 cutoffs
  shadow tree time :       0.00 s
Conflict Analysis  :       Time      Calls    Success    DomReds  Conflicts   Literals    Reconvs ReconvLits   Dualrays   Nonzeros   LP Iters   (pool size: [10000,10000])
  propagation      :       0.00         40         37          -         48        3.9          0        0.0          -          -          -
  infeasible LP    :       0.00          6          7          -          8        3.8          0        0.0          6        3.3          0
  bound exceed. LP :       0.00          0          0          -          0        0.0          0        0.0          0        0.0          0
  strong branching :       0.00          0          0          -          0        0.0          0        0.0          -          -          0
  pseudo solution  :       0.00          0          0          -          0        0.0          0        0.0          -          -          -
  applied globally :       0.00          -          -          1         53        3.7          -          -          6          -          -
  applied locally  :          -          -          -          0          0        0.0          -          -          0          -          -
Gen. Resolution CA :       Time      Calls    Success  Conflicts  LargeCoef  LongConfs    Length
  propagation      :       0.00          0          0          0          0          0       0.0
Separators         :   ExecTime  SetupTime      Calls  RootCalls    Cutoffs    DomReds  FoundCuts ViaPoolAdd  DirectAdd    Applied ViaPoolApp  DirectApp      Conss
  cut pool         :       0.00          -         40         40          -          -       2406       3209          -          -          -          -          -    (maximal pool size:       2399)
  aggregation      :       0.02       0.00         21         21          0          0        134        222          0         82         82          0          0
  > cmir           :          -          -          -          -          -          -          -        196          0         78         78          0          -
  > flowcover      :          -          -          -          -          -          -          -         26          0          4          4          0          -
  > knapsackcover  :          -          -          -          -          -          -          -          0          0          0          0          0          -
  cgmip            :       0.00       0.00          0          0          0          0          0          0          0          0          0          0          0
  clique           :       0.00       0.00         21         21          0          0          0          0          0          0          0          0          0
  closecuts        :       0.00       0.00          0          0          0          0          0          0          0          0          0          0          0
  convexproj       :       0.00       0.00          0          0          0          0          0          0          0          0          0          0          0
  disjunctive      :       0.00       0.00          0          0          0          0          0          0          0          0          0          0          0
  eccuts           :       0.00       0.00          0          0          0          0          0          0          0          0          0          0          0
  flower           :       0.00       0.00         23         21          0          0          0          0          0          0          0          0          0
  gauge            :       0.00       0.00          0          0          0          0          0          0          0          0          0          0          0
  gomory           :       0.10       0.00         10         10          0          0       1875       2425          0         90         90          0          0
  > gomorymi       :          -          -          -          -          -          -          -       1150          0         43         43          0          -
  > strongcg       :          -          -          -          -          -          -          -       1275          0         47         47          0          -
  impliedbounds    :       0.00       0.00         21         21          0          0        292        442          0         65         65          0          0
  interminor       :       0.00       0.00          0          0          0          0          0          0          0          0          0          0          0
  intobj           :       0.00       0.00          0          0          0          0          0          0          0          0          0          0          0
  lagromory        :       0.00       0.00          0          0          0          0          0          0          0          0          0          0          0
  mcf              :       0.00       0.00          1          1          0          0          0          0          0          0          0          0          0
  minor            :       0.00       0.00          0          0          0          0          0          0          0          0          0          0          0
  mixing           :       0.00       0.00         21         21          0          0          0          0          0          0          0          0          0
  oddcycle         :       0.00       0.00          0          0          0          0          0          0          0          0          0          0          0
  rapidlearning    :       3.59       0.00          2          1          0          1          0          0          0          0          0          0          0
  rlt              :       0.00       0.00         10         10          0          0          0          0          0          0          0          0          0
  zerohalf         :       0.01       0.00         20         20          0          0         98        120          0         51         51          0          0
Cutselectors       :   ExecTime  SetupTime      Calls  RootCalls   Selected     Forced   Filtered  RootSelec   RootForc   RootFilt 
  hybrid           :       0.00       0.00         20         20        298          0       2998        298          0       2998
  ensemble         :       0.00       0.00          0          0          0          0          0          0          0          0
  dynamic          :       0.00       0.00          0          0          0          0          0          0          0          0
Pricers            :   ExecTime  SetupTime      Calls       Vars
  problem variables:       0.00          -          0          0
Branching Rules    :   ExecTime  SetupTime   BranchLP  BranchExt   BranchPS    Cutoffs    DomReds       Cuts      Conss   Children
  allfullstrong    :       0.00       0.00          0          0          0          0          0          0          0          0
  cloud            :       0.00       0.00          0          0          0          0          0          0          0          0
  distribution     :       0.00       0.00          0          0          0          0          0          0          0          0
  fullstrong       :       0.00       0.00          0          0          0          0          0          0          0          0
  gomory           :       0.00       0.00          0          0          0          0          0          0          0          0
  inference        :       0.00       0.00          0          0          0          0          0          0          0          0
  leastinf         :       0.00       0.00          0          0          0          0          0          0          0          0
  lookahead        :       0.00       0.00          0          0          0          0          0          0          0          0
  mostinf          :       0.00       0.00          0          0          0          0          0          0          0          0
  multaggr         :       0.00       0.00          0          0          0          0          0          0          0          0
  nodereopt        :       0.00       0.00          0          0          0          0          0          0          0          0
  pscost           :       0.00       0.00          0          0          0          0          0          0          0          0
  random           :       0.00       0.00          0          0          0          0          0          0          0          0
  relpscost        :       0.04       0.00          5          0          0          0          0          0          0         10
  vanillafullstrong:       0.00       0.00          0          0          0          0          0          0          0          0
Primal Heuristics  :   ExecTime  SetupTime      Calls      Found       Best
  LP solutions     :       0.00          -          -          0          0
  relax solutions  :       0.00          -          -          0          0
  pseudo solutions :       0.00          -          -          0          0
  strong branching :       0.00          -          -          0          0
  actconsdiving    :       0.00       0.00          0          0          0
  adaptivediving   :       0.00       0.00          0          0          0
  alns             :       0.00       0.00          0          0          0
  bound            :       0.00       0.00          0          0          0
  clique           :       0.00       0.00          1          0          0
  coefdiving       :       0.00       0.00          0          0          0
  completesol      :       0.00       0.00          0          0          0
  conflictdiving   :       0.02       0.00          1          0          0
  crossover        :       0.00       0.00          0          0          0
  dins             :       0.00       0.00          0          0          0
  distributiondivin:       0.00       0.00          0          0          0
  dks              :       0.00       0.00          0          0          0
  dps              :       0.00       0.00          0          0          0
  dualval          :       0.00       0.00          0          0          0
  farkasdiving     :       0.00       0.00          0          0          0
  feaspump         :       0.00       0.00          1          0          0
  fixandinfer      :       0.00       0.00          0          0          0
  fracdiving       :       0.00       0.00          0          0          0
  gins             :       0.00       0.00          0          0          0
  guideddiving     :       0.00       0.00          0          0          0
  indicator        :       0.00       0.00          0          0          0
  indicatordiving  :       0.00       0.00          0          0          0
  intdiving        :       0.00       0.00          0          0          0
  intshifting      :       0.00       0.00          0          0          0
  linesearchdiving :       0.00       0.00          0          0          0
  localbranching   :       0.00       0.00          0          0          0
  locks            :       0.02       0.00          1          0          0
  lpface           :       0.00       0.00          0          0          0
  mpec             :       0.00       0.00          0          0          0
  multistart       :       0.00       0.00          0          0          0
  mutation         :       0.00       0.00          0          0          0
  nlpdiving        :       0.00       0.00          0          0          0
  objpscostdiving  :       0.00       0.00          0          0          0
  octane           :       0.00       0.00          0          0          0
  ofins            :       0.00       0.00          0          0          0
  oneopt           :       0.00       0.00          0          0          0
  padm             :       0.00       0.00          0          0          0
  proximity        :       0.00       0.00          0          0          0
  pscostdiving     :       0.00       0.00          0          0          0
  randrounding     :       0.10       0.00         27          0          0
  rens             :       0.01       0.00          1          0          0
  reoptsols        :       0.00       0.00          0          0          0
  repair           :       0.00       0.00          0          0          0
  rins             :       0.00       0.00          0          0          0
  rootsoldiving    :       0.00       0.00          0          0          0
  rounding         :       0.00       0.00         30          0          0
  scheduler        :       0.00       0.00          0          0          0
  shiftandpropagate:       0.01       0.00          1          0          0
  shifting         :       0.04       0.00         26          0          0
  simplerounding   :       0.00       0.00         32          0          0
  subnlp           :       0.00       0.00          0          0          0
  trivial          :       0.00       0.00          2          0          0
  trivialnegation  :       0.00       0.00          0          0          0
  trustregion      :       0.00       0.00          0          0          0
  trysol           :       0.00       0.00          0          0          0
  twoopt           :       0.00       0.00          0          0          0
  undercover       :       0.00       0.00          0          0          0
  vbounds          :       0.07       0.00          1          0          0
  veclendiving     :       0.00       0.00          0          0          0
  zeroobj          :       0.00       0.00          0          0          0
  zirounding       :       0.00       0.00          5          0          0
  other solutions  :          -          -          -          0          -
LNS (Scheduler)    :      Calls  SetupTime  SolveTime SolveNodes       Sols       Best       Exp3    Exp3-IX  EpsGreedy        UCB TgtFixRate  Opt  Inf Node Stal  Sol  Usr Othr Actv
  rens             :          0       0.00       0.00          0          0          0    0.00000    0.12500   -1.00000    1.00000      0.900    0    0    0    0    0    0    0    1
  rins             :          0       0.00       0.00          0          0          0    0.00000    0.12500   -1.00000    1.00000      0.900    0    0    0    0    0    0    0    1
  mutation         :          0       0.00       0.00          0          0          0    0.00000    0.12500   -1.00000    1.00000      0.900    0    0    0    0    0    0    0    1
  localbranching   :          0       0.00       0.00          0          0          0    0.00000    0.12500   -1.00000    1.00000      0.900    0    0    0    0    0    0    0    1
  crossover        :          0       0.00       0.00          0          0          0    0.00000    0.12500   -1.00000    1.00000      0.900    0    0    0    0    0    0    0    1
  proximity        :          0       0.00       0.00          0          0          0    0.00000    0.12500   -1.00000    1.00000      0.900    0    0    0    0    0    0    0    1
  zeroobjective    :          0       0.00       0.00          0          0          0    0.00000    0.12500   -1.00000    1.00000      0.900    0    0    0    0    0    0    0    1
  dins             :          0       0.00       0.00          0          0          0    0.00000    0.12500   -1.00000    1.00000      0.900    0    0    0    0    0    0    0    1
  trustregion      :          0       0.00       0.00          0          0          0    0.00000    0.00000   -1.00000    1.00000      0.900    0    0    0    0    0    0    0    0
LP                 :       Time      Calls Iterations  Iter/call   Iter/sec  Time-0-It Calls-0-It
  primal LP        :       0.00          3          0       0.00          -       0.00          3
  dual LP          :       0.03         33       1467      45.84   52576.88       0.00          1
  lex dual LP      :       0.00          0          0       0.00          -
  barrier LP       :       0.00          0          0       0.00          -       0.00          0
  resolve instable :       0.00          0          0       0.00          -
  diving/probing LP:       0.06         45       1084      24.09   16908.44
  strong branching :       0.03         17       1122      66.00   38674.99          -          -          0
    (at root node) :          -         17       1122      66.00          -
  conflict analysis:       0.00          0          0       0.00          -
Relaxators         :       Time      Calls    Cutoffs ImprBounds   ImprTime ReducedDom  Separated AddedConss
  benders          :       0.00          0          0          0       0.00          0          0          0
B&B Tree           :
  number of runs   :          1
  nodes            :          6 (5 internal, 1 leaves)
  feasible leaves  :          0
  infeas. leaves   :          0
  objective leaves :          0
  nodes (total)    :          6 (5 internal, 1 leaves)
  nodes left       :          6
  max depth        :          5
  max depth (total):          5
  backtracks       :          0 (0.0%)
  early backtracks :          0 (0.0%)
  nodes exc. ref.  :          0 (0.0%)
  delayed cutoffs  :          0
  repropagations   :          0 (0 domain reductions, 0 cutoffs)
  avg switch length:       1.00
  switching time   :       0.00
Root Node          :
  First LP value   : +2.10000000000000e+01
  First LP Iters   :        326 (87728.74 Iter/sec)
  First LP Time    :       0.00
  Final Dual Bound : +2.70000000000000e+01
  Final Root Iters :       2072
  Root LP Estimate : +2.70016521214896e+01
Solution           :
  Solutions found  :          0 (0 improvements)
  Primal Bound     :          -
  Dual Bound       : +2.70000000000000e+01
  Gap              :   infinite
Integrals          :      Total       Avg%
  primal-dual      :     494.26     100.00
  primal-ref       :          -          - (not evaluated)
  dual-ref         :          -          - (not evaluated)
