SCIP version 10.0.0 [precision: 8 byte] [memory: block] [mode: optimized] [LP solver: SoPlex 8.0.0] [GitHash: 0c80fdd8e9]
Copyright (c) 2002-2025 Zuse Institute Berlin (ZIB)

External libraries: 
  Readline 8.3         GNU library for command line editing (gnu.org/s/readline)
  SoPlex 8.0.0         Linear programming solver developed at Zuse Institute Berlin (soplex.zib.de) [GitHash: 2207cfb2]
  CppAD 20180000.0     Algorithmic Differentiation of C++ algorithms developed by B. Bell (github.com/coin-or/CppAD)
  ZLIB 1.2.12          General purpose compression library by J. Gailly and M. Adler (zlib.net)
  MPFR 4.2.2           GNU Multiple Precision Floating-Point Reliable Library (mpfr.org)
  Boost 1.89.0         Boost C++ Libraries (boost.org)
  TinyCThread 1.2      small portable implementation of the C11 threads API (tinycthread.github.io)
  GMP 6.3.0            GNU Multiple Precision Arithmetic Library developed by T. Granlund (gmplib.org)
  AMPL/MP 4.0.3        AMPL .nl file reader library (github.com/ampl/mp)
  PaPILO 3.0.0         parallel presolve for integer and linear optimization (github.com/scipopt/papilo) (built with TBB)
  Nauty 2.8.8          Computing Graph Automorphism Groups by Brendan D. McKay (users.cecs.anu.edu.au/~bdm/nauty)
  sassy 2.0            Symmetry preprocessor by Markus Anders (github.com/markusa4/sassy)
  Ipopt 3.14.19        Interior Point Optimizer developed by A. Waechter et.al. (github.com/coin-or/Ipopt)

reading user parameter file </Users/maxbig/Coursework_multiprocessing/Coursework/SCIP/SCIPOptSuite-9.2.1-Linux/only_time.set>

read problem </Users/maxbig/Coursework_multiprocessing/Coursework/SCIP/SCIPOptSuite-9.2.1-Linux/inputs/new_no_tr/order/layered_15_buf_times_P4_M1050_up_right_input.lp>
============

original problem has 901 variables (885 bin, 16 int, 0 cont) and 3353 constraints

solve problem
=============

presolving:
(round 1, fast)       73 del vars, 61 del conss, 0 add conss, 33 chg bounds, 0 chg sides, 0 chg coeffs, 0 upgd conss, 0 impls, 58 clqs, 0 implints
(round 2, fast)       73 del vars, 61 del conss, 0 add conss, 41 chg bounds, 0 chg sides, 0 chg coeffs, 0 upgd conss, 0 impls, 58 clqs, 0 implints
   (0.0s) running MILP presolver
   (0.0s) MILP presolver (2 rounds): 0 aggregations, 0 fixings, 0 bound changes
(round 3, exhaustive) 73 del vars, 495 del conss, 0 add conss, 45 chg bounds, 0 chg sides, 0 chg coeffs, 0 upgd conss, 0 impls, 58 clqs, 0 implints
(round 4, exhaustive) 73 del vars, 495 del conss, 0 add conss, 45 chg bounds, 0 chg sides, 0 chg coeffs, 1753 upgd conss, 0 impls, 58 clqs, 0 implints
(round 5, medium)     73 del vars, 495 del conss, 6 add conss, 45 chg bounds, 6 chg sides, 12 chg coeffs, 1753 upgd conss, 0 impls, 58 clqs, 0 implints
   (0.7s) probing: 581/812 (71.6%) - 0 fixings, 0 aggregations, 2373 implications, 1 bound changes
   (0.7s) probing aborted: 50/50 successive totally useless probings
   (0.7s) symmetry computation started: requiring (bin +, int +, cont +), (fixed: bin -, int -, cont -)
   (0.7s) symmetry computation finished: 4 generators found (max: 1500, log10 of symmetry group size: 1.68) (symcode time: 0.01)
dynamic symmetry handling statistics:
   orbitopal reduction:       no components
   orbital reduction:         no components
   lexicographic reduction:   no permutations
handled 1 out of 1 symmetry components
(round 6, exhaustive) 78 del vars, 495 del conss, 12 add conss, 46 chg bounds, 6 chg sides, 12 chg coeffs, 1753 upgd conss, 2481 impls, 57 clqs, 0 implints
(round 7, fast)       79 del vars, 676 del conss, 12 add conss, 46 chg bounds, 6 chg sides, 110 chg coeffs, 1753 upgd conss, 2481 impls, 153 clqs, 0 implints
(round 8, medium)     94 del vars, 716 del conss, 12 add conss, 46 chg bounds, 6 chg sides, 123 chg coeffs, 1753 upgd conss, 2481 impls, 137 clqs, 0 implints
(round 9, fast)       95 del vars, 745 del conss, 12 add conss, 46 chg bounds, 6 chg sides, 123 chg coeffs, 1753 upgd conss, 2481 impls, 136 clqs, 0 implints
(round 10, medium)     96 del vars, 783 del conss, 12 add conss, 46 chg bounds, 6 chg sides, 135 chg coeffs, 1753 upgd conss, 2481 impls, 146 clqs, 0 implints
   (0.7s) probing: 657/812 (80.9%) - 0 fixings, 10 aggregations, 2377 implications, 1 bound changes
   (0.7s) probing aborted: 50/50 successive totally useless probings
(round 11, exhaustive) 106 del vars, 783 del conss, 12 add conss, 46 chg bounds, 6 chg sides, 135 chg coeffs, 1753 upgd conss, 2481 impls, 139 clqs, 0 implints
(round 12, fast)       106 del vars, 794 del conss, 12 add conss, 46 chg bounds, 6 chg sides, 135 chg coeffs, 1753 upgd conss, 2481 impls, 139 clqs, 0 implints
   (0.7s) probing: 662/812 (81.5%) - 0 fixings, 10 aggregations, 2377 implications, 1 bound changes
   (0.7s) probing aborted: 50/50 successive totally useless probings
presolving (13 rounds: 13 fast, 8 medium, 5 exhaustive):
 106 deleted vars, 794 deleted constraints, 12 added constraints, 46 tightened bounds, 0 added holes, 6 changed sides, 135 changed coefficients
 2481 implications, 139 cliques, 0 implied integral variables (0 bin, 0 int, 0 cont)
presolved problem has 796 variables (780 bin, 16 int, 0 cont) and 2571 constraints
     44 constraints of type <varbound>
     13 constraints of type <knapsack>
     20 constraints of type <setppc>
   1105 constraints of type <linear>
      6 constraints of type <orbitope_pp>
   1383 constraints of type <logicor>
transformed objective value is always integral (scale: 1)
Presolving Time: 0.71

 time | node  | left  |LP iter|LP it/n|mem/heur|mdpt |vars |cons |rows |cuts |sepa|confs|strbr|  dualbound   | primalbound  |  gap   | compl. 
  0.9s|     1 |     0 |   411 |     - |    27M |   0 | 796 |2592 |2565 |   0 |  0 |  21 |   0 | 4.800000e+01 |      --      |    Inf | unknown
  1.0s|     1 |     0 |  1245 |     - |    28M |   0 | 796 |2594 |2644 |  79 |  1 |  23 |   0 | 4.800000e+01 |      --      |    Inf | unknown
  1.0s|     1 |     0 |  1397 |     - |    29M |   0 | 796 |2594 |2683 | 118 |  2 |  23 |   0 | 4.864706e+01 |      --      |    Inf | unknown
  1.1s|     1 |     0 |  1499 |     - |    29M |   0 | 796 |2594 |2683 | 118 |  2 |  23 |   0 | 4.900000e+01 |      --      |    Inf | unknown
  1.1s|     1 |     0 |  1619 |     - |    30M |   0 | 796 |2594 |2702 | 137 |  3 |  23 |   0 | 4.946809e+01 |      --      |    Inf | unknown
  1.1s|     1 |     0 |  1686 |     - |    30M |   0 | 796 |2594 |2698 | 137 |  3 |  23 |   0 | 5.000000e+01 |      --      |    Inf | unknown
  1.2s|     1 |     0 |  1741 |     - |    31M |   0 | 796 |2594 |2710 | 149 |  4 |  23 |   0 | 5.039301e+01 |      --      |    Inf | unknown
  1.2s|     1 |     0 |  1801 |     - |    31M |   0 | 796 |2594 |2710 | 149 |  4 |  23 |   0 | 5.100000e+01 |      --      |    Inf | unknown
  1.2s|     1 |     0 |  1913 |     - |    32M |   0 | 796 |2594 |2727 | 166 |  5 |  23 |   0 | 5.136922e+01 |      --      |    Inf | unknown
  1.2s|     1 |     0 |  1972 |     - |    32M |   0 | 796 |2594 |2727 | 166 |  5 |  23 |   0 | 5.200000e+01 |      --      |    Inf | unknown
  1.3s|     1 |     0 |  2064 |     - |    32M |   0 | 796 |2596 |2744 | 183 |  6 |  25 |   0 | 5.221770e+01 |      --      |    Inf | unknown
  1.3s|     1 |     0 |  2144 |     - |    32M |   0 | 796 |2598 |2744 | 183 |  6 |  27 |   0 | 5.300000e+01 |      --      |    Inf | unknown
  1.3s|     1 |     0 |  2258 |     - |    32M |   0 | 796 |2599 |2765 | 204 |  7 |  28 |   0 | 5.314206e+01 |      --      |    Inf | unknown
  1.3s|     1 |     0 |  2335 |     - |    33M |   0 | 796 |2599 |2765 | 204 |  7 |  28 |   0 | 5.400000e+01 |      --      |    Inf | unknown
  1.4s|     1 |     0 |  2468 |     - |    33M |   0 | 796 |2599 |2784 | 223 |  8 |  28 |   0 | 5.400000e+01 |      --      |    Inf | unknown
 time | node  | left  |LP iter|LP it/n|mem/heur|mdpt |vars |cons |rows |cuts |sepa|confs|strbr|  dualbound   | primalbound  |  gap   | compl. 
  1.4s|     1 |     0 |  2657 |     - |    34M |   0 | 796 |2599 |2796 | 235 |  9 |  28 |   0 | 5.420838e+01 |      --      |    Inf | unknown
  1.4s|     1 |     0 |  2760 |     - |    34M |   0 | 796 |2599 |2794 | 235 |  9 |  28 |   0 | 5.500000e+01 |      --      |    Inf | unknown
  1.4s|     1 |     0 |  2800 |     - |    35M |   0 | 796 |2599 |2676 | 246 | 10 |  28 |   0 | 5.500000e+01 |      --      |    Inf | unknown
  1.5s|     1 |     0 |  2936 |     - |    35M |   0 | 796 |2599 |2690 | 260 | 11 |  28 |   0 | 5.513287e+01 |      --      |    Inf | unknown
  1.5s|     1 |     0 |  3015 |     - |    35M |   0 | 796 |2601 |2686 | 260 | 11 |  30 |   0 | 5.600000e+01 |      --      |    Inf | unknown
  1.5s|     1 |     0 |  3105 |     - |    35M |   0 | 796 |2601 |2671 | 274 | 12 |  30 |   0 | 5.608799e+01 |      --      |    Inf | unknown
  1.5s|     1 |     0 |  3180 |     - |    35M |   0 | 796 |2601 |2663 | 274 | 12 |  30 |   0 | 5.700000e+01 |      --      |    Inf | unknown
  1.5s|     1 |     0 |  3212 |     - |    36M |   0 | 796 |2602 |2683 | 294 | 13 |  31 |   0 | 5.700000e+01 |      --      |    Inf | unknown
  1.5s|     1 |     0 |  3288 |     - |    36M |   0 | 796 |2604 |2688 | 299 | 14 |  33 |   0 | 5.700000e+01 |      --      |    Inf | unknown
  1.5s|     1 |     0 |  3340 |     - |    36M |   0 | 796 |2604 |2695 | 306 | 15 |  33 |   0 | 5.700000e+01 |      --      |    Inf | unknown
  1.6s|     1 |     0 |  3396 |     - |    36M |   0 | 796 |2604 |2701 | 312 | 16 |  33 |   0 | 5.707449e+01 |      --      |    Inf | unknown
  1.6s|     1 |     0 |  3464 |     - |    36M |   0 | 796 |2604 |2697 | 312 | 16 |  33 |   0 | 5.800000e+01 |      --      |    Inf | unknown
  1.6s|     1 |     0 |  3533 |     - |    36M |   0 | 796 |2604 |2661 | 322 | 17 |  33 |   0 | 5.800000e+01 |      --      |    Inf | unknown
  1.6s|     1 |     0 |  3597 |     - |    37M |   0 | 796 |2604 |2666 | 327 | 18 |  33 |   0 | 5.802304e+01 |      --      |    Inf | unknown
  1.6s|     1 |     0 |  3671 |     - |    37M |   0 | 796 |2604 |2656 | 327 | 18 |  33 |   0 | 5.900000e+01 |      --      |    Inf | unknown
 time | node  | left  |LP iter|LP it/n|mem/heur|mdpt |vars |cons |rows |cuts |sepa|confs|strbr|  dualbound   | primalbound  |  gap   | compl. 
  1.6s|     1 |     0 |  3689 |     - |    37M |   0 | 796 |2605 |2666 | 337 | 19 |  34 |   0 | 5.900000e+01 |      --      |    Inf | unknown
  1.6s|     1 |     0 |  3734 |     - |    37M |   0 | 796 |2606 |2672 | 343 | 20 |  35 |   0 | 5.900000e+01 |      --      |    Inf | unknown
  1.6s|     1 |     0 |  3748 |     - |    37M |   0 | 796 |2606 |2673 | 344 | 21 |  35 |   0 | 5.900000e+01 |      --      |    Inf | unknown
  1.8s|     1 |     2 |  4329 |     - |    37M |   0 | 796 |2620 |2673 | 344 | 22 |  49 |  19 | 5.900000e+01 |      --      |    Inf | unknown
* 1.9s|     6 |     5 |  4425 | 148.4 |    LP  |   5 | 796 |2620 |2598 | 344 |  0 |  49 |  19 | 5.900000e+01 | 1.400000e+02 | 137.29%| unknown
* 2.1s|    12 |    11 |  5452 | 160.8 |    LP  |   5 | 796 |2607 |2598 | 344 |  0 |  49 |  19 | 5.900000e+01 | 1.200000e+02 | 103.39%| unknown
o 2.6s|    61 |    54 |  8546 |  81.0 |objpscos|  14 | 796 |2589 |2651 | 586 |  1 |  53 |  19 | 5.900000e+01 | 9.600000e+01 |  62.71%| unknown
d 3.0s|    79 |    68 | 10831 |  91.6 |linesear|  20 | 796 |2595 |2598 |   0 |  2 |  59 |  19 | 5.900000e+01 | 9.000000e+01 |  52.54%| unknown
d 3.0s|    82 |    71 | 11309 |  94.1 |guideddi|  20 | 796 |2597 |2598 |   0 |  1 |  61 |  19 | 5.900000e+01 | 8.900000e+01 |  50.85%| unknown
* 3.0s|    83 |    66 | 11342 |  93.4 |    LP  |  20 | 796 |2597 |2598 | 669 |  0 |  61 |  19 | 5.900000e+01 | 7.900000e+01 |  33.90%|   0.23%

SCIP Status        : solving was interrupted [termination signal received]
Solving Time (sec) : 3.37
Solving Nodes      : 98
Primal Bound       : +7.90000000000000e+01 (6 solutions)
Dual Bound         : +5.90000000000000e+01
Gap                : 33.90 %

primal solution (original space):
=================================

objective value:                                   79
m_14_14                                             1 	(obj:0)
m_14_13                                             1 	(obj:0)
m_14_2                                              1 	(obj:0)
m_14_1                                              1 	(obj:0)
m_14_0                                              1 	(obj:0)
m_13_13                                             1 	(obj:0)
m_13_2                                              1 	(obj:0)
m_13_1                                              1 	(obj:0)
m_12_13                                             1 	(obj:0)
m_12_12                                             1 	(obj:0)
m_12_2                                              1 	(obj:0)
m_12_1                                              1 	(obj:0)
m_12_0                                              1 	(obj:0)
m_11_14                                             1 	(obj:0)
m_11_13                                             1 	(obj:0)
m_11_12                                             1 	(obj:0)
m_11_11                                             1 	(obj:0)
m_11_10                                             1 	(obj:0)
m_11_9                                              1 	(obj:0)
m_11_7                                              1 	(obj:0)
m_11_2                                              1 	(obj:0)
m_11_1                                              1 	(obj:0)
m_11_0                                              1 	(obj:0)
m_10_13                                             1 	(obj:0)
m_10_10                                             1 	(obj:0)
m_10_2                                              1 	(obj:0)
m_10_1                                              1 	(obj:0)
m_10_0                                              1 	(obj:0)
m_9_14                                              1 	(obj:0)
m_9_13                                              1 	(obj:0)
m_9_12                                              1 	(obj:0)
m_9_10                                              1 	(obj:0)
m_9_9                                               1 	(obj:0)
m_9_2                                               1 	(obj:0)
m_9_1                                               1 	(obj:0)
m_9_0                                               1 	(obj:0)
m_8_14                                              1 	(obj:0)
m_8_13                                              1 	(obj:0)
m_8_12                                              1 	(obj:0)
m_8_11                                              1 	(obj:0)
m_8_10                                              1 	(obj:0)
m_8_9                                               1 	(obj:0)
m_8_8                                               1 	(obj:0)
m_8_7                                               1 	(obj:0)
m_8_4                                               1 	(obj:0)
m_8_2                                               1 	(obj:0)
m_8_1                                               1 	(obj:0)
m_8_0                                               1 	(obj:0)
m_7_14                                              1 	(obj:0)
m_7_13                                              1 	(obj:0)
m_7_12                                              1 	(obj:0)
m_7_10                                              1 	(obj:0)
m_7_7                                               1 	(obj:0)
m_7_2                                               1 	(obj:0)
m_7_1                                               1 	(obj:0)
m_7_0                                               1 	(obj:0)
m_6_14                                              1 	(obj:0)
m_6_13                                              1 	(obj:0)
m_6_12                                              1 	(obj:0)
m_6_11                                              1 	(obj:0)
m_6_10                                              1 	(obj:0)
m_6_9                                               1 	(obj:0)
m_6_7                                               1 	(obj:0)
m_6_6                                               1 	(obj:0)
m_6_4                                               1 	(obj:0)
m_6_2                                               1 	(obj:0)
m_6_1                                               1 	(obj:0)
m_6_0                                               1 	(obj:0)
m_5_14                                              1 	(obj:0)
m_5_13                                              1 	(obj:0)
m_5_12                                              1 	(obj:0)
m_5_11                                              1 	(obj:0)
m_5_10                                              1 	(obj:0)
m_5_9                                               1 	(obj:0)
m_5_8                                               1 	(obj:0)
m_5_7                                               1 	(obj:0)
m_5_6                                               1 	(obj:0)
m_5_5                                               1 	(obj:0)
m_5_4                                               1 	(obj:0)
m_5_2                                               1 	(obj:0)
m_5_1                                               1 	(obj:0)
m_5_0                                               1 	(obj:0)
m_4_14                                              1 	(obj:0)
m_4_13                                              1 	(obj:0)
m_4_12                                              1 	(obj:0)
m_4_10                                              1 	(obj:0)
m_4_9                                               1 	(obj:0)
m_4_7                                               1 	(obj:0)
m_4_4                                               1 	(obj:0)
m_4_2                                               1 	(obj:0)
m_4_1                                               1 	(obj:0)
m_4_0                                               1 	(obj:0)
m_3_14                                              1 	(obj:0)
m_3_13                                              1 	(obj:0)
m_3_12                                              1 	(obj:0)
m_3_11                                              1 	(obj:0)
m_3_10                                              1 	(obj:0)
m_3_9                                               1 	(obj:0)
m_3_8                                               1 	(obj:0)
m_3_7                                               1 	(obj:0)
m_3_6                                               1 	(obj:0)
m_3_4                                               1 	(obj:0)
m_3_3                                               1 	(obj:0)
m_3_2                                               1 	(obj:0)
m_3_1                                               1 	(obj:0)
m_3_0                                               1 	(obj:0)
m_2_2                                               1 	(obj:0)
m_1_2                                               1 	(obj:0)
m_1_1                                               1 	(obj:0)
m_0_2                                               1 	(obj:0)
m_0_1                                               1 	(obj:0)
m_0_0                                               1 	(obj:0)
p_1_14                                              1 	(obj:0)
p_2_13                                              1 	(obj:0)
p_2_12                                              1 	(obj:0)
p_3_11                                              1 	(obj:0)
p_4_10                                              1 	(obj:0)
p_4_9                                               1 	(obj:0)
p_1_8                                               1 	(obj:0)
p_1_7                                               1 	(obj:0)
p_4_6                                               1 	(obj:0)
p_4_5                                               1 	(obj:0)
p_4_4                                               1 	(obj:0)
p_1_3                                               1 	(obj:0)
p_4_2                                               1 	(obj:0)
p_1_1                                               1 	(obj:0)
p_4_0                                               1 	(obj:0)
t_14_14                                             1 	(obj:0)
z_14_11                                             1 	(obj:0)
z_14_9                                              1 	(obj:0)
z_14_8                                              1 	(obj:0)
t_14_8                                              1 	(obj:0)
z_14_7                                              1 	(obj:0)
t_14_7                                              1 	(obj:0)
z_14_6                                              1 	(obj:0)
z_14_5                                              1 	(obj:0)
z_14_4                                              1 	(obj:0)
z_14_3                                              1 	(obj:0)
t_14_3                                              1 	(obj:0)
t_14_1                                              1 	(obj:0)
z_13_14                                             1 	(obj:0)
t_13_13                                             1 	(obj:0)
z_13_12                                             1 	(obj:0)
t_13_12                                             1 	(obj:0)
z_13_11                                             1 	(obj:0)
z_13_10                                             1 	(obj:0)
z_13_9                                              1 	(obj:0)
z_13_8                                              1 	(obj:0)
z_13_7                                              1 	(obj:0)
z_13_6                                              1 	(obj:0)
z_13_5                                              1 	(obj:0)
z_13_4                                              1 	(obj:0)
z_13_3                                              1 	(obj:0)
t_12_13                                             1 	(obj:0)
t_12_12                                             1 	(obj:0)
z_12_11                                             1 	(obj:0)
z_12_9                                              1 	(obj:0)
z_12_8                                              1 	(obj:0)
z_12_7                                              1 	(obj:0)
z_12_6                                              1 	(obj:0)
z_12_5                                              1 	(obj:0)
z_12_4                                              1 	(obj:0)
z_12_3                                              1 	(obj:0)
t_11_11                                             1 	(obj:0)
z_11_8                                              1 	(obj:0)
z_11_6                                              1 	(obj:0)
z_11_5                                              1 	(obj:0)
z_11_3                                              1 	(obj:0)
z_10_11                                             1 	(obj:0)
t_10_10                                             1 	(obj:0)
z_10_9                                              1 	(obj:0)
t_10_9                                              1 	(obj:0)
z_10_8                                              1 	(obj:0)
z_10_7                                              1 	(obj:0)
z_10_6                                              1 	(obj:0)
t_10_6                                              1 	(obj:0)
z_10_5                                              1 	(obj:0)
t_10_5                                              1 	(obj:0)
z_10_4                                              1 	(obj:0)
t_10_4                                              1 	(obj:0)
z_10_3                                              1 	(obj:0)
t_10_2                                              1 	(obj:0)
t_10_0                                              1 	(obj:0)
z_9_11                                              1 	(obj:0)
t_9_10                                              1 	(obj:0)
t_9_9                                               1 	(obj:0)
z_9_8                                               1 	(obj:0)
z_9_6                                               1 	(obj:0)
t_9_6                                               1 	(obj:0)
z_9_5                                               1 	(obj:0)
t_9_5                                               1 	(obj:0)
z_9_4                                               1 	(obj:0)
t_9_4                                               1 	(obj:0)
z_9_3                                               1 	(obj:0)
t_9_2                                               1 	(obj:0)
t_9_0                                               1 	(obj:0)
t_8_14                                              1 	(obj:0)
t_8_8                                               1 	(obj:0)
t_8_7                                               1 	(obj:0)
z_8_5                                               1 	(obj:0)
z_8_3                                               1 	(obj:0)
t_8_3                                               1 	(obj:0)
t_8_1                                               1 	(obj:0)
t_7_14                                              1 	(obj:0)
z_7_11                                              1 	(obj:0)
z_7_8                                               1 	(obj:0)
t_7_8                                               1 	(obj:0)
t_7_7                                               1 	(obj:0)
z_7_6                                               1 	(obj:0)
z_7_5                                               1 	(obj:0)
z_7_4                                               1 	(obj:0)
z_7_3                                               1 	(obj:0)
t_7_3                                               1 	(obj:0)
t_7_1                                               1 	(obj:0)
t_6_10                                              1 	(obj:0)
t_6_9                                               1 	(obj:0)
t_6_6                                               1 	(obj:0)
z_6_5                                               1 	(obj:0)
t_6_5                                               1 	(obj:0)
t_6_4                                               1 	(obj:0)
z_6_3                                               1 	(obj:0)
t_6_2                                               1 	(obj:0)
t_6_0                                               1 	(obj:0)
t_5_10                                              1 	(obj:0)
t_5_9                                               1 	(obj:0)
t_5_6                                               1 	(obj:0)
t_5_5                                               1 	(obj:0)
t_5_4                                               1 	(obj:0)
t_5_2                                               1 	(obj:0)
t_5_0                                               1 	(obj:0)
t_4_10                                              1 	(obj:0)
t_4_9                                               1 	(obj:0)
z_4_8                                               1 	(obj:0)
z_4_6                                               1 	(obj:0)
t_4_6                                               1 	(obj:0)
z_4_5                                               1 	(obj:0)
t_4_5                                               1 	(obj:0)
t_4_4                                               1 	(obj:0)
z_4_3                                               1 	(obj:0)
t_4_2                                               1 	(obj:0)
t_4_0                                               1 	(obj:0)
t_3_14                                              1 	(obj:0)
t_3_8                                               1 	(obj:0)
t_3_7                                               1 	(obj:0)
t_3_3                                               1 	(obj:0)
t_3_1                                               1 	(obj:0)
z_2_14                                              1 	(obj:0)
z_2_13                                              1 	(obj:0)
z_2_12                                              1 	(obj:0)
z_2_11                                              1 	(obj:0)
z_2_10                                              1 	(obj:0)
t_2_10                                              1 	(obj:0)
z_2_9                                               1 	(obj:0)
t_2_9                                               1 	(obj:0)
z_2_8                                               1 	(obj:0)
z_2_7                                               1 	(obj:0)
z_2_6                                               1 	(obj:0)
t_2_6                                               1 	(obj:0)
z_2_5                                               1 	(obj:0)
t_2_5                                               1 	(obj:0)
z_2_4                                               1 	(obj:0)
t_2_4                                               1 	(obj:0)
z_2_3                                               1 	(obj:0)
t_2_2                                               1 	(obj:0)
z_2_1                                               1 	(obj:0)
z_2_0                                               1 	(obj:0)
t_2_0                                               1 	(obj:0)
z_1_14                                              1 	(obj:0)
t_1_14                                              1 	(obj:0)
z_1_13                                              1 	(obj:0)
z_1_12                                              1 	(obj:0)
z_1_11                                              1 	(obj:0)
z_1_10                                              1 	(obj:0)
z_1_9                                               1 	(obj:0)
z_1_8                                               1 	(obj:0)
t_1_8                                               1 	(obj:0)
z_1_7                                               1 	(obj:0)
t_1_7                                               1 	(obj:0)
z_1_6                                               1 	(obj:0)
z_1_5                                               1 	(obj:0)
z_1_4                                               1 	(obj:0)
z_1_3                                               1 	(obj:0)
t_1_3                                               1 	(obj:0)
t_1_1                                               1 	(obj:0)
z_1_0                                               1 	(obj:0)
z_0_14                                              1 	(obj:0)
z_0_12                                              1 	(obj:0)
z_0_11                                              1 	(obj:0)
z_0_10                                              1 	(obj:0)
t_0_10                                              1 	(obj:0)
z_0_9                                               1 	(obj:0)
t_0_9                                               1 	(obj:0)
z_0_8                                               1 	(obj:0)
z_0_7                                               1 	(obj:0)
z_0_6                                               1 	(obj:0)
t_0_6                                               1 	(obj:0)
z_0_5                                               1 	(obj:0)
t_0_5                                               1 	(obj:0)
z_0_4                                               1 	(obj:0)
t_0_4                                               1 	(obj:0)
z_0_3                                               1 	(obj:0)
t_0_2                                               1 	(obj:0)
t_0_0                                               1 	(obj:0)
y_11_1_14                                           1 	(obj:0)
y_10_1_14                                           1 	(obj:0)
y_9_1_14                                            1 	(obj:0)
y_7_1_14                                            1 	(obj:0)
y_10_1_13                                           1 	(obj:0)
y_0_1_13                                            1 	(obj:0)
y_11_1_12                                           1 	(obj:0)
y_10_1_12                                           1 	(obj:0)
y_9_1_12                                            1 	(obj:0)
y_7_1_12                                            1 	(obj:0)
y_11_1_11                                           1 	(obj:0)
y_8_1_11                                            1 	(obj:0)
y_6_1_11                                            1 	(obj:0)
y_4_1_11                                            1 	(obj:0)
y_11_1_10                                           1 	(obj:0)
y_10_1_10                                           1 	(obj:0)
y_9_1_10                                            1 	(obj:0)
y_7_1_10                                            1 	(obj:0)
y_11_1_9                                            1 	(obj:0)
y_9_1_9                                             1 	(obj:0)
y_7_1_9                                             1 	(obj:0)
y_6_1_9                                             1 	(obj:0)
y_4_1_9                                             1 	(obj:0)
y_8_1_8                                             1 	(obj:0)
y_6_1_8                                             1 	(obj:0)
y_5_1_8                                             1 	(obj:0)
y_3_1_8                                             1 	(obj:0)
y_11_1_7                                            1 	(obj:0)
y_9_1_7                                             1 	(obj:0)
y_7_1_7                                             1 	(obj:0)
y_6_1_7                                             1 	(obj:0)
y_4_1_7                                             1 	(obj:0)
y_8_1_6                                             1 	(obj:0)
y_6_1_6                                             1 	(obj:0)
y_5_1_6                                             1 	(obj:0)
y_3_1_6                                             1 	(obj:0)
y_5_1_5                                             1 	(obj:0)
y_3_1_5                                             1 	(obj:0)
y_11_1_4                                            1 	(obj:0)
y_8_1_4                                             1 	(obj:0)
y_6_1_4                                             1 	(obj:0)
y_4_1_4                                             1 	(obj:0)
y_5_1_3                                             1 	(obj:0)
y_3_1_3                                             1 	(obj:0)
y_1_1_2                                             1 	(obj:0)
y_1_1_1                                             1 	(obj:0)
y_0_1_1                                             1 	(obj:0)
y_10_1_0                                            1 	(obj:0)
y_0_1_0                                             1 	(obj:0)
s_10                                               40 	(obj:0)
s_9                                                30 	(obj:0)
s_8                                                10 	(obj:0)
s_7                                                30 	(obj:0)
s_6                                                10 	(obj:0)
s_4                                                20 	(obj:0)
s_2                                                78 	(obj:0)
s_1                                                60 	(obj:0)
s_0                                                50 	(obj:0)
l                                                  79 	(obj:1)
s_14                                               40 	(obj:0)
s_13                                               50 	(obj:0)
s_12                                               40 	(obj:0)
s_11                                               20 	(obj:0)

Statistics
==========

SCIP Status        : solving was interrupted [termination signal received]
Total Time         :       3.38
  solving          :       3.37
  presolving       :       0.71 (included in solving)
  reading          :       0.00
  copying          :       0.09 (15 #copies) (minimal 0.00, maximal 0.01, average 0.01)
Original Problem   :
  Problem name     : /Users/maxbig/Coursework_multiprocessing/Coursework/SCIP/SCIPOptSuite-9.2.1-Linux/inputs/new_no_tr/order/layered_15_buf_times_P4_M1050_up_right_input.lp
  Variables        : 901 (885 binary, 16 integer, 0 continuous)
  Implied int vars : 0 (0 binary, 0 integer, 0 continuous)
  Constraints      : 3353 initial, 3353 maximal
  Objective        : minimize, 1 non-zeros (abs.min = 1, abs.max = 1)
Presolved Problem  :
  Problem name     : t_/Users/maxbig/Coursework_multiprocessing/Coursework/SCIP/SCIPOptSuite-9.2.1-Linux/inputs/new_no_tr/order/layered_15_buf_times_P4_M1050_up_right_input.lp
  Variables        : 796 (780 binary, 16 integer, 0 continuous)
  Implied int vars : 0 (0 binary, 0 integer, 0 continuous)
  Constraints      : 2571 initial, 2620 maximal
  Objective        : minimize, 1 non-zeros (abs.min = 1, abs.max = 1)
  Nonzeros         : 8410 constraint, 318 clique table
Presolvers         :   ExecTime  SetupTime  Calls  FixedVars   AggrVars   ChgTypes  ChgBounds   AddHoles    DelCons    AddCons   ChgSides   ChgCoefs
  boundshift       :       0.00       0.00      0          0          0          0          0          0          0          0          0          0
  convertinttobin  :       0.00       0.00      0          0          0          0          0          0          0          0          0          0
  domcol           :       0.00       0.00      3          0          0          0          0          0          0          0          0          0
  dualagg          :       0.00       0.00      0          0          0          0          0          0          0          0          0          0
  dualcomp         :       0.00       0.00      0          0          0          0          0          0          0          0          0          0
  dualinfer        :       0.00       0.00      0          0          0          0          0          0          0          0          0          0
  dualsparsify     :       0.01       0.00      1          0          0          0          0          0          0          0          0          0
  gateextraction   :       0.00       0.00      3          0          0          0          0          0          0          0          0          0
  implics          :       0.00       0.00      8          0          0          0          0          0          0          0          0          0
  implint          :       0.00       0.00      0          0          0          0          0          0          0          0          0          0
  inttobinary      :       0.00       0.00     13          0          0          0          0          0          0          0          0          0
  milp             :       0.01       0.00      1          0          0          0          0          0          0          0          0          0
  qpkktref         :       0.00       0.00      0          0          0          0          0          0          0          0          0          0
  redvub           :       0.00       0.00      0          0          0          0          0          0          0          0          0          0
  sparsify         :       0.00       0.00      1          0          0          0          0          0          0          0          0          0
  stuffing         :       0.00       0.00      0          0          0          0          0          0          0          0          0          0
  trivial          :       0.00       0.00     13         38          0          0          0          0          0          0          0          0
  tworowbnd        :       0.00       0.00      0          0          0          0          0          0          0          0          0          0
  dualfix          :       0.00       0.00     13         15          0          0          0          0          0          0          0          0
  genvbounds       :       0.00       0.00      0          0          0          0          0          0          0          0          0          0
  probing          :       0.65       0.00      3          0         10          0          1          0          0          0          0          0
  pseudoobj        :       0.00       0.00      0          0          0          0          0          0          0          0          0          0
  symmetry         :       0.01       0.00      1          4          0          0          0          0          0          6          0          0
  vbounds          :       0.00       0.00      2          0         14          0          0          0          0          0          0          0
  varbound         :       0.00       0.00     15          0          0          0          0          0          0          0          0          0
  knapsack         :       0.00       0.00     18          0          0          0          0          0          0          6          6         12
  setppc           :       0.00       0.00     18          0          1          0          0          0          2          0          0          0
  linear           :       0.02       0.00     18         21          0          0         45          0        495          0          0          0
  orbitope_pp      :       0.00       0.00      4          2          0          0          0          0          0          0          0          0
  logicor          :       0.01       0.00     18          0          0          0          0          0        297          0          0        123
  bounddisjunction :       0.00       0.00      0          0          0          0          0          0          0          0          0          0
  components       :       0.00       0.00      1          0          0          0          0          0          0          0          0          0
  root node        :          -          -      -         80          -          -        200          -          -          -          -          -
Constraints        :     Number  MaxNumber  #Separate #Propagate    #EnfoLP    #EnfoRelax  #EnfoPS    #Check   #ResProp    Cutoffs    DomReds       Cuts    Applied      Conss   Children
  integral         :          0          0          0          0         81          0          0         42          0          0          0          0          0          0        162
  varbound         :         44         44         22      10520          0          0          0         37          3          0          0          0          0          0          0
  knapsack         :         13         13         22      10326          0          0          0         32          0          0         38         71          2          0          0
  setppc           :         20+        33         22       9328          0          0          0         23         38          8         90          2          0          0          0
  linear           :       1105+      1106         22      10513          0          0          0         10        143         99       1807          0          0          0          0
  orbitope_pp      :          6          6          0       5251          0          0          0          6          0          0          7          0          0          0          0
  logicor          :       1383+      1414         22       1480          0          0          0          6         37          3        155          1          0          0          0
  bounddisjunction :          0+        27          0        830          0          0          0          0          7          0          5          0          0          0          0
  fixedvar         :          0          0          0          0          0          0          0          7          0          0          0          0          0          0          0
  countsols        :          0          0          0          0          0          0          0          7          0          0          0          0          0          0          0
  components       :          0          0          0          0          0          0          0          0          0          0          0          0          0          0          0
Constraint Timings :  TotalTime  SetupTime   Separate  Propagate     EnfoLP     EnfoPS     EnfoRelax   Check    ResProp    SB-Prop
  integral         :       0.06       0.00       0.00       0.00       0.06       0.00       0.00       0.00       0.00       0.00
  varbound         :       0.12       0.00       0.00       0.12       0.00       0.00       0.00       0.00       0.00       0.00
  knapsack         :       0.00       0.00       0.00       0.00       0.00       0.00       0.00       0.00       0.00       0.00
  setppc           :       0.00       0.00       0.00       0.00       0.00       0.00       0.00       0.00       0.00       0.00
  linear           :       0.58       0.00       0.00       0.57       0.00       0.00       0.00       0.00       0.00       0.00
  orbitope_pp      :       0.01       0.00       0.00       0.01       0.00       0.00       0.00       0.00       0.00       0.00
  logicor          :       0.02       0.00       0.00       0.01       0.00       0.00       0.00       0.00       0.00       0.00
  bounddisjunction :       0.00       0.00       0.00       0.00       0.00       0.00       0.00       0.00       0.00       0.00
  fixedvar         :       0.00       0.00       0.00       0.00       0.00       0.00       0.00       0.00       0.00       0.00
  countsols        :       0.00       0.00       0.00       0.00       0.00       0.00       0.00       0.00       0.00       0.00
  components       :       0.00       0.00       0.00       0.00       0.00       0.00       0.00       0.00       0.00       0.00
Propagators        : #Propagate   #ResProp    Cutoffs    DomReds
  dualfix          :          2          0          0          0
  genvbounds       :          0          0          0          0
  nlobbt           :          0          0          0          0
  obbt             :          0          0          0          0
  probing          :          0          0          0          0
  pseudoobj        :        386          0          0         11
  redcost          :        210          0          0          7
  rootredcost      :          6          0          0         85
  symmetry         :          0          0          0          0
  vbounds          :       3129        103          4        343
Propagator Timings :  TotalTime  SetupTime   Presolve  Propagate    ResProp    SB-Prop
  dualfix          :       0.00       0.00       0.00       0.00       0.00       0.00
  genvbounds       :       0.00       0.00       0.00       0.00       0.00       0.00
  nlobbt           :       0.00       0.00       0.00       0.00       0.00       0.00
  obbt             :       0.00       0.00       0.00       0.00       0.00       0.00
  probing          :       0.65       0.00       0.65       0.00       0.00       0.00
  pseudoobj        :       0.00       0.00       0.00       0.00       0.00       0.00
  redcost          :       0.00       0.00       0.00       0.00       0.00       0.00
  rootredcost      :       0.00       0.00       0.00       0.00       0.00       0.00
  symmetry         :       0.01       0.00       0.01       0.00       0.00       0.00
  vbounds          :       0.07       0.00       0.00       0.07       0.00       0.00
Symmetry           :
  #affected vars   :        676 (668 bin, 8 int, 0 cont)
  orbitopal red.   :          0 reductions applied,          0 cutoffs
  orbital reduction:          0 reductions applied,          0 cutoffs
  lexicographic red:          0 reductions applied,          0 cutoffs
  shadow tree time :       0.00 s
Conflict Analysis  :       Time      Calls    Success    DomReds  Conflicts   Literals    Reconvs ReconvLits   Dualrays   Nonzeros   LP Iters   (pool size: [10000,10000])
  propagation      :       0.00         36         30          -         43        4.1          3        3.3          -          -          -
  infeasible LP    :       0.00         14         14          -         16        3.5          0        0.0         14        3.3          0
  bound exceed. LP :       0.00          1          1          -          1        3.0          0        0.0          1        3.0          0
  strong branching :       0.00          0          0          -          0        0.0          0        0.0          -          -          0
  pseudo solution  :       0.00          0          0          -          0        0.0          0        0.0          -          -          -
  applied globally :       0.00          -          -          0         60        3.8          -          -         15          -          -
  applied locally  :          -          -          -          0          0        0.0          -          -          0          -          -
Gen. Resolution CA :       Time      Calls    Success  Conflicts  LargeCoef  LongConfs    Length
  propagation      :       0.00          0          0          0          0          0       0.0
Separators         :   ExecTime  SetupTime      Calls  RootCalls    Cutoffs    DomReds  FoundCuts ViaPoolAdd  DirectAdd    Applied ViaPoolApp  DirectApp      Conss
  cut pool         :       0.01          -         82         41          -          -       3219       5101          -          -          -          -          -    (maximal pool size:       3195)
  aggregation      :       0.03       0.00         43         22          0          0        111        145         23         80         77          3          0
  > cmir           :          -          -          -          -          -          -          -         97          8         48         48          0          -
  > flowcover      :          -          -          -          -          -          -          -         48         15         32         29          3          -
  > knapsackcover  :          -          -          -          -          -          -          -          0          0          0          0          0          -
  cgmip            :       0.00       0.00          0          0          0          0          0          0          0          0          0          0          0
  clique           :       0.00       0.00         22         22          0          0          0          0          0          0          0          0          0
  closecuts        :       0.00       0.00          0          0          0          0          0          0          0          0          0          0          0
  convexproj       :       0.00       0.00          0          0          0          0          0          0          0          0          0          0          0
  disjunctive      :       0.00       0.00          0          0          0          0          0          0          0          0          0          0          0
  eccuts           :       0.00       0.00          0          0          0          0          0          0          0          0          0          0          0
  flower           :       0.00       0.00         34         22          0          0          0          0          0          0          0          0          0
  gauge            :       0.00       0.00          0          0          0          0          0          0          0          0          0          0          0
  gomory           :       0.33       0.00         29         10          0          0       2722       4016        101        272        269          3          0
  > gomorymi       :          -          -          -          -          -          -          -       1633         51        112        110          2          -
  > strongcg       :          -          -          -          -          -          -          -       2383         50        160        159          1          -
  impliedbounds    :       0.00       0.00         43         22          0          0        388        768          0        194        194          0          0
  interminor       :       0.00       0.00          0          0          0          0          0          0          0          0          0          0          0
  intobj           :       0.00       0.00          0          0          0          0          0          0          0          0          0          0          0
  lagromory        :       0.00       0.00          0          0          0          0          0          0          0          0          0          0          0
  mcf              :       0.00       0.00          1          1          0          0          0          0          0          0          0          0          0
  minor            :       0.00       0.00          0          0          0          0          0          0          0          0          0          0          0
  mixing           :       0.00       0.00         43         22          0          0          0          0          0          0          0          0          0
  oddcycle         :       0.00       0.00          0          0          0          0          0          0          0          0          0          0          0
  rapidlearning    :       0.90       0.00         14          1          0       1066          0          0          0          0          0          0         56
  rlt              :       0.00       0.00         10         10          0          0          0          0          0          0          0          0          0
  zerohalf         :       0.03       0.00         39         20          0          0        115        172         17        121        108         13          0
Cutselectors       :   ExecTime  SetupTime      Calls  RootCalls   Selected     Forced   Filtered  RootSelec   RootForc   RootFilt 
  hybrid           :       0.00       0.00         42         21        669          0       4611        344          0       2740
  ensemble         :       0.00       0.00          0          0          0          0          0          0          0          0
  dynamic          :       0.00       0.00          0          0          0          0          0          0          0          0
Pricers            :   ExecTime  SetupTime      Calls       Vars
  problem variables:       0.00          -          0          0
Branching Rules    :   ExecTime  SetupTime   BranchLP  BranchExt   BranchPS    Cutoffs    DomReds       Cuts      Conss   Children
  allfullstrong    :       0.00       0.00          0          0          0          0          0          0          0          0
  cloud            :       0.00       0.00          0          0          0          0          0          0          0          0
  distribution     :       0.00       0.00          0          0          0          0          0          0          0          0
  fullstrong       :       0.00       0.00          0          0          0          0          0          0          0          0
  gomory           :       0.00       0.00          0          0          0          0          0          0          0          0
  inference        :       0.00       0.00          0          0          0          0          0          0          0          0
  leastinf         :       0.00       0.00          0          0          0          0          0          0          0          0
  lookahead        :       0.00       0.00          0          0          0          0          0          0          0          0
  mostinf          :       0.00       0.00          0          0          0          0          0          0          0          0
  multaggr         :       0.00       0.00          0          0          0          0          0          0          0          0
  nodereopt        :       0.00       0.00          0          0          0          0          0          0          0          0
  pscost           :       0.00       0.00          0          0          0          0          0          0          0          0
  random           :       0.00       0.00          0          0          0          0          0          0          0          0
  relpscost        :       0.06       0.00         81          0          0          0          0          0          0        162
  vanillafullstrong:       0.00       0.00          0          0          0          0          0          0          0          0
Primal Heuristics  :   ExecTime  SetupTime      Calls      Found       Best
  LP solutions     :       0.00          -          -          0          0
  relax solutions  :       0.00          -          -          0          0
  pseudo solutions :       0.00          -          -          0          0
  strong branching :       0.00          -          -          0          0
  actconsdiving    :       0.00       0.00          0          0          0
  adaptivediving   :       0.02       0.00          1          0          0
  alns             :       0.00       0.00          0          0          0
  bound            :       0.00       0.00          0          0          0
  clique           :       0.00       0.00          1          0          0
  coefdiving       :       0.00       0.00          0          0          0
  completesol      :       0.00       0.00          0          0          0
  conflictdiving   :       0.06       0.00          1          0          0
  crossover        :       0.00       0.00          0          0          0
  dins             :       0.00       0.00          0          0          0
  distributiondivin:       0.02       0.00          1          0          0
  dks              :       0.00       0.00          0          0          0
  dps              :       0.00       0.00          0          0          0
  dualval          :       0.00       0.00          0          0          0
  farkasdiving     :       0.00       0.00          0          0          0
  feaspump         :       0.01       0.00          1          0          0
  fixandinfer      :       0.00       0.00          0          0          0
  fracdiving       :       0.02       0.00          1          0          0
  gins             :       0.00       0.00          0          0          0
  guideddiving     :       0.02       0.00          1          1          1
  indicator        :       0.00       0.00          0          0          0
  indicatordiving  :       0.00       0.00          0          0          0
  intdiving        :       0.00       0.00          0          0          0
  intshifting      :       0.00       0.00          0          0          0
  linesearchdiving :       0.02       0.00          1          1          1
  localbranching   :       0.00       0.00          0          0          0
  locks            :       0.02       0.00          1          0          0
  lpface           :       0.00       0.00          0          0          0
  mpec             :       0.00       0.00          0          0          0
  multistart       :       0.00       0.00          0          0          0
  mutation         :       0.00       0.00          0          0          0
  nlpdiving        :       0.00       0.00          0          0          0
  objpscostdiving  :       0.06       0.00          1          1          1
  octane           :       0.00       0.00          0          0          0
  ofins            :       0.00       0.00          0          0          0
  oneopt           :       0.00       0.00          6          0          0
  padm             :       0.00       0.00          0          0          0
  proximity        :       0.00       0.00          0          0          0
  pscostdiving     :       0.03       0.00          1          0          0
  randrounding     :       0.33       0.00         61          0          0
  rens             :       0.01       0.00          1          0          0
  reoptsols        :       0.00       0.00          0          0          0
  repair           :       0.00       0.00          0          0          0
  rins             :       0.00       0.00          0          0          0
  rootsoldiving    :       0.06       0.00          1          0          0
  rounding         :       0.01       0.00        121          0          0
  scheduler        :       0.00       0.00          0          0          0
  shiftandpropagate:       0.03       0.00          1          0          0
  shifting         :       0.13       0.00         69          0          0
  simplerounding   :       0.00       0.00        160          0          0
  subnlp           :       0.00       0.00          0          0          0
  trivial          :       0.00       0.00          2          0          0
  trivialnegation  :       0.00       0.00          0          0          0
  trustregion      :       0.00       0.00          0          0          0
  trysol           :       0.00       0.00          0          0          0
  twoopt           :       0.00       0.00          0          0          0
  undercover       :       0.00       0.00          0          0          0
  vbounds          :       0.13       0.00          1          0          0
  veclendiving     :       0.01       0.00          1          0          0
  zeroobj          :       0.00       0.00          0          0          0
  zirounding       :       0.00       0.00         81          0          0
  other solutions  :          -          -          -          0          -
LNS (Scheduler)    :      Calls  SetupTime  SolveTime SolveNodes       Sols       Best       Exp3    Exp3-IX  EpsGreedy        UCB TgtFixRate  Opt  Inf Node Stal  Sol  Usr Othr Actv
  rens             :          0       0.00       0.00          0          0          0    0.00000    0.12500   -1.00000    1.00000      0.900    0    0    0    0    0    0    0    1
  rins             :          0       0.00       0.00          0          0          0    0.00000    0.12500   -1.00000    1.00000      0.900    0    0    0    0    0    0    0    1
  mutation         :          0       0.00       0.00          0          0          0    0.00000    0.12500   -1.00000    1.00000      0.900    0    0    0    0    0    0    0    1
  localbranching   :          0       0.00       0.00          0          0          0    0.00000    0.12500   -1.00000    1.00000      0.900    0    0    0    0    0    0    0    1
  crossover        :          0       0.00       0.00          0          0          0    0.00000    0.12500   -1.00000    1.00000      0.900    0    0    0    0    0    0    0    1
  proximity        :          0       0.00       0.00          0          0          0    0.00000    0.12500   -1.00000    1.00000      0.900    0    0    0    0    0    0    0    1
  zeroobjective    :          0       0.00       0.00          0          0          0    0.00000    0.12500   -1.00000    1.00000      0.900    0    0    0    0    0    0    0    1
  dins             :          0       0.00       0.00          0          0          0    0.00000    0.12500   -1.00000    1.00000      0.900    0    0    0    0    0    0    0    1
  trustregion      :          0       0.00       0.00          0          0          0    0.00000    0.00000   -1.00000    1.00000      0.900    0    0    0    0    0    0    0    0
LP                 :       Time      Calls Iterations  Iter/call   Iter/sec  Time-0-It Calls-0-It
  primal LP        :       0.01         13          0       0.00          -       0.01         13
  dual LP          :       0.20        167       5350      36.15   27144.13       0.01         19
  lex dual LP      :       0.00          0          0       0.00          -
  barrier LP       :       0.00          0          0       0.00          -       0.00          0
  resolve instable :       0.00          0          0       0.00          -
  diving/probing LP:       0.41        118       6486      54.97   15762.42
  strong branching :       0.04         19        993      52.26   26594.18          -          -          0
    (at root node) :          -         19        993      52.26          -
  conflict analysis:       0.00          0          0       0.00          -
Relaxators         :       Time      Calls    Cutoffs ImprBounds   ImprTime ReducedDom  Separated AddedConss
  benders          :       0.00          0          0          0       0.00          0          0          0
B&B Tree           :
  number of runs   :          1
  nodes            :         98 (81 internal, 17 leaves)
  feasible leaves  :          0
  infeas. leaves   :         15
  objective leaves :          1
  nodes (total)    :         98 (81 internal, 17 leaves)
  nodes left       :         43
  max depth        :         20
  max depth (total):         20
  backtracks       :         23 (23.5%)
  early backtracks :          0 (0.0%)
  nodes exc. ref.  :          0 (0.0%)
  delayed cutoffs  :         19
  repropagations   :         24 (190 domain reductions, 2 cutoffs)
  avg switch length:       3.65
  switching time   :       0.02
Root Node          :
  First LP value   : +4.80000000000000e+01
  First LP Iters   :        343 (46207.73 Iter/sec)
  First LP Time    :       0.01
  Final Dual Bound : +5.90000000000000e+01
  Final Root Iters :       3683
  Root LP Estimate : +6.36885441373299e+01
Solution           :
  Solutions found  :          6 (6 improvements)
  First Solution   : +1.40000000000000e+02   (in run 1, after 6 nodes, 1.91 seconds, depth 5, found by <relaxation>)
  Gap First Sol.   :     137.29 %
  Gap Last Sol.    :      33.90 %
  Primal Bound     : +7.90000000000000e+01   (in run 1, after 83 nodes, 3.04 seconds, depth 5, found by <relaxation>)
  Dual Bound       : +5.90000000000000e+01
  Gap              :      33.90 %
Integrals          :      Total       Avg%
  primal-dual      :     252.77      74.97
  primal-ref       :          -          - (not evaluated)
  dual-ref         :          -          - (not evaluated)
