SCIP version 10.0.0 [precision: 8 byte] [memory: block] [mode: optimized] [LP solver: SoPlex 8.0.0] [GitHash: 0c80fdd8e9]
Copyright (c) 2002-2025 Zuse Institute Berlin (ZIB)

External libraries: 
  Readline 8.3         GNU library for command line editing (gnu.org/s/readline)
  SoPlex 8.0.0         Linear programming solver developed at Zuse Institute Berlin (soplex.zib.de) [GitHash: 2207cfb2]
  CppAD 20180000.0     Algorithmic Differentiation of C++ algorithms developed by B. Bell (github.com/coin-or/CppAD)
  ZLIB 1.2.12          General purpose compression library by J. Gailly and M. Adler (zlib.net)
  MPFR 4.2.2           GNU Multiple Precision Floating-Point Reliable Library (mpfr.org)
  Boost 1.89.0         Boost C++ Libraries (boost.org)
  TinyCThread 1.2      small portable implementation of the C11 threads API (tinycthread.github.io)
  GMP 6.3.0            GNU Multiple Precision Arithmetic Library developed by T. Granlund (gmplib.org)
  AMPL/MP 4.0.3        AMPL .nl file reader library (github.com/ampl/mp)
  PaPILO 3.0.0         parallel presolve for integer and linear optimization (github.com/scipopt/papilo) (built with TBB)
  Nauty 2.8.8          Computing Graph Automorphism Groups by Brendan D. McKay (users.cecs.anu.edu.au/~bdm/nauty)
  sassy 2.0            Symmetry preprocessor by Markus Anders (github.com/markusa4/sassy)
  Ipopt 3.14.19        Interior Point Optimizer developed by A. Waechter et.al. (github.com/coin-or/Ipopt)

reading user parameter file </Users/maxbig/SCIP/SCIPOptSuite-9.2.1-Linux/only_time.set>

read problem </Users/maxbig/SCIP/SCIPOptSuite-9.2.1-Linux/inputs/new_no_tr/order/layered_12_2_buf_times_P4_M8500_up_right_input.lp>
============

original problem has 637 variables (624 bin, 13 int, 0 cont) and 2284 constraints

solve problem
=============

presolving:
(round 1, fast)       56 del vars, 48 del conss, 0 add conss, 19 chg bounds, 0 chg sides, 0 chg coeffs, 0 upgd conss, 0 impls, 13 clqs, 0 implints
(round 2, fast)       56 del vars, 48 del conss, 0 add conss, 24 chg bounds, 0 chg sides, 0 chg coeffs, 0 upgd conss, 0 impls, 13 clqs, 0 implints
   (0.0s) running MILP presolver
   (0.0s) MILP presolver (2 rounds): 0 aggregations, 0 fixings, 0 bound changes
(round 3, exhaustive) 56 del vars, 331 del conss, 0 add conss, 24 chg bounds, 0 chg sides, 0 chg coeffs, 0 upgd conss, 0 impls, 13 clqs, 0 implints
(round 4, exhaustive) 56 del vars, 331 del conss, 0 add conss, 24 chg bounds, 0 chg sides, 0 chg coeffs, 1111 upgd conss, 0 impls, 13 clqs, 0 implints
(round 5, medium)     56 del vars, 331 del conss, 1 add conss, 24 chg bounds, 1 chg sides, 3 chg coeffs, 1111 upgd conss, 0 impls, 13 clqs, 0 implints
(round 6, exhaustive) 56 del vars, 347 del conss, 1 add conss, 24 chg bounds, 17 chg sides, 3 chg coeffs, 1111 upgd conss, 0 impls, 13 clqs, 0 implints
   (0.7s) probing: 439/568 (77.3%) - 0 fixings, 0 aggregations, 2388 implications, 0 bound changes
   (0.7s) probing aborted: 50/50 successive totally useless probings
   (0.7s) symmetry computation started: requiring (bin +, int +, cont +), (fixed: bin -, int -, cont -)
   (0.7s) symmetry computation finished: 3 generators found (max: 1500, log10 of symmetry group size: 1.38) (symcode time: 0.00)
dynamic symmetry handling statistics:
   orbitopal reduction:       no components
   orbital reduction:         no components
   lexicographic reduction:   no permutations
handled 1 out of 1 symmetry components
(round 7, exhaustive) 63 del vars, 347 del conss, 2 add conss, 24 chg bounds, 17 chg sides, 3 chg coeffs, 1111 upgd conss, 2419 impls, 12 clqs, 0 implints
(round 8, fast)       65 del vars, 550 del conss, 2 add conss, 24 chg bounds, 17 chg sides, 102 chg coeffs, 1111 upgd conss, 2419 impls, 102 clqs, 0 implints
(round 9, medium)     77 del vars, 550 del conss, 2 add conss, 24 chg bounds, 17 chg sides, 102 chg coeffs, 1111 upgd conss, 2419 impls, 78 clqs, 0 implints
(round 10, fast)       77 del vars, 574 del conss, 2 add conss, 24 chg bounds, 17 chg sides, 102 chg coeffs, 1111 upgd conss, 2419 impls, 78 clqs, 0 implints
   (0.7s) probing: 510/568 (89.8%) - 0 fixings, 6 aggregations, 2390 implications, 0 bound changes
   (0.7s) probing aborted: 50/50 successive totally useless probings
(round 11, exhaustive) 83 del vars, 574 del conss, 2 add conss, 24 chg bounds, 17 chg sides, 102 chg coeffs, 1111 upgd conss, 2419 impls, 74 clqs, 0 implints
(round 12, fast)       83 del vars, 580 del conss, 2 add conss, 24 chg bounds, 17 chg sides, 102 chg coeffs, 1111 upgd conss, 2419 impls, 74 clqs, 0 implints
   (0.7s) probing: 515/568 (90.7%) - 0 fixings, 6 aggregations, 2390 implications, 0 bound changes
   (0.7s) probing aborted: 50/50 successive totally useless probings
presolving (13 rounds: 13 fast, 8 medium, 6 exhaustive):
 83 deleted vars, 580 deleted constraints, 2 added constraints, 24 tightened bounds, 0 added holes, 17 changed sides, 102 changed coefficients
 2419 implications, 74 cliques, 0 implied integral variables (0 bin, 0 int, 0 cont)
presolved problem has 555 variables (542 bin, 13 int, 0 cont) and 1706 constraints
     31 constraints of type <varbound>
     12 constraints of type <knapsack>
     11 constraints of type <setppc>
    826 constraints of type <linear>
      1 constraints of type <orbitope_pp>
    825 constraints of type <logicor>
transformed objective value is always integral (scale: 1)
Presolving Time: 0.68

 time | node  | left  |LP iter|LP it/n|mem/heur|mdpt |vars |cons |rows |cuts |sepa|confs|strbr|  dualbound   | primalbound  |  gap   | compl. 
  0.8s|     1 |     0 |   263 |     - |    19M |   0 | 555 |1725 |1705 |   0 |  0 |  23 |   0 | 2.000000e+01 |      --      |    Inf | unknown
  1.5s|     1 |     0 |   733 |     - |    19M |   0 | 555 |1726 |1785 |  80 |  1 |  24 |   0 | 2.000000e+01 |      --      |    Inf | unknown
  1.6s|     1 |     0 |   937 |     - |    20M |   0 | 555 |1727 |1823 | 118 |  2 |  25 |   0 | 2.254545e+01 |      --      |    Inf | unknown
  1.6s|     1 |     0 |  1018 |     - |    20M |   0 | 555 |1729 |1821 | 118 |  2 |  27 |   0 | 2.300000e+01 |      --      |    Inf | unknown
  1.6s|     1 |     0 |  1124 |     - |    20M |   0 | 555 |1729 |1851 | 148 |  3 |  27 |   0 | 2.387833e+01 |      --      |    Inf | unknown
  1.6s|     1 |     0 |  1161 |     - |    20M |   0 | 555 |1729 |1848 | 148 |  3 |  27 |   0 | 2.400000e+01 |      --      |    Inf | unknown
  1.6s|     1 |     0 |  1222 |     - |    20M |   0 | 555 |1729 |1879 | 179 |  4 |  27 |   0 | 2.494444e+01 |      --      |    Inf | unknown
  1.6s|     1 |     0 |  1247 |     - |    20M |   0 | 555 |1731 |1877 | 179 |  4 |  29 |   0 | 2.500000e+01 |      --      |    Inf | unknown
  1.7s|     1 |     0 |  1303 |     - |    21M |   0 | 555 |1733 |1898 | 200 |  5 |  31 |   0 | 2.552577e+01 |      --      |    Inf | unknown
  1.7s|     1 |     0 |  1360 |     - |    21M |   0 | 555 |1734 |1894 | 200 |  5 |  32 |   0 | 2.600000e+01 |      --      |    Inf | unknown
  1.7s|     1 |     0 |  1448 |     - |    22M |   0 | 555 |1735 |1910 | 216 |  6 |  33 |   0 | 2.603448e+01 |      --      |    Inf | unknown
  1.7s|     1 |     0 |  1497 |     - |    22M |   0 | 555 |1735 |1900 | 216 |  6 |  33 |   0 | 2.700000e+01 |      --      |    Inf | unknown
  1.7s|     1 |     0 |  1547 |     - |    22M |   0 | 555 |1735 |1819 | 230 |  7 |  33 |   0 | 2.700000e+01 |      --      |    Inf | unknown
  1.8s|     1 |     0 |  1612 |     - |    23M |   0 | 555 |1736 |1836 | 247 |  8 |  34 |   0 | 2.700000e+01 |      --      |    Inf | unknown
  1.8s|     1 |     0 |  1667 |     - |    24M |   0 | 555 |1736 |1852 | 263 |  9 |  34 |   0 | 2.700000e+01 |      --      |    Inf | unknown
 time | node  | left  |LP iter|LP it/n|mem/heur|mdpt |vars |cons |rows |cuts |sepa|confs|strbr|  dualbound   | primalbound  |  gap   | compl. 
  1.8s|     1 |     0 |  1865 |     - |    24M |   0 | 555 |1736 |1849 | 284 | 10 |  34 |   0 | 2.733779e+01 |      --      |    Inf | unknown
  1.8s|     1 |     0 |  1960 |     - |    24M |   0 | 555 |1737 |1839 | 284 | 10 |  35 |   0 | 2.800000e+01 |      --      |    Inf | unknown
  1.8s|     1 |     0 |  1995 |     - |    24M |   0 | 555 |1737 |1856 | 301 | 11 |  35 |   0 | 2.800000e+01 |      --      |    Inf | unknown
  1.8s|     1 |     0 |  2060 |     - |    25M |   0 | 555 |1737 |1869 | 314 | 12 |  35 |   0 | 2.800000e+01 |      --      |    Inf | unknown
  1.8s|     1 |     0 |  2137 |     - |    25M |   0 | 555 |1737 |1885 | 330 | 13 |  35 |   0 | 2.800000e+01 |      --      |    Inf | unknown
  1.9s|     1 |     0 |  2211 |     - |    25M |   0 | 555 |1739 |1896 | 341 | 14 |  37 |   0 | 2.800000e+01 |      --      |    Inf | unknown
  1.9s|     1 |     0 |  2270 |     - |    25M |   0 | 555 |1739 |1904 | 349 | 15 |  37 |   0 | 2.801806e+01 |      --      |    Inf | unknown
  1.9s|     1 |     0 |  2326 |     - |    25M |   0 | 555 |1739 |1848 | 349 | 15 |  37 |   0 | 2.900000e+01 |      --      |    Inf | unknown
  1.9s|     1 |     0 |  2347 |     - |    25M |   0 | 555 |1741 |1860 | 361 | 16 |  39 |   0 | 2.900000e+01 |      --      |    Inf | unknown
  1.9s|     1 |     0 |  2387 |     - |    25M |   0 | 555 |1741 |1867 | 368 | 17 |  39 |   0 | 2.900000e+01 |      --      |    Inf | unknown
  1.9s|     1 |     0 |  2405 |     - |    26M |   0 | 555 |1744 |1833 | 371 | 18 |  42 |   0 | 2.900000e+01 |      --      |    Inf | unknown
  1.9s|     1 |     0 |  2413 |     - |    26M |   0 | 555 |1745 |1834 | 372 | 19 |  43 |   0 | 2.900000e+01 |      --      |    Inf | unknown
  1.9s|     1 |     0 |  2421 |     - |    26M |   0 | 555 |1745 |1836 | 374 | 20 |  43 |   0 | 2.900000e+01 |      --      |    Inf | unknown
  1.9s|     1 |     0 |  2441 |     - |    26M |   0 | 555 |1747 |1810 | 377 | 21 |  45 |   0 | 2.900000e+01 |      --      |    Inf | unknown
  1.9s|     1 |     0 |  2466 |     - |    26M |   0 | 555 |1748 |1811 | 378 | 22 |  46 |   0 | 2.900000e+01 |      --      |    Inf | unknown
 time | node  | left  |LP iter|LP it/n|mem/heur|mdpt |vars |cons |rows |cuts |sepa|confs|strbr|  dualbound   | primalbound  |  gap   | compl. 
  1.9s|     1 |     0 |  2477 |     - |    26M |   0 | 555 |1748 |1813 | 380 | 23 |  46 |   0 | 2.900000e+01 |      --      |    Inf | unknown
  1.9s|     1 |     0 |  2491 |     - |    26M |   0 | 555 |1748 |1799 | 383 | 24 |  46 |   0 | 2.900000e+01 |      --      |    Inf | unknown
  2.0s|     1 |     2 |  2788 |     - |    26M |   0 | 555 |1757 |1799 | 383 | 25 |  55 |  17 | 2.900000e+01 |      --      |    Inf | unknown
* 2.1s|     6 |     5 |  2845 |  75.2 |    LP  |   5 | 555 |1757 |1749 | 383 |  0 |  55 |  17 | 2.900000e+01 | 6.500000e+01 | 124.14%| unknown
d 2.1s|    39 |    24 |  3431 |  25.3 |pscostdi|  19 | 555 |1753 |1782 |   0 |  1 |  66 |  17 | 2.900000e+01 | 5.300000e+01 |  82.76%|   0.36%
d 2.2s|    43 |    28 |  3966 |  35.6 |adaptive|  19 | 555 |1736 |1793 |   0 |  2 |  70 |  17 | 2.900000e+01 | 5.000000e+01 |  72.41%|   1.48%
* 2.4s|    57 |    34 |  4825 |  42.1 |    LP  |  19 | 555 |1748 |1749 | 725 |  0 |  82 |  17 | 2.900000e+01 | 4.800000e+01 |  65.52%|   6.20%
d 2.4s|    58 |    37 |  5091 |  46.0 |veclendi|  19 | 555 |1738 |1749 |   0 |  1 |  82 |  17 | 2.900000e+01 | 4.700000e+01 |  62.07%|   6.20%
* 2.4s|    60 |    37 |  5188 |  46.1 |    LP  |  19 | 555 |1716 |1749 | 725 |  0 |  82 |  17 | 2.900000e+01 | 4.300000e+01 |  48.28%|   6.20%

SCIP Status        : problem is solved [optimal solution found]
Solving Time (sec) : 2.50
Solving Nodes      : 91
Primal Bound       : +4.30000000000000e+01 (6 solutions)
Dual Bound         : +4.30000000000000e+01
Gap                : 0.00 %

primal solution (original space):
=================================

objective value:                                   43
m_11_11                                             1 	(obj:0)
m_11_10                                             1 	(obj:0)
m_11_9                                              1 	(obj:0)
m_11_8                                              1 	(obj:0)
m_11_4                                              1 	(obj:0)
m_10_10                                             1 	(obj:0)
m_9_10                                              1 	(obj:0)
m_9_9                                               1 	(obj:0)
m_9_8                                               1 	(obj:0)
m_9_4                                               1 	(obj:0)
m_8_8                                               1 	(obj:0)
m_7_11                                              1 	(obj:0)
m_7_10                                              1 	(obj:0)
m_7_9                                               1 	(obj:0)
m_7_8                                               1 	(obj:0)
m_7_7                                               1 	(obj:0)
m_7_5                                               1 	(obj:0)
m_7_4                                               1 	(obj:0)
m_6_11                                              1 	(obj:0)
m_6_10                                              1 	(obj:0)
m_6_9                                               1 	(obj:0)
m_6_8                                               1 	(obj:0)
m_6_7                                               1 	(obj:0)
m_6_6                                               1 	(obj:0)
m_6_5                                               1 	(obj:0)
m_6_4                                               1 	(obj:0)
m_5_10                                              1 	(obj:0)
m_5_9                                               1 	(obj:0)
m_5_8                                               1 	(obj:0)
m_5_5                                               1 	(obj:0)
m_5_4                                               1 	(obj:0)
m_4_10                                              1 	(obj:0)
m_4_8                                               1 	(obj:0)
m_4_4                                               1 	(obj:0)
m_3_11                                              1 	(obj:0)
m_3_10                                              1 	(obj:0)
m_3_9                                               1 	(obj:0)
m_3_8                                               1 	(obj:0)
m_3_7                                               1 	(obj:0)
m_3_6                                               1 	(obj:0)
m_3_5                                               1 	(obj:0)
m_3_4                                               1 	(obj:0)
m_3_3                                               1 	(obj:0)
m_2_11                                              1 	(obj:0)
m_2_10                                              1 	(obj:0)
m_2_9                                               1 	(obj:0)
m_2_8                                               1 	(obj:0)
m_2_7                                               1 	(obj:0)
m_2_6                                               1 	(obj:0)
m_2_5                                               1 	(obj:0)
m_2_4                                               1 	(obj:0)
m_2_2                                               1 	(obj:0)
m_1_11                                              1 	(obj:0)
m_1_10                                              1 	(obj:0)
m_1_9                                               1 	(obj:0)
m_1_8                                               1 	(obj:0)
m_1_7                                               1 	(obj:0)
m_1_6                                               1 	(obj:0)
m_1_5                                               1 	(obj:0)
m_1_4                                               1 	(obj:0)
m_1_1                                               1 	(obj:0)
m_0_11                                              1 	(obj:0)
m_0_10                                              1 	(obj:0)
m_0_9                                               1 	(obj:0)
m_0_8                                               1 	(obj:0)
m_0_7                                               1 	(obj:0)
m_0_6                                               1 	(obj:0)
m_0_5                                               1 	(obj:0)
m_0_4                                               1 	(obj:0)
m_0_0                                               1 	(obj:0)
p_1_11                                              1 	(obj:0)
p_1_10                                              1 	(obj:0)
p_3_9                                               1 	(obj:0)
p_3_8                                               1 	(obj:0)
p_2_7                                               1 	(obj:0)
p_3_6                                               1 	(obj:0)
p_2_5                                               1 	(obj:0)
p_3_4                                               1 	(obj:0)
p_2_3                                               1 	(obj:0)
p_3_2                                               1 	(obj:0)
p_1_1                                               1 	(obj:0)
p_4_0                                               1 	(obj:0)
t_11_11                                             1 	(obj:0)
t_11_10                                             1 	(obj:0)
z_11_7                                              1 	(obj:0)
z_11_6                                              1 	(obj:0)
z_11_3                                              1 	(obj:0)
z_11_2                                              1 	(obj:0)
z_11_1                                              1 	(obj:0)
t_11_1                                              1 	(obj:0)
z_11_0                                              1 	(obj:0)
z_10_11                                             1 	(obj:0)
t_10_11                                             1 	(obj:0)
t_10_10                                             1 	(obj:0)
z_10_9                                              1 	(obj:0)
z_10_7                                              1 	(obj:0)
z_10_6                                              1 	(obj:0)
z_10_5                                              1 	(obj:0)
z_10_4                                              1 	(obj:0)
z_10_3                                              1 	(obj:0)
z_10_2                                              1 	(obj:0)
z_10_1                                              1 	(obj:0)
t_10_1                                              1 	(obj:0)
z_10_0                                              1 	(obj:0)
z_9_11                                              1 	(obj:0)
t_9_9                                               1 	(obj:0)
t_9_8                                               1 	(obj:0)
z_9_7                                               1 	(obj:0)
z_9_6                                               1 	(obj:0)
t_9_6                                               1 	(obj:0)
z_9_5                                               1 	(obj:0)
t_9_4                                               1 	(obj:0)
z_9_3                                               1 	(obj:0)
z_9_2                                               1 	(obj:0)
t_9_2                                               1 	(obj:0)
z_9_1                                               1 	(obj:0)
z_9_0                                               1 	(obj:0)
z_8_11                                              1 	(obj:0)
z_8_9                                               1 	(obj:0)
t_8_9                                               1 	(obj:0)
t_8_8                                               1 	(obj:0)
z_8_7                                               1 	(obj:0)
z_8_6                                               1 	(obj:0)
t_8_6                                               1 	(obj:0)
z_8_5                                               1 	(obj:0)
z_8_4                                               1 	(obj:0)
t_8_4                                               1 	(obj:0)
z_8_3                                               1 	(obj:0)
z_8_2                                               1 	(obj:0)
t_8_2                                               1 	(obj:0)
z_8_1                                               1 	(obj:0)
z_8_0                                               1 	(obj:0)
t_7_7                                               1 	(obj:0)
t_7_5                                               1 	(obj:0)
z_7_3                                               1 	(obj:0)
t_7_3                                               1 	(obj:0)
z_7_2                                               1 	(obj:0)
z_7_1                                               1 	(obj:0)
z_7_0                                               1 	(obj:0)
t_6_9                                               1 	(obj:0)
t_6_8                                               1 	(obj:0)
t_6_6                                               1 	(obj:0)
t_6_4                                               1 	(obj:0)
z_6_2                                               1 	(obj:0)
t_6_2                                               1 	(obj:0)
z_6_1                                               1 	(obj:0)
z_6_0                                               1 	(obj:0)
z_5_7                                               1 	(obj:0)
t_5_7                                               1 	(obj:0)
z_5_6                                               1 	(obj:0)
t_5_5                                               1 	(obj:0)
z_5_3                                               1 	(obj:0)
t_5_3                                               1 	(obj:0)
z_5_2                                               1 	(obj:0)
z_5_1                                               1 	(obj:0)
z_5_0                                               1 	(obj:0)
z_4_11                                              1 	(obj:0)
z_4_9                                               1 	(obj:0)
t_4_9                                               1 	(obj:0)
t_4_8                                               1 	(obj:0)
z_4_7                                               1 	(obj:0)
z_4_6                                               1 	(obj:0)
t_4_6                                               1 	(obj:0)
z_4_5                                               1 	(obj:0)
t_4_4                                               1 	(obj:0)
z_4_3                                               1 	(obj:0)
z_4_2                                               1 	(obj:0)
t_4_2                                               1 	(obj:0)
z_4_1                                               1 	(obj:0)
z_4_0                                               1 	(obj:0)
t_3_7                                               1 	(obj:0)
t_3_5                                               1 	(obj:0)
t_3_3                                               1 	(obj:0)
t_2_9                                               1 	(obj:0)
t_2_8                                               1 	(obj:0)
t_2_6                                               1 	(obj:0)
t_2_4                                               1 	(obj:0)
t_2_2                                               1 	(obj:0)
t_1_11                                              1 	(obj:0)
t_1_10                                              1 	(obj:0)
t_1_1                                               1 	(obj:0)
t_0_0                                               1 	(obj:0)
y_7_1_11                                            1 	(obj:0)
y_7_2_11                                            1 	(obj:0)
y_6_1_11                                            1 	(obj:0)
y_6_2_11                                            1 	(obj:0)
y_6_3_11                                            1 	(obj:0)
y_5_1_11                                            1 	(obj:0)
y_5_2_11                                            1 	(obj:0)
y_5_3_11                                            1 	(obj:0)
y_1_1_11                                            1 	(obj:0)
y_0_1_11                                            1 	(obj:0)
y_7_1_10                                            1 	(obj:0)
y_7_2_10                                            1 	(obj:0)
y_6_1_10                                            1 	(obj:0)
y_6_3_10                                            1 	(obj:0)
y_5_1_10                                            1 	(obj:0)
y_5_3_10                                            1 	(obj:0)
y_4_1_10                                            1 	(obj:0)
y_7_1_9                                             1 	(obj:0)
y_7_2_9                                             1 	(obj:0)
y_6_1_9                                             1 	(obj:0)
y_6_2_9                                             1 	(obj:0)
y_6_3_9                                             1 	(obj:0)
y_5_1_9                                             1 	(obj:0)
y_5_2_9                                             1 	(obj:0)
y_5_3_9                                             1 	(obj:0)
y_0_1_9                                             1 	(obj:0)
y_7_1_8                                             1 	(obj:0)
y_7_2_8                                             1 	(obj:0)
y_6_1_8                                             1 	(obj:0)
y_6_3_8                                             1 	(obj:0)
y_5_1_8                                             1 	(obj:0)
y_5_3_8                                             1 	(obj:0)
y_4_1_8                                             1 	(obj:0)
y_7_1_7                                             1 	(obj:0)
y_7_2_7                                             1 	(obj:0)
y_6_1_7                                             1 	(obj:0)
y_6_2_7                                             1 	(obj:0)
y_6_3_7                                             1 	(obj:0)
y_3_1_7                                             1 	(obj:0)
y_2_1_7                                             1 	(obj:0)
y_1_1_7                                             1 	(obj:0)
y_0_1_7                                             1 	(obj:0)
y_7_1_6                                             1 	(obj:0)
y_7_2_6                                             1 	(obj:0)
y_6_1_6                                             1 	(obj:0)
y_6_2_6                                             1 	(obj:0)
y_6_3_6                                             1 	(obj:0)
y_3_1_6                                             1 	(obj:0)
y_2_1_6                                             1 	(obj:0)
y_1_1_6                                             1 	(obj:0)
y_0_1_6                                             1 	(obj:0)
y_7_1_5                                             1 	(obj:0)
y_7_2_5                                             1 	(obj:0)
y_6_1_5                                             1 	(obj:0)
y_6_2_5                                             1 	(obj:0)
y_6_3_5                                             1 	(obj:0)
y_5_1_5                                             1 	(obj:0)
y_5_2_5                                             1 	(obj:0)
y_5_3_5                                             1 	(obj:0)
y_1_1_5                                             1 	(obj:0)
y_0_1_5                                             1 	(obj:0)
y_7_1_4                                             1 	(obj:0)
y_7_2_4                                             1 	(obj:0)
y_6_1_4                                             1 	(obj:0)
y_6_3_4                                             1 	(obj:0)
y_5_1_4                                             1 	(obj:0)
y_5_3_4                                             1 	(obj:0)
y_4_1_4                                             1 	(obj:0)
y_0_1_4                                             1 	(obj:0)
y_6_1_3                                             1 	(obj:0)
y_6_2_3                                             1 	(obj:0)
y_6_3_3                                             1 	(obj:0)
y_3_1_3                                             1 	(obj:0)
y_2_1_3                                             1 	(obj:0)
y_1_1_3                                             1 	(obj:0)
y_0_1_3                                             1 	(obj:0)
y_3_1_2                                             1 	(obj:0)
y_2_1_2                                             1 	(obj:0)
y_1_1_2                                             1 	(obj:0)
y_0_1_2                                             1 	(obj:0)
y_3_1_1                                             1 	(obj:0)
y_2_1_1                                             1 	(obj:0)
y_1_1_1                                             1 	(obj:0)
y_0_1_1                                             1 	(obj:0)
y_3_1_0                                             1 	(obj:0)
y_2_1_0                                             1 	(obj:0)
y_1_1_0                                             1 	(obj:0)
y_0_1_0                                             1 	(obj:0)
l                                                  43 	(obj:1)
s_11                                               15 	(obj:0)
s_10                                               38 	(obj:0)
s_9                                                23 	(obj:0)
s_8                                                38 	(obj:0)
s_7                                                10 	(obj:0)
s_6                                                 8 	(obj:0)
s_5                                                15 	(obj:0)
s_4                                                28 	(obj:0)

Statistics
==========

SCIP Status        : problem is solved [optimal solution found]
Total Time         :       2.51
  solving          :       2.50
  presolving       :       0.68 (included in solving)
  reading          :       0.00
  copying          :       0.04 (10 #copies) (minimal 0.00, maximal 0.01, average 0.00)
Original Problem   :
  Problem name     : /Users/maxbig/SCIP/SCIPOptSuite-9.2.1-Linux/inputs/new_no_tr/order/layered_12_2_buf_times_P4_M8500_up_right_input.lp
  Variables        : 637 (624 binary, 13 integer, 0 continuous)
  Implied int vars : 0 (0 binary, 0 integer, 0 continuous)
  Constraints      : 2284 initial, 2284 maximal
  Objective        : minimize, 1 non-zeros (abs.min = 1, abs.max = 1)
Presolved Problem  :
  Problem name     : t_/Users/maxbig/SCIP/SCIPOptSuite-9.2.1-Linux/inputs/new_no_tr/order/layered_12_2_buf_times_P4_M8500_up_right_input.lp
  Variables        : 555 (542 binary, 13 integer, 0 continuous)
  Implied int vars : 0 (0 binary, 0 integer, 0 continuous)
  Constraints      : 1706 initial, 1757 maximal
  Objective        : minimize, 1 non-zeros (abs.min = 1, abs.max = 1)
  Nonzeros         : 5572 constraint, 174 clique table
Presolvers         :   ExecTime  SetupTime  Calls  FixedVars   AggrVars   ChgTypes  ChgBounds   AddHoles    DelCons    AddCons   ChgSides   ChgCoefs
  boundshift       :       0.00       0.00      0          0          0          0          0          0          0          0          0          0
  convertinttobin  :       0.00       0.00      0          0          0          0          0          0          0          0          0          0
  domcol           :       0.00       0.00      3          0          0          0          0          0          0          0          0          0
  dualagg          :       0.00       0.00      0          0          0          0          0          0          0          0          0          0
  dualcomp         :       0.00       0.00      0          0          0          0          0          0          0          0          0          0
  dualinfer        :       0.00       0.00      0          0          0          0          0          0          0          0          0          0
  dualsparsify     :       0.01       0.00      1          0          0          0          0          0          0          0          0          0
  gateextraction   :       0.00       0.00      4          0          0          0          0          0          0          0          0          0
  implics          :       0.00       0.00      8          0          0          0          0          0          0          0          0          0
  implint          :       0.00       0.00      0          0          0          0          0          0          0          0          0          0
  inttobinary      :       0.00       0.00     13          0          0          0          0          0          0          0          0          0
  milp             :       0.00       0.00      1          0          0          0          0          0          0          0          0          0
  qpkktref         :       0.00       0.00      0          0          0          0          0          0          0          0          0          0
  redvub           :       0.00       0.00      0          0          0          0          0          0          0          0          0          0
  sparsify         :       0.00       0.00      1          0          0          0          0          0          0          0          0          0
  stuffing         :       0.00       0.00      0          0          0          0          0          0          0          0          0          0
  trivial          :       0.00       0.00     13         45          0          0          0          0          0          0          0          0
  tworowbnd        :       0.00       0.00      0          0          0          0          0          0          0          0          0          0
  dualfix          :       0.00       0.00     13         12          0          0          0          0          0          0          0          0
  genvbounds       :       0.00       0.00      0          0          0          0          0          0          0          0          0          0
  probing          :       0.64       0.00      3          0          6          0          0          0          0          0          0          0
  pseudoobj        :       0.00       0.00      0          0          0          0          0          0          0          0          0          0
  symmetry         :       0.00       0.00      1          6          0          0          0          0          0          1          0          0
  vbounds          :       0.00       0.00      2          0         12          0          0          0          0          0          0          0
  varbound         :       0.00       0.00     15          0          0          0          0          0          0          0          0          0
  knapsack         :       0.00       0.00     19          0          0          0          0          0          0          1          1          3
  setppc           :       0.00       0.00     19          0          1          0          0          0          2          0          0          0
  linear           :       0.02       0.00     19          0          0          0         24          0        347          0         16          0
  orbitope_pp      :       0.00       0.00      3          0          0          0          0          0          0          0          0          0
  logicor          :       0.00       0.00     18          0          0          0          0          0        231          0          0         99
  bounddisjunction :       0.00       0.00      0          0          0          0          0          0          0          0          0          0
  components       :       0.00       0.00      1          0          0          0          0          0          0          0          0          0
  root node        :          -          -      -        217          -          -        337          -          -          -          -          -
Constraints        :     Number  MaxNumber  #Separate #Propagate    #EnfoLP    #EnfoRelax  #EnfoPS    #Check   #ResProp    Cutoffs    DomReds       Cuts    Applied      Conss   Children
  integral         :          0          0          0          0         63          0          0         49          0          0          0          0          0          0        126
  varbound         :         31         31         25       9363          0          0          0         44          1          0          0          0          0          0          0
  knapsack         :         12         12         25       9155          0          0          0         30         13         11         64         96         14          0          0
  setppc           :         11+        22         25       7938          0          0          0         10         51          9         77          0          0          0          0
  linear           :        826+       827         25       9344          0          0          0         11        324         70       1804          0          0          0          0
  orbitope_pp      :          1          1          0       3973          0          0          0          6          1          0          0          0          0          0          0
  logicor          :        825+       846         25       1229          0          0          0          6         49          7        130          0          0          0          0
  bounddisjunction :          0+        43          0        843          0          0          0          0         15          0         24          0          0          0          0
  fixedvar         :          0          0          0          0          0          0          0          7          0          0          0          0          0          0          0
  countsols        :          0          0          0          0          0          0          0          7          0          0          0          0          0          0          0
  components       :          0          0          0          0          0          0          0          0          0          0          0          0          0          0          0
Constraint Timings :  TotalTime  SetupTime   Separate  Propagate     EnfoLP     EnfoPS     EnfoRelax   Check    ResProp    SB-Prop
  integral         :       0.03       0.00       0.00       0.00       0.03       0.00       0.00       0.00       0.00       0.00
  varbound         :       0.12       0.00       0.00       0.12       0.00       0.00       0.00       0.00       0.00       0.00
  knapsack         :       0.00       0.00       0.00       0.00       0.00       0.00       0.00       0.00       0.00       0.00
  setppc           :       0.00       0.00       0.00       0.00       0.00       0.00       0.00       0.00       0.00       0.00
  linear           :       0.48       0.00       0.00       0.47       0.00       0.00       0.00       0.00       0.00       0.00
  orbitope_pp      :       0.00       0.00       0.00       0.00       0.00       0.00       0.00       0.00       0.00       0.00
  logicor          :       0.01       0.00       0.00       0.01       0.00       0.00       0.00       0.00       0.00       0.00
  bounddisjunction :       0.00       0.00       0.00       0.00       0.00       0.00       0.00       0.00       0.00       0.00
  fixedvar         :       0.00       0.00       0.00       0.00       0.00       0.00       0.00       0.00       0.00       0.00
  countsols        :       0.00       0.00       0.00       0.00       0.00       0.00       0.00       0.00       0.00       0.00
  components       :       0.00       0.00       0.00       0.00       0.00       0.00       0.00       0.00       0.00       0.00
Propagators        : #Propagate   #ResProp    Cutoffs    DomReds
  dualfix          :          2          0          0          0
  genvbounds       :          0          0          0          0
  nlobbt           :          0          0          0          0
  obbt             :          0          0          0          0
  probing          :          0          0          0          0
  pseudoobj        :        400          0          0          7
  redcost          :        157          0          0          0
  rootredcost      :          6          0          0        122
  symmetry         :          0          0          0          0
  vbounds          :       2288        152         11        296
Propagator Timings :  TotalTime  SetupTime   Presolve  Propagate    ResProp    SB-Prop
  dualfix          :       0.00       0.00       0.00       0.00       0.00       0.00
  genvbounds       :       0.00       0.00       0.00       0.00       0.00       0.00
  nlobbt           :       0.00       0.00       0.00       0.00       0.00       0.00
  obbt             :       0.00       0.00       0.00       0.00       0.00       0.00
  probing          :       0.64       0.00       0.64       0.00       0.00       0.00
  pseudoobj        :       0.00       0.00       0.00       0.00       0.00       0.00
  redcost          :       0.00       0.00       0.00       0.00       0.00       0.00
  rootredcost      :       0.00       0.00       0.00       0.00       0.00       0.00
  symmetry         :       0.00       0.00       0.00       0.00       0.00       0.00
  vbounds          :       0.05       0.00       0.00       0.05       0.00       0.00
Symmetry           :
  #affected vars   :         48 (48 bin, 0 int, 0 cont)
  orbitopal red.   :          0 reductions applied,          0 cutoffs
  orbital reduction:          0 reductions applied,          0 cutoffs
  lexicographic red:          0 reductions applied,          0 cutoffs
  shadow tree time :       0.00 s
Conflict Analysis  :       Time      Calls    Success    DomReds  Conflicts   Literals    Reconvs ReconvLits   Dualrays   Nonzeros   LP Iters   (pool size: [10000,10000])
  propagation      :       0.00         58         55          -         83        4.3          2        2.0          -          -          -
  infeasible LP    :       0.00          9         11          -          9        3.3          0        0.0          9        4.9          0
  bound exceed. LP :       0.00          0          0          -          0        0.0          0        0.0          0        0.0          0
  strong branching :       0.00          0          0          -          0        0.0          0        0.0          -          -          0
  pseudo solution  :       0.00          0          0          -          0        0.0          0        0.0          -          -          -
  applied globally :       0.00          -          -          2         89        3.9          -          -          9          -          -
  applied locally  :          -          -          -          0          0        0.0          -          -          0          -          -
Gen. Resolution CA :       Time      Calls    Success  Conflicts  LargeCoef  LongConfs    Length
  propagation      :       0.00          0          0          0          0          0       0.0
Separators         :   ExecTime  SetupTime      Calls  RootCalls    Cutoffs    DomReds  FoundCuts ViaPoolAdd  DirectAdd    Applied ViaPoolApp  DirectApp      Conss
  cut pool         :       0.01          -         87         44          -          -       2968       6249          -          -          -          -          -    (maximal pool size:       2935)
  aggregation      :       0.03       0.00         45         25          0          0        211        301         88        165        147         18          0
  > cmir           :          -          -          -          -          -          -          -        215         37         91         86          5          -
  > flowcover      :          -          -          -          -          -          -          -         75         30         60         55          5          -
  > knapsackcover  :          -          -          -          -          -          -          -         11         21         14          6          8          -
  cgmip            :       0.00       0.00          0          0          0          0          0          0          0          0          0          0          0
  clique           :       0.00       0.00         25         25          0          0          0          0          0          0          0          0          0
  closecuts        :       0.00       0.00          0          0          0          0          0          0          0          0          0          0          0
  convexproj       :       0.00       0.00          0          0          0          0          0          0          0          0          0          0          0
  disjunctive      :       0.00       0.00          0          0          0          0          0          0          0          0          0          0          0
  eccuts           :       0.00       0.00          0          0          0          0          0          0          0          0          0          0          0
  flower           :       0.00       0.00         36         25          0          0          0          0          0          0          0          0          0
  gauge            :       0.00       0.00          0          0          0          0          0          0          0          0          0          0          0
  gomory           :       0.19       0.00         29         10          0          0       2555       4714        357        375        356         19          0
  > gomorymi       :          -          -          -          -          -          -          -       2251        190        168        154         14          -
  > strongcg       :          -          -          -          -          -          -          -       2463        167        207        202          5          -
  impliedbounds    :       0.00       0.00         45         25          0          0        501        960          0        184        184          0          0
  interminor       :       0.00       0.00          0          0          0          0          0          0          0          0          0          0          0
  intobj           :       0.00       0.00          0          0          0          0          0          0          0          0          0          0          0
  lagromory        :       0.00       0.00          0          0          0          0          0          0          0          0          0          0          0
  mcf              :       0.00       0.00          1          1          0          0          0          0          0          0          0          0          0
  minor            :       0.00       0.00          0          0          0          0          0          0          0          0          0          0          0
  mixing           :       0.00       0.00         45         25          0          0          0          0          0          0          0          0          0
  oddcycle         :       0.00       0.00          0          0          0          0          0          0          0          0          0          0          0
  rapidlearning    :       0.98       0.00          8          1          0        589          0          0          0          0          0          0         24
  rlt              :       0.00       0.00         10         10          0          0          0          0          0          0          0          0          0
  zerohalf         :       0.01       0.00         39         20          0          0        128        274         13         75         65         10          0
Cutselectors       :   ExecTime  SetupTime      Calls  RootCalls   Selected     Forced   Filtered  RootSelec   RootForc   RootFilt 
  hybrid           :       0.00       0.00         49         24        813          2       5990        383          0       2768
  ensemble         :       0.00       0.00          0          0          0          0          0          0          0          0
  dynamic          :       0.00       0.00          0          0          0          0          0          0          0          0
Pricers            :   ExecTime  SetupTime      Calls       Vars
  problem variables:       0.00          -          0          0
Branching Rules    :   ExecTime  SetupTime   BranchLP  BranchExt   BranchPS    Cutoffs    DomReds       Cuts      Conss   Children
  allfullstrong    :       0.00       0.00          0          0          0          0          0          0          0          0
  cloud            :       0.00       0.00          0          0          0          0          0          0          0          0
  distribution     :       0.00       0.00          0          0          0          0          0          0          0          0
  fullstrong       :       0.00       0.00          0          0          0          0          0          0          0          0
  gomory           :       0.00       0.00          0          0          0          0          0          0          0          0
  inference        :       0.00       0.00          0          0          0          0          0          0          0          0
  leastinf         :       0.00       0.00          0          0          0          0          0          0          0          0
  lookahead        :       0.00       0.00          0          0          0          0          0          0          0          0
  mostinf          :       0.00       0.00          0          0          0          0          0          0          0          0
  multaggr         :       0.00       0.00          0          0          0          0          0          0          0          0
  nodereopt        :       0.00       0.00          0          0          0          0          0          0          0          0
  pscost           :       0.00       0.00          0          0          0          0          0          0          0          0
  random           :       0.00       0.00          0          0          0          0          0          0          0          0
  relpscost        :       0.03       0.00         63          0          0          0          0          0          0        126
  vanillafullstrong:       0.00       0.00          0          0          0          0          0          0          0          0
Primal Heuristics  :   ExecTime  SetupTime      Calls      Found       Best
  LP solutions     :       0.00          -          -          0          0
  relax solutions  :       0.00          -          -          0          0
  pseudo solutions :       0.00          -          -          0          0
  strong branching :       0.00          -          -          0          0
  actconsdiving    :       0.00       0.00          0          0          0
  adaptivediving   :       0.01       0.00          1          1          1
  alns             :       0.00       0.00          1          0          0
  bound            :       0.00       0.00          0          0          0
  clique           :       0.00       0.00          1          0          0
  coefdiving       :       0.00       0.00          0          0          0
  completesol      :       0.00       0.00          0          0          0
  conflictdiving   :       0.02       0.00          1          0          0
  crossover        :       0.00       0.00          0          0          0
  dins             :       0.00       0.00          0          0          0
  distributiondivin:       0.00       0.00          0          0          0
  dks              :       0.00       0.00          0          0          0
  dps              :       0.00       0.00          0          0          0
  dualval          :       0.00       0.00          0          0          0
  farkasdiving     :       0.00       0.00          0          0          0
  feaspump         :       0.01       0.00          1          0          0
  fixandinfer      :       0.00       0.00          0          0          0
  fracdiving       :       0.01       0.00          1          0          0
  gins             :       0.00       0.00          0          0          0
  guideddiving     :       0.00       0.00          0          0          0
  indicator        :       0.00       0.00          0          0          0
  indicatordiving  :       0.00       0.00          0          0          0
  intdiving        :       0.00       0.00          0          0          0
  intshifting      :       0.00       0.00          0          0          0
  linesearchdiving :       0.00       0.00          0          0          0
  localbranching   :       0.00       0.00          0          0          0
  locks            :       0.02       0.00          1          0          0
  lpface           :       0.00       0.00          0          0          0
  mpec             :       0.00       0.00          0          0          0
  multistart       :       0.00       0.00          0          0          0
  mutation         :       0.00       0.00          0          0          0
  nlpdiving        :       0.00       0.00          0          0          0
  objpscostdiving  :       0.00       0.00          0          0          0
  octane           :       0.00       0.00          0          0          0
  ofins            :       0.00       0.00          0          0          0
  oneopt           :       0.00       0.00          6          0          0
  padm             :       0.00       0.00          0          0          0
  proximity        :       0.00       0.00          0          0          0
  pscostdiving     :       0.00       0.00          1          1          1
  randrounding     :       0.18       0.00         64          0          0
  rens             :       0.01       0.00          1          0          0
  reoptsols        :       0.00       0.00          0          0          0
  repair           :       0.00       0.00          0          0          0
  rins             :       0.00       0.00          0          0          0
  rootsoldiving    :       0.00       0.00          0          0          0
  rounding         :       0.00       0.00        105          0          0
  scheduler        :       0.00       0.00          0          0          0
  shiftandpropagate:       0.03       0.00          1          0          0
  shifting         :       0.06       0.00         70          0          0
  simplerounding   :       0.00       0.00        127          0          0
  subnlp           :       0.00       0.00          0          0          0
  trivial          :       0.00       0.00          2          0          0
  trivialnegation  :       0.00       0.00          0          0          0
  trustregion      :       0.00       0.00          0          0          0
  trysol           :       0.00       0.00          0          0          0
  twoopt           :       0.00       0.00          0          0          0
  undercover       :       0.00       0.00          0          0          0
  vbounds          :       0.06       0.00          1          0          0
  veclendiving     :       0.00       0.00          1          1          1
  zeroobj          :       0.00       0.00          0          0          0
  zirounding       :       0.00       0.00         63          0          0
  other solutions  :          -          -          -          0          -
LNS (Scheduler)    :      Calls  SetupTime  SolveTime SolveNodes       Sols       Best       Exp3    Exp3-IX  EpsGreedy        UCB TgtFixRate  Opt  Inf Node Stal  Sol  Usr Othr Actv
  rens             :          0       0.00       0.00          0          0          0    0.00000    0.12500   -1.00000    1.00000      0.900    0    0    0    0    0    0    0    1
  rins             :          0       0.00       0.00          0          0          0    0.00000    0.12500   -1.00000    1.00000      0.900    0    0    0    0    0    0    0    1
  mutation         :          0       0.00       0.00          0          0          0    0.00000    0.12500   -1.00000    1.00000      0.900    0    0    0    0    0    0    0    1
  localbranching   :          0       0.00       0.00          0          0          0    0.00000    0.12500   -1.00000    1.00000      0.900    0    0    0    0    0    0    0    1
  crossover        :          0       0.00       0.00          0          0          0    0.00000    0.12500   -1.00000    1.00000      0.900    0    0    0    0    0    0    0    1
  proximity        :          0       0.00       0.00          0          0          0    0.00000    0.12500   -1.00000    1.00000      0.900    0    0    0    0    0    0    0    1
  zeroobjective    :          0       0.00       0.00          0          0          0    0.00000    0.12500   -1.00000    1.00000      0.900    0    0    0    0    0    0    0    1
  dins             :          0       0.00       0.00          0          0          0    0.00000    0.12500   -1.00000    1.00000      0.900    0    0    0    0    0    0    0    1
  trustregion      :          0       0.00       0.00          0          0          0    0.00000    0.00000   -1.00000    1.00000      0.900    0    0    0    0    0    0    0    0
LP                 :       Time      Calls Iterations  Iter/call   Iter/sec  Time-0-It Calls-0-It
  primal LP        :       0.00         15          0       0.00          -       0.00         15
  dual LP          :       0.09        131       3584      27.78   38042.67       0.00          2
  lex dual LP      :       0.00          0          0       0.00          -
  barrier LP       :       0.00          0          0       0.00          -       0.00          0
  resolve instable :       0.00          0          0       0.00          -
  diving/probing LP:       0.10         58       2075      35.78   21464.33
  strong branching :       0.02         17        591      34.76   25325.68          -          -          0
    (at root node) :          -         17        591      34.76          -
  conflict analysis:       0.00          0          0       0.00          -
Relaxators         :       Time      Calls    Cutoffs ImprBounds   ImprTime ReducedDom  Separated AddedConss
  benders          :       0.00          0          0          0       0.00          0          0          0
B&B Tree           :
  number of runs   :          1
  nodes            :         91 (63 internal, 28 leaves)
  feasible leaves  :          0
  infeas. leaves   :         28
  objective leaves :          0
  nodes (total)    :         91 (63 internal, 28 leaves)
  nodes left       :          0
  max depth        :         19
  max depth (total):         19
  backtracks       :         20 (22.0%)
  early backtracks :          0 (0.0%)
  nodes exc. ref.  :          0 (0.0%)
  delayed cutoffs  :         36
  repropagations   :         72 (235 domain reductions, 3 cutoffs)
  avg switch length:       3.85
  switching time   :       0.01
Root Node          :
  First LP value   : +2.00000000000000e+01
  First LP Iters   :        239 (45636.81 Iter/sec)
  First LP Time    :       0.01
  Final Dual Bound :          -
  Final Root Iters :       2469
  Root LP Estimate : +2.90489620396174e+01
Solution           :
  Solutions found  :          6 (6 improvements)
  First Solution   : +6.50000000000000e+01   (in run 1, after 6 nodes, 2.09 seconds, depth 5, found by <relaxation>)
  Gap First Sol.   :     124.14 %
  Gap Last Sol.    :      48.28 %
  Primal Bound     : +4.30000000000000e+01   (in run 1, after 60 nodes, 2.40 seconds, depth 5, found by <relaxation>)
  Dual Bound       : +4.30000000000000e+01
  Gap              :       0.00 %
Integrals          :      Total       Avg%
  primal-dual      :     226.00      90.26
  primal-ref       :          -          - (not evaluated)
  dual-ref         :          -          - (not evaluated)
