SCIP version 10.0.0 [precision: 8 byte] [memory: block] [mode: optimized] [LP solver: SoPlex 8.0.0] [GitHash: 0c80fdd8e9]
Copyright (c) 2002-2025 Zuse Institute Berlin (ZIB)

External libraries: 
  Readline 8.3         GNU library for command line editing (gnu.org/s/readline)
  SoPlex 8.0.0         Linear programming solver developed at Zuse Institute Berlin (soplex.zib.de) [GitHash: 2207cfb2]
  CppAD 20180000.0     Algorithmic Differentiation of C++ algorithms developed by B. Bell (github.com/coin-or/CppAD)
  ZLIB 1.2.12          General purpose compression library by J. Gailly and M. Adler (zlib.net)
  MPFR 4.2.2           GNU Multiple Precision Floating-Point Reliable Library (mpfr.org)
  Boost 1.89.0         Boost C++ Libraries (boost.org)
  TinyCThread 1.2      small portable implementation of the C11 threads API (tinycthread.github.io)
  GMP 6.3.0            GNU Multiple Precision Arithmetic Library developed by T. Granlund (gmplib.org)
  AMPL/MP 4.0.3        AMPL .nl file reader library (github.com/ampl/mp)
  PaPILO 3.0.0         parallel presolve for integer and linear optimization (github.com/scipopt/papilo) (built with TBB)
  Nauty 2.8.8          Computing Graph Automorphism Groups by Brendan D. McKay (users.cecs.anu.edu.au/~bdm/nauty)
  sassy 2.0            Symmetry preprocessor by Markus Anders (github.com/markusa4/sassy)
  Ipopt 3.14.19        Interior Point Optimizer developed by A. Waechter et.al. (github.com/coin-or/Ipopt)

reading user parameter file </Users/maxbig/SCIP/SCIPOptSuite-9.2.1-Linux/only_time.set>

read problem </Users/maxbig/SCIP/SCIPOptSuite-9.2.1-Linux/inputs/new_no_tr/order/layered_12_2_buf_times_P4_M13500_down_left_input.lp>
============

original problem has 637 variables (624 bin, 13 int, 0 cont) and 2284 constraints

solve problem
=============

presolving:
(round 1, fast)       56 del vars, 60 del conss, 0 add conss, 18 chg bounds, 0 chg sides, 0 chg coeffs, 0 upgd conss, 0 impls, 12 clqs, 0 implints
   (0.0s) running MILP presolver
   (0.0s) MILP presolver (2 rounds): 0 aggregations, 0 fixings, 0 bound changes
(round 2, exhaustive) 56 del vars, 356 del conss, 0 add conss, 18 chg bounds, 13 chg sides, 0 chg coeffs, 0 upgd conss, 0 impls, 12 clqs, 0 implints
(round 3, fast)       62 del vars, 356 del conss, 0 add conss, 18 chg bounds, 13 chg sides, 0 chg coeffs, 0 upgd conss, 0 impls, 12 clqs, 0 implints
(round 4, exhaustive) 62 del vars, 364 del conss, 0 add conss, 18 chg bounds, 21 chg sides, 0 chg coeffs, 0 upgd conss, 0 impls, 12 clqs, 0 implints
(round 5, fast)       66 del vars, 364 del conss, 0 add conss, 18 chg bounds, 21 chg sides, 0 chg coeffs, 0 upgd conss, 0 impls, 12 clqs, 0 implints
(round 6, exhaustive) 66 del vars, 365 del conss, 0 add conss, 18 chg bounds, 22 chg sides, 0 chg coeffs, 0 upgd conss, 0 impls, 12 clqs, 0 implints
(round 7, exhaustive) 66 del vars, 365 del conss, 0 add conss, 18 chg bounds, 22 chg sides, 0 chg coeffs, 1109 upgd conss, 0 impls, 12 clqs, 0 implints
(round 8, exhaustive) 66 del vars, 368 del conss, 0 add conss, 18 chg bounds, 25 chg sides, 0 chg coeffs, 1109 upgd conss, 0 impls, 12 clqs, 0 implints
   (0.6s) probing: 429/558 (76.9%) - 0 fixings, 0 aggregations, 2388 implications, 0 bound changes
   (0.6s) probing aborted: 50/50 successive totally useless probings
   (0.7s) symmetry computation started: requiring (bin +, int +, cont +), (fixed: bin -, int -, cont -)
   (0.7s) symmetry computation finished: 3 generators found (max: 1500, log10 of symmetry group size: 1.38) (symcode time: 0.00)
dynamic symmetry handling statistics:
   orbitopal reduction:       no components
   orbital reduction:         no components
   lexicographic reduction:   no permutations
handled 1 out of 1 symmetry components
(round 9, exhaustive) 73 del vars, 368 del conss, 1 add conss, 18 chg bounds, 25 chg sides, 0 chg coeffs, 1109 upgd conss, 2412 impls, 11 clqs, 0 implints
(round 10, fast)       75 del vars, 571 del conss, 1 add conss, 18 chg bounds, 25 chg sides, 99 chg coeffs, 1109 upgd conss, 2412 impls, 101 clqs, 0 implints
(round 11, medium)     87 del vars, 571 del conss, 1 add conss, 18 chg bounds, 25 chg sides, 99 chg coeffs, 1109 upgd conss, 2412 impls, 77 clqs, 0 implints
(round 12, fast)       87 del vars, 595 del conss, 1 add conss, 18 chg bounds, 25 chg sides, 99 chg coeffs, 1109 upgd conss, 2412 impls, 77 clqs, 0 implints
   (0.7s) probing: 498/558 (89.2%) - 0 fixings, 6 aggregations, 2390 implications, 0 bound changes
   (0.7s) probing aborted: 50/50 successive totally useless probings
(round 13, exhaustive) 93 del vars, 595 del conss, 1 add conss, 18 chg bounds, 25 chg sides, 99 chg coeffs, 1109 upgd conss, 2412 impls, 73 clqs, 0 implints
(round 14, fast)       93 del vars, 601 del conss, 1 add conss, 18 chg bounds, 25 chg sides, 99 chg coeffs, 1109 upgd conss, 2412 impls, 73 clqs, 0 implints
   (0.7s) probing: 503/558 (90.1%) - 0 fixings, 6 aggregations, 2390 implications, 0 bound changes
   (0.7s) probing aborted: 50/50 successive totally useless probings
presolving (15 rounds: 15 fast, 9 medium, 8 exhaustive):
 93 deleted vars, 601 deleted constraints, 1 added constraints, 18 tightened bounds, 0 added holes, 25 changed sides, 99 changed coefficients
 2412 implications, 73 cliques, 0 implied integral variables (0 bin, 0 int, 0 cont)
presolved problem has 545 variables (532 bin, 13 int, 0 cont) and 1684 constraints
     41 constraints of type <varbound>
     10 constraints of type <setppc>
    807 constraints of type <linear>
      1 constraints of type <orbitope_pp>
    825 constraints of type <logicor>
transformed objective value is always integral (scale: 1)
Presolving Time: 0.66

 time | node  | left  |LP iter|LP it/n|mem/heur|mdpt |vars |cons |rows |cuts |sepa|confs|strbr|  dualbound   | primalbound  |  gap   | compl. 
  0.8s|     1 |     0 |   290 |     - |    19M |   0 | 545 |1712 |1683 |   0 |  0 |  30 |   0 | 2.000000e+01 |      --      |    Inf | unknown
  2.4s|     1 |     0 |   774 |     - |    19M |   0 | 545 |1712 |1723 |  40 |  1 |  30 |   0 | 2.000000e+01 |      --      |    Inf | unknown

SCIP Status        : solving was interrupted [termination signal received]
Solving Time (sec) : 2.41
Solving Nodes      : 1
Primal Bound       : +1.00000000000000e+20 (0 solutions)
Dual Bound         : +2.00000000000000e+01
Gap                : infinite

primal solution (original space):
=================================

no solution available

Statistics
==========

SCIP Status        : solving was interrupted [termination signal received]
Total Time         :       2.42
  solving          :       2.41
  presolving       :       0.66 (included in solving)
  reading          :       0.00
  copying          :       0.01 (1 #copies) (minimal 0.01, maximal 0.01, average 0.01)
Original Problem   :
  Problem name     : /Users/maxbig/SCIP/SCIPOptSuite-9.2.1-Linux/inputs/new_no_tr/order/layered_12_2_buf_times_P4_M13500_down_left_input.lp
  Variables        : 637 (624 binary, 13 integer, 0 continuous)
  Implied int vars : 0 (0 binary, 0 integer, 0 continuous)
  Constraints      : 2284 initial, 2284 maximal
  Objective        : minimize, 1 non-zeros (abs.min = 1, abs.max = 1)
Presolved Problem  :
  Problem name     : t_/Users/maxbig/SCIP/SCIPOptSuite-9.2.1-Linux/inputs/new_no_tr/order/layered_12_2_buf_times_P4_M13500_down_left_input.lp
  Variables        : 545 (532 binary, 13 integer, 0 continuous)
  Implied int vars : 0 (0 binary, 0 integer, 0 continuous)
  Constraints      : 1684 initial, 1712 maximal
  Objective        : minimize, 1 non-zeros (abs.min = 1, abs.max = 1)
  Nonzeros         : 5387 constraint, 167 clique table
Presolvers         :   ExecTime  SetupTime  Calls  FixedVars   AggrVars   ChgTypes  ChgBounds   AddHoles    DelCons    AddCons   ChgSides   ChgCoefs
  boundshift       :       0.00       0.00      0          0          0          0          0          0          0          0          0          0
  convertinttobin  :       0.00       0.00      0          0          0          0          0          0          0          0          0          0
  domcol           :       0.00       0.00      3          0          0          0          0          0          0          0          0          0
  dualagg          :       0.00       0.00      0          0          0          0          0          0          0          0          0          0
  dualcomp         :       0.00       0.00      0          0          0          0          0          0          0          0          0          0
  dualinfer        :       0.00       0.00      0          0          0          0          0          0          0          0          0          0
  dualsparsify     :       0.01       0.00      1          0          0          0          0          0          0          0          0          0
  gateextraction   :       0.00       0.00      4          0          0          0          0          0          0          0          0          0
  implics          :       0.00       0.00      9          0          0          0          0          0          0          0          0          0
  implint          :       0.00       0.00      0          0          0          0          0          0          0          0          0          0
  inttobinary      :       0.00       0.00     15          0          0          0          0          0          0          0          0          0
  milp             :       0.00       0.00      1          0          0          0          0          0          0          0          0          0
  qpkktref         :       0.00       0.00      0          0          0          0          0          0          0          0          0          0
  redvub           :       0.00       0.00      0          0          0          0          0          0          0          0          0          0
  sparsify         :       0.00       0.00      1          0          0          0          0          0          0          0          0          0
  stuffing         :       0.00       0.00      0          0          0          0          0          0          0          0          0          0
  trivial          :       0.00       0.00     15         45          0          0          0          0          0          0          0          0
  tworowbnd        :       0.00       0.00      0          0          0          0          0          0          0          0          0          0
  dualfix          :       0.00       0.00     15         22          0          0          0          0          0          0          0          0
  genvbounds       :       0.00       0.00      0          0          0          0          0          0          0          0          0          0
  probing          :       0.61       0.00      3          0          6          0          0          0          0          0          0          0
  pseudoobj        :       0.00       0.00      0          0          0          0          0          0          0          0          0          0
  symmetry         :       0.00       0.00      1          6          0          0          0          0          0          1          0          0
  vbounds          :       0.00       0.00      2          0         12          0          0          0          0          0          0          0
  varbound         :       0.00       0.00     13          0          0          0          0          0          0          0          0          0
  setppc           :       0.00       0.00     17          0          1          0          0          0          2          0          0          0
  linear           :       0.03       0.00     23          0          0          0         18          0        368          0         25          0
  orbitope_pp      :       0.00       0.00      3          0          0          0          0          0          0          0          0          0
  logicor          :       0.00       0.00     16          0          0          0          0          0        231          0          0         99
  bounddisjunction :       0.00       0.00      0          0          0          0          0          0          0          0          0          0
  components       :       0.00       0.00      1          0          0          0          0          0          0          0          0          0
  root node        :          -          -      -          1          -          -          1          -          -          -          -          -
Constraints        :     Number  MaxNumber  #Separate #Propagate    #EnfoLP    #EnfoRelax  #EnfoPS    #Check   #ResProp    Cutoffs    DomReds       Cuts    Applied      Conss   Children
  integral         :          0          0          0          0          0          0          0          8          0          0          0          0          0          0          0
  varbound         :         41         41          1       7775          0          0          0          4          5          0          0          0          0          0          0
  setppc           :         10+        12          1       6008          0          0          0          2          8          0          0          0          0          0          0
  linear           :        807        807          1       7775          0          0          0          3        134         31          0          0          0          0          0
  orbitope_pp      :          1          1          0       2482          0          0          0          0          0          0          0          0          0          0          0
  logicor          :        825        825          1        488          0          0          0          0         12          0          0          0          0          0          0
  bounddisjunction :          0+        26          0        216          0          0          0          0         15          0          0          0          0          0          0
  fixedvar         :          0          0          0          0          0          0          0          0          0          0          0          0          0          0          0
  countsols        :          0          0          0          0          0          0          0          0          0          0          0          0          0          0          0
  components       :          0          0          0          0          0          0          0          0          0          0          0          0          0          0          0
Constraint Timings :  TotalTime  SetupTime   Separate  Propagate     EnfoLP     EnfoPS     EnfoRelax   Check    ResProp    SB-Prop
  integral         :       0.00       0.00       0.00       0.00       0.00       0.00       0.00       0.00       0.00       0.00
  varbound         :       0.12       0.00       0.00       0.12       0.00       0.00       0.00       0.00       0.00       0.00
  setppc           :       0.00       0.00       0.00       0.00       0.00       0.00       0.00       0.00       0.00       0.00
  linear           :       0.38       0.00       0.00       0.38       0.00       0.00       0.00       0.00       0.00       0.00
  orbitope_pp      :       0.00       0.00       0.00       0.00       0.00       0.00       0.00       0.00       0.00       0.00
  logicor          :       0.00       0.00       0.00       0.00       0.00       0.00       0.00       0.00       0.00       0.00
  bounddisjunction :       0.00       0.00       0.00       0.00       0.00       0.00       0.00       0.00       0.00       0.00
  fixedvar         :       0.00       0.00       0.00       0.00       0.00       0.00       0.00       0.00       0.00       0.00
  countsols        :       0.00       0.00       0.00       0.00       0.00       0.00       0.00       0.00       0.00       0.00
  components       :       0.00       0.00       0.00       0.00       0.00       0.00       0.00       0.00       0.00       0.00
Propagators        : #Propagate   #ResProp    Cutoffs    DomReds
  dualfix          :          1          0          0          0
  genvbounds       :          0          0          0          0
  nlobbt           :          0          0          0          0
  obbt             :          0          0          0          0
  probing          :          0          0          0          0
  pseudoobj        :          0          0          0          0
  redcost          :          0          0          0          0
  rootredcost      :          0          0          0          0
  symmetry         :          0          0          0          0
  vbounds          :       1290         86         13          0
Propagator Timings :  TotalTime  SetupTime   Presolve  Propagate    ResProp    SB-Prop
  dualfix          :       0.00       0.00       0.00       0.00       0.00       0.00
  genvbounds       :       0.00       0.00       0.00       0.00       0.00       0.00
  nlobbt           :       0.00       0.00       0.00       0.00       0.00       0.00
  obbt             :       0.00       0.00       0.00       0.00       0.00       0.00
  probing          :       0.61       0.00       0.61       0.00       0.00       0.00
  pseudoobj        :       0.00       0.00       0.00       0.00       0.00       0.00
  redcost          :       0.00       0.00       0.00       0.00       0.00       0.00
  rootredcost      :       0.00       0.00       0.00       0.00       0.00       0.00
  symmetry         :       0.00       0.00       0.00       0.00       0.00       0.00
  vbounds          :       0.03       0.00       0.00       0.03       0.00       0.00
Symmetry           :
  #affected vars   :         48 (48 bin, 0 int, 0 cont)
  orbitopal red.   :          0 reductions applied,          0 cutoffs
  orbital reduction:          0 reductions applied,          0 cutoffs
  lexicographic red:          0 reductions applied,          0 cutoffs
  shadow tree time :       0.00 s
Conflict Analysis  :       Time      Calls    Success    DomReds  Conflicts   Literals    Reconvs ReconvLits   Dualrays   Nonzeros   LP Iters   (pool size: [10000,10000])
  propagation      :       0.00         28         26          -         26        3.5          0        0.0          -          -          -
  infeasible LP    :       0.00          2          3          -          2        1.5          0        0.0          2        1.5          0
  bound exceed. LP :       0.00          0          0          -          0        0.0          0        0.0          0        0.0          0
  strong branching :       0.00          0          0          -          0        0.0          0        0.0          -          -          0
  pseudo solution  :       0.00          0          0          -          0        0.0          0        0.0          -          -          -
  applied globally :       0.00          -          -          1         28        3.4          -          -          2          -          -
  applied locally  :          -          -          -          0          0        0.0          -          -          0          -          -
Gen. Resolution CA :       Time      Calls    Success  Conflicts  LargeCoef  LongConfs    Length
  propagation      :       0.00          0          0          0          0          0       0.0
Separators         :   ExecTime  SetupTime      Calls  RootCalls    Cutoffs    DomReds  FoundCuts ViaPoolAdd  DirectAdd    Applied ViaPoolApp  DirectApp      Conss
  cut pool         :       0.00          -          1          1          -          -        192        192          -          -          -          -          -    (maximal pool size:        192)
  aggregation      :       0.00       0.00          1          1          0          0         34         34          0         19         19          0          0
  > cmir           :          -          -          -          -          -          -          -         34          0         19         19          0          -
  > flowcover      :          -          -          -          -          -          -          -          0          0          0          0          0          -
  > knapsackcover  :          -          -          -          -          -          -          -          0          0          0          0          0          -
  cgmip            :       0.00       0.00          0          0          0          0          0          0          0          0          0          0          0
  clique           :       0.00       0.00          1          1          0          0          0          0          0          0          0          0          0
  closecuts        :       0.00       0.00          0          0          0          0          0          0          0          0          0          0          0
  convexproj       :       0.00       0.00          0          0          0          0          0          0          0          0          0          0          0
  disjunctive      :       0.00       0.00          0          0          0          0          0          0          0          0          0          0          0
  eccuts           :       0.00       0.00          0          0          0          0          0          0          0          0          0          0          0
  flower           :       0.00       0.00          1          1          0          0          0          0          0          0          0          0          0
  gauge            :       0.00       0.00          0          0          0          0          0          0          0          0          0          0          0
  gomory           :       0.00       0.00          1          1          0          0         27         27          0         14         14          0          0
  > gomorymi       :          -          -          -          -          -          -          -          2          0          0          0          0          -
  > strongcg       :          -          -          -          -          -          -          -         25          0         14         14          0          -
  impliedbounds    :       0.00       0.00          1          1          0          0        118        118          0          7          7          0          0
  interminor       :       0.00       0.00          0          0          0          0          0          0          0          0          0          0          0
  intobj           :       0.00       0.00          0          0          0          0          0          0          0          0          0          0          0
  lagromory        :       0.00       0.00          0          0          0          0          0          0          0          0          0          0          0
  mcf              :       0.00       0.00          1          1          0          0          0          0          0          0          0          0          0
  minor            :       0.00       0.00          0          0          0          0          0          0          0          0          0          0          0
  mixing           :       0.00       0.00          1          1          0          0          0          0          0          0          0          0          0
  oddcycle         :       0.00       0.00          0          0          0          0          0          0          0          0          0          0          0
  rapidlearning    :       1.61       0.00          1          1          0          0          0          0          0          0          0          0          0
  rlt              :       0.00       0.00          1          1          0          0          0          0          0          0          0          0          0
  zerohalf         :       0.00       0.00          1          1          0          0         13         13          0          0          0          0          0
Cutselectors       :   ExecTime  SetupTime      Calls  RootCalls   Selected     Forced   Filtered  RootSelec   RootForc   RootFilt 
  hybrid           :       0.00       0.00          1          1         40          0        152         40          0        152
  ensemble         :       0.00       0.00          0          0          0          0          0          0          0          0
  dynamic          :       0.00       0.00          0          0          0          0          0          0          0          0
Pricers            :   ExecTime  SetupTime      Calls       Vars
  problem variables:       0.00          -          0          0
Branching Rules    :   ExecTime  SetupTime   BranchLP  BranchExt   BranchPS    Cutoffs    DomReds       Cuts      Conss   Children
  allfullstrong    :       0.00       0.00          0          0          0          0          0          0          0          0
  cloud            :       0.00       0.00          0          0          0          0          0          0          0          0
  distribution     :       0.00       0.00          0          0          0          0          0          0          0          0
  fullstrong       :       0.00       0.00          0          0          0          0          0          0          0          0
  gomory           :       0.00       0.00          0          0          0          0          0          0          0          0
  inference        :       0.00       0.00          0          0          0          0          0          0          0          0
  leastinf         :       0.00       0.00          0          0          0          0          0          0          0          0
  lookahead        :       0.00       0.00          0          0          0          0          0          0          0          0
  mostinf          :       0.00       0.00          0          0          0          0          0          0          0          0
  multaggr         :       0.00       0.00          0          0          0          0          0          0          0          0
  nodereopt        :       0.00       0.00          0          0          0          0          0          0          0          0
  pscost           :       0.00       0.00          0          0          0          0          0          0          0          0
  random           :       0.00       0.00          0          0          0          0          0          0          0          0
  relpscost        :       0.00       0.00          0          0          0          0          0          0          0          0
  vanillafullstrong:       0.00       0.00          0          0          0          0          0          0          0          0
Primal Heuristics  :   ExecTime  SetupTime      Calls      Found       Best
  LP solutions     :       0.00          -          -          0          0
  relax solutions  :       0.00          -          -          0          0
  pseudo solutions :       0.00          -          -          0          0
  strong branching :       0.00          -          -          0          0
  actconsdiving    :       0.00       0.00          0          0          0
  adaptivediving   :       0.00       0.00          0          0          0
  alns             :       0.00       0.00          0          0          0
  bound            :       0.00       0.00          0          0          0
  clique           :       0.00       0.00          1          0          0
  coefdiving       :       0.00       0.00          0          0          0
  completesol      :       0.00       0.00          0          0          0
  conflictdiving   :       0.00       0.00          0          0          0
  crossover        :       0.00       0.00          0          0          0
  dins             :       0.00       0.00          0          0          0
  distributiondivin:       0.00       0.00          0          0          0
  dks              :       0.00       0.00          0          0          0
  dps              :       0.00       0.00          0          0          0
  dualval          :       0.00       0.00          0          0          0
  farkasdiving     :       0.00       0.00          0          0          0
  feaspump         :       0.00       0.00          1          0          0
  fixandinfer      :       0.00       0.00          0          0          0
  fracdiving       :       0.00       0.00          0          0          0
  gins             :       0.00       0.00          0          0          0
  guideddiving     :       0.00       0.00          0          0          0
  indicator        :       0.00       0.00          0          0          0
  indicatordiving  :       0.00       0.00          0          0          0
  intdiving        :       0.00       0.00          0          0          0
  intshifting      :       0.00       0.00          0          0          0
  linesearchdiving :       0.00       0.00          0          0          0
  localbranching   :       0.00       0.00          0          0          0
  locks            :       0.02       0.00          1          0          0
  lpface           :       0.00       0.00          0          0          0
  mpec             :       0.00       0.00          0          0          0
  multistart       :       0.00       0.00          0          0          0
  mutation         :       0.00       0.00          0          0          0
  nlpdiving        :       0.00       0.00          0          0          0
  objpscostdiving  :       0.00       0.00          0          0          0
  octane           :       0.00       0.00          0          0          0
  ofins            :       0.00       0.00          0          0          0
  oneopt           :       0.00       0.00          0          0          0
  padm             :       0.00       0.00          0          0          0
  proximity        :       0.00       0.00          0          0          0
  pscostdiving     :       0.00       0.00          0          0          0
  randrounding     :       0.02       0.00          1          0          0
  rens             :       0.00       0.00          0          0          0
  reoptsols        :       0.00       0.00          0          0          0
  repair           :       0.00       0.00          0          0          0
  rins             :       0.00       0.00          0          0          0
  rootsoldiving    :       0.00       0.00          0          0          0
  rounding         :       0.00       0.00          1          0          0
  scheduler        :       0.00       0.00          0          0          0
  shiftandpropagate:       0.01       0.00          1          0          0
  shifting         :       0.00       0.00          1          0          0
  simplerounding   :       0.00       0.00          1          0          0
  subnlp           :       0.00       0.00          0          0          0
  trivial          :       0.00       0.00          2          0          0
  trivialnegation  :       0.00       0.00          0          0          0
  trustregion      :       0.00       0.00          0          0          0
  trysol           :       0.00       0.00          0          0          0
  twoopt           :       0.00       0.00          0          0          0
  undercover       :       0.00       0.00          0          0          0
  vbounds          :       0.07       0.00          1          0          0
  veclendiving     :       0.00       0.00          0          0          0
  zeroobj          :       0.00       0.00          0          0          0
  zirounding       :       0.00       0.00          0          0          0
  other solutions  :          -          -          -          0          -
LNS (Scheduler)    :      Calls  SetupTime  SolveTime SolveNodes       Sols       Best       Exp3    Exp3-IX  EpsGreedy        UCB TgtFixRate  Opt  Inf Node Stal  Sol  Usr Othr Actv
  rens             :          0       0.00       0.00          0          0          0    0.00000    0.12500   -1.00000    1.00000      0.900    0    0    0    0    0    0    0    1
  rins             :          0       0.00       0.00          0          0          0    0.00000    0.12500   -1.00000    1.00000      0.900    0    0    0    0    0    0    0    1
  mutation         :          0       0.00       0.00          0          0          0    0.00000    0.12500   -1.00000    1.00000      0.900    0    0    0    0    0    0    0    1
  localbranching   :          0       0.00       0.00          0          0          0    0.00000    0.12500   -1.00000    1.00000      0.900    0    0    0    0    0    0    0    1
  crossover        :          0       0.00       0.00          0          0          0    0.00000    0.12500   -1.00000    1.00000      0.900    0    0    0    0    0    0    0    1
  proximity        :          0       0.00       0.00          0          0          0    0.00000    0.12500   -1.00000    1.00000      0.900    0    0    0    0    0    0    0    1
  zeroobjective    :          0       0.00       0.00          0          0          0    0.00000    0.12500   -1.00000    1.00000      0.900    0    0    0    0    0    0    0    1
  dins             :          0       0.00       0.00          0          0          0    0.00000    0.12500   -1.00000    1.00000      0.900    0    0    0    0    0    0    0    1
  trustregion      :          0       0.00       0.00          0          0          0    0.00000    0.00000   -1.00000    1.00000      0.900    0    0    0    0    0    0    0    0
LP                 :       Time      Calls Iterations  Iter/call   Iter/sec  Time-0-It Calls-0-It
  primal LP        :       0.00          0          0       0.00          -       0.00          0
  dual LP          :       0.00          2        363     181.50          -       0.00          0
  lex dual LP      :       0.00          0          0       0.00          -
  barrier LP       :       0.00          0          0       0.00          -       0.00          0
  resolve instable :       0.00          0          0       0.00          -
  diving/probing LP:       0.01         13        411      31.62          -
  strong branching :       0.00          0          0       0.00          -          -          -          0
    (at root node) :          -          0          0       0.00          -
  conflict analysis:       0.00          0          0       0.00          -
Relaxators         :       Time      Calls    Cutoffs ImprBounds   ImprTime ReducedDom  Separated AddedConss
  benders          :       0.00          0          0          0       0.00          0          0          0
B&B Tree           :
  number of runs   :          1
  nodes            :          1 (0 internal, 1 leaves)
  feasible leaves  :          0
  infeas. leaves   :          0
  objective leaves :          0
  nodes (total)    :          1 (0 internal, 1 leaves)
  nodes left       :          1
  max depth        :          0
  max depth (total):          0
  backtracks       :          0 (0.0%)
  early backtracks :          0 (0.0%)
  nodes exc. ref.  :          0 (0.0%)
  delayed cutoffs  :          0
  repropagations   :          0 (0 domain reductions, 0 cutoffs)
  avg switch length:       1.00
  switching time   :       0.00
Root Node          :
  First LP value   : +2.00000000000000e+01
  First LP Iters   :        267 (75830.73 Iter/sec)
  First LP Time    :       0.00
  Final Dual Bound : +2.00000000000000e+01
  Final Root Iters :        751
  Root LP Estimate :                     -
Solution           :
  Solutions found  :          0 (0 improvements)
  Primal Bound     :          -
  Dual Bound       : +2.00000000000000e+01
  Gap              :   infinite
Integrals          :      Total       Avg%
  primal-dual      :     241.32     100.00
  primal-ref       :          -          - (not evaluated)
  dual-ref         :          -          - (not evaluated)
